stm32f1xx_ll_gpio.h:751:22:LL_GPIO_WriteOutputPort	16	static
stm32f1xx_ll_exti.h:791:26:LL_EXTI_IsActiveFlag_0_31	16	static
stm32f1xx_ll_exti.h:859:22:LL_EXTI_ClearFlag_0_31	16	static
stm32f1xx_it.c:70:6:NMI_Handler	4	static
stm32f1xx_it.c:83:6:HardFault_Handler	4	static
stm32f1xx_it.c:98:6:MemManage_Handler	4	static
stm32f1xx_it.c:113:6:BusFault_Handler	4	static
stm32f1xx_it.c:128:6:UsageFault_Handler	4	static
stm32f1xx_it.c:143:6:SVC_Handler	4	static
stm32f1xx_it.c:156:6:DebugMon_Handler	4	static
stm32f1xx_it.c:169:6:PendSV_Handler	4	static
stm32f1xx_it.c:182:6:SysTick_Handler	8	static
stm32f1xx_it.c:203:6:EXTI0_IRQHandler	16	static
stm32f1xx_it.c:228:6:EXTI1_IRQHandler	16	static
