vI2C.h:11:6:delay_us	24	static
vI2C.h:17:6:Pin_vSDA_Mode	32	static
vI2C.h:35:6:vSCL_Out	16	static
vI2C.h:45:6:vSDA_Out	16	static
vI2C.h:56:9:vSDA_In	16	static
vI2C.h:72:6:I2C_Start	8	static
vI2C.h:85:6:I2C_Stop	8	static
vI2C.h:97:6:I2C_Ack	8	static
vI2C.h:111:6:I2C_WtByte	24	static
vI2C.h:132:9:I2C_RdByte	16	static
AT24C02.h:12:6:AT24C02_Write	16	static
AT24C02.h:25:9:AT24C02_Read	24	static
main.c:71:5:main	8	static
main.c:127:6:SystemClock_Config	72	static
main.c:162:13:MX_USART1_UART_Init	8	static
main.c:195:13:MX_GPIO_Init	40	static
main.c:233:6:HAL_UART_RxCpltCallback	16	static
main.c:246:6:Error_Handler	4	static
