<html>
<body>
<pre>
<h1>µVision Build Log</h1>
<h2>Tool Versions:</h2>
IDE-Version: ¦ÌVision V5.37.0.0
Copyright (C) 2022 ARM Ltd and ARM Germany GmbH. All rights reserved.
License Information: ff 284526765@qq.com, ff, LIC=GMZI6-DM5VX-QDRKD-8L18X-JXCR1-FVUP5
 
Tool Versions:
Toolchain:       MDK-ARM Plus  Version: 5.37.0.0
Toolchain Path:  d:\Keil_v5\ARM\ARMCC\Bin
C Compiler:      Armcc.exe V5.06 update 6 (build 750)
Assembler:       Armasm.exe V5.06 update 6 (build 750)
Linker/Locator:  ArmLink.exe V5.06 update 6 (build 750)
Library Manager: ArmAr.exe V5.06 update 6 (build 750)
Hex Converter:   FromElf.exe V5.06 update 6 (build 750)
CPU DLL:         SARMCM3.DLL V5.37.0.0
Dialog DLL:      DCM.DLL V1.17.5.0
Target DLL:      STLink\ST-LINKIII-KEIL_SWO.dll V3.0.9.0
Dialog DLL:      TCM.DLL V1.56.1.0
 
<h2>Project:</h2>
D:\kyj\gzh\fb\HALDuty\MDK-ARM\HALDuty.uvprojx
Project File Date:  12/02/2024

<h2>Output:</h2>
*** Using Compiler 'V5.06 update 6 (build 750)', folder: 'd:\Keil_v5\ARM\ARMCC\Bin'
Build target 'HALDuty'
compiling lcd.c...
..\LCD\lcd.h(14): warning:  #1295-D: Deprecated declaration ST7920_Clear - give arg types
  void ST7920_Clear();
..\LCD\lcd.h(46): warning:  #1-D: last line of file ends without a newline
  #endif
..\LCD\lcd.c: 2 warnings, 0 errors
linking...
Program Size: Code=6750 RO-data=486 RW-data=52 ZI-data=1708  
FromELF: creating hex file...
"HALDuty\HALDuty.axf" - 0 Error(s), 2 Warning(s).

<h2>Software Packages used:</h2>

Package Vendor: ARM
                http://www.keil.com/pack/ARM.CMSIS.5.9.0.pack
                ARM.CMSIS.5.9.0
                CMSIS (Common Microcontroller Software Interface Standard)
   * Component: CORE Version: 5.6.0

Package Vendor: Keil
                http://www.keil.com/pack/Keil.STM32F4xx_DFP.2.16.0.pack
                Keil.STM32F4xx_DFP.2.16.0
                STMicroelectronics STM32F4 Series Device Support, Drivers and Examples

<h2>Collection of Component include folders:</h2>
  ./RTE/_HALDuty
  D:/Users/28452/AppData/Local/Arm/Packs/ARM/CMSIS/5.9.0/CMSIS/Core/Include
  D:/Users/28452/AppData/Local/Arm/Packs/Keil/STM32F4xx_DFP/2.16.0/Drivers/CMSIS/Device/ST/STM32F4xx/Include

<h2>Collection of Component Files used:</h2>

   * Component: ARM::CMSIS:CORE:5.6.0
      Include file:  CMSIS/Core/Include/tz_context.h
Build Time Elapsed:  00:00:02
</pre>
</body>
</html>
