
AVRASM ver. 1.52  skytslave.asm Tue Dec 12 20:03:02 2006


         ;CodeVisionAVR C Compiler V1.23.8c Standard
         ;(C) Copyright 1998-2003 HP InfoTech s.r.l.
         ;http://www.hpinfotech.ro
         ;e-mail:office@hpinfotech.ro
         
         ;Chip type           : ATmega8
         ;Program type        : Application
         ;Clock frequency     : 5.000000 MHz
         ;Memory model        : Small
         ;Optimize for        : Size
         ;(s)printf features  : int, width
         ;External SRAM size  : 0
         ;Data Stack size     : 256
         ;Promote char to int : No
         ;char is unsigned    : Yes
         ;8 bit enums         : Yes
         ;Enhanced core instructions    : On
         ;Automatic register allocation : On
         ;Use AVR Studio Terminal I/O   : No
         
          	.LISTMAC
          	.EQU UDRE=0x5
          	.EQU RXC=0x7
          	.EQU USR=0xB
          	.EQU UDR=0xC
          	.EQU EERE=0x0
          	.EQU EEWE=0x1
          	.EQU EEMWE=0x2
          	.EQU SPSR=0xE
          	.EQU SPDR=0xF
          	.EQU EECR=0x1C
          	.EQU EEDR=0x1D
          	.EQU EEARL=0x1E
          	.EQU EEARH=0x1F
          	.EQU WDTCR=0x21
          	.EQU MCUCR=0x35
          	.EQU GICR=0x3B
          	.EQU SPL=0x3D
          	.EQU SPH=0x3E
          	.EQU SREG=0x3F
         
          	.DEF R0X0=R0
          	.DEF R0X1=R1
          	.DEF R0X2=R2
          	.DEF R0X3=R3
          	.DEF R0X4=R4
          	.DEF R0X5=R5
          	.DEF R0X6=R6
          	.DEF R0X7=R7
          	.DEF R0X8=R8
          	.DEF R0X9=R9
          	.DEF R0XA=R10
          	.DEF R0XB=R11
          	.DEF R0XC=R12
          	.DEF R0XD=R13
          	.DEF R0XE=R14
          	.DEF R0XF=R15
          	.DEF R0X10=R16
          	.DEF R0X11=R17
          	.DEF R0X12=R18
          	.DEF R0X13=R19
          	.DEF R0X14=R20
          	.DEF R0X15=R21
          	.DEF R0X16=R22
          	.DEF R0X17=R23
          	.DEF R0X18=R24
          	.DEF R0X19=R25
          	.DEF R0X1A=R26
          	.DEF R0X1B=R27
          	.DEF R0X1C=R28
          	.DEF R0X1D=R29
          	.DEF R0X1E=R30
          	.DEF R0X1F=R31
         
          	.EQU __se_bit=0x80
          	.EQU __sm_mask=0x70
          	.EQU __sm_adc_noise_red=0x10
          	.EQU __sm_powerdown=0x20
          	.EQU __sm_powersave=0x30
          	.EQU __sm_standby=0x60
          	.EQU __sm_ext_standby=0x70
         
          	.MACRO __CPD1N
          	CPI  R30,LOW(@0)
          	LDI  R26,HIGH(@0)
          	CPC  R31,R26
          	LDI  R26,BYTE3(@0)
          	CPC  R22,R26
          	LDI  R26,BYTE4(@0)
          	CPC  R23,R26
          	.ENDM
         
          	.MACRO __CPD2N
          	CPI  R26,LOW(@0)
          	LDI  R30,HIGH(@0)
          	CPC  R27,R30
          	LDI  R30,BYTE3(@0)
          	CPC  R24,R30
          	LDI  R30,BYTE4(@0)
          	CPC  R25,R30
          	.ENDM
         
          	.MACRO __CPWRR
          	CP   R@0,R@2
          	CPC  R@1,R@3
          	.ENDM
         
          	.MACRO __CPWRN
          	CPI  R@0,LOW(@2)
          	LDI  R30,HIGH(@2)
          	CPC  R@1,R30
          	.ENDM
         
          	.MACRO __ADDD1N
          	SUBI R30,LOW(-@0)
          	SBCI R31,HIGH(-@0)
          	SBCI R22,BYTE3(-@0)
          	SBCI R23,BYTE4(-@0)
          	.ENDM
         
          	.MACRO __ADDD2N
          	SUBI R26,LOW(-@0)
          	SBCI R27,HIGH(-@0)
          	SBCI R24,BYTE3(-@0)
          	SBCI R25,BYTE4(-@0)
          	.ENDM
         
          	.MACRO __SUBD1N
          	SUBI R30,LOW(@0)
          	SBCI R31,HIGH(@0)
          	SBCI R22,BYTE3(@0)
          	SBCI R23,BYTE4(@0)
          	.ENDM
         
          	.MACRO __SUBD2N
          	SUBI R26,LOW(@0)
          	SBCI R27,HIGH(@0)
          	SBCI R24,BYTE3(@0)
          	SBCI R25,BYTE4(@0)
          	.ENDM
         
          	.MACRO __ANDD1N
          	ANDI R30,LOW(@0)
          	ANDI R31,HIGH(@0)
          	ANDI R22,BYTE3(@0)
          	ANDI R23,BYTE4(@0)
          	.ENDM
         
          	.MACRO __ORD1N
          	ORI  R30,LOW(@0)
          	ORI  R31,HIGH(@0)
          	ORI  R22,BYTE3(@0)
          	ORI  R23,BYTE4(@0)
          	.ENDM
         
          	.MACRO __DELAY_USB
          	LDI  R24,LOW(@0)
          __DELAY_USB_LOOP:
          	DEC  R24
          	BRNE __DELAY_USB_LOOP
          	.ENDM
         
          	.MACRO __DELAY_USW
          	LDI  R24,LOW(@0)
          	LDI  R25,HIGH(@0)
          __DELAY_USW_LOOP:
          	SBIW R24,1
          	BRNE __DELAY_USW_LOOP
          	.ENDM
         
          	.MACRO __CLRD1S
          	CLR  R30
          	STD  Y+@0,R30
          	STD  Y+@0+1,R30
          	STD  Y+@0+2,R30
          	STD  Y+@0+3,R30
          	.ENDM
         
          	.MACRO __GETD1S
          	LDD  R30,Y+@0
          	LDD  R31,Y+@0+1
          	LDD  R22,Y+@0+2
          	LDD  R23,Y+@0+3
          	.ENDM
         
          	.MACRO __PUTD1S
          	STD  Y+@0,R30
          	STD  Y+@0+1,R31
          	STD  Y+@0+2,R22
          	STD  Y+@0+3,R23
          	.ENDM
         
          	.MACRO __POINTB1MN
          	LDI  R30,LOW(@0+@1)
          	.ENDM
         
          	.MACRO __POINTW1MN
          	LDI  R30,LOW(@0+@1)
          	LDI  R31,HIGH(@0+@1)
          	.ENDM
         
          	.MACRO __POINTW1FN
          	LDI  R30,LOW(2*@0+@1)
          	LDI  R31,HIGH(2*@0+@1)
          	.ENDM
         
          	.MACRO __POINTB2MN
          	LDI  R26,LOW(@0+@1)
          	.ENDM
         
          	.MACRO __POINTW2MN
          	LDI  R26,LOW(@0+@1)
          	LDI  R27,HIGH(@0+@1)
          	.ENDM
         
          	.MACRO __GETD1N
          	LDI  R30,LOW(@0)
          	LDI  R31,HIGH(@0)
          	LDI  R22,BYTE3(@0)
          	LDI  R23,BYTE4(@0)
          	.ENDM
         
          	.MACRO __GETD2N
          	LDI  R26,LOW(@0)
          	LDI  R27,HIGH(@0)
          	LDI  R24,BYTE3(@0)
          	LDI  R25,BYTE4(@0)
          	.ENDM
         
          	.MACRO __GETD2S
          	LDD  R26,Y+@0
          	LDD  R27,Y+@0+1
          	LDD  R24,Y+@0+2
          	LDD  R25,Y+@0+3
          	.ENDM
         
          	.MACRO __GETB1MN
          	LDS  R30,@0+@1
          	.ENDM
         
          	.MACRO __GETW1MN
          	LDS  R30,@0+@1
          	LDS  R31,@0+@1+1
          	.ENDM
         
          	.MACRO __GETD1MN
          	LDS  R30,@0+@1
          	LDS  R31,@0+@1+1
          	LDS  R22,@0+@1+2
          	LDS  R23,@0+@1+3
          	.ENDM
         
          	.MACRO __GETBRMN
          	LDS  R@2,@0+@1
          	.ENDM
         
          	.MACRO __GETWRMN
          	LDS  R@2,@0+@1
          	LDS  R@3,@0+@1+1
          	.ENDM
         
          	.MACRO __GETB2MN
          	LDS  R26,@0+@1
          	.ENDM
         
          	.MACRO __GETW2MN
          	LDS  R26,@0+@1
          	LDS  R27,@0+@1+1
          	.ENDM
         
          	.MACRO __GETD2MN
          	LDS  R26,@0+@1
          	LDS  R27,@0+@1+1
          	LDS  R24,@0+@1+2
          	LDS  R25,@0+@1+3
          	.ENDM
         
          	.MACRO __PUTB1MN
          	STS  @0+@1,R30
          	.ENDM
         
          	.MACRO __PUTW1MN
          	STS  @0+@1,R30
          	STS  @0+@1+1,R31
          	.ENDM
         
          	.MACRO __PUTD1MN
          	STS  @0+@1,R30
          	STS  @0+@1+1,R31
          	STS  @0+@1+2,R22
          	STS  @0+@1+3,R23
          	.ENDM
         
          	.MACRO __PUTBMRN
          	STS  @0+@1,R@2
          	.ENDM
         
          	.MACRO __PUTWMRN
          	STS  @0+@1,R@2
          	STS  @0+@1+1,R@3
          	.ENDM
         
          	.MACRO __GETW1R
          	MOV  R30,R@0
          	MOV  R31,R@1
          	.ENDM
         
          	.MACRO __GETW2R
          	MOV  R26,R@0
          	MOV  R27,R@1
          	.ENDM
         
          	.MACRO __GETWRN
          	LDI  R@0,LOW(@2)
          	LDI  R@1,HIGH(@2)
          	.ENDM
         
          	.MACRO __PUTW1R
          	MOV  R@0,R30
          	MOV  R@1,R31
          	.ENDM
         
          	.MACRO __PUTW2R
          	MOV  R@0,R26
          	MOV  R@1,R27
          	.ENDM
         
          	.MACRO __ADDWRN
          	SUBI R@0,LOW(-@2)
          	SBCI R@1,HIGH(-@2)
          	.ENDM
         
          	.MACRO __ADDWRR
          	ADD  R@0,R@2
          	ADC  R@1,R@3
          	.ENDM
         
          	.MACRO __SUBWRN
          	SUBI R@0,LOW(@2)
          	SBCI R@1,HIGH(@2)
          	.ENDM
         
          	.MACRO __SUBWRR
          	SUB  R@0,R@2
          	SBC  R@1,R@3
          	.ENDM
         
          	.MACRO __ANDWRN
          	ANDI R@0,LOW(@2)
          	ANDI R@1,HIGH(@2)
          	.ENDM
         
          	.MACRO __ANDWRR
          	AND  R@0,R@2
          	AND  R@1,R@3
          	.ENDM
         
          	.MACRO __ORWRN
          	ORI  R@0,LOW(@2)
          	ORI  R@1,HIGH(@2)
          	.ENDM
         
          	.MACRO __ORWRR
          	OR   R@0,R@2
          	OR   R@1,R@3
          	.ENDM
         
          	.MACRO __EORWRR
          	EOR  R@0,R@2
          	EOR  R@1,R@3
          	.ENDM
         
          	.MACRO __GETWRS
          	LDD  R@0,Y+@2
          	LDD  R@1,Y+@2+1
          	.ENDM
         
          	.MACRO __PUTWSR
          	STD  Y+@2,R@0
          	STD  Y+@2+1,R@1
          	.ENDM
         
          	.MACRO __MOVEWRR
          	MOV  R@0,R@2
          	MOV  R@1,R@3
          	.ENDM
         
          	.MACRO __INWR
          	IN   R@0,@2
          	IN   R@1,@2+1
          	.ENDM
         
          	.MACRO __OUTWR
          	OUT  @2+1,R@1
          	OUT  @2,R@0
          	.ENDM
         
          	.MACRO __CALL1MN
          	LDS  R30,@0+@1
          	LDS  R31,@0+@1+1
          	ICALL
          	.ENDM
         
          	.MACRO __NBST
          	BST  R@0,@1
          	IN   R30,SREG
          	LDI  R31,0x40
          	EOR  R30,R31
          	OUT  SREG,R30
          	.ENDM
         
         
          	.MACRO __PUTB1SN
          	LDD  R26,Y+@0
          	LDD  R27,Y+@0+1
          	SUBI R26,LOW(-@1)
          	SBCI R27,HIGH(-@1)
          	ST   X,R30
          	.ENDM
         
          	.MACRO __PUTW1SN
          	LDD  R26,Y+@0
          	LDD  R27,Y+@0+1
          	SUBI R26,LOW(-@1)
          	SBCI R27,HIGH(-@1)
          	ST   X+,R30
          	ST   X,R31
          	.ENDM
         
          	.MACRO __PUTD1SN
          	LDD  R26,Y+@0
          	LDD  R27,Y+@0+1
          	SUBI R26,LOW(-@1)
          	SBCI R27,HIGH(-@1)
          	RCALL __PUTDP1
          	.ENDM
         
          	.MACRO __PUTB1SNS
          	LDD  R26,Y+@0
          	LDD  R27,Y+@0+1
          	ADIW R26,@1
          	ST   X,R30
          	.ENDM
         
          	.MACRO __PUTW1SNS
          	LDD  R26,Y+@0
          	LDD  R27,Y+@0+1
          	ADIW R26,@1
          	ST   X+,R30
          	ST   X,R31
          	.ENDM
         
          	.MACRO __PUTD1SNS
          	LDD  R26,Y+@0
          	LDD  R27,Y+@0+1
          	ADIW R26,@1
          	RCALL __PUTDP1
          	.ENDM
         
          	.MACRO __PUTB1PMN
          	LDS  R26,@0
          	LDS  R27,@0+1
          	SUBI R26,LOW(-@1)
          	SBCI R27,HIGH(-@1)
          	ST   X,R30
          	.ENDM
         
          	.MACRO __PUTW1PMN
          	LDS  R26,@0
          	LDS  R27,@0+1
          	SUBI R26,LOW(-@1)
          	SBCI R27,HIGH(-@1)
          	ST   X+,R30
          	ST   X,R31
          	.ENDM
         
          	.MACRO __PUTD1PMN
          	LDS  R26,@0
          	LDS  R27,@0+1
          	SUBI R26,LOW(-@1)
          	SBCI R27,HIGH(-@1)
          	RCALL __PUTDP1
          	.ENDM
         
          	.MACRO __PUTB1PMNS
          	LDS  R26,@0
          	LDS  R27,@0+1
          	ADIW R26,@1
          	ST   X,R30
          	.ENDM
         
          	.MACRO __PUTW1PMNS
          	LDS  R26,@0
          	LDS  R27,@0+1
          	ADIW R26,@1
          	ST   X+,R30
          	ST   X,R31
          	.ENDM
         
          	.MACRO __PUTD1PMNS
          	LDS  R26,@0
          	LDS  R27,@0+1
          	ADIW R26,@1
          	RCALL __PUTDP1
          	.ENDM
         
          	.MACRO __GETB1SX
          	MOVW R30,R28
          	SUBI R30,LOW(-@0)
          	SBCI R31,HIGH(-@0)
          	LD   R30,Z
          	.ENDM
         
          	.MACRO __GETW1SX
          	MOVW R30,R28
          	SUBI R30,LOW(-@0)
          	SBCI R31,HIGH(-@0)
          	LD   R0,Z+
          	LD   R31,Z
          	MOV  R30,R0
          	.ENDM
         
          	.MACRO __GETD1SX
          	MOVW R30,R28
          	SUBI R30,LOW(-@0)
          	SBCI R31,HIGH(-@0)
          	LD   R0,Z+
          	LD   R1,Z+
          	LD   R22,Z+
          	LD   R23,Z
          	MOVW R30,R0
          	.ENDM
         
          	.MACRO __GETB2SX
          	MOVW R26,R28
          	SUBI R26,LOW(-@0)
          	SBCI R27,HIGH(-@0)
          	LD   R26,X
          	.ENDM
         
          	.MACRO __GETW2SX
          	MOVW R26,R28
          	SUBI R26,LOW(-@0)
          	SBCI R27,HIGH(-@0)
          	LD   R0,X+
          	LD   R27,X
          	MOV  R26,R0
          	.ENDM
         
          	.MACRO __GETD2SX
          	MOVW R26,R28
          	SUBI R26,LOW(-@0)
          	SBCI R27,HIGH(-@0)
          	LD   R0,X+
          	LD   R1,X+
          	LD   R24,X+
          	LD   R25,X
          	MOVW R26,R0
          	.ENDM
         
          	.MACRO __GETBRSX
          	MOVW R30,R28
          	SUBI R30,LOW(-@1)
          	SBCI R31,HIGH(-@1)
          	LD   R@0,Z
          	.ENDM
         
          	.MACRO __GETWRSX
          	MOVW R30,R28
          	SUBI R30,LOW(-@2)
          	SBCI R31,HIGH(-@2)
          	LD   R@0,Z+
          	LD   R@1,Z
          	.ENDM
         
          	.MACRO __LSLW8SX
          	MOVW R30,R28
          	SUBI R30,LOW(-@0)
          	SBCI R31,HIGH(-@0)
          	LD   R31,Z
          	CLR  R30
          	.ENDM
         
          	.MACRO __PUTB1SX
          	MOVW R26,R28
          	SUBI R26,LOW(-@0)
          	SBCI R27,HIGH(-@0)
          	ST   X,R30
          	.ENDM
         
          	.MACRO __PUTW1SX
          	MOVW R26,R28
          	SUBI R26,LOW(-@0)
          	SBCI R27,HIGH(-@0)
          	ST   X+,R30
          	ST   X,R31
          	.ENDM
         
          	.MACRO __PUTD1SX
          	MOVW R26,R28
          	SUBI R26,LOW(-@0)
          	SBCI R27,HIGH(-@0)
          	ST   X+,R30
          	ST   X+,R31
          	ST   X+,R22
          	ST   X,R23
          	.ENDM
         
          	.MACRO __CLRW1SX
          	MOVW R30,R28
          	SUBI R30,LOW(-@0)
          	SBCI R31,HIGH(-@0)
          	CLR  R0
          	ST   Z+,R0
          	ST   Z,R0
          	.ENDM
         
          	.MACRO __CLRD1SX
          	MOVW R30,R28
          	SUBI R30,LOW(-@0)
          	SBCI R31,HIGH(-@0)
          	CLR  R0
          	ST   Z+,R0
          	ST   Z+,R0
          	ST   Z+,R0
          	ST   Z,R0
          	.ENDM
         
          	.MACRO __PUTB2SX
          	MOVW R30,R28
          	SUBI R30,LOW(-@0)
          	SBCI R31,HIGH(-@0)
          	ST   Z,R26
          	.ENDM
         
          	.MACRO __PUTW2SX
          	MOVW R30,R28
          	SUBI R30,LOW(-@0)
          	SBCI R31,HIGH(-@0)
          	ST   Z+,R26
          	ST   Z,R27
          	.ENDM
         
          	.MACRO __PUTBSRX
          	MOVW R30,R28
          	SUBI R30,LOW(-@0)
          	SBCI R31,HIGH(-@0)
          	ST   Z,R@1
          	.ENDM
         
          	.MACRO __PUTWSRX
          	MOVW R30,R28
          	SUBI R30,LOW(-@2)
          	SBCI R31,HIGH(-@2)
          	ST   Z+,R@0
          	ST   Z,R@1
          	.ENDM
         
          	.MACRO __PUTB1SNX
          	MOVW R26,R28
          	SUBI R26,LOW(-@0)
          	SBCI R27,HIGH(-@0)
          	LD   R0,X+
          	LD   R27,X
          	MOV  R26,R0
          	SUBI R26,LOW(-@1)
          	SBCI R27,HIGH(-@1)
          	ST   X,R30
          	.ENDM
         
          	.MACRO __PUTW1SNX
          	MOVW R26,R28
          	SUBI R26,LOW(-@0)
          	SBCI R27,HIGH(-@0)
          	LD   R0,X+
          	LD   R27,X
          	MOV  R26,R0
          	SUBI R26,LOW(-@1)
          	SBCI R27,HIGH(-@1)
          	ST   X+,R30
          	ST   X,R31
          	.ENDM
         
          	.MACRO __PUTD1SNX
          	MOVW R26,R28
          	SUBI R26,LOW(-@0)
          	SBCI R27,HIGH(-@0)
          	LD   R0,X+
          	LD   R27,X
          	MOV  R26,R0
          	SUBI R26,LOW(-@1)
          	SBCI R27,HIGH(-@1)
          	ST   X+,R30
          	ST   X+,R31
          	ST   X+,R22
          	ST   X,R23
          	.ENDM
         
          	.MACRO __MULBRR
          	MULS R@0,R@1
          	MOV  R30,R0
          	.ENDM
         
          	.MACRO __MULBRRU
          	MUL  R@0,R@1
          	MOV  R30,R0
          	.ENDM
         
          	.CSEG
          	.ORG 0
         
          	.INCLUDE "skytslave.vec"
         
         ;INTERRUPT VECTORS
000000 c01e      	RJMP __RESET
000001 cffe      	RJMP 0
000002 cffd      	RJMP 0
000003 cffc      	RJMP 0
000004 cffb      	RJMP 0
000005 cffa      	RJMP 0
000006 cff9      	RJMP 0
000007 cff8      	RJMP 0
000008 cff7      	RJMP 0
000009 c0b2      	RJMP _timer0_ovf_isr
00000a cff5      	RJMP 0
00000b c043      	RJMP _uart_rx_isr
00000c cff3      	RJMP 0
00000d c079      	RJMP _uart_tx_isr
00000e c0b1      	RJMP _adc_isr
00000f cff0      	RJMP 0
000010 cfef      	RJMP 0
000011 cfee      	RJMP 0
000012 cfed      	RJMP 0
         
          	.INCLUDE "skytslave.inc"
          	.DEF _rx_wr_index=R4
          	.DEF _rx_rd_index=R5
          	.DEF _rx_counter=R6
          	.DEF _tx_wr_index=R7
          	.DEF _tx_rd_index=R8
          	.DEF _tx_counter=R9
          	.DEF _ucInputValue=R10
          	.DEF _ucInputParam0=R11
          	.DEF _ucChannelN=R12
          	.DEF _uc_ReceiveSta=R13
          _109:
          	.DB  0x6F,0x6B,0x0
000013 6b6f
000014 0000
          _tbl10_G3:
          	.DW  0x2710,0x3E8,0x64,0xA,0x1
000015 2710
000016 03e8
000017 0064
000018 000a
000019 0001
          _tbl16_G3:
          	.DW  0x1000,0x100,0x10,0x1
00001a 1000
00001b 0100
00001c 0010
00001d 0001
         
          __GLOBAL_INI_TBL:
          	.DW  0
00001e 0000
         
          __RESET:
00001f 94f8      	CLI
000020 27ee      	CLR  R30
000021 bbec      	OUT  EECR,R30
         
         ;INTERRUPT VECTORS ARE PLACED
         ;AT THE START OF FLASH
000022 e0f1      	LDI  R31,1
000023 bffb      	OUT  GICR,R31
000024 bfeb      	OUT  GICR,R30
000025 bfe5      	OUT  MCUCR,R30
         
         ;DISABLE WATCHDOG
000026 e1f8      	LDI  R31,0x18
000027 bdf1      	OUT  WDTCR,R31
000028 e1f0      	LDI  R31,0x10
000029 bdf1      	OUT  WDTCR,R31
         
         ;CLEAR R2-R14
00002a e08d      	LDI  R24,13
00002b e0a2      	LDI  R26,2
00002c 27bb      	CLR  R27
          __CLEAR_REG:
00002d 93ed      	ST   X+,R30
00002e 958a      	DEC  R24
00002f f7e9      	BRNE __CLEAR_REG
         
         ;CLEAR SRAM
000030 e080      	LDI  R24,LOW(0x400)
000031 e094      	LDI  R25,HIGH(0x400)
000032 e6a0      	LDI  R26,0x60
          __CLEAR_SRAM:
000033 93ed      	ST   X+,R30
000034 9701      	SBIW R24,1
000035 f7e9      	BRNE __CLEAR_SRAM
         
         ;GLOBAL VARIABLES INITIALIZATION
000036 e3ec      	LDI  R30,LOW(__GLOBAL_INI_TBL*2)
000037 e0f0      	LDI  R31,HIGH(__GLOBAL_INI_TBL*2)
          __GLOBAL_INI_NEXT:
000038 9005      	LPM  R0,Z+
000039 9015      	LPM  R1,Z+
00003a 01bf      	MOVW R22,R30
00003b 01f0      	MOVW R30,R0
00003c 9730      	SBIW R30,0
00003d f051      	BREQ __GLOBAL_INI_END
00003e 91a5      	LPM  R26,Z+
00003f 91b5      	LPM  R27,Z+
000040 9185      	LPM  R24,Z+
000041 9195      	LPM  R25,Z+
          __GLOBAL_INI_LOOP:
000042 9005      	LPM  R0,Z+
000043 920d      	ST   X+,R0
000044 9701      	SBIW R24,1
000045 f7e1      	BRNE __GLOBAL_INI_LOOP
000046 01fb      	MOVW R30,R22
000047 cff0      	RJMP __GLOBAL_INI_NEXT
          __GLOBAL_INI_END:
         
         ;STACK POINTER INITIALIZATION
000048 e5ef      	LDI  R30,LOW(0x45F)
000049 bfed      	OUT  SPL,R30
00004a e0e4      	LDI  R30,HIGH(0x45F)
00004b bfee      	OUT  SPH,R30
         
         ;DATA STACK POINTER INITIALIZATION
00004c e6c0      	LDI  R28,LOW(0x160)
00004d e0d1      	LDI  R29,HIGH(0x160)
         
00004e c122      	RJMP _main
         
          	.ESEG
          	.ORG 0
          	.DB  0 ; FIRST EEPROM LOCATION NOT USED, SEE ATMEL ERRATA SHEETS
000000 00
         
          	.DSEG
          	.ORG 0x160
         ;       1 /*********************************************
         ;       2 This program was produced by the
         ;       3 CodeWizardAVR V1.23.8c Standard
         ;       4 Automatic Program Generator
         ;       5 © Copyright 1998-2003 HP InfoTech s.r.l.
         ;       6 http://www.hpinfotech.ro
         ;       7 e-mail:office@hpinfotech.ro
         ;       8 
         ;       9 Project : SKYT
         ;      10 Version : 0.01
         ;      11 Date    : 2006-12-6
         ;      12 Author  : hlchen                          
         ;      13 Company :                                 
         ;      14 Comments: 
         ;      15 Êý¿ØÔÆÌ¨
         ;      16 
         ;      17 
         ;      18 Chip type           : ATmega8 
         ;      19 Program type        : Application
         ;      20 Clock frequency     : 3.690000 MHz
         ;      21 Memory model        : Small
         ;      22 External SRAM size  : 0
         ;      23 Data Stack size     : 256
         ;      24 *********************************************/
         ;      25 typedef unsigned char uchar; 
         ;      26 typedef unsigned int uint;
         ;      27 #include <mega8.h>  
         ;      28 #include <math.h>
         ;      29 #include "macro.h"
         ;      30 #define RXB8 1
         ;      31 #define TXB8 0
         ;      32 #define UPE 2
         ;      33 #define OVR 3
         ;      34 #define FE 4
         ;      35 #define UDRE 5
         ;      36 #define RXC 7
         ;      37 #define Light 5
         ;      38 #define FRAMING_ERROR (1<<FE)
         ;      39 #define PARITY_ERROR (1<<UPE)
         ;      40 #define DATA_OVERRUN (1<<OVR)
         ;      41 #define DATA_REGISTER_EMPTY (1<<UDRE)
         ;      42 #define RX_COMPLETE (1<<RXC)
         ;      43 
         ;      44 // USART Receiver buffer
         ;      45 #define RX_BUFFER_SIZE 8
         ;      46 char rx_buffer[RX_BUFFER_SIZE];
          _rx_buffer:
000160      	.BYTE 0x8
         ;      47 unsigned char rx_wr_index,rx_rd_index,rx_counter;
         ;      48 // This flag is set on USART Receiver buffer overflow
         ;      49 bit rx_buffer_overflow;
         ;      50 
         ;      51 // USART Receiver interrupt service routine
         ;      52 #pragma savereg-
         ;      53 interrupt [USART_RXC] void uart_rx_isr(void)
         ;      54 {
         
          	.CSEG
          _uart_rx_isr:
         ;      55 char status,data;
         ;      56 #asm
00004f d38a      	RCALL __SAVELOCR2
         ;	status -> R16
         ;	data -> R17
         ;      57     push r26
000050 93af          push r26
         ;      58     push r27
000051 93bf          push r27
         ;      59     push r30
000052 93ef          push r30
         ;      60     push r31
000053 93ff          push r31
         ;      61     in   r26,sreg
000054 b7af          in   r26,sreg
         ;      62     push r26
000055 93af          push r26
         ;      63 #endasm
         
         ;      64 status=UCSRA;
000056 b10b      	IN   R16,11
         ;      65 data=UDR;
000057 b11c      	IN   R17,12
         ;      66 //printf("ok");
         ;      67 //if (data=="hello")
         ;      68 	
         ;      69 if ((status & (FRAMING_ERROR | PARITY_ERROR | DATA_OVERRUN))==0)
000058 2fe0      	MOV  R30,R16
000059 71ec      	ANDI R30,LOW(0x1C)
00005a f489      	BRNE _0x29
         ;      70    {
         ;      71    rx_buffer[rx_wr_index]=data;
00005b 2da4      	MOV  R26,R4
00005c 27bb      	CLR  R27
00005d 5aa0      	SUBI R26,LOW(-_rx_buffer)
00005e 4fbe      	SBCI R27,HIGH(-_rx_buffer)
00005f 931c      	ST   X,R17
         ;      72    if (++rx_wr_index == RX_BUFFER_SIZE) rx_wr_index=0;
000060 9443      	INC  R4
000061 e0e8      	LDI  R30,LOW(8)
000062 15e4      	CP   R30,R4
000063 f409      	BRNE _0x2A
000064 2444      	CLR  R4
         ;      73    if (++rx_counter == RX_BUFFER_SIZE)
          _0x2A:
000065 9463      	INC  R6
000066 e0e8      	LDI  R30,LOW(8)
000067 15e6      	CP   R30,R6
000068 f419      	BRNE _0x2B
         ;      74       {
         ;      75       rx_counter=0;
000069 2466      	CLR  R6
         ;      76       rx_buffer_overflow=1;
00006a 9468      	SET
00006b f820      	BLD  R2,0
         ;      77       };
          _0x2B:
         ;      78    };
          _0x29:
         ;      79 #asm
         ;      80     pop  r26
00006c 91af          pop  r26
         ;      81     out  sreg,r26
00006d bfaf          out  sreg,r26
         ;      82     pop  r31
00006e 91ff          pop  r31
         ;      83     pop  r30
00006f 91ef          pop  r30
         ;      84     pop  r27
000070 91bf          pop  r27
         ;      85     pop  r26
000071 91af          pop  r26
         ;      86 #endasm
         
         ;      87 }
000072 d371      	RCALL __LOADLOCR2P
000073 9518      	RETI
         ;      88 #pragma savereg+
         ;      89 
         ;      90 #ifndef _DEBUG_TERMINAL_IO_
         ;      91 // Get a character from the USART Receiver buffer
         ;      92 #define _ALTERNATE_GETCHAR_
         ;      93 #pragma used+
         ;      94 char getchar(void)
         ;      95 {
          _getchar:
         ;      96 char data;
         ;      97 while (rx_counter==0);
000074 930a      	ST   -Y,R16
         ;	data -> R16
          _0x2D:
000075 2066      	TST  R6
000076 f3f1      	BREQ _0x2D
         ;      98 data=rx_buffer[rx_rd_index];
000077 2de5      	MOV  R30,R5
000078 27ff      	CLR  R31
000079 5ae0      	SUBI R30,LOW(-_rx_buffer)
00007a 4ffe      	SBCI R31,HIGH(-_rx_buffer)
00007b 8100      	LD   R16,Z
         ;      99 if (++rx_rd_index == RX_BUFFER_SIZE) rx_rd_index=0;
00007c 9453      	INC  R5
00007d e0e8      	LDI  R30,LOW(8)
00007e 15e5      	CP   R30,R5
00007f f409      	BRNE _0x30
000080 2455      	CLR  R5
         ;     100 #asm("cli")
          _0x30:
000081 94f8      	cli
         ;     101 --rx_counter;
000082 946a      	DEC  R6
         ;     102 #asm("sei")
000083 9478      	sei
         ;     103 return data;
000084 2fe0      	MOV  R30,R16
000085 9109      	LD   R16,Y+
000086 9508      	RET
         ;     104 }
         ;     105 #pragma used-
         ;     106 #endif
         ;     107 
         ;     108 // USART Transmitter buffer
         ;     109 #define TX_BUFFER_SIZE 8
         ;     110 char tx_buffer[TX_BUFFER_SIZE];
         
          	.DSEG
          _tx_buffer:
000168      	.BYTE 0x8
         ;     111 unsigned char tx_wr_index,tx_rd_index,tx_counter;
         ;     112 
         ;     113 // USART Transmitter interrupt service routine
         ;     114 #pragma savereg-
         ;     115 interrupt [USART_TXC] void uart_tx_isr(void)
         ;     116 {
         
          	.CSEG
          _uart_tx_isr:
         ;     117 #asm
         ;     118     push r26
000087 93af          push r26
         ;     119     push r27
000088 93bf          push r27
         ;     120     push r30
000089 93ef          push r30
         ;     121     push r31
00008a 93ff          push r31
         ;     122     in   r26,sreg
00008b b7af          in   r26,sreg
         ;     123     push r26
00008c 93af          push r26
         ;     124 #endasm
         
         ;     125 if (tx_counter)
00008d 2099      	TST  R9
00008e f061      	BREQ _0x32
         ;     126    {
         ;     127    --tx_counter;
00008f 949a      	DEC  R9
         ;     128    UDR=tx_buffer[tx_rd_index];
000090 2de8      	MOV  R30,R8
000091 27ff      	CLR  R31
000092 59e8      	SUBI R30,LOW(-_tx_buffer)
000093 4ffe      	SBCI R31,HIGH(-_tx_buffer)
000094 81e0      	LD   R30,Z
000095 b9ec      	OUT  0xC,R30
         ;     129    if (++tx_rd_index == TX_BUFFER_SIZE) tx_rd_index=0;
000096 9483      	INC  R8
000097 e0e8      	LDI  R30,LOW(8)
000098 15e8      	CP   R30,R8
000099 f409      	BRNE _0x33
00009a 2488      	CLR  R8
         ;     130    };
          _0x33:
          _0x32:
         ;     131 #asm
         ;     132     pop  r26
00009b 91af          pop  r26
         ;     133     out  sreg,r26
00009c bfaf          out  sreg,r26
         ;     134     pop  r31
00009d 91ff          pop  r31
         ;     135     pop  r30
00009e 91ef          pop  r30
         ;     136     pop  r27
00009f 91bf          pop  r27
         ;     137     pop  r26
0000a0 91af          pop  r26
         ;     138 #endasm
         
         ;     139 }
0000a1 9518      	RETI
         ;     140 #pragma savereg+
         ;     141 
         ;     142 #ifndef _DEBUG_TERMINAL_IO_
         ;     143 // Write a character to the USART Transmitter buffer
         ;     144 #define _ALTERNATE_PUTCHAR_
         ;     145 #pragma used+
         ;     146 void putchar(char c)
         ;     147 {
          _putchar:
         ;     148 while (tx_counter == TX_BUFFER_SIZE);
          _0x35:
0000a2 e0e8      	LDI  R30,LOW(8)
0000a3 15e9      	CP   R30,R9
0000a4 f3e9      	BREQ _0x35
         ;     149 #asm("cli")
0000a5 94f8      	cli
         ;     150 if (tx_counter || ((UCSRA & DATA_REGISTER_EMPTY)==0))
0000a6 2099      	TST  R9
0000a7 f411      	BRNE _0x39
0000a8 995d      	SBIC 0xB,5
0000a9 c00d      	RJMP _0x38
          _0x39:
         ;     151    {
         ;     152    tx_buffer[tx_wr_index]=c;
0000aa 2da7      	MOV  R26,R7
0000ab 27bb      	CLR  R27
0000ac 59a8      	SUBI R26,LOW(-_tx_buffer)
0000ad 4fbe      	SBCI R27,HIGH(-_tx_buffer)
0000ae 81e8      	LD   R30,Y
0000af 93ec      	ST   X,R30
         ;     153    if (++tx_wr_index == TX_BUFFER_SIZE) tx_wr_index=0;
0000b0 9473      	INC  R7
0000b1 e0e8      	LDI  R30,LOW(8)
0000b2 15e7      	CP   R30,R7
0000b3 f409      	BRNE _0x3B
0000b4 2477      	CLR  R7
         ;     154    ++tx_counter;
          _0x3B:
0000b5 9493      	INC  R9
         ;     155    }
         ;     156 else UDR=c;
0000b6 c002      	RJMP _0x3C
          _0x38:
0000b7 81e8      	LD   R30,Y
0000b8 b9ec      	OUT  0xC,R30
          _0x3C:
         ;     157 #asm("sei")
0000b9 9478      	sei
         ;     158 }
0000ba 9621      	ADIW R28,1
0000bb 9508      	RET
         ;     159 #pragma used-
         ;     160 #endif
         ;     161 // Standard Input/Output functions
         ;     162 #include <stdio.h>  
         ;     163 uchar ucInputValue;
         ;     164 uint uiLastADValue[3];
         
          	.DSEG
          _uiLastADValue:
000170      	.BYTE 0x6
         ;     165 uchar ucInputParam0; 
         ;     166 uchar ucChannelN; 
         ;     167 uchar uc_ReceiveSta;
         ;     168 bit bInputChange,bMotorSpeed,bLight;         
         ;     169 void inputdeal(void); 
         ;     170 void Communication(void);
         ;     171 void TransmitEnable(void);
         ;     172 void ReceiveEnable(void);
         ;     173 #define HighSpeed 0x33
         ;     174 #define SlowSpeed 0x99
         ;     175 #define ADC_VREF_TYPE 0x00 
         ;     176 #define RE 2
         ;     177 #define DE 3
         ;     178 // ADC interrupt service routine
         ;     179 interrupt [TIM0_OVF] void timer0_ovf_isr(void)
         ;     180 {
         
          	.CSEG
          _timer0_ovf_isr:
0000bc d2d7      	RCALL __SAVEISR
         ;     181 // Place your code here 
         ;     182 TCNT0=0xf0;
0000bd d283      	RCALL SUBOPT_0x0
         ;     183 }
0000be d2e3      	RCALL __LOADISR
0000bf 9518      	RETI
         ;     184 interrupt [ADC_INT] void adc_isr(void)
         ;     185 {
          _adc_isr:
0000c0 d2d3      	RCALL __SAVEISR
         ;     186 uint adc_data;
         ;     187 // Read the AD conversion result
         ;     188 adc_data=ADCW;
0000c1 d318      	RCALL __SAVELOCR2
         ;	adc_data -> R16,R17
0000c2   +  	__INWR 16,17,4
0000c2 b104      	IN   R0x10,0x4
0000c3 b115      	IN   R0x11,0x4+1
          	.ENDM
         ;     189 
         ;     190 // Place your code here 
         ;     191 switch (ucChannelN)
0000c4 2dec      	MOV  R30,R12
         ;     192 {
         ;     193 case 0:
0000c5 30e0      	CPI  R30,0
0000c6 f4a1      	BRNE _0x4F
         ;     194  	       	if (uiLastADValue[0]!=adc_data)
0000c7 91a0 0170 	LDS  R26,_uiLastADValue
0000c9 91b0 0171 	LDS  R27,_uiLastADValue+1
0000cb 170a      	CP   R16,R26
0000cc 071b      	CPC  R17,R27
0000cd f051      	BREQ _0x50
         ;     195  		{
         ;     196  		uiLastADValue[0]=adc_data;
0000ce   +  	__PUTWMRN _uiLastADValue,0,16,17
0000ce 9300 0170 	STS  _uilastadvalue+0x0,R0x10
0000d0 9310 0171 	STS  _uilastadvalue+0x0+1,R0x11
          	.ENDM
         ;     197  		ucInputParam0=uiLastADValue[0]*24/1024;
0000d2 e1e8      	LDI  R30,LOW(24)
0000d3 e0f0      	LDI  R31,HIGH(24)
0000d4 d26f      	RCALL SUBOPT_0x1
         ;     198 		//ucInputParam0 = tmp/100;
         ;     199 		//ucInputParam1 = (tmp%100)/10;
         ;     200 		//ucInputParam2 = (tmp%100)%10;
         ;     201 		bInputChange=1;
0000d5 f821      	BLD  R2,1
         ;     202 		ucInputValue=0x01;
0000d6 e0e1      	LDI  R30,LOW(1)
0000d7 2eae      	MOV  R10,R30
         ;     203 	       
         ;     204 		} 
         ;     205 		ADMUX=0x01;
          _0x50:
0000d8 e0e1      	LDI  R30,LOW(1)
0000d9 b9e7      	OUT  0x7,R30
         ;     206 		break;  
0000da c08d      	RJMP _0x4E
         ;     207 case 1: 
          _0x4F:
0000db 30e1      	CPI  R30,LOW(0x1)
0000dc f4c1      	BRNE _0x51
         ;     208         	if (uiLastADValue[1]!=adc_data)
0000dd   +  	__GETW2MN _uiLastADValue,2
0000dd 91a0 0172 	LDS  R26,_uilastadvalue+0x2
0000df 91b0 0173 	LDS  R27,_uilastadvalue+0x2+1
          	.ENDM
0000e1 170a      	CP   R16,R26
0000e2 071b      	CPC  R17,R27
0000e3 f071      	BREQ _0x52
         ;     209  		{
         ;     210  		uiLastADValue[1]=adc_data;
0000e4   +  	__PUTWMRN _uiLastADValue,2,16,17
0000e4 9300 0172 	STS  _uilastadvalue+0x2,R0x10
0000e6 9310 0173 	STS  _uilastadvalue+0x2+1,R0x11
          	.ENDM
         ;     211  		ucInputParam0=uiLastADValue[1]*12/1024;
0000e8   +  	__GETW1MN _uiLastADValue,2
0000e8 91e0 0172 	LDS  R30,_uilastadvalue+0x2
0000ea 91f0 0173 	LDS  R31,_uilastadvalue+0x2+1
          	.ENDM
0000ec e0ac      	LDI  R26,LOW(12)
0000ed e0b0      	LDI  R27,HIGH(12)
0000ee d255      	RCALL SUBOPT_0x1
         ;     212 		//ucInputParam0 = tmp/100;
         ;     213 		//ucInputParam1 = (tmp%100)/10;
         ;     214 		//ucInputParam2 = (tmp%100)%10;
         ;     215 		bInputChange=1;
0000ef f821      	BLD  R2,1
         ;     216 		ucInputValue=0x02; 
0000f0 e0e2      	LDI  R30,LOW(2)
0000f1 2eae      	MOV  R10,R30
         ;     217 	     
         ;     218 		} 
         ;     219 		ADMUX=0x02;
          _0x52:
0000f2 e0e2      	LDI  R30,LOW(2)
0000f3 b9e7      	OUT  0x7,R30
         ;     220 		break;  
0000f4 c073      	RJMP _0x4E
         ;     221 case 2:
          _0x51:
0000f5 30e2      	CPI  R30,LOW(0x2)
0000f6 f009      	BREQ PC+2
0000f7 c070      	RJMP _0x63
         ;     222 		if (uiLastADValue[2]!=adc_data)
0000f8   +  	__GETW2MN _uiLastADValue,4
0000f8 91a0 0174 	LDS  R26,_uilastadvalue+0x4
0000fa 91b0 0175 	LDS  R27,_uilastadvalue+0x4+1
          	.ENDM
0000fc 170a      	CP   R16,R26
0000fd 071b      	CPC  R17,R27
0000fe f409      	BRNE PC+2
0000ff c067      	RJMP _0x54
         ;     223  		{
         ;     224  		uiLastADValue[2]=adc_data;
000100   +  	__PUTWMRN _uiLastADValue,4,16,17
000100 9300 0174 	STS  _uilastadvalue+0x4,R0x10
000102 9310 0175 	STS  _uilastadvalue+0x4+1,R0x11
          	.ENDM
         ;     225  		//ucInputParam0=uiLastADValue[2]*6/1024; 
         ;     226  	       	if (abs(uiLastADValue[2]-1023)<100)
000104   +  	__GETW1MN _uiLastADValue,4
000104 91e0 0174 	LDS  R30,_uilastadvalue+0x4
000106 91f0 0175 	LDS  R31,_uilastadvalue+0x4+1
          	.ENDM
000108 5fef      	SUBI R30,LOW(1023)
000109 40f3      	SBCI R31,HIGH(1023)
00010a d240      	RCALL SUBOPT_0x2
00010b 36e4      	CPI  R30,LOW(0x64)
00010c e0a0      	LDI  R26,HIGH(0x64)
00010d 07fa      	CPC  R31,R26
00010e f418      	BRSH _0x55
         ;     227  	       		 ucInputValue=3;
00010f e0e3      	LDI  R30,LOW(3)
000110 2eae      	MOV  R10,R30
         ;     228    	        else if (abs(uiLastADValue[2]-465)<50)
000111 c053      	RJMP _0x56
          _0x55:
000112   +  	__GETW1MN _uiLastADValue,4
000112 91e0 0174 	LDS  R30,_uilastadvalue+0x4
000114 91f0 0175 	LDS  R31,_uilastadvalue+0x4+1
          	.ENDM
000116 5de1      	SUBI R30,LOW(465)
000117 40f1      	SBCI R31,HIGH(465)
000118 d232      	RCALL SUBOPT_0x2
000119 33e2      	CPI  R30,LOW(0x32)
00011a e0a0      	LDI  R26,HIGH(0x32)
00011b 07fa      	CPC  R31,R26
00011c f418      	BRSH _0x57
         ;     229  	       		 ucInputValue=4;
00011d e0e4      	LDI  R30,LOW(4)
00011e 2eae      	MOV  R10,R30
         ;     230        		else if (abs(uiLastADValue[2]-292)<25)
00011f c045      	RJMP _0x58
          _0x57:
000120   +  	__GETW1MN _uiLastADValue,4
000120 91e0 0174 	LDS  R30,_uilastadvalue+0x4
000122 91f0 0175 	LDS  R31,_uilastadvalue+0x4+1
          	.ENDM
000124 52e4      	SUBI R30,LOW(292)
000125 40f1      	SBCI R31,HIGH(292)
000126 d224      	RCALL SUBOPT_0x2
000127 31e9      	CPI  R30,LOW(0x19)
000128 e0a0      	LDI  R26,HIGH(0x19)
000129 07fa      	CPC  R31,R26
00012a f418      	BRSH _0x59
         ;     231  	       		 ucInputValue=5;	 
00012b e0e5      	LDI  R30,LOW(5)
00012c 2eae      	MOV  R10,R30
         ;     232  	       	else if (abs(uiLastADValue[2]-204)<25)
00012d c037      	RJMP _0x5A
          _0x59:
00012e   +  	__GETW1MN _uiLastADValue,4
00012e 91e0 0174 	LDS  R30,_uilastadvalue+0x4
000130 91f0 0175 	LDS  R31,_uilastadvalue+0x4+1
          	.ENDM
000132 5cec      	SUBI R30,LOW(204)
000133 40f0      	SBCI R31,HIGH(204)
000134 d216      	RCALL SUBOPT_0x2
000135 31e9      	CPI  R30,LOW(0x19)
000136 e0a0      	LDI  R26,HIGH(0x19)
000137 07fa      	CPC  R31,R26
000138 f418      	BRSH _0x5B
         ;     233  	       		 ucInputValue=6;
000139 e0e6      	LDI  R30,LOW(6)
00013a 2eae      	MOV  R10,R30
         ;     234  	       	else if (abs(uiLastADValue[2]-146)<12)
00013b c029      	RJMP _0x5C
          _0x5B:
00013c   +  	__GETW1MN _uiLastADValue,4
00013c 91e0 0174 	LDS  R30,_uilastadvalue+0x4
00013e 91f0 0175 	LDS  R31,_uilastadvalue+0x4+1
          	.ENDM
000140 59e2      	SUBI R30,LOW(146)
000141 40f0      	SBCI R31,HIGH(146)
000142 d208      	RCALL SUBOPT_0x2
000143 30ec      	CPI  R30,LOW(0xC)
000144 e0a0      	LDI  R26,HIGH(0xC)
000145 07fa      	CPC  R31,R26
000146 f418      	BRSH _0x5D
         ;     235  	       		 ucInputValue=7;
000147 e0e7      	LDI  R30,LOW(7)
000148 2eae      	MOV  R10,R30
         ;     236  	       	else if (abs(uiLastADValue[2]-93)<12) 
000149 c01b      	RJMP _0x5E
          _0x5D:
00014a   +  	__GETW1MN _uiLastADValue,4
00014a 91e0 0174 	LDS  R30,_uilastadvalue+0x4
00014c 91f0 0175 	LDS  R31,_uilastadvalue+0x4+1
          	.ENDM
00014e 55ed      	SUBI R30,LOW(93)
00014f 40f0      	SBCI R31,HIGH(93)
000150 d1fa      	RCALL SUBOPT_0x2
000151 30ec      	CPI  R30,LOW(0xC)
000152 e0a0      	LDI  R26,HIGH(0xC)
000153 07fa      	CPC  R31,R26
000154 f418      	BRSH _0x5F
         ;     237  	       	         ucInputValue=8;
000155 e0e8      	LDI  R30,LOW(8)
000156 2eae      	MOV  R10,R30
         ;     238  	       	else if (abs(uiLastADValue[2])<6)
000157 c00d      	RJMP _0x60
          _0x5F:
000158   +  	__GETW1MN _uiLastADValue,4
000158 91e0 0174 	LDS  R30,_uilastadvalue+0x4
00015a 91f0 0175 	LDS  R31,_uilastadvalue+0x4+1
          	.ENDM
00015c d1ee      	RCALL SUBOPT_0x2
00015d 30e6      	CPI  R30,LOW(0x6)
00015e e0a0      	LDI  R26,HIGH(0x6)
00015f 07fa      	CPC  R31,R26
000160 f418      	BRSH _0x61
         ;     239  	       		 ucInputValue=9;
000161 e0e9      	LDI  R30,LOW(9)
000162 2eae      	MOV  R10,R30
         ;     240  	       	else break;
000163 c001      	RJMP _0x62
          _0x61:
000164 c003      	RJMP _0x4E
          _0x62:
          _0x60:
          _0x5E:
          _0x5C:
          _0x5A:
          _0x58:
          _0x56:
         ;     241  	       //	else if (abs(uiLastADValue[2]-512
         ;     242 		//ucInputParam0 = tmp/100;
         ;     243 		//ucInputParam1 = (tmp%100)/10;
         ;     244 		//ucInputParam2 = (tmp%100)%10;
         ;     245 		bInputChange=1;
000165 9468      	SET
000166 f821      	BLD  R2,1
         ;     246 //		ucInputValue=ucInputParam0+2; 
         ;     247 	     
         ;     248 		} 
         ;     249 		ADMUX=0x00;
          _0x54:
000167 d1e6      	RCALL SUBOPT_0x3
         ;     250 		break;              
         ;     251 default:
          _0x63:
         ;     252 		break;
         ;     253 }   
          _0x4E:
         ;     254 ADCSRA|=0x40;
000168 9a36      	SBI  0x6,6
         ;     255 //ADMUX^=0x01;   
         ;     256 if (ucChannelN++==3)    ucChannelN=0;
000169 2dec      	MOV  R30,R12
00016a 94c3      	INC  R12
00016b 30e3      	CPI  R30,LOW(0x3)
00016c f409      	BRNE _0x64
00016d 24cc      	CLR  R12
         ;     257 
         ;     258 }
          _0x64:
00016e d275      	RCALL __LOADLOCR2P
00016f d232      	RCALL __LOADISR
000170 9518      	RETI
         ;     259 
         ;     260 // Declare your global variables here
         ;     261 
         ;     262 void main(void)
         ;     263 {
          _main:
         ;     264 // Declare your local variables here
         ;     265  
         ;     266  
         ;     267 // Input/Output Ports initialization
         ;     268 // Port B initialization
         ;     269 // Func0=Out Func1=Out Func2=Out Func3=Out Func4=Out Func5=Out Func6=Out Func7=Out 
         ;     270 // State0=0 State1=0 State2=0 State3=0 State4=0 State5=0 State6=0 State7=0 
         ;     271 PORTB=0x00;
000171 27ee      	CLR  R30
000172 bbe8      	OUT  0x18,R30
         ;     272 DDRB=0xFF;
000173 efef      	LDI  R30,LOW(255)
000174 bbe7      	OUT  0x17,R30
         ;     273 
         ;     274 // Port C initialization
         ;     275 // Func0=Out Func1=Out Func2=Out Func3=Out Func4=Out Func5=Out Func6=Out 
         ;     276 // State0=0 State1=0 State2=0 State3=0 State4=0 State5=0 State6=0 
         ;     277 PORTC=0x00;
000175 27ee      	CLR  R30
000176 bbe5      	OUT  0x15,R30
         ;     278 DDRC=0x70;
000177 e7e0      	LDI  R30,LOW(112)
000178 bbe4      	OUT  0x14,R30
         ;     279 
         ;     280 // Port D initialization
         ;     281 // Func0=Out Func1=Out Func2=Out Func3=Out Func4=Out Func5=Out Func6=Out Func7=Out 
         ;     282 // State0=0 State1=0 State2=0 State3=0 State4=0 State5=0 State6=0 State7=0 
         ;     283 PORTD=0x00;
000179 27ee      	CLR  R30
00017a bbe2      	OUT  0x12,R30
         ;     284 DDRD=0xff;
00017b efef      	LDI  R30,LOW(255)
00017c bbe1      	OUT  0x11,R30
         ;     285 
         ;     286 // Timer/Counter 0 initialization
         ;     287 // Clock source: System Clock
         ;     288 // Clock value: 3690.000 kHz
         ;     289 TCCR0=0x03;
00017d e0e3      	LDI  R30,LOW(3)
00017e bfe3      	OUT  0x33,R30
         ;     290 TCNT0=0xf0;
00017f d1c1      	RCALL SUBOPT_0x0
         ;     291 
         ;     292 
         ;     293 // Timer/Counter 1 initialization
         ;     294 // Clock source: System Clock
         ;     295 // Clock value: Timer 1 Stopped
         ;     296 // Mode: Normal top=FFFFh
         ;     297 // OC1A output: Discon.
         ;     298 // OC1B output: Discon.
         ;     299 // Noise Canceler: Off
         ;     300 // Input Capture on Falling Edge
         ;     301 //Ä£Ê½1(¼ÆÊýÆ÷ÉÏÏÞÖµ=0xff) PWMÆµÂÊ = ÏµÍ³Ê±ÖÓÆµÂÊ/£¨·ÖÆµÏµÊý*2*¼ÆÊýÆ÷ÉÏÏÞÖµ£©£© 
         ;     302 TCCR1A=0xF1;
000180 efe1      	LDI  R30,LOW(241)
000181 bdef      	OUT  0x2F,R30
         ;     303 //COM1A1,COM1A0,COM1B1,COM1B0=1±íÊ¾ÉýÐò¼ÇÊýÊ±±È½ÏÆ¥Åä½«ÖÃÎ»OC1A/OC1B£¬½µÐò¼ÇÊýÊ±±È½ÏÆ¥Åä½«ÇåÁãOC1A/OC1B
         ;     304 //¼´OCR1AL<tcnt1<TOP(0xff)Ê± OC1AÎª¸ß tcnt1<OCR1ALÊ±OC1AÎªµÍ
         ;     305 //WGM11=0 WGM10=1
         ;     306 TCCR1B=0x03;
000182 e0e3      	LDI  R30,LOW(3)
000183 bdee      	OUT  0x2E,R30
         ;     307 //WGM13=0 WGM12=0 CS12=1 CS11=0 CS10=0 ·ÖÆµÏµÊý=256
         ;     308 TCNT1H=0x00;
000184 27ee      	CLR  R30
000185 bded      	OUT  0x2D,R30
         ;     309 TCNT1L=0x00;
000186 bdec      	OUT  0x2C,R30
         ;     310 OCR1AH=0x00;
000187 bdeb      	OUT  0x2B,R30
         ;     311 OCR1AL=SlowSpeed; //Õ¼¿Õ±È=40% (0xff-0x99)/0xff=0.4
000188 e9e9      	LDI  R30,LOW(153)
000189 bdea      	OUT  0x2A,R30
         ;     312 		//Õ¼¿Õ±È=80% 0x33
         ;     313 OCR1BH=0x00;
00018a 27ee      	CLR  R30
00018b bde9      	OUT  0x29,R30
         ;     314 OCR1BL=0x30;
00018c e3e0      	LDI  R30,LOW(48)
00018d bde8      	OUT  0x28,R30
         ;     315 
         ;     316 // Timer/Counter 2 initialization
         ;     317 // Clock source: System Clock
         ;     318 // Clock value: Timer 2 Stopped
         ;     319 // Mode: Normal top=FFh
         ;     320 // OC2 output: Disconnected
         ;     321 ASSR=0x00;
00018e 27ee      	CLR  R30
00018f bde2      	OUT  0x22,R30
         ;     322 TCCR2=0x00;
000190 bde5      	OUT  0x25,R30
         ;     323 TCNT2=0x00;
000191 bde4      	OUT  0x24,R30
         ;     324 OCR2=0x00;
000192 bde3      	OUT  0x23,R30
         ;     325 
         ;     326 // External Interrupt(s) initialization
         ;     327 // INT0: Off
         ;     328 // INT1: Off
         ;     329 GICR|=0x00;
000193 b7eb      	IN   R30,0x3B
000194 bfeb      	OUT  0x3B,R30
         ;     330 MCUCR=0x00;
000195 27ee      	CLR  R30
000196 bfe5      	OUT  0x35,R30
         ;     331 
         ;     332 // Timer(s)/Counter(s) Interrupt(s) initialization
         ;     333 TIMSK=0X01;
000197 e0e1      	LDI  R30,LOW(1)
000198 bfe9      	OUT  0x39,R30
         ;     334 
         ;     335 // USART initialization
         ;     336 // Communication Parameters: 8 Data, 1 Stop, No Parity
         ;     337 // USART Receiver: On
         ;     338 // USART Transmitter: On
         ;     339 // USART Mode: Asynchronous
         ;     340 // USART Baud rate: 1200
         ;     341 
         ;     342 
         ;     343 UCSRA=0x00;
000199 27ee      	CLR  R30
00019a b9eb      	OUT  0xB,R30
         ;     344 UCSRB=0xD8;
00019b ede8      	LDI  R30,LOW(216)
00019c b9ea      	OUT  0xA,R30
         ;     345 UCSRC=0x86;
00019d e8e6      	LDI  R30,LOW(134)
00019e bde0      	OUT  0x20,R30
         ;     346 UBRRH=0x00;
00019f 27ee      	CLR  R30
0001a0 bde0      	OUT  0x20,R30
         ;     347 UBRRL=0x33;
0001a1 e3e3      	LDI  R30,LOW(51)
0001a2 b9e9      	OUT  0x9,R30
         ;     348 // Analog Comparator initialization
         ;     349 // Analog Comparator: Off
         ;     350 // Analog Comparator Input Capture by Timer/Counter 1: Off
         ;     351 // Analog Comparator Output: Off
         ;     352 ACSR=0x80;
0001a3 e8e0      	LDI  R30,LOW(128)
0001a4 b9e8      	OUT  0x8,R30
         ;     353 SFIOR=0x00;
0001a5 27ee      	CLR  R30
0001a6 bfe0      	OUT  0x30,R30
         ;     354 
         ;     355 // ADC initialization
         ;     356 // ADC Clock frequency: 115.313 kHz
         ;     357 // ADC Voltage Reference: AREF pin
         ;     358 // ADC High Speed Mode: Off
         ;     359 // ADC Auto Trigger Source: Timer0 Overflow
         ;     360 ADMUX=0x00;
0001a7 d1a6      	RCALL SUBOPT_0x3
         ;     361 ADCSRA=0xCD;
0001a8 eced      	LDI  R30,LOW(205)
0001a9 b9e6      	OUT  0x6,R30
         ;     362 //SFIOR&=0x0F;
         ;     363 //SFIOR|=0x80;
         ;     364 
         ;     365 // Global enable interrupts   
         ;     366 
         ;     367 
         ;     368 
         ;     369 
         ;     370 
         ;     371 #asm("sei") 
0001aa 9478      	sei
         ;     372 ReceiveEnable();
0001ab d006      	RCALL _ReceiveEnable
         ;     373 //printf("hellooooo"); 
         ;     374 while (1)
          _0x66:
         ;     375       {
         ;     376       // Place your code here
         ;     377       //inputdeal();
         ;     378       Communication();
0001ac d00d      	RCALL _Communication
         ;     379       //if (UCSRA&0x40) ReceiveEnable();
         ;     380       };
0001ad cffe      	RJMP _0x66
         ;     381 }
          _0x69:
0001ae cfff      	RJMP _0x69
         ;     382 void TransmitEnable(void)
         ;     383 {
          _TransmitEnable:
         ;     384 PORTD|=Bit(RE);
0001af 9a92      	SBI  0x12,2
         ;     385 PORTD|=Bit(DE);
0001b0 9a93      	SBI  0x12,3
         ;     386 }
0001b1 9508      	RET
         ;     387 void ReceiveEnable(void)
         ;     388 {
          _ReceiveEnable:
         ;     389 PORTD&=Bit(RE);
0001b2 b3e2      	IN   R30,0x12
0001b3 70e4      	ANDI R30,LOW(0x4)
0001b4 bbe2      	OUT  0x12,R30
         ;     390 PORTD&=Bit(DE);
0001b5 b3e2      	IN   R30,0x12
0001b6 70e8      	ANDI R30,LOW(0x8)
0001b7 bbe2      	OUT  0x12,R30
         ;     391 } 
0001b8 9508      	RET
         ;     392 void TransmitCommand(void)
         ;     393 {
          _TransmitCommand:
         ;     394 
         ;     395 }  
0001b9 9508      	RET
         ;     396 void Communication(void)
         ;     397 {
          _Communication:
         ;     398       uint i;
         ;     399       switch (uc_ReceiveSta)
0001ba d21f      	RCALL __SAVELOCR2
         ;	i -> R16,R17
0001bb 2ded      	MOV  R30,R13
         ;     400       {
         ;     401       case 0:
0001bc 30e0      	CPI  R30,0
0001bd f451      	BRNE _0x71
         ;     402       		if (getchar()=='R')
0001be deb5      	RCALL _getchar
0001bf 35e2      	CPI  R30,LOW(0x52)
0001c0 f411      	BRNE _0x72
         ;     403 	       		uc_ReceiveSta++;
0001c1 94d3      	INC  R13
         ;     404 	        else if (getchar()=='O')
0001c2 c004      	RJMP _0x73
          _0x72:
0001c3 deb0      	RCALL _getchar
0001c4 34ef      	CPI  R30,LOW(0x4F)
0001c5 f409      	BRNE _0x74
         ;     405 	        	uc_ReceiveSta++;
0001c6 94d3      	INC  R13
         ;     406 		break;
          _0x74:
          _0x73:
0001c7 c038      	RJMP _0x70
         ;     407       case 1:
          _0x71:
0001c8 30e1      	CPI  R30,LOW(0x1)
0001c9 f469      	BRNE _0x75
         ;     408       		if (getchar()=='e')
0001ca dea9      	RCALL _getchar
0001cb 36e5      	CPI  R30,LOW(0x65)
0001cc f411      	BRNE _0x76
         ;     409 			uc_ReceiveSta++;
0001cd 94d3      	INC  R13
         ;     410 		else if (getchar()=='k')
0001ce c007      	RJMP _0x77
          _0x76:
0001cf dea4      	RCALL _getchar
0001d0 36eb      	CPI  R30,LOW(0x6B)
0001d1 f419      	BRNE _0x78
         ;     411 			{
         ;     412 			uc_ReceiveSta=0;
0001d2 24dd      	CLR  R13
         ;     413 			TransmitCommand();
0001d3 dfe5      	RCALL _TransmitCommand
         ;     414 			}
         ;     415 		else 
0001d4 c001      	RJMP _0x79
          _0x78:
         ;     416 			uc_ReceiveSta=0;
0001d5 24dd      	CLR  R13
          _0x79:
          _0x77:
         ;     417 		break; 
0001d6 c029      	RJMP _0x70
         ;     418       case 2:
          _0x75:
0001d7 30e2      	CPI  R30,LOW(0x2)
0001d8 f439      	BRNE _0x7A
         ;     419       		if (getchar()=='a')
0001d9 de9a      	RCALL _getchar
0001da 36e1      	CPI  R30,LOW(0x61)
0001db f411      	BRNE _0x7B
         ;     420 			uc_ReceiveSta++;
0001dc 94d3      	INC  R13
         ;     421 		else
0001dd c001      	RJMP _0x7C
          _0x7B:
         ;     422 	       		uc_ReceiveSta=0;
0001de 24dd      	CLR  R13
          _0x7C:
         ;     423 		break;
0001df c020      	RJMP _0x70
         ;     424       case 3:
          _0x7A:
0001e0 30e3      	CPI  R30,LOW(0x3)
0001e1 f439      	BRNE _0x7D
         ;     425       		if (getchar()=='d')
0001e2 de91      	RCALL _getchar
0001e3 36e4      	CPI  R30,LOW(0x64)
0001e4 f411      	BRNE _0x7E
         ;     426 			uc_ReceiveSta++;
0001e5 94d3      	INC  R13
         ;     427 		else
0001e6 c001      	RJMP _0x7F
          _0x7E:
         ;     428 			uc_ReceiveSta=0;
0001e7 24dd      	CLR  R13
          _0x7F:
         ;     429        		break;  
0001e8 c017      	RJMP _0x70
         ;     430       case 4:
          _0x7D:
0001e9 30e4      	CPI  R30,LOW(0x4)
0001ea f4a9      	BRNE _0x70
         ;     431       		uc_ReceiveSta=0;
0001eb 24dd      	CLR  R13
         ;     432 	      	if (getchar()=='y')      
0001ec de87      	RCALL _getchar
0001ed 37e9      	CPI  R30,LOW(0x79)
0001ee f489      	BRNE _0x81
         ;     433 	      		{
         ;     434 	      		
         ;     435 	      		TransmitEnable(); 
0001ef dfbf      	RCALL _TransmitEnable
         ;     436 	      		for (i=0;i<5000;i++);
0001f0   +  	__GETWRN 16,17,0
0001f0 e000      	LDI  R0x10,LOW(0x0)
0001f1 e010      	LDI  R0x11,HIGH(0x0)
          	.ENDM
          _0x83:
0001f2   +  	__CPWRN 16,17,5000
0001f2 3808      	CPI  R0x10,LOW(0x1388)
0001f3 e1e3      	LDI  R30,HIGH(0x1388)
0001f4 071e      	CPC  R0x11,R30
          	.ENDM
0001f5 f418      	BRSH _0x84
0001f6   +  	__ADDWRN 16,17,1
0001f6 5f0f      	SUBI R0x10,LOW(-0x1)
0001f7 4f1f      	SBCI R0x11,HIGH(-0x1)
          	.ENDM
0001f8 cff9      	RJMP _0x83
          _0x84:
         ;     437 			printf("ok");
0001f9   +  	__POINTW1FN _109,0
0001f9 e2e6      	LDI  R30,LOW(2*_109+0x0)
0001fa e0f0      	LDI  R31,HIGH(2*_109+0x0)
          	.ENDM
0001fb 93fa      	ST   -Y,R31
0001fc 93ea      	ST   -Y,R30
0001fd e080      	LDI  R24,0
0001fe d128      	RCALL _printf
0001ff 9622      	ADIW R28,2
         ;     438 		        
         ;     439 			}
         ;     440 		break;
          _0x81:
         ;     441       }	                     
          _0x70:
         ;     442       
         ;     443      
         ;     444 }
000200 d1e3      	RCALL __LOADLOCR2P
000201 9508      	RET
         ;     445 void inputdeal(void)
         ;     446 {
         ;     447 	if (!bInputChange) return;
         ;     448 	bInputChange=0;
         ;     449 	switch (ucInputValue)
         ;     450 	{
         ;     451 	case 0x01:
         ;     452 		//printf("%bu,%bu,%bu\n",ucInputParam0,ucInputParam1,ucInputParam2);
         ;     453 	       //	PaintDegree(ucInputParam0,0);   
         ;     454 	
         ;     455 		break;
         ;     456 	case 0x02:
         ;     457 	       //	PaintDegree(ucInputParam0,1);
         ;     458 	
         ;     459 		break; 
         ;     460 	case 0x03://key1
         ;     461 	      	if (!bLight) PORTB|=Bit(Light); 
         ;     462 	      	else PORTB&=~Bit(Light);
         ;     463 	      	bLight=!bLight;
         ;     464 		PORTD|=0x04;
         ;     465 		break;
         ;     466 	case 0x04://key2
         ;     467 	       //	PORTD&=0xc3;
         ;     468 		PORTD|=0x08;   
         ;     469 	      //	if (bMotorSpeed)       {Show_Slow();OCR1AL=SlowSpeed;}
         ;     470 	     //	else   {Show_Quick();OCR1AL=HighSpeed;}
         ;     471 		bMotorSpeed=!bMotorSpeed;
         ;     472 		
         ;     473 		break;  
         ;     474 	case 0x05://key3
         ;     475 	       //	PORTD&=0xc3;
         ;     476 		PORTD|=0x0c;
         ;     477 		break;
         ;     478 	case 0x06://key4
         ;     479 	      //	PORTD&=0xc3;
         ;     480 		PORTD|=0x10;
         ;     481 		break;
         ;     482 	case 0x07://key5
         ;     483 	       //	PORTD&=0xc3;
         ;     484 		PORTD|=0x14;
         ;     485 		break;
         ;     486 	case 0x08://key6  
         ;     487 	        //PORTD&=0xc3;
         ;     488 		PORTD|=0x18;
         ;     489 		break;
         ;     490 	case 0x09://keyrelease 
         ;     491 		PORTD&=0xc3;    
         ;     492 		break;
         ;     493 	default:
         ;     494 		break;
         ;     495 	}
         ;     496 }
          __put_G3:
          	put:
000202 d14e      	RCALL SUBOPT_0x4
000203 9730      	SBIW R30,0
000204 f041      	BREQ _0xCA
000205 d14b      	RCALL SUBOPT_0x4
000206 9631      	ADIW R30,1
000207 d1c7      	RCALL __PUTWP1
000208 9731      	SBIW R30,1
000209 01df      	MOVW R26,R30
00020a 81ea      	LDD  R30,Y+2
00020b 93ec      	ST   X,R30
00020c c003      	RJMP _0xCB
          _0xCA:
00020d 81ea      	LDD  R30,Y+2
00020e 93ea      	ST   -Y,R30
00020f de92      	RCALL _putchar
          _0xCB:
000210 9623      	ADIW R28,3
000211 9508      	RET
          __print_G3:
000212 9726      	SBIW R28,6
000213 d1c2      	RCALL __SAVELOCR6
000214 e000      	LDI  R16,0
          _0xCD:
000215 89e8      	LDD  R30,Y+16
000216 89f9      	LDD  R31,Y+16+1
000217 9631      	ADIW R30,1
000218 8be8      	STD  Y+16,R30
000219 8bf9      	STD  Y+16+1,R31
00021a 9731      	SBIW R30,1
00021b 91e4      	LPM  R30,Z
00021c 2f3e      	MOV  R19,R30
00021d 30e0      	CPI  R30,0
00021e f409      	BRNE PC+2
00021f c104      	RJMP _0xCF
000220 2fe0      	MOV  R30,R16
000221 30e0      	CPI  R30,0
000222 f431      	BRNE _0xD3
000223 3235      	CPI  R19,37
000224 f411      	BRNE _0xD4
000225 e001      	LDI  R16,LOW(1)
000226 c001      	RJMP _0xD5
          _0xD4:
000227 d12d      	RCALL SUBOPT_0x5
          _0xD5:
000228 c0fa      	RJMP _0xD2
          _0xD3:
000229 30e1      	CPI  R30,LOW(0x1)
00022a f4a9      	BRNE _0xD6
00022b 3235      	CPI  R19,37
00022c f419      	BRNE _0xD7
00022d d127      	RCALL SUBOPT_0x5
00022e e000      	LDI  R16,LOW(0)
00022f c0f3      	RJMP _0xD2
          _0xD7:
000230 e002      	LDI  R16,LOW(2)
000231 e050      	LDI  R21,LOW(0)
000232 e010      	LDI  R17,LOW(0)
000233 323d      	CPI  R19,45
000234 f411      	BRNE _0xD8
000235 e011      	LDI  R17,LOW(1)
000236 c0ec      	RJMP _0xD2
          _0xD8:
000237 323b      	CPI  R19,43
000238 f411      	BRNE _0xD9
000239 e25b      	LDI  R21,LOW(43)
00023a c0e8      	RJMP _0xD2
          _0xD9:
00023b 3230      	CPI  R19,32
00023c f411      	BRNE _0xDA
00023d e250      	LDI  R21,LOW(32)
00023e c0e4      	RJMP _0xD2
          _0xDA:
00023f c002      	RJMP _0xDB
          _0xD6:
000240 30e2      	CPI  R30,LOW(0x2)
000241 f439      	BRNE _0xDC
          _0xDB:
000242 e040      	LDI  R20,LOW(0)
000243 e003      	LDI  R16,LOW(3)
000244 3330      	CPI  R19,48
000245 f411      	BRNE _0xDD
000246 6810      	ORI  R17,LOW(128)
000247 c0db      	RJMP _0xD2
          _0xDD:
000248 c003      	RJMP _0xDE
          _0xDC:
000249 30e3      	CPI  R30,LOW(0x3)
00024a f009      	BREQ PC+2
00024b c0d7      	RJMP _0xD2
          _0xDE:
00024c 3330      	CPI  R19,48
00024d f010      	BRLO _0xE1
00024e 333a      	CPI  R19,58
00024f f008      	BRLO _0xE2
          _0xE1:
000250 c009      	RJMP _0xE0
          _0xE2:
000251 2fa4      	MOV  R26,R20
000252 e0ea      	LDI  R30,LOW(10)
000253 9fea      	MUL  R30,R26
000254 2de0      	MOV  R30,R0
000255 2f4e      	MOV  R20,R30
000256 2fe3      	MOV  R30,R19
000257 53e0      	SUBI R30,LOW(48)
000258 0f4e      	ADD  R20,R30
000259 c0c9      	RJMP _0xD2
          _0xE0:
00025a 2fe3      	MOV  R30,R19
00025b 36e3      	CPI  R30,LOW(0x63)
00025c f421      	BRNE _0xE6
00025d d0fd      	RCALL SUBOPT_0x6
00025e 91ec      	LD   R30,X
00025f d102      	RCALL SUBOPT_0x7
000260 c0c1      	RJMP _0xE7
          _0xE6:
000261 37e3      	CPI  R30,LOW(0x73)
000262 f429      	BRNE _0xE9
000263 d0f7      	RCALL SUBOPT_0x6
000264 d103      	RCALL SUBOPT_0x8
000265 d119      	RCALL _strlen
000266 2f0e      	MOV  R16,R30
000267 c007      	RJMP _0xEA
          _0xE9:
000268 37e0      	CPI  R30,LOW(0x70)
000269 f449      	BRNE _0xEC
00026a d0f0      	RCALL SUBOPT_0x6
00026b d0fc      	RCALL SUBOPT_0x8
00026c d11c      	RCALL _strlenf
00026d 2f0e      	MOV  R16,R30
00026e 6018      	ORI  R17,LOW(8)
          _0xEA:
00026f 6012      	ORI  R17,LOW(2)
000270 771f      	ANDI R17,LOW(127)
000271 e020      	LDI  R18,LOW(0)
000272 c030      	RJMP _0xED
          _0xEC:
000273 36e4      	CPI  R30,LOW(0x64)
000274 f011      	BREQ _0xF0
000275 36e9      	CPI  R30,LOW(0x69)
000276 f411      	BRNE _0xF1
          _0xF0:
000277 6014      	ORI  R17,LOW(4)
000278 c002      	RJMP _0xF2
          _0xF1:
000279 37e5      	CPI  R30,LOW(0x75)
00027a f431      	BRNE _0xF3
          _0xF2:
00027b e2ea      	LDI  R30,LOW(_tbl10_G3*2)
00027c e0f0      	LDI  R31,HIGH(_tbl10_G3*2)
00027d 83ee      	STD  Y+6,R30
00027e 83ff      	STD  Y+6+1,R31
00027f e005      	LDI  R16,LOW(5)
000280 c00c      	RJMP _0xF4
          _0xF3:
000281 35e8      	CPI  R30,LOW(0x58)
000282 f411      	BRNE _0xF6
000283 6018      	ORI  R17,LOW(8)
000284 c003      	RJMP _0xF7
          _0xF6:
000285 37e8      	CPI  R30,LOW(0x78)
000286 f009      	BREQ PC+2
000287 c09a      	RJMP _0x125
          _0xF7:
000288 e3e4      	LDI  R30,LOW(_tbl16_G3*2)
000289 e0f0      	LDI  R31,HIGH(_tbl16_G3*2)
00028a 83ee      	STD  Y+6,R30
00028b 83ff      	STD  Y+6+1,R31
00028c e004      	LDI  R16,LOW(4)
          _0xF4:
00028d ff12      	SBRS R17,2
00028e c012      	RJMP _0xF9
00028f d0cb      	RCALL SUBOPT_0x6
000290 d0dd      	RCALL SUBOPT_0x9
000291 85aa      	LDD  R26,Y+10
000292 85bb      	LDD  R27,Y+10+1
000293 9710      	SBIW R26,0
000294 f434      	BRGE _0xFA
000295 85ea      	LDD  R30,Y+10
000296 85fb      	LDD  R31,Y+10+1
000297 d11c      	RCALL __ANEGW1
000298 87ea      	STD  Y+10,R30
000299 87fb      	STD  Y+10+1,R31
00029a e25d      	LDI  R21,LOW(45)
          _0xFA:
00029b 3050      	CPI  R21,0
00029c f011      	BREQ _0xFB
00029d 5f0f      	SUBI R16,-LOW(1)
00029e c001      	RJMP _0xFC
          _0xFB:
00029f 7f1b      	ANDI R17,LOW(251)
          _0xFC:
0002a0 c002      	RJMP _0xFD
          _0xF9:
0002a1 d0b9      	RCALL SUBOPT_0x6
0002a2 d0cb      	RCALL SUBOPT_0x9
          _0xFD:
          _0xED:
0002a3 fd10      	SBRC R17,0
0002a4 c010      	RJMP _0xFE
          _0xFF:
0002a5 1704      	CP   R16,R20
0002a6 f470      	BRSH _0x101
0002a7 ff17      	SBRS R17,7
0002a8 c008      	RJMP _0x102
0002a9 ff12      	SBRS R17,2
0002aa c004      	RJMP _0x103
0002ab 7f1b      	ANDI R17,LOW(251)
0002ac 2f35      	MOV  R19,R21
0002ad 5001      	SUBI R16,LOW(1)
0002ae c001      	RJMP _0x104
          _0x103:
0002af e330      	LDI  R19,LOW(48)
          _0x104:
0002b0 c001      	RJMP _0x105
          _0x102:
0002b1 e230      	LDI  R19,LOW(32)
          _0x105:
0002b2 d0a2      	RCALL SUBOPT_0x5
0002b3 5041      	SUBI R20,LOW(1)
0002b4 cff0      	RJMP _0xFF
          _0x101:
          _0xFE:
0002b5 2f20      	MOV  R18,R16
0002b6 ff11      	SBRS R17,1
0002b7 c019      	RJMP _0x106
          _0x107:
0002b8 3020      	CPI  R18,0
0002b9 f0b1      	BREQ _0x109
0002ba ff13      	SBRS R17,3
0002bb c008      	RJMP _0x10A
0002bc 81ee      	LDD  R30,Y+6
0002bd 81ff      	LDD  R31,Y+6+1
0002be 9631      	ADIW R30,1
0002bf 83ee      	STD  Y+6,R30
0002c0 83ff      	STD  Y+6+1,R31
0002c1 9731      	SBIW R30,1
0002c2 91e4      	LPM  R30,Z
0002c3 c005      	RJMP _0x127
          _0x10A:
0002c4 81ae      	LDD  R26,Y+6
0002c5 81bf      	LDD  R27,Y+6+1
0002c6 91ed      	LD   R30,X+
0002c7 83ae      	STD  Y+6,R26
0002c8 83bf      	STD  Y+6+1,R27
          _0x127:
0002c9 93ea      	ST   -Y,R30
0002ca d0a7      	RCALL SUBOPT_0xA
0002cb 3040      	CPI  R20,0
0002cc f009      	BREQ _0x10C
0002cd 5041      	SUBI R20,LOW(1)
          _0x10C:
0002ce 5021      	SUBI R18,LOW(1)
0002cf cfe8      	RJMP _0x107
          _0x109:
0002d0 c049      	RJMP _0x10D
          _0x106:
          _0x10F:
0002d1 e330      	LDI  R19,LOW(48)
0002d2 81ee      	LDD  R30,Y+6
0002d3 81ff      	LDD  R31,Y+6+1
0002d4 9632      	ADIW R30,2
0002d5 83ee      	STD  Y+6,R30
0002d6 83ff      	STD  Y+6+1,R31
0002d7 9732      	SBIW R30,2
0002d8 d0f9      	RCALL __GETW1PF
0002d9 87e8      	STD  Y+8,R30
0002da 87f9      	STD  Y+8+1,R31
0002db 85aa                                            ldd  r26,y+10  ;R26,R27=n
0002dc 85bb                                            ldd  r27,y+11
                                            calc_digit:
0002dd 17ae                                            cp   r26,r30
0002de 07bf                                            cpc  r27,r31
0002df f020                                            brlo calc_digit_done
0002e0 5f3f      	SUBI R19,-LOW(1)
0002e1 1bae      	                                  sub  r26,r30
0002e2 0bbf      	                                  sbc  r27,r31
0002e3 f7c9      	                                  brne calc_digit
                                            calc_digit_done:
0002e4 87aa                                            std  Y+10,r26 ;n=R26,R27
0002e5 87bb                                            std  y+11,r27
0002e6 e3e9      	LDI  R30,LOW(57)
0002e7 17e3      	CP   R30,R19
0002e8 f428      	BRSH _0x111
0002e9 ff13      	SBRS R17,3
0002ea c002      	RJMP _0x112
0002eb 5f39      	SUBI R19,-LOW(7)
0002ec c001      	RJMP _0x113
          _0x112:
0002ed 5d39      	SUBI R19,-LOW(39)
          _0x113:
          _0x111:
0002ee fd14      	SBRC R17,4
0002ef c01d      	RJMP _0x115
0002f0 e3e0      	LDI  R30,LOW(48)
0002f1 17e3      	CP   R30,R19
0002f2 f030      	BRLO _0x117
0002f3 85a8      	LDD  R26,Y+8
0002f4 85b9      	LDD  R27,Y+8+1
0002f5 30a1      	CPI  R26,LOW(0x1)
0002f6 e0e0      	LDI  R30,HIGH(0x1)
0002f7 07be      	CPC  R27,R30
0002f8 f411      	BRNE _0x116
          _0x117:
0002f9 6110      	ORI  R17,LOW(16)
0002fa c00a      	RJMP _0x119
          _0x116:
0002fb 1742      	CP   R20,R18
0002fc f010      	BRLO _0x11B
0002fd ff10      	SBRS R17,0
0002fe c001      	RJMP _0x11C
          _0x11B:
0002ff c011      	RJMP _0x11A
          _0x11C:
000300 e230      	LDI  R19,LOW(32)
000301 ff17      	SBRS R17,7
000302 c00a      	RJMP _0x11D
000303 e330      	LDI  R19,LOW(48)
000304 6110      	ORI  R17,LOW(16)
          _0x119:
000305 ff12      	SBRS R17,2
000306 c006      	RJMP _0x11E
000307 7f1b      	ANDI R17,LOW(251)
000308 935a      	ST   -Y,R21
000309 d068      	RCALL SUBOPT_0xA
00030a 3040      	CPI  R20,0
00030b f009      	BREQ _0x11F
00030c 5041      	SUBI R20,LOW(1)
          _0x11F:
          _0x11E:
          _0x11D:
          _0x115:
00030d d047      	RCALL SUBOPT_0x5
00030e 3040      	CPI  R20,0
00030f f009      	BREQ _0x120
000310 5041      	SUBI R20,LOW(1)
          _0x120:
          _0x11A:
000311 5021      	SUBI R18,LOW(1)
000312 85a8      	LDD  R26,Y+8
000313 85b9      	LDD  R27,Y+8+1
000314 e0e1      	LDI  R30,LOW(1)
000315 e0f0      	LDI  R31,HIGH(1)
000316 17ea      	CP   R30,R26
000317 07fb      	CPC  R31,R27
000318 f408      	BRSH _0x110
000319 cfb7      	RJMP _0x10F
          _0x110:
          _0x10D:
00031a ff10      	SBRS R17,0
00031b c006      	RJMP _0x121
          _0x122:
00031c 3040      	CPI  R20,0
00031d f021      	BREQ _0x124
00031e 5041      	SUBI R20,LOW(1)
00031f e2e0      	LDI  R30,LOW(32)
000320 d041      	RCALL SUBOPT_0x7
000321 cffa      	RJMP _0x122
          _0x124:
          _0x121:
          _0x125:
          _0xE7:
000322 e000      	LDI  R16,LOW(0)
          _0xD2:
000323 cef1      	RJMP _0xCD
          _0xCF:
000324 d0b8      	RCALL __LOADLOCR6
000325 9662      	ADIW R28,18
000326 9508      	RET
          _printf:
000327 2ef8      	MOV  R15,R24
000328 9724      	SBIW R28,4
000329 01de      	MOVW R26,R28
00032a d085      	RCALL __ADDW2R15
00032b 83aa      	STD  Y+2,R26
00032c 83bb      	STD  Y+2+1,R27
00032d 27ee      	CLR  R30
00032e 83e8      	STD  Y+0,R30
00032f 83e9      	STD  Y+0+1,R30
000330 01de      	MOVW R26,R28
000331 9614      	ADIW R26,4
000332 d07d      	RCALL __ADDW2R15
000333 d091      	RCALL __GETW1P
000334 93fa      	ST   -Y,R31
000335 93ea      	ST   -Y,R30
000336 81ec      	LDD  R30,Y+4
000337 81fd      	LDD  R31,Y+4+1
000338 93fa      	ST   -Y,R31
000339 93ea      	ST   -Y,R30
00033a 01fe      	MOVW R30,R28
00033b 9634      	ADIW R30,4
00033c 93fa      	ST   -Y,R31
00033d 93ea      	ST   -Y,R30
00033e ded3      	RCALL __print_G3
00033f 9624      	ADIW R28,4
000340 9508      	RET
         
         ;OPTIMIZER ADDED SUBROUTINE, CALLED 2 TIMES
          SUBOPT_0x0:
000341 efe0      	LDI  R30,LOW(240)
000342 bfe2      	OUT  0x32,R30
000343 9508      	RET
         
         ;OPTIMIZER ADDED SUBROUTINE, CALLED 2 TIMES
          SUBOPT_0x1:
000344 d078      	RCALL __MULW12U
000345 d072      	RCALL __LSRW2
000346 2fef      	MOV  R30,R31
000347 27ff      	CLR  R31
000348 2ebe      	MOV  R11,R30
000349 9468      	SET
00034a 9508      	RET
         
         ;OPTIMIZER ADDED SUBROUTINE, CALLED 7 TIMES
          SUBOPT_0x2:
00034b 93fa      	ST   -Y,R31
00034c 93ea      	ST   -Y,R30
00034d c029      	RJMP _abs
         
         ;OPTIMIZER ADDED SUBROUTINE, CALLED 2 TIMES
          SUBOPT_0x3:
00034e 27ee      	CLR  R30
00034f b9e7      	OUT  0x7,R30
000350 9508      	RET
         
         ;OPTIMIZER ADDED SUBROUTINE, CALLED 2 TIMES
          SUBOPT_0x4:
000351 81a8      	LD   R26,Y
000352 81b9      	LDD  R27,Y+1
000353 d071      	RCALL __GETW1P
000354 9508      	RET
         
         ;OPTIMIZER ADDED SUBROUTINE, CALLED 4 TIMES
          SUBOPT_0x5:
000355 933a      	ST   -Y,R19
000356 85ed      	LDD  R30,Y+13
000357 85fe      	LDD  R31,Y+13+1
000358 93fa      	ST   -Y,R31
000359 93ea      	ST   -Y,R30
00035a cea7      	RJMP __put_G3
         
         ;OPTIMIZER ADDED SUBROUTINE, CALLED 5 TIMES
          SUBOPT_0x6:
00035b 85ae      	LDD  R26,Y+14
00035c 85bf      	LDD  R27,Y+14+1
00035d 9714      	SBIW R26,4
00035e 87ae      	STD  Y+14,R26
00035f 87bf      	STD  Y+14+1,R27
000360 9614      	ADIW R26,4
000361 9508      	RET
         
         ;OPTIMIZER ADDED SUBROUTINE, CALLED 2 TIMES
          SUBOPT_0x7:
000362 93ea      	ST   -Y,R30
000363 85ed      	LDD  R30,Y+13
000364 85fe      	LDD  R31,Y+13+1
000365 93fa      	ST   -Y,R31
000366 93ea      	ST   -Y,R30
000367 ce9a      	RJMP __put_G3
         
         ;OPTIMIZER ADDED SUBROUTINE, CALLED 2 TIMES
          SUBOPT_0x8:
000368 d060      	RCALL __GETD1P
000369 83ee      	STD  Y+6,R30
00036a 83ff      	STD  Y+6+1,R31
00036b 93fa      	ST   -Y,R31
00036c 93ea      	ST   -Y,R30
00036d 9508      	RET
         
         ;OPTIMIZER ADDED SUBROUTINE, CALLED 2 TIMES
          SUBOPT_0x9:
00036e d056      	RCALL __GETW1P
00036f 87ea      	STD  Y+10,R30
000370 87fb      	STD  Y+10+1,R31
000371 9508      	RET
         
         ;OPTIMIZER ADDED SUBROUTINE, CALLED 2 TIMES
          SUBOPT_0xA:
000372 85ed      	LDD  R30,Y+13
000373 85fe      	LDD  R31,Y+13+1
000374 93fa      	ST   -Y,R31
000375 93ea      	ST   -Y,R30
000376 ce8b      	RJMP __put_G3
         
          _abs:
000377 91e9      	ld   r30,y+
000378 91f9      	ld   r31,y+
000379 9730      	sbiw r30,0
00037a f41a      	brpl __abs0
00037b 95e0      	com  r30
00037c 95f0      	com  r31
00037d 9631      	adiw r30,1
          __abs0:
00037e 9508      	ret
         
          _strlen:
00037f 91a9      	ld   r26,y+
000380 91b9      	ld   r27,y+
000381 27ee      	clr  r30
000382 27ff      	clr  r31
          __strlen0:
000383 916d      	ld   r22,x+
000384 2366      	tst  r22
000385 f011      	breq __strlen1
000386 9631      	adiw r30,1
000387 cffb      	rjmp __strlen0
          __strlen1:
000388 9508      	ret
         
          _strlenf:
000389 27aa      	clr  r26
00038a 27bb      	clr  r27
00038b 91e9      	ld   r30,y+
00038c 91f9      	ld   r31,y+
          __strlenf0:
00038d 9005      	lpm  r0,z+
00038e 2000      	tst  r0
00038f f011      	breq __strlenf1
000390 9611      	adiw r26,1
000391 cffb      	rjmp __strlenf0
          __strlenf1:
000392 01fd      	movw r30,r26
000393 9508      	ret
         
          __SAVEISR:
000394 920a      	ST   -Y,R0
000395 921a      	ST   -Y,R1
000396 92fa      	ST   -Y,R15
000397 936a      	ST   -Y,R22
000398 937a      	ST   -Y,R23
000399 938a      	ST   -Y,R24
00039a 939a      	ST   -Y,R25
00039b 93aa      	ST   -Y,R26
00039c 93ba      	ST   -Y,R27
00039d 93ea      	ST   -Y,R30
00039e 93fa      	ST   -Y,R31
00039f b60f      	IN   R0,SREG
0003a0 920a      	ST   -Y,R0
0003a1 9508      	RET
         
          __LOADISR:
0003a2 9009      	LD   R0,Y+
0003a3 be0f      	OUT  SREG,R0
0003a4 91f9      	LD   R31,Y+
0003a5 91e9      	LD   R30,Y+
0003a6 91b9      	LD   R27,Y+
0003a7 91a9      	LD   R26,Y+
0003a8 9199      	LD   R25,Y+
0003a9 9189      	LD   R24,Y+
0003aa 9179      	LD   R23,Y+
0003ab 9169      	LD   R22,Y+
0003ac 90f9      	LD   R15,Y+
0003ad 9019      	LD   R1,Y+
0003ae 9009      	LD   R0,Y+
0003af 9508      	RET
         
          __ADDW2R15:
0003b0 2400      	CLR  R0
0003b1 0daf      	ADD  R26,R15
0003b2 1db0      	ADC  R27,R0
0003b3 9508      	RET
         
          __ANEGW1:
0003b4 95e0      	COM  R30
0003b5 95f0      	COM  R31
0003b6 9631      	ADIW R30,1
0003b7 9508      	RET
         
          __LSRW2:
0003b8 95f6      	LSR  R31
0003b9 95e7      	ROR  R30
0003ba 95f6      	LSR  R31
0003bb 95e7      	ROR  R30
0003bc 9508      	RET
         
          __MULW12U:
0003bd 9ffa      	MUL  R31,R26
0003be 2df0      	MOV  R31,R0
0003bf 9feb      	MUL  R30,R27
0003c0 0df0      	ADD  R31,R0
0003c1 9fea      	MUL  R30,R26
0003c2 2de0      	MOV  R30,R0
0003c3 0df1      	ADD  R31,R1
0003c4 9508      	RET
         
          __GETW1P:
0003c5 91ed      	LD   R30,X+
0003c6 91fc      	LD   R31,X
0003c7 9711      	SBIW R26,1
0003c8 9508      	RET
         
          __GETD1P:
0003c9 91ed      	LD   R30,X+
0003ca 91fd      	LD   R31,X+
0003cb 916d      	LD   R22,X+
0003cc 917c      	LD   R23,X
0003cd 9713      	SBIW R26,3
0003ce 9508      	RET
         
          __PUTWP1:
0003cf 93ed      	ST   X+,R30
0003d0 93fc      	ST   X,R31
0003d1 9508      	RET
         
          __GETW1PF:
0003d2 9005      	LPM  R0,Z+
0003d3 91f4      	LPM  R31,Z
0003d4 2de0      	MOV  R30,R0
0003d5 9508      	RET
         
          __SAVELOCR6:
0003d6 935a      	ST   -Y,R21
          __SAVELOCR5:
0003d7 934a      	ST   -Y,R20
          __SAVELOCR4:
0003d8 933a      	ST   -Y,R19
          __SAVELOCR3:
0003d9 932a      	ST   -Y,R18
          __SAVELOCR2:
0003da 931a      	ST   -Y,R17
0003db 930a      	ST   -Y,R16
0003dc 9508      	RET
         
          __LOADLOCR6:
0003dd 815d      	LDD  R21,Y+5
          __LOADLOCR5:
0003de 814c      	LDD  R20,Y+4
          __LOADLOCR4:
0003df 813b      	LDD  R19,Y+3
          __LOADLOCR3:
0003e0 812a      	LDD  R18,Y+2
          __LOADLOCR2:
0003e1 8119      	LDD  R17,Y+1
0003e2 8108      	LD   R16,Y
0003e3 9508      	RET
         
          __LOADLOCR2P:
0003e4 9109      	LD   R16,Y+
0003e5 9119      	LD   R17,Y+
0003e6 9508      	RET
         

Assembly complete with no errors.
