<html>
<body>
<pre>
<h1>礦ision Build Log</h1>
<h2>Project:</h2>
J:\华南理工毕老师STM32教材对应Proteus仿真工程\BookCode_Proteus - 副本\ucosII\ucosii_mutex\ucosii_mutex.uvproj
Project File Date:  09/15/2018

<h2>Output:</h2>
Build target 'Target 1'
linking...
Program Size: Code=18074 RO-data=594 RW-data=112 ZI-data=4960  
FromELF: creating hex file...
".\output\template.axf" - 0 Errors, 0 Warning(s).
Build target 'Target 1'
compiling system_stm32f10x.c...
linking...
Program Size: Code=18022 RO-data=594 RW-data=112 ZI-data=4960  
FromELF: creating hex file...
".\output\template.axf" - 0 Errors, 0 Warning(s).
Build target 'Target 1'
compiling usart.c...
linking...
Program Size: Code=18022 RO-data=594 RW-data=112 ZI-data=4960  
FromELF: creating hex file...
".\output\template.axf" - 0 Errors, 0 Warning(s).
Build target 'Target 1'
compiling main.c...
linking...
Program Size: Code=18002 RO-data=594 RW-data=112 ZI-data=4960  
FromELF: creating hex file...
".\output\template.axf" - 0 Errors, 0 Warning(s).
Build target 'Target 1'
compiling main.c...
linking...
Program Size: Code=18026 RO-data=594 RW-data=112 ZI-data=4960  
FromELF: creating hex file...
".\output\template.axf" - 0 Errors, 0 Warning(s).
Build target 'Target 1'
compiling main.c...
linking...
Program Size: Code=18026 RO-data=594 RW-data=112 ZI-data=4960  
FromELF: creating hex file...
".\output\template.axf" - 0 Errors, 0 Warning(s).
Build target 'Target 1'
compiling main.c...
linking...
Program Size: Code=18030 RO-data=594 RW-data=112 ZI-data=4960  
FromELF: creating hex file...
".\output\template.axf" - 0 Errors, 0 Warning(s).
Build target 'Target 1'
compiling main.c...
linking...
Program Size: Code=18030 RO-data=594 RW-data=112 ZI-data=4960  
FromELF: creating hex file...
".\output\template.axf" - 0 Errors, 0 Warning(s).
