Component: ARM Compiler 5.06 update 6 (build 750) Tool: armlink [4d35ed]

==============================================================================

Section Cross References

    startup_stm32f103xb.o(RESET) refers to startup_stm32f103xb.o(STACK) for __initial_sp
    startup_stm32f103xb.o(RESET) refers to startup_stm32f103xb.o(.text) for Reset_Handler
    startup_stm32f103xb.o(RESET) refers to stm32f1xx_it.o(i.NMI_Handler) for NMI_Handler
    startup_stm32f103xb.o(RESET) refers to stm32f1xx_it.o(i.HardFault_Handler) for HardFault_Handler
    startup_stm32f103xb.o(RESET) refers to stm32f1xx_it.o(i.MemManage_Handler) for MemManage_Handler
    startup_stm32f103xb.o(RESET) refers to stm32f1xx_it.o(i.BusFault_Handler) for BusFault_Handler
    startup_stm32f103xb.o(RESET) refers to stm32f1xx_it.o(i.UsageFault_Handler) for UsageFault_Handler
    startup_stm32f103xb.o(RESET) refers to stm32f1xx_it.o(i.SVC_Handler) for SVC_Handler
    startup_stm32f103xb.o(RESET) refers to stm32f1xx_it.o(i.DebugMon_Handler) for DebugMon_Handler
    startup_stm32f103xb.o(RESET) refers to stm32f1xx_it.o(i.PendSV_Handler) for PendSV_Handler
    startup_stm32f103xb.o(RESET) refers to stm32f1xx_it.o(i.SysTick_Handler) for SysTick_Handler
    startup_stm32f103xb.o(.text) refers to system_stm32f1xx.o(i.SystemInit) for SystemInit
    startup_stm32f103xb.o(.text) refers to entry.o(.ARM.Collect$$$$00000000) for __main
    main.o(i.LkdGuiDemo) refers to oled.o(i.OLED_Init) for OLED_Init
    main.o(i.LkdGuiDemo) refers to userfontport.o(i.defaultFontInit) for defaultFontInit
    main.o(i.LkdGuiDemo) refers to lkdguicontrol.o(i.GuiButton) for GuiButton
    main.o(i.LkdGuiDemo) refers to lcddriverport.o(i.GuiUpdateDisplayAll) for GuiUpdateDisplayAll
    main.o(i.LkdGuiDemo) refers to stm32f1xx_hal.o(i.HAL_Delay) for HAL_Delay
    main.o(i.LkdGuiDemo) refers to lkdguibasic.o(i.GuiFillRect) for GuiFillRect
    main.o(i.LkdGuiDemo) refers to lkdguiwin.o(i.GuiWinDisplay) for GuiWinDisplay
    main.o(i.SystemClock_Config) refers to memseta.o(.text) for __aeabi_memclr4
    main.o(i.SystemClock_Config) refers to stm32f1xx_hal_rcc.o(i.HAL_RCC_OscConfig) for HAL_RCC_OscConfig
    main.o(i.SystemClock_Config) refers to stm32f1xx_hal_rcc.o(i.HAL_RCC_ClockConfig) for HAL_RCC_ClockConfig
    main.o(i.main) refers to stm32f1xx_hal.o(i.HAL_Init) for HAL_Init
    main.o(i.main) refers to main.o(i.SystemClock_Config) for SystemClock_Config
    main.o(i.main) refers to gpio.o(i.MX_GPIO_Init) for MX_GPIO_Init
    main.o(i.main) refers to main.o(i.LkdGuiDemo) for LkdGuiDemo
    gpio.o(i.MX_GPIO_Init) refers to stm32f1xx_hal_gpio.o(i.HAL_GPIO_WritePin) for HAL_GPIO_WritePin
    gpio.o(i.MX_GPIO_Init) refers to stm32f1xx_hal_gpio.o(i.HAL_GPIO_Init) for HAL_GPIO_Init
    stm32f1xx_it.o(i.SysTick_Handler) refers to stm32f1xx_hal.o(i.HAL_IncTick) for HAL_IncTick
    stm32f1xx_hal.o(i.HAL_DeInit) refers to stm32f1xx_hal.o(i.HAL_MspDeInit) for HAL_MspDeInit
    stm32f1xx_hal.o(i.HAL_Delay) refers to stm32f1xx_hal.o(i.HAL_GetTick) for HAL_GetTick
    stm32f1xx_hal.o(i.HAL_Delay) refers to stm32f1xx_hal.o(.data) for .data
    stm32f1xx_hal.o(i.HAL_GetTick) refers to stm32f1xx_hal.o(.data) for .data
    stm32f1xx_hal.o(i.HAL_GetTickFreq) refers to stm32f1xx_hal.o(.data) for .data
    stm32f1xx_hal.o(i.HAL_GetTickPrio) refers to stm32f1xx_hal.o(.data) for .data
    stm32f1xx_hal.o(i.HAL_IncTick) refers to stm32f1xx_hal.o(.data) for .data
    stm32f1xx_hal.o(i.HAL_Init) refers to stm32f1xx_hal_cortex.o(i.HAL_NVIC_SetPriorityGrouping) for HAL_NVIC_SetPriorityGrouping
    stm32f1xx_hal.o(i.HAL_Init) refers to stm32f1xx_hal.o(i.HAL_InitTick) for HAL_InitTick
    stm32f1xx_hal.o(i.HAL_Init) refers to stm32f1xx_hal_msp.o(i.HAL_MspInit) for HAL_MspInit
    stm32f1xx_hal.o(i.HAL_InitTick) refers to stm32f1xx_hal_cortex.o(i.HAL_SYSTICK_Config) for HAL_SYSTICK_Config
    stm32f1xx_hal.o(i.HAL_InitTick) refers to stm32f1xx_hal_cortex.o(i.HAL_NVIC_SetPriority) for HAL_NVIC_SetPriority
    stm32f1xx_hal.o(i.HAL_InitTick) refers to stm32f1xx_hal.o(.data) for .data
    stm32f1xx_hal.o(i.HAL_InitTick) refers to system_stm32f1xx.o(.data) for SystemCoreClock
    stm32f1xx_hal.o(i.HAL_SetTickFreq) refers to stm32f1xx_hal.o(i.HAL_InitTick) for HAL_InitTick
    stm32f1xx_hal.o(i.HAL_SetTickFreq) refers to stm32f1xx_hal.o(.data) for .data
    stm32f1xx_hal_rcc.o(i.HAL_RCC_ClockConfig) refers to stm32f1xx_hal.o(i.HAL_GetTick) for HAL_GetTick
    stm32f1xx_hal_rcc.o(i.HAL_RCC_ClockConfig) refers to stm32f1xx_hal_rcc.o(i.HAL_RCC_GetSysClockFreq) for HAL_RCC_GetSysClockFreq
    stm32f1xx_hal_rcc.o(i.HAL_RCC_ClockConfig) refers to stm32f1xx_hal.o(i.HAL_InitTick) for HAL_InitTick
    stm32f1xx_hal_rcc.o(i.HAL_RCC_ClockConfig) refers to system_stm32f1xx.o(.constdata) for AHBPrescTable
    stm32f1xx_hal_rcc.o(i.HAL_RCC_ClockConfig) refers to system_stm32f1xx.o(.data) for SystemCoreClock
    stm32f1xx_hal_rcc.o(i.HAL_RCC_ClockConfig) refers to stm32f1xx_hal.o(.data) for uwTickPrio
    stm32f1xx_hal_rcc.o(i.HAL_RCC_DeInit) refers to stm32f1xx_hal.o(i.HAL_GetTick) for HAL_GetTick
    stm32f1xx_hal_rcc.o(i.HAL_RCC_DeInit) refers to stm32f1xx_hal.o(i.HAL_InitTick) for HAL_InitTick
    stm32f1xx_hal_rcc.o(i.HAL_RCC_DeInit) refers to system_stm32f1xx.o(.data) for SystemCoreClock
    stm32f1xx_hal_rcc.o(i.HAL_RCC_DeInit) refers to stm32f1xx_hal.o(.data) for uwTickPrio
    stm32f1xx_hal_rcc.o(i.HAL_RCC_GetHCLKFreq) refers to system_stm32f1xx.o(.data) for SystemCoreClock
    stm32f1xx_hal_rcc.o(i.HAL_RCC_GetPCLK1Freq) refers to system_stm32f1xx.o(.data) for SystemCoreClock
    stm32f1xx_hal_rcc.o(i.HAL_RCC_GetPCLK1Freq) refers to system_stm32f1xx.o(.constdata) for APBPrescTable
    stm32f1xx_hal_rcc.o(i.HAL_RCC_GetPCLK2Freq) refers to system_stm32f1xx.o(.data) for SystemCoreClock
    stm32f1xx_hal_rcc.o(i.HAL_RCC_GetPCLK2Freq) refers to system_stm32f1xx.o(.constdata) for APBPrescTable
    stm32f1xx_hal_rcc.o(i.HAL_RCC_MCOConfig) refers to stm32f1xx_hal_gpio.o(i.HAL_GPIO_Init) for HAL_GPIO_Init
    stm32f1xx_hal_rcc.o(i.HAL_RCC_NMI_IRQHandler) refers to stm32f1xx_hal_rcc.o(i.HAL_RCC_CSSCallback) for HAL_RCC_CSSCallback
    stm32f1xx_hal_rcc.o(i.HAL_RCC_OscConfig) refers to stm32f1xx_hal.o(i.HAL_GetTick) for HAL_GetTick
    stm32f1xx_hal_rcc.o(i.HAL_RCC_OscConfig) refers to system_stm32f1xx.o(.data) for SystemCoreClock
    stm32f1xx_hal_rcc_ex.o(i.HAL_RCCEx_GetPeriphCLKFreq) refers to stm32f1xx_hal_rcc.o(i.HAL_RCC_GetPCLK2Freq) for HAL_RCC_GetPCLK2Freq
    stm32f1xx_hal_rcc_ex.o(i.HAL_RCCEx_PeriphCLKConfig) refers to stm32f1xx_hal.o(i.HAL_GetTick) for HAL_GetTick
    stm32f1xx_hal_gpio.o(i.HAL_GPIO_EXTI_IRQHandler) refers to stm32f1xx_hal_gpio.o(i.HAL_GPIO_EXTI_Callback) for HAL_GPIO_EXTI_Callback
    stm32f1xx_hal_dma.o(i.HAL_DMA_PollForTransfer) refers to stm32f1xx_hal.o(i.HAL_GetTick) for HAL_GetTick
    stm32f1xx_hal_dma.o(i.HAL_DMA_Start) refers to stm32f1xx_hal_dma.o(i.DMA_SetConfig) for DMA_SetConfig
    stm32f1xx_hal_dma.o(i.HAL_DMA_Start_IT) refers to stm32f1xx_hal_dma.o(i.DMA_SetConfig) for DMA_SetConfig
    stm32f1xx_hal_cortex.o(i.HAL_NVIC_SetPriority) refers to stm32f1xx_hal_cortex.o(i.__NVIC_SetPriority) for __NVIC_SetPriority
    stm32f1xx_hal_cortex.o(i.HAL_SYSTICK_Config) refers to stm32f1xx_hal_cortex.o(i.__NVIC_SetPriority) for __NVIC_SetPriority
    stm32f1xx_hal_cortex.o(i.HAL_SYSTICK_IRQHandler) refers to stm32f1xx_hal_cortex.o(i.HAL_SYSTICK_Callback) for HAL_SYSTICK_Callback
    stm32f1xx_hal_pwr.o(i.HAL_PWR_EnterSTOPMode) refers to stm32f1xx_hal_pwr.o(i.PWR_OverloadWfe) for PWR_OverloadWfe
    stm32f1xx_hal_pwr.o(i.HAL_PWR_PVD_IRQHandler) refers to stm32f1xx_hal_pwr.o(i.HAL_PWR_PVDCallback) for HAL_PWR_PVDCallback
    stm32f1xx_hal_flash.o(i.FLASH_Program_HalfWord) refers to stm32f1xx_hal_flash.o(.bss) for .bss
    stm32f1xx_hal_flash.o(i.FLASH_SetErrorCode) refers to stm32f1xx_hal_flash.o(.bss) for .bss
    stm32f1xx_hal_flash.o(i.FLASH_WaitForLastOperation) refers to stm32f1xx_hal.o(i.HAL_GetTick) for HAL_GetTick
    stm32f1xx_hal_flash.o(i.FLASH_WaitForLastOperation) refers to stm32f1xx_hal_flash.o(i.FLASH_SetErrorCode) for FLASH_SetErrorCode
    stm32f1xx_hal_flash.o(i.HAL_FLASH_GetError) refers to stm32f1xx_hal_flash.o(.bss) for .bss
    stm32f1xx_hal_flash.o(i.HAL_FLASH_IRQHandler) refers to stm32f1xx_hal_flash.o(i.FLASH_SetErrorCode) for FLASH_SetErrorCode
    stm32f1xx_hal_flash.o(i.HAL_FLASH_IRQHandler) refers to stm32f1xx_hal_flash.o(i.HAL_FLASH_OperationErrorCallback) for HAL_FLASH_OperationErrorCallback
    stm32f1xx_hal_flash.o(i.HAL_FLASH_IRQHandler) refers to stm32f1xx_hal_flash.o(i.FLASH_Program_HalfWord) for FLASH_Program_HalfWord
    stm32f1xx_hal_flash.o(i.HAL_FLASH_IRQHandler) refers to stm32f1xx_hal_flash.o(i.HAL_FLASH_EndOfOperationCallback) for HAL_FLASH_EndOfOperationCallback
    stm32f1xx_hal_flash.o(i.HAL_FLASH_IRQHandler) refers to stm32f1xx_hal_flash_ex.o(i.FLASH_PageErase) for FLASH_PageErase
    stm32f1xx_hal_flash.o(i.HAL_FLASH_IRQHandler) refers to stm32f1xx_hal_flash.o(.bss) for .bss
    stm32f1xx_hal_flash.o(i.HAL_FLASH_OB_Launch) refers to stm32f1xx_hal_cortex.o(i.HAL_NVIC_SystemReset) for HAL_NVIC_SystemReset
    stm32f1xx_hal_flash.o(i.HAL_FLASH_Program) refers to stm32f1xx_hal_flash.o(i.FLASH_WaitForLastOperation) for FLASH_WaitForLastOperation
    stm32f1xx_hal_flash.o(i.HAL_FLASH_Program) refers to llushr.o(.text) for __aeabi_llsr
    stm32f1xx_hal_flash.o(i.HAL_FLASH_Program) refers to stm32f1xx_hal_flash.o(i.FLASH_Program_HalfWord) for FLASH_Program_HalfWord
    stm32f1xx_hal_flash.o(i.HAL_FLASH_Program) refers to stm32f1xx_hal_flash.o(.bss) for .bss
    stm32f1xx_hal_flash.o(i.HAL_FLASH_Program_IT) refers to stm32f1xx_hal_flash.o(i.FLASH_Program_HalfWord) for FLASH_Program_HalfWord
    stm32f1xx_hal_flash.o(i.HAL_FLASH_Program_IT) refers to stm32f1xx_hal_flash.o(.bss) for .bss
    stm32f1xx_hal_flash_ex.o(i.FLASH_MassErase) refers to stm32f1xx_hal_flash.o(.bss) for pFlash
    stm32f1xx_hal_flash_ex.o(i.FLASH_OB_DisableWRP) refers to stm32f1xx_hal_flash.o(i.FLASH_WaitForLastOperation) for FLASH_WaitForLastOperation
    stm32f1xx_hal_flash_ex.o(i.FLASH_OB_DisableWRP) refers to stm32f1xx_hal_flash_ex.o(i.HAL_FLASHEx_OBErase) for HAL_FLASHEx_OBErase
    stm32f1xx_hal_flash_ex.o(i.FLASH_OB_DisableWRP) refers to stm32f1xx_hal_flash.o(.bss) for pFlash
    stm32f1xx_hal_flash_ex.o(i.FLASH_OB_EnableWRP) refers to stm32f1xx_hal_flash.o(i.FLASH_WaitForLastOperation) for FLASH_WaitForLastOperation
    stm32f1xx_hal_flash_ex.o(i.FLASH_OB_EnableWRP) refers to stm32f1xx_hal_flash_ex.o(i.HAL_FLASHEx_OBErase) for HAL_FLASHEx_OBErase
    stm32f1xx_hal_flash_ex.o(i.FLASH_OB_EnableWRP) refers to stm32f1xx_hal_flash.o(.bss) for pFlash
    stm32f1xx_hal_flash_ex.o(i.FLASH_OB_RDP_LevelConfig) refers to stm32f1xx_hal_flash.o(i.FLASH_WaitForLastOperation) for FLASH_WaitForLastOperation
    stm32f1xx_hal_flash_ex.o(i.FLASH_OB_RDP_LevelConfig) refers to stm32f1xx_hal_flash.o(.bss) for pFlash
    stm32f1xx_hal_flash_ex.o(i.FLASH_PageErase) refers to stm32f1xx_hal_flash.o(.bss) for pFlash
    stm32f1xx_hal_flash_ex.o(i.HAL_FLASHEx_Erase) refers to stm32f1xx_hal_flash.o(i.FLASH_WaitForLastOperation) for FLASH_WaitForLastOperation
    stm32f1xx_hal_flash_ex.o(i.HAL_FLASHEx_Erase) refers to stm32f1xx_hal_flash_ex.o(i.FLASH_MassErase) for FLASH_MassErase
    stm32f1xx_hal_flash_ex.o(i.HAL_FLASHEx_Erase) refers to stm32f1xx_hal_flash_ex.o(i.FLASH_PageErase) for FLASH_PageErase
    stm32f1xx_hal_flash_ex.o(i.HAL_FLASHEx_Erase) refers to stm32f1xx_hal_flash.o(.bss) for pFlash
    stm32f1xx_hal_flash_ex.o(i.HAL_FLASHEx_Erase_IT) refers to stm32f1xx_hal_flash_ex.o(i.FLASH_PageErase) for FLASH_PageErase
    stm32f1xx_hal_flash_ex.o(i.HAL_FLASHEx_Erase_IT) refers to stm32f1xx_hal_flash_ex.o(i.FLASH_MassErase) for FLASH_MassErase
    stm32f1xx_hal_flash_ex.o(i.HAL_FLASHEx_Erase_IT) refers to stm32f1xx_hal_flash.o(.bss) for pFlash
    stm32f1xx_hal_flash_ex.o(i.HAL_FLASHEx_OBErase) refers to stm32f1xx_hal_flash_ex.o(i.FLASH_OB_GetRDP) for FLASH_OB_GetRDP
    stm32f1xx_hal_flash_ex.o(i.HAL_FLASHEx_OBErase) refers to stm32f1xx_hal_flash.o(i.FLASH_WaitForLastOperation) for FLASH_WaitForLastOperation
    stm32f1xx_hal_flash_ex.o(i.HAL_FLASHEx_OBErase) refers to stm32f1xx_hal_flash_ex.o(i.FLASH_OB_RDP_LevelConfig) for FLASH_OB_RDP_LevelConfig
    stm32f1xx_hal_flash_ex.o(i.HAL_FLASHEx_OBErase) refers to stm32f1xx_hal_flash.o(.bss) for pFlash
    stm32f1xx_hal_flash_ex.o(i.HAL_FLASHEx_OBGetConfig) refers to stm32f1xx_hal_flash_ex.o(i.FLASH_OB_GetRDP) for FLASH_OB_GetRDP
    stm32f1xx_hal_flash_ex.o(i.HAL_FLASHEx_OBProgram) refers to stm32f1xx_hal_flash_ex.o(i.FLASH_OB_DisableWRP) for FLASH_OB_DisableWRP
    stm32f1xx_hal_flash_ex.o(i.HAL_FLASHEx_OBProgram) refers to stm32f1xx_hal_flash_ex.o(i.FLASH_OB_EnableWRP) for FLASH_OB_EnableWRP
    stm32f1xx_hal_flash_ex.o(i.HAL_FLASHEx_OBProgram) refers to stm32f1xx_hal_flash_ex.o(i.FLASH_OB_RDP_LevelConfig) for FLASH_OB_RDP_LevelConfig
    stm32f1xx_hal_flash_ex.o(i.HAL_FLASHEx_OBProgram) refers to stm32f1xx_hal_flash.o(i.FLASH_WaitForLastOperation) for FLASH_WaitForLastOperation
    stm32f1xx_hal_flash_ex.o(i.HAL_FLASHEx_OBProgram) refers to stm32f1xx_hal_flash.o(.bss) for pFlash
    system_stm32f1xx.o(i.SystemCoreClockUpdate) refers to system_stm32f1xx.o(.data) for .data
    system_stm32f1xx.o(i.SystemCoreClockUpdate) refers to system_stm32f1xx.o(.constdata) for .constdata
    oled.o(i.I2C_Start) refers to stm32f1xx_hal_gpio.o(i.HAL_GPIO_WritePin) for HAL_GPIO_WritePin
    oled.o(i.I2C_Stop) refers to stm32f1xx_hal_gpio.o(i.HAL_GPIO_WritePin) for HAL_GPIO_WritePin
    oled.o(i.I2C_WaitAck) refers to stm32f1xx_hal_gpio.o(i.HAL_GPIO_WritePin) for HAL_GPIO_WritePin
    oled.o(i.OLED_Clear) refers to oled.o(i.OLED_Refresh) for OLED_Refresh
    oled.o(i.OLED_Clear) refers to oled.o(.bss) for .bss
    oled.o(i.OLED_ClearPoint) refers to oled.o(.bss) for .bss
    oled.o(i.OLED_ColorTurn) refers to oled.o(i.OLED_WR_Byte) for OLED_WR_Byte
    oled.o(i.OLED_DisPlay_Off) refers to oled.o(i.OLED_WR_Byte) for OLED_WR_Byte
    oled.o(i.OLED_DisPlay_On) refers to oled.o(i.OLED_WR_Byte) for OLED_WR_Byte
    oled.o(i.OLED_DisplayTurn) refers to oled.o(i.OLED_WR_Byte) for OLED_WR_Byte
    oled.o(i.OLED_DrawCircle) refers to oled.o(i.OLED_DrawPoint) for OLED_DrawPoint
    oled.o(i.OLED_DrawLine) refers to oled.o(i.OLED_DrawPoint) for OLED_DrawPoint
    oled.o(i.OLED_DrawPoint) refers to oled.o(.bss) for .bss
    oled.o(i.OLED_Init) refers to oled.o(i.OLED_WR_Byte) for OLED_WR_Byte
    oled.o(i.OLED_Init) refers to oled.o(i.OLED_Clear) for OLED_Clear
    oled.o(i.OLED_Refresh) refers to oled.o(i.OLED_WR_Byte) for OLED_WR_Byte
    oled.o(i.OLED_Refresh) refers to oled.o(.bss) for .bss
    oled.o(i.OLED_ScrollDisplay) refers to oled.o(i.OLED_ShowChinese) for OLED_ShowChinese
    oled.o(i.OLED_ScrollDisplay) refers to oled.o(i.OLED_Refresh) for OLED_Refresh
    oled.o(i.OLED_ScrollDisplay) refers to oled.o(.bss) for .bss
    oled.o(i.OLED_ShowChar) refers to oled.o(i.OLED_DrawPoint) for OLED_DrawPoint
    oled.o(i.OLED_ShowChar) refers to oled.o(i.OLED_ClearPoint) for OLED_ClearPoint
    oled.o(i.OLED_ShowChar) refers to oled.o(.constdata) for .constdata
    oled.o(i.OLED_ShowChinese) refers to oled.o(i.OLED_DrawPoint) for OLED_DrawPoint
    oled.o(i.OLED_ShowChinese) refers to oled.o(i.OLED_ClearPoint) for OLED_ClearPoint
    oled.o(i.OLED_ShowChinese) refers to oled.o(.data) for .data
    oled.o(i.OLED_ShowNum) refers to oled.o(i.OLED_Pow) for OLED_Pow
    oled.o(i.OLED_ShowNum) refers to oled.o(i.OLED_ShowChar) for OLED_ShowChar
    oled.o(i.OLED_ShowPicture) refers to oled.o(i.OLED_WR_BP) for OLED_WR_BP
    oled.o(i.OLED_ShowPicture) refers to oled.o(i.OLED_WR_Byte) for OLED_WR_Byte
    oled.o(i.OLED_ShowString) refers to oled.o(i.OLED_ShowChar) for OLED_ShowChar
    oled.o(i.OLED_WR_BP) refers to oled.o(i.OLED_WR_Byte) for OLED_WR_Byte
    oled.o(i.OLED_WR_Byte) refers to oled.o(i.I2C_Start) for I2C_Start
    oled.o(i.OLED_WR_Byte) refers to oled.o(i.Send_Byte) for Send_Byte
    oled.o(i.OLED_WR_Byte) refers to oled.o(i.I2C_WaitAck) for I2C_WaitAck
    oled.o(i.OLED_WR_Byte) refers to oled.o(i.I2C_Stop) for I2C_Stop
    oled.o(i.Send_Byte) refers to stm32f1xx_hal_gpio.o(i.HAL_GPIO_WritePin) for HAL_GPIO_WritePin
    lkdguibasic.o(i.GuiAreaBitMap) refers to lcddriverport.o(i.GuiDrawPoint) for GuiDrawPoint
    lkdguibasic.o(i.GuiAreaBitMap) refers to lkdguibasic.o(.constdata) for .constdata
    lkdguibasic.o(i.GuiAreaBitMapNumber) refers to lkdguibasic.o(i.GuiAreaBitMap) for GuiAreaBitMap
    lkdguibasic.o(i.GuiBiasLine) refers to lkdguibasic.o(i.GuiRPointLine) for GuiRPointLine
    lkdguibasic.o(i.GuiBiasLine) refers to lkdguibasic.o(i.GuiHPointLine) for GuiHPointLine
    lkdguibasic.o(i.GuiBiasLine) refers to fflti.o(.text) for __aeabi_i2f
    lkdguibasic.o(i.GuiBiasLine) refers to fdiv.o(.text) for __aeabi_fdiv
    lkdguibasic.o(i.GuiBiasLine) refers to ffixi.o(.text) for __aeabi_f2iz
    lkdguibasic.o(i.GuiBiasLine) refers to lcddriverport.o(i.GuiDrawPoint) for GuiDrawPoint
    lkdguibasic.o(i.GuiBiasLine) refers to fadd.o(.text) for __aeabi_fadd
    lkdguibasic.o(i.GuiBiasLine) refers to cfcmple.o(.text) for __aeabi_cfcmple
    lkdguibasic.o(i.GuiBiasLine) refers to cfrcmple.o(.text) for __aeabi_cfrcmple
    lkdguibasic.o(i.GuiBitMap) refers to lcddriverport.o(i.GuiDrawPoint) for GuiDrawPoint
    lkdguibasic.o(i.GuiBitMap) refers to lkdguibasic.o(.constdata) for .constdata
    lkdguibasic.o(i.GuiFillRect) refers to lkdguibasic.o(i.GuiHPointLine) for GuiHPointLine
    lkdguibasic.o(i.GuiHLine) refers to lkdguibasic.o(i.GuiHPointLine) for GuiHPointLine
    lkdguibasic.o(i.GuiHPointLine) refers to lcddriverport.o(i.GuiDrawPoint) for GuiDrawPoint
    lkdguibasic.o(i.GuiPoint) refers to lcddriverport.o(i.GuiDrawPoint) for GuiDrawPoint
    lkdguibasic.o(i.GuiRLine) refers to lkdguibasic.o(i.GuiRPointLine) for GuiRPointLine
    lkdguibasic.o(i.GuiRPointLine) refers to lcddriverport.o(i.GuiDrawPoint) for GuiDrawPoint
    lkdguibasic.o(i.GuiRect) refers to lkdguibasic.o(i.GuiHPointLine) for GuiHPointLine
    lkdguibasic.o(i.GuiRect) refers to lkdguibasic.o(i.GuiRPointLine) for GuiRPointLine
    lkdguicolour.o(i.GuiExchangeColor) refers to lkdguicolour.o(.data) for .data
    lkdguicolour.o(i.GuiGetForecolor) refers to lkdguicolour.o(.data) for .data
    lkdguicolour.o(i.GuiGetbackcolor) refers to lkdguicolour.o(.data) for .data
    lkdguicolour.o(i.GuiSetForecolor) refers to lkdguicolour.o(.data) for .data
    lkdguicolour.o(i.GuiSetbackcolor) refers to lkdguicolour.o(.data) for .data
    lkdguicontrol.o(i.GuiButton) refers to lkdguifont.o(i.GetCurrentFont) for GetCurrentFont
    lkdguicontrol.o(i.GuiButton) refers to lkdguicolour.o(i.GuiGetForecolor) for GuiGetForecolor
    lkdguicontrol.o(i.GuiButton) refers to lkdguicolour.o(i.GuiGetbackcolor) for GuiGetbackcolor
    lkdguicontrol.o(i.GuiButton) refers to lkdguibasic.o(i.GuiFillRect) for GuiFillRect
    lkdguicontrol.o(i.GuiButton) refers to lkdguibasic.o(i.GuiRect) for GuiRect
    lkdguicontrol.o(i.GuiButton) refers to lkdguicolour.o(i.GuiExchangeColor) for GuiExchangeColor
    lkdguicontrol.o(i.GuiButton) refers to lkdguifont.o(i.GuiRowText) for GuiRowText
    lkdguicontrol.o(i.GuiButton) refers to lkdguibasic.o(i.GuiRLine) for GuiRLine
    lkdguicontrol.o(i.GuiButton) refers to lkdguibasic.o(i.GuiHLine) for GuiHLine
    lkdguicontrol.o(i.GuiHScroll) refers to lkdguicolour.o(i.GuiGetForecolor) for GuiGetForecolor
    lkdguicontrol.o(i.GuiHScroll) refers to lkdguicolour.o(i.GuiGetbackcolor) for GuiGetbackcolor
    lkdguicontrol.o(i.GuiHScroll) refers to lkdguibasic.o(i.GuiFillRect) for GuiFillRect
    lkdguicontrol.o(i.GuiHScroll) refers to lkdguibasic.o(i.GuiHPointLine) for GuiHPointLine
    lkdguicontrol.o(i.GuiHScroll) refers to fflti.o(.text) for __aeabi_i2f
    lkdguicontrol.o(i.GuiHScroll) refers to ffltui.o(.text) for __aeabi_ui2f
    lkdguicontrol.o(i.GuiHScroll) refers to fdiv.o(.text) for __aeabi_fdiv
    lkdguicontrol.o(i.GuiHScroll) refers to fmul.o(.text) for __aeabi_fmul
    lkdguicontrol.o(i.GuiHScroll) refers to ffixui.o(.text) for __aeabi_f2uiz
    lkdguicontrol.o(i.GuiProGress) refers to lkdguicolour.o(i.GuiGetForecolor) for GuiGetForecolor
    lkdguicontrol.o(i.GuiProGress) refers to lkdguicolour.o(i.GuiGetbackcolor) for GuiGetbackcolor
    lkdguicontrol.o(i.GuiProGress) refers to dfltui.o(.text) for __aeabi_ui2d
    lkdguicontrol.o(i.GuiProGress) refers to ddiv.o(.text) for __aeabi_ddiv
    lkdguicontrol.o(i.GuiProGress) refers to d2f.o(.text) for __aeabi_d2f
    lkdguicontrol.o(i.GuiProGress) refers to ffltui.o(.text) for __aeabi_ui2f
    lkdguicontrol.o(i.GuiProGress) refers to fmul.o(.text) for __aeabi_fmul
    lkdguicontrol.o(i.GuiProGress) refers to fflti.o(.text) for __aeabi_i2f
    lkdguicontrol.o(i.GuiProGress) refers to fadd.o(.text) for __aeabi_fadd
    lkdguicontrol.o(i.GuiProGress) refers to ffixi.o(.text) for __aeabi_f2iz
    lkdguicontrol.o(i.GuiProGress) refers to lkdguibasic.o(i.GuiFillRect) for GuiFillRect
    lkdguicontrol.o(i.GuiProGress) refers to lkdguibasic.o(i.GuiRect) for GuiRect
    lkdguicontrol.o(i.GuiVScroll) refers to lkdguicolour.o(i.GuiGetForecolor) for GuiGetForecolor
    lkdguicontrol.o(i.GuiVScroll) refers to lkdguicolour.o(i.GuiGetbackcolor) for GuiGetbackcolor
    lkdguicontrol.o(i.GuiVScroll) refers to lkdguibasic.o(i.GuiFillRect) for GuiFillRect
    lkdguicontrol.o(i.GuiVScroll) refers to lkdguibasic.o(i.GuiRPointLine) for GuiRPointLine
    lkdguicontrol.o(i.GuiVScroll) refers to fflti.o(.text) for __aeabi_i2f
    lkdguicontrol.o(i.GuiVScroll) refers to ffltui.o(.text) for __aeabi_ui2f
    lkdguicontrol.o(i.GuiVScroll) refers to fdiv.o(.text) for __aeabi_fdiv
    lkdguicontrol.o(i.GuiVScroll) refers to fmul.o(.text) for __aeabi_fmul
    lkdguicontrol.o(i.GuiVScroll) refers to ffixui.o(.text) for __aeabi_f2uiz
    lkdguifont.o(i.GetCurrentFont) refers to lkdguifont.o(.data) for .data
    lkdguifont.o(i.GetTextPixLen) refers to lkdguifont.o(.data) for .data
    lkdguifont.o(i.GuiFont12) refers to lkdguifont.o(i.GuiRowText) for GuiRowText
    lkdguifont.o(i.GuiFont12Align) refers to lkdguifont.o(i.GuiRowText) for GuiRowText
    lkdguifont.o(i.GuiFontSet) refers to lkdguifont.o(.data) for .data
    lkdguifont.o(i.GuiRowText) refers to lkdguicolour.o(i.GuiGetbackcolor) for GuiGetbackcolor
    lkdguifont.o(i.GuiRowText) refers to lkdguifont.o(i.GetTextPixLen) for GetTextPixLen
    lkdguifont.o(i.GuiRowText) refers to lkdguifont.o(i.GuiText) for GuiText
    lkdguifont.o(i.GuiRowText) refers to lkdguifont.o(.data) for .data
    lkdguifont.o(i.GuiText) refers to lkdguibasic.o(i.GuiBitMap) for GuiBitMap
    lkdguifont.o(i.GuiText) refers to lkdguifont.o(.data) for .data
    lkdguimenu.o(i.DrawAllMenu) refers to lkdguicolour.o(i.GuiGetbackcolor) for GuiGetbackcolor
    lkdguimenu.o(i.DrawAllMenu) refers to lkdguimenu.o(i.GetCheckedNodeDrawy) for GetCheckedNodeDrawy
    lkdguimenu.o(i.DrawAllMenu) refers to lkdguimenu.o(i.GetDrawNodes) for GetDrawNodes
    lkdguimenu.o(i.DrawAllMenu) refers to lkdguimenu.o(i.DrawNodes) for DrawNodes
    lkdguimenu.o(i.DrawAllMenu) refers to lkdguibasic.o(i.GuiFillRect) for GuiFillRect
    lkdguimenu.o(i.DrawAllMenu) refers to lkdguimenu.o(i.GetDrawNodesNum) for GetDrawNodesNum
    lkdguimenu.o(i.DrawMenu) refers to lkdguicolour.o(i.GuiGetbackcolor) for GuiGetbackcolor
    lkdguimenu.o(i.DrawMenu) refers to lkdguimenu.o(i.GetCheckedNodeDrawy) for GetCheckedNodeDrawy
    lkdguimenu.o(i.DrawMenu) refers to lkdguimenu.o(i.GetDrawNodes) for GetDrawNodes
    lkdguimenu.o(i.DrawMenu) refers to lkdguibasic.o(i.GuiFillRect) for GuiFillRect
    lkdguimenu.o(i.DrawMenu) refers to lkdguimenu.o(i.GetDrawNodesNum) for GetDrawNodesNum
    lkdguimenu.o(i.DrawMenu) refers to lkdguimenu.o(i.DrawNodes) for DrawNodes
    lkdguimenu.o(i.DrawNodes) refers to lkdguicolour.o(i.GuiGetForecolor) for GuiGetForecolor
    lkdguimenu.o(i.DrawNodes) refers to lkdguicolour.o(i.GuiGetbackcolor) for GuiGetbackcolor
    lkdguimenu.o(i.DrawNodes) refers to lkdguibasic.o(i.GuiFillRect) for GuiFillRect
    lkdguimenu.o(i.DrawNodes) refers to lkdguicolour.o(i.GuiExchangeColor) for GuiExchangeColor
    lkdguimenu.o(i.DrawNodes) refers to lkdguifont.o(i.GuiRowText) for GuiRowText
    lkdguimenu.o(i.DrawNodes) refers to lkdguibasic.o(i.GuiHLine) for GuiHLine
    lkdguimenu.o(i.DrawNodes) refers to lkdguibasic.o(i.GuiRLine) for GuiRLine
    lkdguimenu.o(i.GetDrawNodes) refers to lkdguimenu.o(i.GetbNodesNum) for GetbNodesNum
    lkdguimenu.o(i.GetDrawNodesNum) refers to lkdguimenu.o(i.GetbNodesNum) for GetbNodesNum
    lkdguimenu.o(i.GuiMenuCurrentNodeHide) refers to lkdguimenu.o(i.RedrawMenu) for RedrawMenu
    lkdguimenu.o(i.GuiMenuCurrentNodeHide) refers to lkdguimenu.o(i.GetbNodesNum) for GetbNodesNum
    lkdguimenu.o(i.GuiMenuCurrentNodeHide) refers to lcddriverport.o(i.GuiUpdateDisplayAll) for GuiUpdateDisplayAll
    lkdguimenu.o(i.GuiMenuCurrentNodeSonUnfold) refers to lkdguimenu.o(i.GetpNodeFromIndex) for GetpNodeFromIndex
    lkdguimenu.o(i.GuiMenuCurrentNodeSonUnfold) refers to lkdguimenu.o(i.GetbNodesNum) for GetbNodesNum
    lkdguimenu.o(i.GuiMenuCurrentNodeSonUnfold) refers to lkdguimenu.o(i.DrawMenu) for DrawMenu
    lkdguimenu.o(i.GuiMenuCurrentNodeSonUnfold) refers to lcddriverport.o(i.GuiUpdateDisplayAll) for GuiUpdateDisplayAll
    lkdguimenu.o(i.GuiMenuGetCurrentNodeID) refers to lkdguimenu.o(i.GetpNodeFromIndex) for GetpNodeFromIndex
    lkdguimenu.o(i.GuiMenuGetCurrentpNode) refers to lkdguimenu.o(i.GetpNodeFromIndex) for GetpNodeFromIndex
    lkdguimenu.o(i.GuiMenuItemDownMove) refers to lkdguimenu.o(i.DrawNodes) for DrawNodes
    lkdguimenu.o(i.GuiMenuItemDownMove) refers to lcddriverport.o(i.GuiUpdateDisplayAll) for GuiUpdateDisplayAll
    lkdguimenu.o(i.GuiMenuItemUpMove) refers to lkdguimenu.o(i.DrawNodes) for DrawNodes
    lkdguimenu.o(i.GuiMenuItemUpMove) refers to lcddriverport.o(i.GuiUpdateDisplayAll) for GuiUpdateDisplayAll
    lkdguimenu.o(i.GuiMenuRedrawMenu) refers to lkdguimenu.o(i.DrawAllMenu) for DrawAllMenu
    lkdguimenu.o(i.GuiMenuRedrawMenu) refers to lcddriverport.o(i.GuiUpdateDisplayAll) for GuiUpdateDisplayAll
    lkdguimenu.o(i.RedrawMenu) refers to lkdguicolour.o(i.GuiGetbackcolor) for GuiGetbackcolor
    lkdguimenu.o(i.RedrawMenu) refers to lkdguibasic.o(i.GuiFillRect) for GuiFillRect
    lkdguimenu.o(i.RedrawMenu) refers to lkdguimenu.o(i.GetDrawNodesNum) for GetDrawNodesNum
    lkdguimenu.o(i.RedrawMenu) refers to lkdguimenu.o(i.DrawNodes) for DrawNodes
    lkdguiwin.o(i.GuiGetTopWin) refers to lkdguiwin.o(.bss) for .bss
    lkdguiwin.o(i.GuiWinAdd) refers to lkdguiwin.o(i.GuiWinDraw) for GuiWinDraw
    lkdguiwin.o(i.GuiWinAdd) refers to lkdguiwin.o(.bss) for .bss
    lkdguiwin.o(i.GuiWinDeleteTop) refers to lkdguiwin.o(i.GuiWinDraw) for GuiWinDraw
    lkdguiwin.o(i.GuiWinDeleteTop) refers to lkdguiwin.o(.bss) for .bss
    lkdguiwin.o(i.GuiWinDisplay) refers to lkdguiwin.o(.bss) for .bss
    lkdguiwin.o(i.GuiWinDraw) refers to lkdguicolour.o(i.GuiGetForecolor) for GuiGetForecolor
    lkdguiwin.o(i.GuiWinDraw) refers to lkdguicolour.o(i.GuiGetbackcolor) for GuiGetbackcolor
    lkdguiwin.o(i.GuiWinDraw) refers to lkdguibasic.o(i.GuiFillRect) for GuiFillRect
    lkdguiwin.o(i.GuiWinDraw) refers to lkdguibasic.o(i.GuiRect) for GuiRect
    lkdguiwin.o(i.GuiWinDraw) refers to lkdguibasic.o(i.GuiHLine) for GuiHLine
    lkdguiwin.o(i.GuiWinDraw) refers to lkdguifont.o(i.GuiRowText) for GuiRowText
    lkdguiwin.o(i.GuiWinDraw) refers to lcddriverport.o(i.GuiUpdateDisplayAll) for GuiUpdateDisplayAll
    lkdguiwin.o(i.GuiWinInit) refers to lkdguiwin.o(.bss) for .bss
    lcddriverport.o(i.GuiDrawPoint) refers to oled.o(i.OLED_DrawPoint) for OLED_DrawPoint
    lcddriverport.o(i.GuiDrawPoint) refers to oled.o(i.OLED_ClearPoint) for OLED_ClearPoint
    lcddriverport.o(i.GuiUpdateDisplayAll) refers to oled.o(i.OLED_Refresh) for OLED_Refresh
    ascii_6_12.o(i.GetFontASCII_6_12) refers to ascii_6_12.o(.constdata) for .constdata
    gb2312_12_12.o(i.GetFontGb2312_12_12) refers to gb2312_12_12.o(.constdata) for .constdata
    userfontport.o(i.GetSfontData) refers to ascii_6_12.o(i.GetFontASCII_6_12) for GetFontASCII_6_12
    userfontport.o(i.defaultFontInit) refers to lkdguifont.o(i.GuiFontSet) for GuiFontSet
    userfontport.o(i.defaultFontInit) refers to lkdguicolour.o(i.GuiSetbackcolor) for GuiSetbackcolor
    userfontport.o(i.defaultFontInit) refers to lkdguicolour.o(i.GuiSetForecolor) for GuiSetForecolor
    userfontport.o(i.defaultFontInit) refers to userfontport.o(.bss) for .bss
    userfontport.o(i.defaultFontInit) refers to userfontport.o(i.GetDfontData) for GetDfontData
    userfontport.o(i.defaultFontInit) refers to userfontport.o(i.GetSfontData) for GetSfontData
    entry.o(.ARM.Collect$$$$00000000) refers (Special) to entry10a.o(.ARM.Collect$$$$0000000D) for __rt_final_cpp
    entry.o(.ARM.Collect$$$$00000000) refers (Special) to entry11a.o(.ARM.Collect$$$$0000000F) for __rt_final_exit
    entry.o(.ARM.Collect$$$$00000000) refers (Special) to entry7b.o(.ARM.Collect$$$$00000008) for _main_clock
    entry.o(.ARM.Collect$$$$00000000) refers (Special) to entry8b.o(.ARM.Collect$$$$0000000A) for _main_cpp_init
    entry.o(.ARM.Collect$$$$00000000) refers (Special) to entry9a.o(.ARM.Collect$$$$0000000B) for _main_init
    entry.o(.ARM.Collect$$$$00000000) refers (Special) to entry5.o(.ARM.Collect$$$$00000004) for _main_scatterload
    entry.o(.ARM.Collect$$$$00000000) refers (Special) to entry2.o(.ARM.Collect$$$$00000001) for _main_stk
    fadd.o(.text) refers (Special) to iusefp.o(.text) for __I$use$fp
    fadd.o(.text) refers to fepilogue.o(.text) for _float_epilogue
    fmul.o(.text) refers (Special) to iusefp.o(.text) for __I$use$fp
    fdiv.o(.text) refers (Special) to iusefp.o(.text) for __I$use$fp
    fdiv.o(.text) refers to fepilogue.o(.text) for _float_round
    ddiv.o(.text) refers (Special) to iusefp.o(.text) for __I$use$fp
    ddiv.o(.text) refers to depilogue.o(.text) for _double_round
    fflti.o(.text) refers (Special) to iusefp.o(.text) for __I$use$fp
    fflti.o(.text) refers to fepilogue.o(.text) for _float_epilogue
    ffltui.o(.text) refers (Special) to iusefp.o(.text) for __I$use$fp
    ffltui.o(.text) refers to fepilogue.o(.text) for _float_epilogue
    dfltui.o(.text) refers (Special) to iusefp.o(.text) for __I$use$fp
    dfltui.o(.text) refers to depilogue.o(.text) for _double_epilogue
    ffixi.o(.text) refers (Special) to iusefp.o(.text) for __I$use$fp
    ffixui.o(.text) refers (Special) to iusefp.o(.text) for __I$use$fp
    d2f.o(.text) refers (Special) to iusefp.o(.text) for __I$use$fp
    d2f.o(.text) refers to fepilogue.o(.text) for _float_round
    cfcmple.o(.text) refers (Special) to iusefp.o(.text) for __I$use$fp
    cfrcmple.o(.text) refers (Special) to iusefp.o(.text) for __I$use$fp
    entry2.o(.ARM.Collect$$$$00000001) refers to entry2.o(.ARM.Collect$$$$00002712) for __lit__00000000
    entry2.o(.ARM.Collect$$$$00002712) refers to startup_stm32f103xb.o(STACK) for __initial_sp
    entry2.o(__vectab_stack_and_reset_area) refers to startup_stm32f103xb.o(STACK) for __initial_sp
    entry2.o(__vectab_stack_and_reset_area) refers to entry.o(.ARM.Collect$$$$00000000) for __main
    entry5.o(.ARM.Collect$$$$00000004) refers to init.o(.text) for __scatterload
    entry9a.o(.ARM.Collect$$$$0000000B) refers to main.o(i.main) for main
    entry9b.o(.ARM.Collect$$$$0000000C) refers to main.o(i.main) for main
    depilogue.o(.text) refers to llshl.o(.text) for __aeabi_llsl
    depilogue.o(.text) refers to llushr.o(.text) for __aeabi_llsr
    init.o(.text) refers to entry5.o(.ARM.Collect$$$$00000004) for __main_after_scatterload


==============================================================================

Removing Unused input sections from the image.

    Removing startup_stm32f103xb.o(HEAP), (512 bytes).
    Removing main.o(.rev16_text), (4 bytes).
    Removing main.o(.revsh_text), (4 bytes).
    Removing main.o(.rrx_text), (6 bytes).
    Removing main.o(i.Error_Handler), (4 bytes).
    Removing main.o(.data), (1024 bytes).
    Removing main.o(.data), (1024 bytes).
    Removing gpio.o(.rev16_text), (4 bytes).
    Removing gpio.o(.revsh_text), (4 bytes).
    Removing gpio.o(.rrx_text), (6 bytes).
    Removing stm32f1xx_it.o(.rev16_text), (4 bytes).
    Removing stm32f1xx_it.o(.revsh_text), (4 bytes).
    Removing stm32f1xx_it.o(.rrx_text), (6 bytes).
    Removing stm32f1xx_hal_msp.o(.rev16_text), (4 bytes).
    Removing stm32f1xx_hal_msp.o(.revsh_text), (4 bytes).
    Removing stm32f1xx_hal_msp.o(.rrx_text), (6 bytes).
    Removing stm32f1xx_hal_gpio_ex.o(.rev16_text), (4 bytes).
    Removing stm32f1xx_hal_gpio_ex.o(.revsh_text), (4 bytes).
    Removing stm32f1xx_hal_gpio_ex.o(.rrx_text), (6 bytes).
    Removing stm32f1xx_hal_gpio_ex.o(i.HAL_GPIOEx_ConfigEventout), (20 bytes).
    Removing stm32f1xx_hal_gpio_ex.o(i.HAL_GPIOEx_DisableEventout), (16 bytes).
    Removing stm32f1xx_hal_gpio_ex.o(i.HAL_GPIOEx_EnableEventout), (16 bytes).
    Removing stm32f1xx_hal_tim.o(.rev16_text), (4 bytes).
    Removing stm32f1xx_hal_tim.o(.revsh_text), (4 bytes).
    Removing stm32f1xx_hal_tim.o(.rrx_text), (6 bytes).
    Removing stm32f1xx_hal_tim_ex.o(.rev16_text), (4 bytes).
    Removing stm32f1xx_hal_tim_ex.o(.revsh_text), (4 bytes).
    Removing stm32f1xx_hal_tim_ex.o(.rrx_text), (6 bytes).
    Removing stm32f1xx_hal.o(.rev16_text), (4 bytes).
    Removing stm32f1xx_hal.o(.revsh_text), (4 bytes).
    Removing stm32f1xx_hal.o(.rrx_text), (6 bytes).
    Removing stm32f1xx_hal.o(i.HAL_DBGMCU_DisableDBGSleepMode), (16 bytes).
    Removing stm32f1xx_hal.o(i.HAL_DBGMCU_DisableDBGStandbyMode), (16 bytes).
    Removing stm32f1xx_hal.o(i.HAL_DBGMCU_DisableDBGStopMode), (16 bytes).
    Removing stm32f1xx_hal.o(i.HAL_DBGMCU_EnableDBGSleepMode), (16 bytes).
    Removing stm32f1xx_hal.o(i.HAL_DBGMCU_EnableDBGStandbyMode), (16 bytes).
    Removing stm32f1xx_hal.o(i.HAL_DBGMCU_EnableDBGStopMode), (16 bytes).
    Removing stm32f1xx_hal.o(i.HAL_DeInit), (32 bytes).
    Removing stm32f1xx_hal.o(i.HAL_GetDEVID), (16 bytes).
    Removing stm32f1xx_hal.o(i.HAL_GetHalVersion), (8 bytes).
    Removing stm32f1xx_hal.o(i.HAL_GetREVID), (12 bytes).
    Removing stm32f1xx_hal.o(i.HAL_GetTickFreq), (12 bytes).
    Removing stm32f1xx_hal.o(i.HAL_GetTickPrio), (12 bytes).
    Removing stm32f1xx_hal.o(i.HAL_GetUIDw0), (12 bytes).
    Removing stm32f1xx_hal.o(i.HAL_GetUIDw1), (12 bytes).
    Removing stm32f1xx_hal.o(i.HAL_GetUIDw2), (12 bytes).
    Removing stm32f1xx_hal.o(i.HAL_MspDeInit), (2 bytes).
    Removing stm32f1xx_hal.o(i.HAL_MspInit), (2 bytes).
    Removing stm32f1xx_hal.o(i.HAL_ResumeTick), (14 bytes).
    Removing stm32f1xx_hal.o(i.HAL_SetTickFreq), (36 bytes).
    Removing stm32f1xx_hal.o(i.HAL_SuspendTick), (14 bytes).
    Removing stm32f1xx_hal_rcc.o(.rev16_text), (4 bytes).
    Removing stm32f1xx_hal_rcc.o(.revsh_text), (4 bytes).
    Removing stm32f1xx_hal_rcc.o(.rrx_text), (6 bytes).
    Removing stm32f1xx_hal_rcc.o(i.HAL_RCC_CSSCallback), (2 bytes).
    Removing stm32f1xx_hal_rcc.o(i.HAL_RCC_DeInit), (220 bytes).
    Removing stm32f1xx_hal_rcc.o(i.HAL_RCC_DisableCSS), (12 bytes).
    Removing stm32f1xx_hal_rcc.o(i.HAL_RCC_EnableCSS), (12 bytes).
    Removing stm32f1xx_hal_rcc.o(i.HAL_RCC_GetClockConfig), (64 bytes).
    Removing stm32f1xx_hal_rcc.o(i.HAL_RCC_GetHCLKFreq), (12 bytes).
    Removing stm32f1xx_hal_rcc.o(i.HAL_RCC_GetOscConfig), (144 bytes).
    Removing stm32f1xx_hal_rcc.o(i.HAL_RCC_GetPCLK1Freq), (32 bytes).
    Removing stm32f1xx_hal_rcc.o(i.HAL_RCC_GetPCLK2Freq), (32 bytes).
    Removing stm32f1xx_hal_rcc.o(i.HAL_RCC_MCOConfig), (72 bytes).
    Removing stm32f1xx_hal_rcc.o(i.HAL_RCC_NMI_IRQHandler), (24 bytes).
    Removing stm32f1xx_hal_rcc_ex.o(.rev16_text), (4 bytes).
    Removing stm32f1xx_hal_rcc_ex.o(.revsh_text), (4 bytes).
    Removing stm32f1xx_hal_rcc_ex.o(.rrx_text), (6 bytes).
    Removing stm32f1xx_hal_rcc_ex.o(i.HAL_RCCEx_GetPeriphCLKConfig), (44 bytes).
    Removing stm32f1xx_hal_rcc_ex.o(i.HAL_RCCEx_GetPeriphCLKFreq), (200 bytes).
    Removing stm32f1xx_hal_rcc_ex.o(i.HAL_RCCEx_PeriphCLKConfig), (236 bytes).
    Removing stm32f1xx_hal_gpio.o(.rev16_text), (4 bytes).
    Removing stm32f1xx_hal_gpio.o(.revsh_text), (4 bytes).
    Removing stm32f1xx_hal_gpio.o(.rrx_text), (6 bytes).
    Removing stm32f1xx_hal_gpio.o(i.HAL_GPIO_DeInit), (252 bytes).
    Removing stm32f1xx_hal_gpio.o(i.HAL_GPIO_EXTI_Callback), (2 bytes).
    Removing stm32f1xx_hal_gpio.o(i.HAL_GPIO_EXTI_IRQHandler), (24 bytes).
    Removing stm32f1xx_hal_gpio.o(i.HAL_GPIO_LockPin), (34 bytes).
    Removing stm32f1xx_hal_gpio.o(i.HAL_GPIO_ReadPin), (10 bytes).
    Removing stm32f1xx_hal_gpio.o(i.HAL_GPIO_TogglePin), (16 bytes).
    Removing stm32f1xx_hal_dma.o(.rev16_text), (4 bytes).
    Removing stm32f1xx_hal_dma.o(.revsh_text), (4 bytes).
    Removing stm32f1xx_hal_dma.o(.rrx_text), (6 bytes).
    Removing stm32f1xx_hal_dma.o(i.DMA_SetConfig), (42 bytes).
    Removing stm32f1xx_hal_dma.o(i.HAL_DMA_Abort), (70 bytes).
    Removing stm32f1xx_hal_dma.o(i.HAL_DMA_Abort_IT), (152 bytes).
    Removing stm32f1xx_hal_dma.o(i.HAL_DMA_DeInit), (92 bytes).
    Removing stm32f1xx_hal_dma.o(i.HAL_DMA_GetError), (4 bytes).
    Removing stm32f1xx_hal_dma.o(i.HAL_DMA_GetState), (6 bytes).
    Removing stm32f1xx_hal_dma.o(i.HAL_DMA_IRQHandler), (340 bytes).
    Removing stm32f1xx_hal_dma.o(i.HAL_DMA_Init), (92 bytes).
    Removing stm32f1xx_hal_dma.o(i.HAL_DMA_PollForTransfer), (532 bytes).
    Removing stm32f1xx_hal_dma.o(i.HAL_DMA_RegisterCallback), (74 bytes).
    Removing stm32f1xx_hal_dma.o(i.HAL_DMA_Start), (80 bytes).
    Removing stm32f1xx_hal_dma.o(i.HAL_DMA_Start_IT), (112 bytes).
    Removing stm32f1xx_hal_dma.o(i.HAL_DMA_UnRegisterCallback), (82 bytes).
    Removing stm32f1xx_hal_cortex.o(.rev16_text), (4 bytes).
    Removing stm32f1xx_hal_cortex.o(.revsh_text), (4 bytes).
    Removing stm32f1xx_hal_cortex.o(.rrx_text), (6 bytes).
    Removing stm32f1xx_hal_cortex.o(i.HAL_NVIC_ClearPendingIRQ), (26 bytes).
    Removing stm32f1xx_hal_cortex.o(i.HAL_NVIC_DisableIRQ), (34 bytes).
    Removing stm32f1xx_hal_cortex.o(i.HAL_NVIC_EnableIRQ), (26 bytes).
    Removing stm32f1xx_hal_cortex.o(i.HAL_NVIC_GetActive), (36 bytes).
    Removing stm32f1xx_hal_cortex.o(i.HAL_NVIC_GetPendingIRQ), (36 bytes).
    Removing stm32f1xx_hal_cortex.o(i.HAL_NVIC_GetPriority), (82 bytes).
    Removing stm32f1xx_hal_cortex.o(i.HAL_NVIC_GetPriorityGrouping), (16 bytes).
    Removing stm32f1xx_hal_cortex.o(i.HAL_NVIC_SetPendingIRQ), (26 bytes).
    Removing stm32f1xx_hal_cortex.o(i.HAL_NVIC_SystemReset), (36 bytes).
    Removing stm32f1xx_hal_cortex.o(i.HAL_SYSTICK_CLKSourceConfig), (24 bytes).
    Removing stm32f1xx_hal_cortex.o(i.HAL_SYSTICK_Callback), (2 bytes).
    Removing stm32f1xx_hal_cortex.o(i.HAL_SYSTICK_IRQHandler), (8 bytes).
    Removing stm32f1xx_hal_pwr.o(.rev16_text), (4 bytes).
    Removing stm32f1xx_hal_pwr.o(.revsh_text), (4 bytes).
    Removing stm32f1xx_hal_pwr.o(.rrx_text), (6 bytes).
    Removing stm32f1xx_hal_pwr.o(i.HAL_PWR_ConfigPVD), (124 bytes).
    Removing stm32f1xx_hal_pwr.o(i.HAL_PWR_DeInit), (24 bytes).
    Removing stm32f1xx_hal_pwr.o(i.HAL_PWR_DisableBkUpAccess), (12 bytes).
    Removing stm32f1xx_hal_pwr.o(i.HAL_PWR_DisablePVD), (12 bytes).
    Removing stm32f1xx_hal_pwr.o(i.HAL_PWR_DisableSEVOnPend), (16 bytes).
    Removing stm32f1xx_hal_pwr.o(i.HAL_PWR_DisableSleepOnExit), (16 bytes).
    Removing stm32f1xx_hal_pwr.o(i.HAL_PWR_DisableWakeUpPin), (28 bytes).
    Removing stm32f1xx_hal_pwr.o(i.HAL_PWR_EnableBkUpAccess), (12 bytes).
    Removing stm32f1xx_hal_pwr.o(i.HAL_PWR_EnablePVD), (12 bytes).
    Removing stm32f1xx_hal_pwr.o(i.HAL_PWR_EnableSEVOnPend), (16 bytes).
    Removing stm32f1xx_hal_pwr.o(i.HAL_PWR_EnableSleepOnExit), (16 bytes).
    Removing stm32f1xx_hal_pwr.o(i.HAL_PWR_EnableWakeUpPin), (28 bytes).
    Removing stm32f1xx_hal_pwr.o(i.HAL_PWR_EnterSLEEPMode), (32 bytes).
    Removing stm32f1xx_hal_pwr.o(i.HAL_PWR_EnterSTANDBYMode), (32 bytes).
    Removing stm32f1xx_hal_pwr.o(i.HAL_PWR_EnterSTOPMode), (68 bytes).
    Removing stm32f1xx_hal_pwr.o(i.HAL_PWR_PVDCallback), (2 bytes).
    Removing stm32f1xx_hal_pwr.o(i.HAL_PWR_PVD_IRQHandler), (28 bytes).
    Removing stm32f1xx_hal_pwr.o(i.PWR_OverloadWfe), (6 bytes).
    Removing stm32f1xx_hal_flash.o(.rev16_text), (4 bytes).
    Removing stm32f1xx_hal_flash.o(.revsh_text), (4 bytes).
    Removing stm32f1xx_hal_flash.o(.rrx_text), (6 bytes).
    Removing stm32f1xx_hal_flash.o(i.FLASH_Program_HalfWord), (28 bytes).
    Removing stm32f1xx_hal_flash.o(i.FLASH_SetErrorCode), (92 bytes).
    Removing stm32f1xx_hal_flash.o(i.FLASH_WaitForLastOperation), (84 bytes).
    Removing stm32f1xx_hal_flash.o(i.HAL_FLASH_EndOfOperationCallback), (2 bytes).
    Removing stm32f1xx_hal_flash.o(i.HAL_FLASH_GetError), (12 bytes).
    Removing stm32f1xx_hal_flash.o(i.HAL_FLASH_IRQHandler), (264 bytes).
    Removing stm32f1xx_hal_flash.o(i.HAL_FLASH_Lock), (20 bytes).
    Removing stm32f1xx_hal_flash.o(i.HAL_FLASH_OB_Launch), (4 bytes).
    Removing stm32f1xx_hal_flash.o(i.HAL_FLASH_OB_Lock), (20 bytes).
    Removing stm32f1xx_hal_flash.o(i.HAL_FLASH_OB_Unlock), (36 bytes).
    Removing stm32f1xx_hal_flash.o(i.HAL_FLASH_OperationErrorCallback), (2 bytes).
    Removing stm32f1xx_hal_flash.o(i.HAL_FLASH_Program), (128 bytes).
    Removing stm32f1xx_hal_flash.o(i.HAL_FLASH_Program_IT), (100 bytes).
    Removing stm32f1xx_hal_flash.o(i.HAL_FLASH_Unlock), (40 bytes).
    Removing stm32f1xx_hal_flash.o(.bss), (32 bytes).
    Removing stm32f1xx_hal_flash_ex.o(.rev16_text), (4 bytes).
    Removing stm32f1xx_hal_flash_ex.o(.revsh_text), (4 bytes).
    Removing stm32f1xx_hal_flash_ex.o(.rrx_text), (6 bytes).
    Removing stm32f1xx_hal_flash_ex.o(i.FLASH_MassErase), (36 bytes).
    Removing stm32f1xx_hal_flash_ex.o(i.FLASH_OB_DisableWRP), (176 bytes).
    Removing stm32f1xx_hal_flash_ex.o(i.FLASH_OB_EnableWRP), (176 bytes).
    Removing stm32f1xx_hal_flash_ex.o(i.FLASH_OB_GetRDP), (24 bytes).
    Removing stm32f1xx_hal_flash_ex.o(i.FLASH_OB_RDP_LevelConfig), (100 bytes).
    Removing stm32f1xx_hal_flash_ex.o(i.FLASH_PageErase), (36 bytes).
    Removing stm32f1xx_hal_flash_ex.o(i.HAL_FLASHEx_Erase), (168 bytes).
    Removing stm32f1xx_hal_flash_ex.o(i.HAL_FLASHEx_Erase_IT), (84 bytes).
    Removing stm32f1xx_hal_flash_ex.o(i.HAL_FLASHEx_OBErase), (84 bytes).
    Removing stm32f1xx_hal_flash_ex.o(i.HAL_FLASHEx_OBGetConfig), (36 bytes).
    Removing stm32f1xx_hal_flash_ex.o(i.HAL_FLASHEx_OBGetUserData), (32 bytes).
    Removing stm32f1xx_hal_flash_ex.o(i.HAL_FLASHEx_OBProgram), (200 bytes).
    Removing stm32f1xx_hal_exti.o(.rev16_text), (4 bytes).
    Removing stm32f1xx_hal_exti.o(.revsh_text), (4 bytes).
    Removing stm32f1xx_hal_exti.o(.rrx_text), (6 bytes).
    Removing stm32f1xx_hal_exti.o(i.HAL_EXTI_ClearConfigLine), (104 bytes).
    Removing stm32f1xx_hal_exti.o(i.HAL_EXTI_ClearPending), (20 bytes).
    Removing stm32f1xx_hal_exti.o(i.HAL_EXTI_GenerateSWI), (20 bytes).
    Removing stm32f1xx_hal_exti.o(i.HAL_EXTI_GetConfigLine), (144 bytes).
    Removing stm32f1xx_hal_exti.o(i.HAL_EXTI_GetHandle), (12 bytes).
    Removing stm32f1xx_hal_exti.o(i.HAL_EXTI_GetPending), (24 bytes).
    Removing stm32f1xx_hal_exti.o(i.HAL_EXTI_IRQHandler), (36 bytes).
    Removing stm32f1xx_hal_exti.o(i.HAL_EXTI_RegisterCallback), (14 bytes).
    Removing stm32f1xx_hal_exti.o(i.HAL_EXTI_SetConfigLine), (164 bytes).
    Removing system_stm32f1xx.o(.rev16_text), (4 bytes).
    Removing system_stm32f1xx.o(.revsh_text), (4 bytes).
    Removing system_stm32f1xx.o(.rrx_text), (6 bytes).
    Removing system_stm32f1xx.o(i.SystemCoreClockUpdate), (104 bytes).
    Removing system_stm32f1xx.o(.constdata), (8 bytes).
    Removing oled.o(.rev16_text), (4 bytes).
    Removing oled.o(.revsh_text), (4 bytes).
    Removing oled.o(.rrx_text), (6 bytes).
    Removing oled.o(i.OLED_ColorTurn), (24 bytes).
    Removing oled.o(i.OLED_DisPlay_Off), (30 bytes).
    Removing oled.o(i.OLED_DisPlay_On), (30 bytes).
    Removing oled.o(i.OLED_DisplayTurn), (44 bytes).
    Removing oled.o(i.OLED_DrawCircle), (180 bytes).
    Removing oled.o(i.OLED_DrawLine), (142 bytes).
    Removing oled.o(i.OLED_Pow), (16 bytes).
    Removing oled.o(i.OLED_ScrollDisplay), (144 bytes).
    Removing oled.o(i.OLED_ShowChar), (168 bytes).
    Removing oled.o(i.OLED_ShowChinese), (216 bytes).
    Removing oled.o(i.OLED_ShowNum), (94 bytes).
    Removing oled.o(i.OLED_ShowPicture), (64 bytes).
    Removing oled.o(i.OLED_ShowString), (64 bytes).
    Removing oled.o(i.OLED_WR_BP), (40 bytes).
    Removing oled.o(i.delay), (6 bytes).
    Removing oled.o(.constdata), (6080 bytes).
    Removing oled.o(.data), (5176 bytes).
    Removing lkdguibasic.o(i.GuiAreaBitMap), (476 bytes).
    Removing lkdguibasic.o(i.GuiAreaBitMapNumber), (24 bytes).
    Removing lkdguibasic.o(i.GuiBiasLine), (462 bytes).
    Removing lkdguibasic.o(i.GuiPoint), (22 bytes).
    Removing lkdguicontrol.o(i.GuiHScroll), (248 bytes).
    Removing lkdguicontrol.o(i.GuiProGress), (164 bytes).
    Removing lkdguicontrol.o(i.GuiVScroll), (244 bytes).
    Removing lkdguifont.o(i.GuiFont12), (14 bytes).
    Removing lkdguifont.o(i.GuiFont12Align), (12 bytes).
    Removing lkdguimenu.o(i.DrawAllMenu), (356 bytes).
    Removing lkdguimenu.o(i.DrawMenu), (284 bytes).
    Removing lkdguimenu.o(i.DrawNodes), (444 bytes).
    Removing lkdguimenu.o(i.GetCheckedNodeDrawy), (38 bytes).
    Removing lkdguimenu.o(i.GetDrawNodes), (76 bytes).
    Removing lkdguimenu.o(i.GetDrawNodesNum), (40 bytes).
    Removing lkdguimenu.o(i.GetbNodesNum), (18 bytes).
    Removing lkdguimenu.o(i.GetpNodeFromIndex), (26 bytes).
    Removing lkdguimenu.o(i.GuiMenuBroNodeInsert), (8 bytes).
    Removing lkdguimenu.o(i.GuiMenuCurrentNodeHide), (82 bytes).
    Removing lkdguimenu.o(i.GuiMenuCurrentNodeSonUnfold), (108 bytes).
    Removing lkdguimenu.o(i.GuiMenuGetCurrentNodeID), (10 bytes).
    Removing lkdguimenu.o(i.GuiMenuGetCurrentpNode), (4 bytes).
    Removing lkdguimenu.o(i.GuiMenuInit), (20 bytes).
    Removing lkdguimenu.o(i.GuiMenuItemDownMove), (50 bytes).
    Removing lkdguimenu.o(i.GuiMenuItemUpMove), (44 bytes).
    Removing lkdguimenu.o(i.GuiMenuNodeDelete), (30 bytes).
    Removing lkdguimenu.o(i.GuiMenuRedrawMenu), (22 bytes).
    Removing lkdguimenu.o(i.GuiMenuSonNodeInsert), (8 bytes).
    Removing lkdguimenu.o(i.RedrawMenu), (154 bytes).
    Removing lkdguiwin.o(i.GuiGetTopWin), (20 bytes).
    Removing lkdguiwin.o(i.GuiWinAdd), (44 bytes).
    Removing lkdguiwin.o(i.GuiWinDeleteTop), (32 bytes).
    Removing lkdguiwin.o(i.GuiWinDraw), (152 bytes).
    Removing lkdguiwin.o(i.GuiWinInit), (12 bytes).
    Removing lcddriverport.o(.rev16_text), (4 bytes).
    Removing lcddriverport.o(.revsh_text), (4 bytes).
    Removing lcddriverport.o(.rrx_text), (6 bytes).
    Removing lcddriverport.o(i.CloseLcdDisplay), (2 bytes).
    Removing lcddriverport.o(i.GuiRangeUpdateDisplay), (2 bytes).
    Removing lcddriverport.o(i.GuiReadPoint), (2 bytes).
    Removing lcddriverport.o(i.OpenLcdDisplay), (2 bytes).
    Removing gb2312_12_12.o(i.GetFontGb2312_12_12), (84 bytes).
    Removing gb2312_12_12.o(.constdata), (182736 bytes).
    Removing fadd.o(.text), (176 bytes).
    Removing fmul.o(.text), (100 bytes).
    Removing fdiv.o(.text), (124 bytes).
    Removing ddiv.o(.text), (222 bytes).
    Removing fflti.o(.text), (18 bytes).
    Removing ffltui.o(.text), (10 bytes).
    Removing dfltui.o(.text), (26 bytes).
    Removing ffixi.o(.text), (50 bytes).
    Removing ffixui.o(.text), (40 bytes).
    Removing d2f.o(.text), (56 bytes).
    Removing cfcmple.o(.text), (20 bytes).
    Removing cfrcmple.o(.text), (20 bytes).
    Removing fepilogue.o(.text), (110 bytes).
    Removing depilogue.o(.text), (186 bytes).

259 unused section(s) (total 210064 bytes) removed from the image.

==============================================================================

Image Symbol Table

    Local Symbols

    Symbol Name                              Value     Ov Type        Size  Object(Section)

    ../Core/Src/gpio.c                       0x00000000   Number         0  gpio.o ABSOLUTE
    ../Core/Src/main.c                       0x00000000   Number         0  main.o ABSOLUTE
    ../Core/Src/stm32f1xx_hal_msp.c          0x00000000   Number         0  stm32f1xx_hal_msp.o ABSOLUTE
    ../Core/Src/stm32f1xx_it.c               0x00000000   Number         0  stm32f1xx_it.o ABSOLUTE
    ../Core/Src/system_stm32f1xx.c           0x00000000   Number         0  system_stm32f1xx.o ABSOLUTE
    ../Drivers/STM32F1xx_HAL_Driver/Src/stm32f1xx_hal.c 0x00000000   Number         0  stm32f1xx_hal.o ABSOLUTE
    ../Drivers/STM32F1xx_HAL_Driver/Src/stm32f1xx_hal_cortex.c 0x00000000   Number         0  stm32f1xx_hal_cortex.o ABSOLUTE
    ../Drivers/STM32F1xx_HAL_Driver/Src/stm32f1xx_hal_dma.c 0x00000000   Number         0  stm32f1xx_hal_dma.o ABSOLUTE
    ../Drivers/STM32F1xx_HAL_Driver/Src/stm32f1xx_hal_exti.c 0x00000000   Number         0  stm32f1xx_hal_exti.o ABSOLUTE
    ../Drivers/STM32F1xx_HAL_Driver/Src/stm32f1xx_hal_flash.c 0x00000000   Number         0  stm32f1xx_hal_flash.o ABSOLUTE
    ../Drivers/STM32F1xx_HAL_Driver/Src/stm32f1xx_hal_flash_ex.c 0x00000000   Number         0  stm32f1xx_hal_flash_ex.o ABSOLUTE
    ../Drivers/STM32F1xx_HAL_Driver/Src/stm32f1xx_hal_gpio.c 0x00000000   Number         0  stm32f1xx_hal_gpio.o ABSOLUTE
    ../Drivers/STM32F1xx_HAL_Driver/Src/stm32f1xx_hal_gpio_ex.c 0x00000000   Number         0  stm32f1xx_hal_gpio_ex.o ABSOLUTE
    ../Drivers/STM32F1xx_HAL_Driver/Src/stm32f1xx_hal_pwr.c 0x00000000   Number         0  stm32f1xx_hal_pwr.o ABSOLUTE
    ../Drivers/STM32F1xx_HAL_Driver/Src/stm32f1xx_hal_rcc.c 0x00000000   Number         0  stm32f1xx_hal_rcc.o ABSOLUTE
    ../Drivers/STM32F1xx_HAL_Driver/Src/stm32f1xx_hal_rcc_ex.c 0x00000000   Number         0  stm32f1xx_hal_rcc_ex.o ABSOLUTE
    ../Drivers/STM32F1xx_HAL_Driver/Src/stm32f1xx_hal_tim.c 0x00000000   Number         0  stm32f1xx_hal_tim.o ABSOLUTE
    ../Drivers/STM32F1xx_HAL_Driver/Src/stm32f1xx_hal_tim_ex.c 0x00000000   Number         0  stm32f1xx_hal_tim_ex.o ABSOLUTE
    ../clib/microlib/init/entry.s            0x00000000   Number         0  entry11a.o ABSOLUTE
    ../clib/microlib/init/entry.s            0x00000000   Number         0  entry11b.o ABSOLUTE
    ../clib/microlib/init/entry.s            0x00000000   Number         0  entry5.o ABSOLUTE
    ../clib/microlib/init/entry.s            0x00000000   Number         0  entry7b.o ABSOLUTE
    ../clib/microlib/init/entry.s            0x00000000   Number         0  entry7a.o ABSOLUTE
    ../clib/microlib/init/entry.s            0x00000000   Number         0  entry2.o ABSOLUTE
    ../clib/microlib/init/entry.s            0x00000000   Number         0  entry8a.o ABSOLUTE
    ../clib/microlib/init/entry.s            0x00000000   Number         0  entry8b.o ABSOLUTE
    ../clib/microlib/init/entry.s            0x00000000   Number         0  entry.o ABSOLUTE
    ../clib/microlib/init/entry.s            0x00000000   Number         0  entry9b.o ABSOLUTE
    ../clib/microlib/init/entry.s            0x00000000   Number         0  entry10a.o ABSOLUTE
    ../clib/microlib/init/entry.s            0x00000000   Number         0  entry9a.o ABSOLUTE
    ../clib/microlib/init/entry.s            0x00000000   Number         0  entry10b.o ABSOLUTE
    ../clib/microlib/longlong.c              0x00000000   Number         0  llshl.o ABSOLUTE
    ../clib/microlib/longlong.c              0x00000000   Number         0  llushr.o ABSOLUTE
    ../clib/microlib/string/memset.c         0x00000000   Number         0  memseta.o ABSOLUTE
    ../clib/microlib/stubs.s                 0x00000000   Number         0  iusefp.o ABSOLUTE
    ../fplib/microlib/d2f.c                  0x00000000   Number         0  d2f.o ABSOLUTE
    ../fplib/microlib/fpadd.c                0x00000000   Number         0  fadd.o ABSOLUTE
    ../fplib/microlib/fpdiv.c                0x00000000   Number         0  ddiv.o ABSOLUTE
    ../fplib/microlib/fpdiv.c                0x00000000   Number         0  fdiv.o ABSOLUTE
    ../fplib/microlib/fpepilogue.c           0x00000000   Number         0  fepilogue.o ABSOLUTE
    ../fplib/microlib/fpepilogue.c           0x00000000   Number         0  depilogue.o ABSOLUTE
    ../fplib/microlib/fpfix.c                0x00000000   Number         0  ffixui.o ABSOLUTE
    ../fplib/microlib/fpfix.c                0x00000000   Number         0  ffixi.o ABSOLUTE
    ../fplib/microlib/fpflt.c                0x00000000   Number         0  dfltui.o ABSOLUTE
    ../fplib/microlib/fpflt.c                0x00000000   Number         0  ffltui.o ABSOLUTE
    ../fplib/microlib/fpflt.c                0x00000000   Number         0  fflti.o ABSOLUTE
    ../fplib/microlib/fpmul.c                0x00000000   Number         0  fmul.o ABSOLUTE
    ..\Core\Src\gpio.c                       0x00000000   Number         0  gpio.o ABSOLUTE
    ..\Core\Src\main.c                       0x00000000   Number         0  main.o ABSOLUTE
    ..\Core\Src\stm32f1xx_hal_msp.c          0x00000000   Number         0  stm32f1xx_hal_msp.o ABSOLUTE
    ..\Core\Src\stm32f1xx_it.c               0x00000000   Number         0  stm32f1xx_it.o ABSOLUTE
    ..\Core\Src\system_stm32f1xx.c           0x00000000   Number         0  system_stm32f1xx.o ABSOLUTE
    ..\Drivers\STM32F1xx_HAL_Driver\Src\stm32f1xx_hal.c 0x00000000   Number         0  stm32f1xx_hal.o ABSOLUTE
    ..\Drivers\STM32F1xx_HAL_Driver\Src\stm32f1xx_hal_cortex.c 0x00000000   Number         0  stm32f1xx_hal_cortex.o ABSOLUTE
    ..\Drivers\STM32F1xx_HAL_Driver\Src\stm32f1xx_hal_dma.c 0x00000000   Number         0  stm32f1xx_hal_dma.o ABSOLUTE
    ..\Drivers\STM32F1xx_HAL_Driver\Src\stm32f1xx_hal_exti.c 0x00000000   Number         0  stm32f1xx_hal_exti.o ABSOLUTE
    ..\Drivers\STM32F1xx_HAL_Driver\Src\stm32f1xx_hal_flash.c 0x00000000   Number         0  stm32f1xx_hal_flash.o ABSOLUTE
    ..\Drivers\STM32F1xx_HAL_Driver\Src\stm32f1xx_hal_flash_ex.c 0x00000000   Number         0  stm32f1xx_hal_flash_ex.o ABSOLUTE
    ..\Drivers\STM32F1xx_HAL_Driver\Src\stm32f1xx_hal_gpio.c 0x00000000   Number         0  stm32f1xx_hal_gpio.o ABSOLUTE
    ..\Drivers\STM32F1xx_HAL_Driver\Src\stm32f1xx_hal_gpio_ex.c 0x00000000   Number         0  stm32f1xx_hal_gpio_ex.o ABSOLUTE
    ..\Drivers\STM32F1xx_HAL_Driver\Src\stm32f1xx_hal_pwr.c 0x00000000   Number         0  stm32f1xx_hal_pwr.o ABSOLUTE
    ..\Drivers\STM32F1xx_HAL_Driver\Src\stm32f1xx_hal_rcc.c 0x00000000   Number         0  stm32f1xx_hal_rcc.o ABSOLUTE
    ..\Drivers\STM32F1xx_HAL_Driver\Src\stm32f1xx_hal_rcc_ex.c 0x00000000   Number         0  stm32f1xx_hal_rcc_ex.o ABSOLUTE
    ..\Drivers\STM32F1xx_HAL_Driver\Src\stm32f1xx_hal_tim.c 0x00000000   Number         0  stm32f1xx_hal_tim.o ABSOLUTE
    ..\Drivers\STM32F1xx_HAL_Driver\Src\stm32f1xx_hal_tim_ex.c 0x00000000   Number         0  stm32f1xx_hal_tim_ex.o ABSOLUTE
    ..\User\OLED\oled.c                      0x00000000   Number         0  oled.o ABSOLUTE
    ..\User\lkdGui_source\port\fontDriver\ASCII_6_12.c 0x00000000   Number         0  ascii_6_12.o ABSOLUTE
    ..\User\lkdGui_source\port\fontDriver\GB2312_12_12.c 0x00000000   Number         0  gb2312_12_12.o ABSOLUTE
    ..\User\lkdGui_source\port\lcdDriverPort.c 0x00000000   Number         0  lcddriverport.o ABSOLUTE
    ..\User\lkdGui_source\port\userFontPort.c 0x00000000   Number         0  userfontport.o ABSOLUTE
    ..\User\lkdGui_source\source\lkdGuiBasic.c 0x00000000   Number         0  lkdguibasic.o ABSOLUTE
    ..\User\lkdGui_source\source\lkdGuiColour.c 0x00000000   Number         0  lkdguicolour.o ABSOLUTE
    ..\User\lkdGui_source\source\lkdGuiControl.c 0x00000000   Number         0  lkdguicontrol.o ABSOLUTE
    ..\User\lkdGui_source\source\lkdGuiFont.c 0x00000000   Number         0  lkdguifont.o ABSOLUTE
    ..\User\lkdGui_source\source\lkdGuiMenu.c 0x00000000   Number         0  lkdguimenu.o ABSOLUTE
    ..\User\lkdGui_source\source\lkdGuiWin.c 0x00000000   Number         0  lkdguiwin.o ABSOLUTE
    ..\\User\\OLED\\oled.c                   0x00000000   Number         0  oled.o ABSOLUTE
    ..\\User\\lkdGui_source\\port\\lcdDriverPort.c 0x00000000   Number         0  lcddriverport.o ABSOLUTE
    cfcmple.s                                0x00000000   Number         0  cfcmple.o ABSOLUTE
    cfrcmple.s                               0x00000000   Number         0  cfrcmple.o ABSOLUTE
    dc.s                                     0x00000000   Number         0  dc.o ABSOLUTE
    handlers.s                               0x00000000   Number         0  handlers.o ABSOLUTE
    init.s                                   0x00000000   Number         0  init.o ABSOLUTE
    startup_stm32f103xb.s                    0x00000000   Number         0  startup_stm32f103xb.o ABSOLUTE
    RESET                                    0x08000000   Section      236  startup_stm32f103xb.o(RESET)
    .ARM.Collect$$$$00000000                 0x080000ec   Section        0  entry.o(.ARM.Collect$$$$00000000)
    .ARM.Collect$$$$00000001                 0x080000ec   Section        4  entry2.o(.ARM.Collect$$$$00000001)
    .ARM.Collect$$$$00000004                 0x080000f0   Section        4  entry5.o(.ARM.Collect$$$$00000004)
    .ARM.Collect$$$$00000008                 0x080000f4   Section        0  entry7b.o(.ARM.Collect$$$$00000008)
    .ARM.Collect$$$$0000000A                 0x080000f4   Section        0  entry8b.o(.ARM.Collect$$$$0000000A)
    .ARM.Collect$$$$0000000B                 0x080000f4   Section        8  entry9a.o(.ARM.Collect$$$$0000000B)
    .ARM.Collect$$$$0000000D                 0x080000fc   Section        0  entry10a.o(.ARM.Collect$$$$0000000D)
    .ARM.Collect$$$$0000000F                 0x080000fc   Section        0  entry11a.o(.ARM.Collect$$$$0000000F)
    .ARM.Collect$$$$00002712                 0x080000fc   Section        4  entry2.o(.ARM.Collect$$$$00002712)
    __lit__00000000                          0x080000fc   Data           4  entry2.o(.ARM.Collect$$$$00002712)
    .text                                    0x08000100   Section       36  startup_stm32f103xb.o(.text)
    .text                                    0x08000124   Section        0  memseta.o(.text)
    .text                                    0x08000148   Section       36  init.o(.text)
    i.BusFault_Handler                       0x0800016c   Section        0  stm32f1xx_it.o(i.BusFault_Handler)
    i.DebugMon_Handler                       0x0800016e   Section        0  stm32f1xx_it.o(i.DebugMon_Handler)
    i.GetCurrentFont                         0x08000170   Section        0  lkdguifont.o(i.GetCurrentFont)
    i.GetDfontData                           0x0800017c   Section        0  userfontport.o(i.GetDfontData)
    GetDfontData                             0x0800017d   Thumb Code     4  userfontport.o(i.GetDfontData)
    i.GetFontASCII_6_12                      0x08000180   Section        0  ascii_6_12.o(i.GetFontASCII_6_12)
    i.GetSfontData                           0x080001b8   Section        0  userfontport.o(i.GetSfontData)
    GetSfontData                             0x080001b9   Thumb Code    10  userfontport.o(i.GetSfontData)
    i.GetTextPixLen                          0x080001c4   Section        0  lkdguifont.o(i.GetTextPixLen)
    i.GuiBitMap                              0x080001f0   Section        0  lkdguibasic.o(i.GuiBitMap)
    i.GuiButton                              0x080002bc   Section        0  lkdguicontrol.o(i.GuiButton)
    i.GuiDrawPoint                           0x080003ce   Section        0  lcddriverport.o(i.GuiDrawPoint)
    i.GuiExchangeColor                       0x080003dc   Section        0  lkdguicolour.o(i.GuiExchangeColor)
    i.GuiFillRect                            0x080003ec   Section        0  lkdguibasic.o(i.GuiFillRect)
    i.GuiFontSet                             0x08000428   Section        0  lkdguifont.o(i.GuiFontSet)
    i.GuiGetForecolor                        0x08000434   Section        0  lkdguicolour.o(i.GuiGetForecolor)
    i.GuiGetbackcolor                        0x08000440   Section        0  lkdguicolour.o(i.GuiGetbackcolor)
    i.GuiHLine                               0x0800044c   Section        0  lkdguibasic.o(i.GuiHLine)
    i.GuiHPointLine                          0x08000458   Section        0  lkdguibasic.o(i.GuiHPointLine)
    i.GuiRLine                               0x080004ac   Section        0  lkdguibasic.o(i.GuiRLine)
    i.GuiRPointLine                          0x080004b8   Section        0  lkdguibasic.o(i.GuiRPointLine)
    i.GuiRect                                0x0800050e   Section        0  lkdguibasic.o(i.GuiRect)
    i.GuiRowText                             0x08000554   Section        0  lkdguifont.o(i.GuiRowText)
    i.GuiSetForecolor                        0x080005d4   Section        0  lkdguicolour.o(i.GuiSetForecolor)
    i.GuiSetbackcolor                        0x080005e0   Section        0  lkdguicolour.o(i.GuiSetbackcolor)
    i.GuiText                                0x080005ec   Section        0  lkdguifont.o(i.GuiText)
    i.GuiUpdateDisplayAll                    0x080006c4   Section        0  lcddriverport.o(i.GuiUpdateDisplayAll)
    i.GuiWinDisplay                          0x080006c8   Section        0  lkdguiwin.o(i.GuiWinDisplay)
    i.HAL_Delay                              0x080006e4   Section        0  stm32f1xx_hal.o(i.HAL_Delay)
    i.HAL_GPIO_Init                          0x08000708   Section        0  stm32f1xx_hal_gpio.o(i.HAL_GPIO_Init)
    i.HAL_GPIO_WritePin                      0x080008e8   Section        0  stm32f1xx_hal_gpio.o(i.HAL_GPIO_WritePin)
    i.HAL_GetTick                            0x080008f4   Section        0  stm32f1xx_hal.o(i.HAL_GetTick)
    i.HAL_IncTick                            0x08000900   Section        0  stm32f1xx_hal.o(i.HAL_IncTick)
    i.HAL_Init                               0x08000910   Section        0  stm32f1xx_hal.o(i.HAL_Init)
    i.HAL_InitTick                           0x08000934   Section        0  stm32f1xx_hal.o(i.HAL_InitTick)
    i.HAL_MspInit                            0x08000974   Section        0  stm32f1xx_hal_msp.o(i.HAL_MspInit)
    i.HAL_NVIC_SetPriority                   0x080009b0   Section        0  stm32f1xx_hal_cortex.o(i.HAL_NVIC_SetPriority)
    i.HAL_NVIC_SetPriorityGrouping           0x080009f0   Section        0  stm32f1xx_hal_cortex.o(i.HAL_NVIC_SetPriorityGrouping)
    i.HAL_RCC_ClockConfig                    0x08000a14   Section        0  stm32f1xx_hal_rcc.o(i.HAL_RCC_ClockConfig)
    i.HAL_RCC_GetSysClockFreq                0x08000b40   Section        0  stm32f1xx_hal_rcc.o(i.HAL_RCC_GetSysClockFreq)
    i.HAL_RCC_OscConfig                      0x08000bac   Section        0  stm32f1xx_hal_rcc.o(i.HAL_RCC_OscConfig)
    i.HAL_SYSTICK_Config                     0x08000ecc   Section        0  stm32f1xx_hal_cortex.o(i.HAL_SYSTICK_Config)
    i.HardFault_Handler                      0x08000ef4   Section        0  stm32f1xx_it.o(i.HardFault_Handler)
    i.I2C_Start                              0x08000ef8   Section        0  oled.o(i.I2C_Start)
    i.I2C_Stop                               0x08000f40   Section        0  oled.o(i.I2C_Stop)
    i.I2C_WaitAck                            0x08000f88   Section        0  oled.o(i.I2C_WaitAck)
    i.LkdGuiDemo                             0x08000fb0   Section        0  main.o(i.LkdGuiDemo)
    i.MX_GPIO_Init                           0x08001044   Section        0  gpio.o(i.MX_GPIO_Init)
    i.MemManage_Handler                      0x080010e0   Section        0  stm32f1xx_it.o(i.MemManage_Handler)
    i.NMI_Handler                            0x080010e2   Section        0  stm32f1xx_it.o(i.NMI_Handler)
    i.OLED_Clear                             0x080010e4   Section        0  oled.o(i.OLED_Clear)
    i.OLED_ClearPoint                        0x08001110   Section        0  oled.o(i.OLED_ClearPoint)
    i.OLED_DrawPoint                         0x08001130   Section        0  oled.o(i.OLED_DrawPoint)
    i.OLED_Init                              0x0800114c   Section        0  oled.o(i.OLED_Init)
    i.OLED_Refresh                           0x08001238   Section        0  oled.o(i.OLED_Refresh)
    i.OLED_WR_Byte                           0x08001284   Section        0  oled.o(i.OLED_WR_Byte)
    i.PendSV_Handler                         0x080012ba   Section        0  stm32f1xx_it.o(i.PendSV_Handler)
    i.SVC_Handler                            0x080012bc   Section        0  stm32f1xx_it.o(i.SVC_Handler)
    i.Send_Byte                              0x080012c0   Section        0  oled.o(i.Send_Byte)
    i.SysTick_Handler                        0x08001314   Section        0  stm32f1xx_it.o(i.SysTick_Handler)
    i.SystemClock_Config                     0x08001318   Section        0  main.o(i.SystemClock_Config)
    i.SystemInit                             0x08001374   Section        0  system_stm32f1xx.o(i.SystemInit)
    i.UsageFault_Handler                     0x08001376   Section        0  stm32f1xx_it.o(i.UsageFault_Handler)
    i.__NVIC_SetPriority                     0x08001378   Section        0  stm32f1xx_hal_cortex.o(i.__NVIC_SetPriority)
    __NVIC_SetPriority                       0x08001379   Thumb Code    32  stm32f1xx_hal_cortex.o(i.__NVIC_SetPriority)
    i.__scatterload_copy                     0x08001398   Section       14  handlers.o(i.__scatterload_copy)
    i.__scatterload_null                     0x080013a6   Section        2  handlers.o(i.__scatterload_null)
    i.__scatterload_zeroinit                 0x080013a8   Section       14  handlers.o(i.__scatterload_zeroinit)
    i.defaultFontInit                        0x080013b8   Section        0  userfontport.o(i.defaultFontInit)
    i.main                                   0x08001418   Section        0  main.o(i.main)
    .constdata                               0x08001428   Section       16  system_stm32f1xx.o(.constdata)
    .constdata                               0x08001438   Section        8  lkdguibasic.o(.constdata)
    .constdata                               0x08001440   Section     1152  ascii_6_12.o(.constdata)
    .data                                    0x20000000   Section       12  stm32f1xx_hal.o(.data)
    .data                                    0x2000000c   Section        4  system_stm32f1xx.o(.data)
    .data                                    0x20000010   Section        2  lkdguicolour.o(.data)
    forecolor                                0x20000010   Data           1  lkdguicolour.o(.data)
    backcolor                                0x20000011   Data           1  lkdguicolour.o(.data)
    .data                                    0x20000014   Section        4  lkdguifont.o(.data)
    thisFont                                 0x20000014   Data           4  lkdguifont.o(.data)
    .bss                                     0x20000018   Section     1152  oled.o(.bss)
    .bss                                     0x20000498   Section       68  lkdguiwin.o(.bss)
    winManage                                0x20000498   Data          68  lkdguiwin.o(.bss)
    .bss                                     0x200004dc   Section       44  userfontport.o(.bss)
    dataBuff                                 0x200004dc   Data          24  userfontport.o(.bss)
    STACK                                    0x20000508   Section     1024  startup_stm32f103xb.o(STACK)

    Global Symbols

    Symbol Name                              Value     Ov Type        Size  Object(Section)

    BuildAttributes$$THM_ISAv4$P$D$K$B$S$PE$A:L22UL41UL21$X:L11$S22US41US21$IEEE1$IW$USESV6$~STKCKD$USESV7$~SHL$OTIME$ROPI$EBA8$MICROLIB$REQ8$PRES8$EABIv2 0x00000000   Number         0  anon$$obj.o ABSOLUTE
    __ARM_use_no_argv                        0x00000000   Number         0  main.o ABSOLUTE
    __cpp_initialize__aeabi_                  - Undefined Weak Reference
    __cxa_finalize                            - Undefined Weak Reference
    __decompress                              - Undefined Weak Reference
    _clock_init                               - Undefined Weak Reference
    _microlib_exit                            - Undefined Weak Reference
    __Vectors_Size                           0x000000ec   Number         0  startup_stm32f103xb.o ABSOLUTE
    __Vectors                                0x08000000   Data           4  startup_stm32f103xb.o(RESET)
    __Vectors_End                            0x080000ec   Data           0  startup_stm32f103xb.o(RESET)
    __main                                   0x080000ed   Thumb Code     0  entry.o(.ARM.Collect$$$$00000000)
    _main_stk                                0x080000ed   Thumb Code     0  entry2.o(.ARM.Collect$$$$00000001)
    _main_scatterload                        0x080000f1   Thumb Code     0  entry5.o(.ARM.Collect$$$$00000004)
    __main_after_scatterload                 0x080000f5   Thumb Code     0  entry5.o(.ARM.Collect$$$$00000004)
    _main_clock                              0x080000f5   Thumb Code     0  entry7b.o(.ARM.Collect$$$$00000008)
    _main_cpp_init                           0x080000f5   Thumb Code     0  entry8b.o(.ARM.Collect$$$$0000000A)
    _main_init                               0x080000f5   Thumb Code     0  entry9a.o(.ARM.Collect$$$$0000000B)
    __rt_final_cpp                           0x080000fd   Thumb Code     0  entry10a.o(.ARM.Collect$$$$0000000D)
    __rt_final_exit                          0x080000fd   Thumb Code     0  entry11a.o(.ARM.Collect$$$$0000000F)
    Reset_Handler                            0x08000101   Thumb Code     8  startup_stm32f103xb.o(.text)
    ADC1_2_IRQHandler                        0x0800011b   Thumb Code     0  startup_stm32f103xb.o(.text)
    CAN1_RX1_IRQHandler                      0x0800011b   Thumb Code     0  startup_stm32f103xb.o(.text)
    CAN1_SCE_IRQHandler                      0x0800011b   Thumb Code     0  startup_stm32f103xb.o(.text)
    DMA1_Channel1_IRQHandler                 0x0800011b   Thumb Code     0  startup_stm32f103xb.o(.text)
    DMA1_Channel2_IRQHandler                 0x0800011b   Thumb Code     0  startup_stm32f103xb.o(.text)
    DMA1_Channel3_IRQHandler                 0x0800011b   Thumb Code     0  startup_stm32f103xb.o(.text)
    DMA1_Channel4_IRQHandler                 0x0800011b   Thumb Code     0  startup_stm32f103xb.o(.text)
    DMA1_Channel5_IRQHandler                 0x0800011b   Thumb Code     0  startup_stm32f103xb.o(.text)
    DMA1_Channel6_IRQHandler                 0x0800011b   Thumb Code     0  startup_stm32f103xb.o(.text)
    DMA1_Channel7_IRQHandler                 0x0800011b   Thumb Code     0  startup_stm32f103xb.o(.text)
    EXTI0_IRQHandler                         0x0800011b   Thumb Code     0  startup_stm32f103xb.o(.text)
    EXTI15_10_IRQHandler                     0x0800011b   Thumb Code     0  startup_stm32f103xb.o(.text)
    EXTI1_IRQHandler                         0x0800011b   Thumb Code     0  startup_stm32f103xb.o(.text)
    EXTI2_IRQHandler                         0x0800011b   Thumb Code     0  startup_stm32f103xb.o(.text)
    EXTI3_IRQHandler                         0x0800011b   Thumb Code     0  startup_stm32f103xb.o(.text)
    EXTI4_IRQHandler                         0x0800011b   Thumb Code     0  startup_stm32f103xb.o(.text)
    EXTI9_5_IRQHandler                       0x0800011b   Thumb Code     0  startup_stm32f103xb.o(.text)
    FLASH_IRQHandler                         0x0800011b   Thumb Code     0  startup_stm32f103xb.o(.text)
    I2C1_ER_IRQHandler                       0x0800011b   Thumb Code     0  startup_stm32f103xb.o(.text)
    I2C1_EV_IRQHandler                       0x0800011b   Thumb Code     0  startup_stm32f103xb.o(.text)
    I2C2_ER_IRQHandler                       0x0800011b   Thumb Code     0  startup_stm32f103xb.o(.text)
    I2C2_EV_IRQHandler                       0x0800011b   Thumb Code     0  startup_stm32f103xb.o(.text)
    PVD_IRQHandler                           0x0800011b   Thumb Code     0  startup_stm32f103xb.o(.text)
    RCC_IRQHandler                           0x0800011b   Thumb Code     0  startup_stm32f103xb.o(.text)
    RTC_Alarm_IRQHandler                     0x0800011b   Thumb Code     0  startup_stm32f103xb.o(.text)
    RTC_IRQHandler                           0x0800011b   Thumb Code     0  startup_stm32f103xb.o(.text)
    SPI1_IRQHandler                          0x0800011b   Thumb Code     0  startup_stm32f103xb.o(.text)
    SPI2_IRQHandler                          0x0800011b   Thumb Code     0  startup_stm32f103xb.o(.text)
    TAMPER_IRQHandler                        0x0800011b   Thumb Code     0  startup_stm32f103xb.o(.text)
    TIM1_BRK_IRQHandler                      0x0800011b   Thumb Code     0  startup_stm32f103xb.o(.text)
    TIM1_CC_IRQHandler                       0x0800011b   Thumb Code     0  startup_stm32f103xb.o(.text)
    TIM1_TRG_COM_IRQHandler                  0x0800011b   Thumb Code     0  startup_stm32f103xb.o(.text)
    TIM1_UP_IRQHandler                       0x0800011b   Thumb Code     0  startup_stm32f103xb.o(.text)
    TIM2_IRQHandler                          0x0800011b   Thumb Code     0  startup_stm32f103xb.o(.text)
    TIM3_IRQHandler                          0x0800011b   Thumb Code     0  startup_stm32f103xb.o(.text)
    TIM4_IRQHandler                          0x0800011b   Thumb Code     0  startup_stm32f103xb.o(.text)
    USART1_IRQHandler                        0x0800011b   Thumb Code     0  startup_stm32f103xb.o(.text)
    USART2_IRQHandler                        0x0800011b   Thumb Code     0  startup_stm32f103xb.o(.text)
    USART3_IRQHandler                        0x0800011b   Thumb Code     0  startup_stm32f103xb.o(.text)
    USBWakeUp_IRQHandler                     0x0800011b   Thumb Code     0  startup_stm32f103xb.o(.text)
    USB_HP_CAN1_TX_IRQHandler                0x0800011b   Thumb Code     0  startup_stm32f103xb.o(.text)
    USB_LP_CAN1_RX0_IRQHandler               0x0800011b   Thumb Code     0  startup_stm32f103xb.o(.text)
    WWDG_IRQHandler                          0x0800011b   Thumb Code     0  startup_stm32f103xb.o(.text)
    __aeabi_memset                           0x08000125   Thumb Code    14  memseta.o(.text)
    __aeabi_memset4                          0x08000125   Thumb Code     0  memseta.o(.text)
    __aeabi_memset8                          0x08000125   Thumb Code     0  memseta.o(.text)
    __aeabi_memclr                           0x08000133   Thumb Code     4  memseta.o(.text)
    __aeabi_memclr4                          0x08000133   Thumb Code     0  memseta.o(.text)
    __aeabi_memclr8                          0x08000133   Thumb Code     0  memseta.o(.text)
    _memset$wrapper                          0x08000137   Thumb Code    18  memseta.o(.text)
    __scatterload                            0x08000149   Thumb Code    28  init.o(.text)
    __scatterload_rt2                        0x08000149   Thumb Code     0  init.o(.text)
    BusFault_Handler                         0x0800016d   Thumb Code     2  stm32f1xx_it.o(i.BusFault_Handler)
    DebugMon_Handler                         0x0800016f   Thumb Code     2  stm32f1xx_it.o(i.DebugMon_Handler)
    GetCurrentFont                           0x08000171   Thumb Code     6  lkdguifont.o(i.GetCurrentFont)
    GetFontASCII_6_12                        0x08000181   Thumb Code    52  ascii_6_12.o(i.GetFontASCII_6_12)
    GetTextPixLen                            0x080001c5   Thumb Code    40  lkdguifont.o(i.GetTextPixLen)
    GuiBitMap                                0x080001f1   Thumb Code   198  lkdguibasic.o(i.GuiBitMap)
    GuiButton                                0x080002bd   Thumb Code   274  lkdguicontrol.o(i.GuiButton)
    GuiDrawPoint                             0x080003cf   Thumb Code    14  lcddriverport.o(i.GuiDrawPoint)
    GuiExchangeColor                         0x080003dd   Thumb Code    12  lkdguicolour.o(i.GuiExchangeColor)
    GuiFillRect                              0x080003ed   Thumb Code    60  lkdguibasic.o(i.GuiFillRect)
    GuiFontSet                               0x08000429   Thumb Code     6  lkdguifont.o(i.GuiFontSet)
    GuiGetForecolor                          0x08000435   Thumb Code     6  lkdguicolour.o(i.GuiGetForecolor)
    GuiGetbackcolor                          0x08000441   Thumb Code     6  lkdguicolour.o(i.GuiGetbackcolor)
    GuiHLine                                 0x0800044d   Thumb Code    12  lkdguibasic.o(i.GuiHLine)
    GuiHPointLine                            0x08000459   Thumb Code    84  lkdguibasic.o(i.GuiHPointLine)
    GuiRLine                                 0x080004ad   Thumb Code    12  lkdguibasic.o(i.GuiRLine)
    GuiRPointLine                            0x080004b9   Thumb Code    86  lkdguibasic.o(i.GuiRPointLine)
    GuiRect                                  0x0800050f   Thumb Code    68  lkdguibasic.o(i.GuiRect)
    GuiRowText                               0x08000555   Thumb Code   122  lkdguifont.o(i.GuiRowText)
    GuiSetForecolor                          0x080005d5   Thumb Code     6  lkdguicolour.o(i.GuiSetForecolor)
    GuiSetbackcolor                          0x080005e1   Thumb Code     6  lkdguicolour.o(i.GuiSetbackcolor)
    GuiText                                  0x080005ed   Thumb Code   210  lkdguifont.o(i.GuiText)
    GuiUpdateDisplayAll                      0x080006c5   Thumb Code     4  lcddriverport.o(i.GuiUpdateDisplayAll)
    GuiWinDisplay                            0x080006c9   Thumb Code    24  lkdguiwin.o(i.GuiWinDisplay)
    HAL_Delay                                0x080006e5   Thumb Code    32  stm32f1xx_hal.o(i.HAL_Delay)
    HAL_GPIO_Init                            0x08000709   Thumb Code   446  stm32f1xx_hal_gpio.o(i.HAL_GPIO_Init)
    HAL_GPIO_WritePin                        0x080008e9   Thumb Code    10  stm32f1xx_hal_gpio.o(i.HAL_GPIO_WritePin)
    HAL_GetTick                              0x080008f5   Thumb Code     6  stm32f1xx_hal.o(i.HAL_GetTick)
    HAL_IncTick                              0x08000901   Thumb Code    12  stm32f1xx_hal.o(i.HAL_IncTick)
    HAL_Init                                 0x08000911   Thumb Code    32  stm32f1xx_hal.o(i.HAL_Init)
    HAL_InitTick                             0x08000935   Thumb Code    54  stm32f1xx_hal.o(i.HAL_InitTick)
    HAL_MspInit                              0x08000975   Thumb Code    52  stm32f1xx_hal_msp.o(i.HAL_MspInit)
    HAL_NVIC_SetPriority                     0x080009b1   Thumb Code    60  stm32f1xx_hal_cortex.o(i.HAL_NVIC_SetPriority)
    HAL_NVIC_SetPriorityGrouping             0x080009f1   Thumb Code    26  stm32f1xx_hal_cortex.o(i.HAL_NVIC_SetPriorityGrouping)
    HAL_RCC_ClockConfig                      0x08000a15   Thumb Code   280  stm32f1xx_hal_rcc.o(i.HAL_RCC_ClockConfig)
    HAL_RCC_GetSysClockFreq                  0x08000b41   Thumb Code    74  stm32f1xx_hal_rcc.o(i.HAL_RCC_GetSysClockFreq)
    HAL_RCC_OscConfig                        0x08000bad   Thumb Code   778  stm32f1xx_hal_rcc.o(i.HAL_RCC_OscConfig)
    HAL_SYSTICK_Config                       0x08000ecd   Thumb Code    40  stm32f1xx_hal_cortex.o(i.HAL_SYSTICK_Config)
    HardFault_Handler                        0x08000ef5   Thumb Code     2  stm32f1xx_it.o(i.HardFault_Handler)
    I2C_Start                                0x08000ef9   Thumb Code    62  oled.o(i.I2C_Start)
    I2C_Stop                                 0x08000f41   Thumb Code    64  oled.o(i.I2C_Stop)
    I2C_WaitAck                              0x08000f89   Thumb Code    36  oled.o(i.I2C_WaitAck)
    LkdGuiDemo                               0x08000fb1   Thumb Code   134  main.o(i.LkdGuiDemo)
    MX_GPIO_Init                             0x08001045   Thumb Code   142  gpio.o(i.MX_GPIO_Init)
    MemManage_Handler                        0x080010e1   Thumb Code     2  stm32f1xx_it.o(i.MemManage_Handler)
    NMI_Handler                              0x080010e3   Thumb Code     2  stm32f1xx_it.o(i.NMI_Handler)
    OLED_Clear                               0x080010e5   Thumb Code    40  oled.o(i.OLED_Clear)
    OLED_ClearPoint                          0x08001111   Thumb Code    28  oled.o(i.OLED_ClearPoint)
    OLED_DrawPoint                           0x08001131   Thumb Code    24  oled.o(i.OLED_DrawPoint)
    OLED_Init                                0x0800114d   Thumb Code   234  oled.o(i.OLED_Init)
    OLED_Refresh                             0x08001239   Thumb Code    70  oled.o(i.OLED_Refresh)
    OLED_WR_Byte                             0x08001285   Thumb Code    54  oled.o(i.OLED_WR_Byte)
    PendSV_Handler                           0x080012bb   Thumb Code     2  stm32f1xx_it.o(i.PendSV_Handler)
    SVC_Handler                              0x080012bd   Thumb Code     2  stm32f1xx_it.o(i.SVC_Handler)
    Send_Byte                                0x080012c1   Thumb Code    76  oled.o(i.Send_Byte)
    SysTick_Handler                          0x08001315   Thumb Code     4  stm32f1xx_it.o(i.SysTick_Handler)
    SystemClock_Config                       0x08001319   Thumb Code    92  main.o(i.SystemClock_Config)
    SystemInit                               0x08001375   Thumb Code     2  system_stm32f1xx.o(i.SystemInit)
    UsageFault_Handler                       0x08001377   Thumb Code     2  stm32f1xx_it.o(i.UsageFault_Handler)
    __scatterload_copy                       0x08001399   Thumb Code    14  handlers.o(i.__scatterload_copy)
    __scatterload_null                       0x080013a7   Thumb Code     2  handlers.o(i.__scatterload_null)
    __scatterload_zeroinit                   0x080013a9   Thumb Code    14  handlers.o(i.__scatterload_zeroinit)
    defaultFontInit                          0x080013b9   Thumb Code    54  userfontport.o(i.defaultFontInit)
    main                                     0x08001419   Thumb Code    16  main.o(i.main)
    AHBPrescTable                            0x08001428   Data          16  system_stm32f1xx.o(.constdata)
    GetBit                                   0x08001438   Data           8  lkdguibasic.o(.constdata)
    ASCII_6_12                               0x08001440   Data        1152  ascii_6_12.o(.constdata)
    Region$$Table$$Base                      0x080018c0   Number         0  anon$$obj.o(Region$$Table)
    Region$$Table$$Limit                     0x080018e0   Number         0  anon$$obj.o(Region$$Table)
    uwTickFreq                               0x20000000   Data           1  stm32f1xx_hal.o(.data)
    uwTickPrio                               0x20000004   Data           4  stm32f1xx_hal.o(.data)
    uwTick                                   0x20000008   Data           4  stm32f1xx_hal.o(.data)
    SystemCoreClock                          0x2000000c   Data           4  system_stm32f1xx.o(.data)
    OLED_GRAM                                0x20000018   Data        1152  oled.o(.bss)
    defaultFont                              0x200004f4   Data          20  userfontport.o(.bss)
    __initial_sp                             0x20000908   Data           0  startup_stm32f103xb.o(STACK)



==============================================================================

Memory Map of the image

  Image Entry point : 0x080000ed

  Load Region LR_IROM1 (Base: 0x08000000, Size: 0x000018f8, Max: 0x00010000, ABSOLUTE)

    Execution Region ER_IROM1 (Exec base: 0x08000000, Load base: 0x08000000, Size: 0x000018e0, Max: 0x00010000, ABSOLUTE)

    Exec Addr    Load Addr    Size         Type   Attr      Idx    E Section Name        Object

    0x08000000   0x08000000   0x000000ec   Data   RO            3    RESET               startup_stm32f103xb.o
    0x080000ec   0x080000ec   0x00000000   Code   RO         2006  * .ARM.Collect$$$$00000000  mc_w.l(entry.o)
    0x080000ec   0x080000ec   0x00000004   Code   RO         2037    .ARM.Collect$$$$00000001  mc_w.l(entry2.o)
    0x080000f0   0x080000f0   0x00000004   Code   RO         2040    .ARM.Collect$$$$00000004  mc_w.l(entry5.o)
    0x080000f4   0x080000f4   0x00000000   Code   RO         2042    .ARM.Collect$$$$00000008  mc_w.l(entry7b.o)
    0x080000f4   0x080000f4   0x00000000   Code   RO         2044    .ARM.Collect$$$$0000000A  mc_w.l(entry8b.o)
    0x080000f4   0x080000f4   0x00000008   Code   RO         2045    .ARM.Collect$$$$0000000B  mc_w.l(entry9a.o)
    0x080000fc   0x080000fc   0x00000000   Code   RO         2047    .ARM.Collect$$$$0000000D  mc_w.l(entry10a.o)
    0x080000fc   0x080000fc   0x00000000   Code   RO         2049    .ARM.Collect$$$$0000000F  mc_w.l(entry11a.o)
    0x080000fc   0x080000fc   0x00000004   Code   RO         2038    .ARM.Collect$$$$00002712  mc_w.l(entry2.o)
    0x08000100   0x08000100   0x00000024   Code   RO            4    .text               startup_stm32f103xb.o
    0x08000124   0x08000124   0x00000024   Code   RO         2011    .text               mc_w.l(memseta.o)
    0x08000148   0x08000148   0x00000024   Code   RO         2056    .text               mc_w.l(init.o)
    0x0800016c   0x0800016c   0x00000002   Code   RO          186    i.BusFault_Handler  stm32f1xx_it.o
    0x0800016e   0x0800016e   0x00000002   Code   RO          187    i.DebugMon_Handler  stm32f1xx_it.o
    0x08000170   0x08000170   0x0000000c   Code   RO         1685    i.GetCurrentFont    lkdguifont.o
    0x0800017c   0x0800017c   0x00000004   Code   RO         1981    i.GetDfontData      userfontport.o
    0x08000180   0x08000180   0x00000038   Code   RO         1951    i.GetFontASCII_6_12  ascii_6_12.o
    0x080001b8   0x080001b8   0x0000000a   Code   RO         1982    i.GetSfontData      userfontport.o
    0x080001c2   0x080001c2   0x00000002   PAD
    0x080001c4   0x080001c4   0x0000002c   Code   RO         1686    i.GetTextPixLen     lkdguifont.o
    0x080001f0   0x080001f0   0x000000cc   Code   RO         1542    i.GuiBitMap         lkdguibasic.o
    0x080002bc   0x080002bc   0x00000112   Code   RO         1655    i.GuiButton         lkdguicontrol.o
    0x080003ce   0x080003ce   0x0000000e   Code   RO         1901    i.GuiDrawPoint      lcddriverport.o
    0x080003dc   0x080003dc   0x00000010   Code   RO         1617    i.GuiExchangeColor  lkdguicolour.o
    0x080003ec   0x080003ec   0x0000003c   Code   RO         1543    i.GuiFillRect       lkdguibasic.o
    0x08000428   0x08000428   0x0000000c   Code   RO         1689    i.GuiFontSet        lkdguifont.o
    0x08000434   0x08000434   0x0000000c   Code   RO         1618    i.GuiGetForecolor   lkdguicolour.o
    0x08000440   0x08000440   0x0000000c   Code   RO         1619    i.GuiGetbackcolor   lkdguicolour.o
    0x0800044c   0x0800044c   0x0000000c   Code   RO         1544    i.GuiHLine          lkdguibasic.o
    0x08000458   0x08000458   0x00000054   Code   RO         1545    i.GuiHPointLine     lkdguibasic.o
    0x080004ac   0x080004ac   0x0000000c   Code   RO         1547    i.GuiRLine          lkdguibasic.o
    0x080004b8   0x080004b8   0x00000056   Code   RO         1548    i.GuiRPointLine     lkdguibasic.o
    0x0800050e   0x0800050e   0x00000044   Code   RO         1549    i.GuiRect           lkdguibasic.o
    0x08000552   0x08000552   0x00000002   PAD
    0x08000554   0x08000554   0x00000080   Code   RO         1690    i.GuiRowText        lkdguifont.o
    0x080005d4   0x080005d4   0x0000000c   Code   RO         1620    i.GuiSetForecolor   lkdguicolour.o
    0x080005e0   0x080005e0   0x0000000c   Code   RO         1621    i.GuiSetbackcolor   lkdguicolour.o
    0x080005ec   0x080005ec   0x000000d8   Code   RO         1691    i.GuiText           lkdguifont.o
    0x080006c4   0x080006c4   0x00000004   Code   RO         1904    i.GuiUpdateDisplayAll  lcddriverport.o
    0x080006c8   0x080006c8   0x0000001c   Code   RO         1856    i.GuiWinDisplay     lkdguiwin.o
    0x080006e4   0x080006e4   0x00000024   Code   RO          364    i.HAL_Delay         stm32f1xx_hal.o
    0x08000708   0x08000708   0x000001e0   Code   RO          672    i.HAL_GPIO_Init     stm32f1xx_hal_gpio.o
    0x080008e8   0x080008e8   0x0000000a   Code   RO          676    i.HAL_GPIO_WritePin  stm32f1xx_hal_gpio.o
    0x080008f2   0x080008f2   0x00000002   PAD
    0x080008f4   0x080008f4   0x0000000c   Code   RO          368    i.HAL_GetTick       stm32f1xx_hal.o
    0x08000900   0x08000900   0x00000010   Code   RO          374    i.HAL_IncTick       stm32f1xx_hal.o
    0x08000910   0x08000910   0x00000024   Code   RO          375    i.HAL_Init          stm32f1xx_hal.o
    0x08000934   0x08000934   0x00000040   Code   RO          376    i.HAL_InitTick      stm32f1xx_hal.o
    0x08000974   0x08000974   0x0000003c   Code   RO          261    i.HAL_MspInit       stm32f1xx_hal_msp.o
    0x080009b0   0x080009b0   0x00000040   Code   RO          838    i.HAL_NVIC_SetPriority  stm32f1xx_hal_cortex.o
    0x080009f0   0x080009f0   0x00000024   Code   RO          839    i.HAL_NVIC_SetPriorityGrouping  stm32f1xx_hal_cortex.o
    0x08000a14   0x08000a14   0x0000012c   Code   RO          532    i.HAL_RCC_ClockConfig  stm32f1xx_hal_rcc.o
    0x08000b40   0x08000b40   0x0000006c   Code   RO          541    i.HAL_RCC_GetSysClockFreq  stm32f1xx_hal_rcc.o
    0x08000bac   0x08000bac   0x00000320   Code   RO          544    i.HAL_RCC_OscConfig  stm32f1xx_hal_rcc.o
    0x08000ecc   0x08000ecc   0x00000028   Code   RO          843    i.HAL_SYSTICK_Config  stm32f1xx_hal_cortex.o
    0x08000ef4   0x08000ef4   0x00000002   Code   RO          188    i.HardFault_Handler  stm32f1xx_it.o
    0x08000ef6   0x08000ef6   0x00000002   PAD
    0x08000ef8   0x08000ef8   0x00000048   Code   RO         1370    i.I2C_Start         oled.o
    0x08000f40   0x08000f40   0x00000048   Code   RO         1371    i.I2C_Stop          oled.o
    0x08000f88   0x08000f88   0x00000028   Code   RO         1372    i.I2C_WaitAck       oled.o
    0x08000fb0   0x08000fb0   0x00000094   Code   RO           14    i.LkdGuiDemo        main.o
    0x08001044   0x08001044   0x0000009c   Code   RO          162    i.MX_GPIO_Init      gpio.o
    0x080010e0   0x080010e0   0x00000002   Code   RO          189    i.MemManage_Handler  stm32f1xx_it.o
    0x080010e2   0x080010e2   0x00000002   Code   RO          190    i.NMI_Handler       stm32f1xx_it.o
    0x080010e4   0x080010e4   0x0000002c   Code   RO         1373    i.OLED_Clear        oled.o
    0x08001110   0x08001110   0x00000020   Code   RO         1374    i.OLED_ClearPoint   oled.o
    0x08001130   0x08001130   0x0000001c   Code   RO         1381    i.OLED_DrawPoint    oled.o
    0x0800114c   0x0800114c   0x000000ea   Code   RO         1382    i.OLED_Init         oled.o
    0x08001236   0x08001236   0x00000002   PAD
    0x08001238   0x08001238   0x0000004c   Code   RO         1384    i.OLED_Refresh      oled.o
    0x08001284   0x08001284   0x00000036   Code   RO         1392    i.OLED_WR_Byte      oled.o
    0x080012ba   0x080012ba   0x00000002   Code   RO          191    i.PendSV_Handler    stm32f1xx_it.o
    0x080012bc   0x080012bc   0x00000002   Code   RO          192    i.SVC_Handler       stm32f1xx_it.o
    0x080012be   0x080012be   0x00000002   PAD
    0x080012c0   0x080012c0   0x00000054   Code   RO         1393    i.Send_Byte         oled.o
    0x08001314   0x08001314   0x00000004   Code   RO          193    i.SysTick_Handler   stm32f1xx_it.o
    0x08001318   0x08001318   0x0000005c   Code   RO           15    i.SystemClock_Config  main.o
    0x08001374   0x08001374   0x00000002   Code   RO         1333    i.SystemInit        system_stm32f1xx.o
    0x08001376   0x08001376   0x00000002   Code   RO          194    i.UsageFault_Handler  stm32f1xx_it.o
    0x08001378   0x08001378   0x00000020   Code   RO          845    i.__NVIC_SetPriority  stm32f1xx_hal_cortex.o
    0x08001398   0x08001398   0x0000000e   Code   RO         2062    i.__scatterload_copy  mc_w.l(handlers.o)
    0x080013a6   0x080013a6   0x00000002   Code   RO         2063    i.__scatterload_null  mc_w.l(handlers.o)
    0x080013a8   0x080013a8   0x0000000e   Code   RO         2064    i.__scatterload_zeroinit  mc_w.l(handlers.o)
    0x080013b6   0x080013b6   0x00000002   PAD
    0x080013b8   0x080013b8   0x00000060   Code   RO         1983    i.defaultFontInit   userfontport.o
    0x08001418   0x08001418   0x00000010   Code   RO           16    i.main              main.o
    0x08001428   0x08001428   0x00000010   Data   RO         1334    .constdata          system_stm32f1xx.o
    0x08001438   0x08001438   0x00000008   Data   RO         1550    .constdata          lkdguibasic.o
    0x08001440   0x08001440   0x00000480   Data   RO         1952    .constdata          ascii_6_12.o
    0x080018c0   0x080018c0   0x00000020   Data   RO         2060    Region$$Table       anon$$obj.o


    Execution Region RW_IRAM1 (Exec base: 0x20000000, Load base: 0x080018e0, Size: 0x00000908, Max: 0x00005000, ABSOLUTE)

    Exec Addr    Load Addr    Size         Type   Attr      Idx    E Section Name        Object

    0x20000000   0x080018e0   0x0000000c   Data   RW          382    .data               stm32f1xx_hal.o
    0x2000000c   0x080018ec   0x00000004   Data   RW         1336    .data               system_stm32f1xx.o
    0x20000010   0x080018f0   0x00000002   Data   RW         1622    .data               lkdguicolour.o
    0x20000012   0x080018f2   0x00000002   PAD
    0x20000014   0x080018f4   0x00000004   Data   RW         1692    .data               lkdguifont.o
    0x20000018        -       0x00000480   Zero   RW         1395    .bss                oled.o
    0x20000498        -       0x00000044   Zero   RW         1859    .bss                lkdguiwin.o
    0x200004dc        -       0x0000002c   Zero   RW         1984    .bss                userfontport.o
    0x20000508        -       0x00000400   Zero   RW            1    STACK               startup_stm32f103xb.o


==============================================================================

Image component sizes


      Code (inc. data)   RO Data    RW Data    ZI Data      Debug   Object Name

        56          4       1152          0          0       1357   ascii_6_12.o
       156         14          0          0          0        871   gpio.o
        18          0          0          0          0        977   lcddriverport.o
       526          6          8          0          0       7999   lkdguibasic.o
        64         28          0          2          0       2527   lkdguicolour.o
       274          0          0          0          0       1320   lkdguicontrol.o
       412         28          0          4          0       3857   lkdguifont.o
        28          4          0          0         68        640   lkdguiwin.o
       256         14          0          0          0     383593   main.o
       736         48          0          0       1152       6413   oled.o
        36          8        236          0       1024        772   startup_stm32f103xb.o
       164         28          0         12          0       5653   stm32f1xx_hal.o
       172         14          0          0          0      28130   stm32f1xx_hal_cortex.o
       490         34          0          0          0       2796   stm32f1xx_hal_gpio.o
        60          8          0          0          0        810   stm32f1xx_hal_msp.o
      1208         76          0          0          0       3942   stm32f1xx_hal_rcc.o
        20          0          0          0          0       3590   stm32f1xx_it.o
         2          0         16          4          0       1023   system_stm32f1xx.o
       110         42          0          0         44       2020   userfontport.o

    ----------------------------------------------------------------------
      4800        356       1444         24       2288     458290   Object Totals
         0          0         32          0          0          0   (incl. Generated)
        12          0          0          2          0          0   (incl. Padding)

    ----------------------------------------------------------------------

      Code (inc. data)   RO Data    RW Data    ZI Data      Debug   Library Member Name

         0          0          0          0          0          0   entry.o
         0          0          0          0          0          0   entry10a.o
         0          0          0          0          0          0   entry11a.o
         8          4          0          0          0          0   entry2.o
         4          0          0          0          0          0   entry5.o
         0          0          0          0          0          0   entry7b.o
         0          0          0          0          0          0   entry8b.o
         8          4          0          0          0          0   entry9a.o
        30          0          0          0          0          0   handlers.o
        36          8          0          0          0         68   init.o
        36          0          0          0          0        108   memseta.o

    ----------------------------------------------------------------------
       124         16          0          0          0        176   Library Totals
         2          0          0          0          0          0   (incl. Padding)

    ----------------------------------------------------------------------

      Code (inc. data)   RO Data    RW Data    ZI Data      Debug   Library Name

       122         16          0          0          0        176   mc_w.l

    ----------------------------------------------------------------------
       124         16          0          0          0        176   Library Totals

    ----------------------------------------------------------------------

==============================================================================


      Code (inc. data)   RO Data    RW Data    ZI Data      Debug   

      4924        372       1444         24       2288     455602   Grand Totals
      4924        372       1444         24       2288     455602   ELF Image Totals
      4924        372       1444         24          0          0   ROM Totals

==============================================================================

    Total RO  Size (Code + RO Data)                 6368 (   6.22kB)
    Total RW  Size (RW Data + ZI Data)              2312 (   2.26kB)
    Total ROM Size (Code + RO Data + RW Data)       6392 (   6.24kB)

==============================================================================

