Component: ARM Compiler 5.06 update 6 (build 750) Tool: armlink [4d35ed]

==============================================================================

Section Cross References

    main.o(i.GPIOSetMutiValue) refers to stm32f10x_gpio.o(i.GPIO_SetBits) for GPIO_SetBits
    main.o(i.GPIOSetMutiValue) refers to stm32f10x_gpio.o(i.GPIO_ResetBits) for GPIO_ResetBits
    main.o(i.GPIO_Configuration) refers to stm32f10x_rcc.o(i.RCC_APB2PeriphClockCmd) for RCC_APB2PeriphClockCmd
    main.o(i.GPIO_Configuration) refers to stm32f10x_gpio.o(i.GPIO_Init) for GPIO_Init
    main.o(i.coposs_DS18B20) refers to main.o(i.chappross) for chappross
    main.o(i.coposs_DS18B20) refers to 18b20.o(.data) for temp_aa
    main.o(i.coposs_DS18B20) refers to main.o(.data) for ram
    main.o(i.coposs_DS18B20) refers to main.o(.bss) for DisplayByte
    main.o(i.coposs_distance) refers to main.o(i.chappross) for chappross
    main.o(i.coposs_distance) refers to main.o(.bss) for tem
    main.o(i.coposs_speed) refers to main.o(i.chappross) for chappross
    main.o(i.coposs_speed) refers to main.o(.bss) for tem
    main.o(i.main) refers to delay.o(i.delay_init) for delay_init
    main.o(i.main) refers to misc.o(i.NVIC_PriorityGroupConfig) for NVIC_PriorityGroupConfig
    main.o(i.main) refers to oled.o(i.LCD_Init) for LCD_Init
    main.o(i.main) refers to adc.o(i.ADC_Configuration) for ADC_Configuration
    main.o(i.main) refers to velocity.o(i.EXTIX_Init) for EXTIX_Init
    main.o(i.main) refers to pwm.o(i.COMTIM_Configuration) for COMTIM_Configuration
    main.o(i.main) refers to velocity.o(i.TIM2_Configuration) for TIM2_Configuration
    main.o(i.main) refers to time.o(i.TIM3_Cap_Init) for TIM3_Cap_Init
    main.o(i.main) refers to ultrasonic.o(i.beep_Init) for beep_Init
    main.o(i.main) refers to ultrasonic.o(i.Ultrasonic_Init) for Ultrasonic_Init
    main.o(i.main) refers to oled.o(i.clrscr) for clrscr
    main.o(i.main) refers to pwm.o(i.COMTIM_SetPwm) for COMTIM_SetPwm
    main.o(i.main) refers to onewire.o(i.Onewire_Enable_GPIO_Port) for Onewire_Enable_GPIO_Port
    main.o(i.main) refers to 18b20.o(i.readID) for readID
    main.o(i.main) refers to 18b20.o(i.readTemp) for readTemp
    main.o(i.main) refers to oled.o(i.Draw_word) for Draw_word
    main.o(i.main) refers to main.o(i.coposs_DS18B20) for coposs_DS18B20
    main.o(i.main) refers to ultrasonic.o(i.distance) for distance
    main.o(i.main) refers to main.o(i.coposs_distance) for coposs_distance
    main.o(i.main) refers to adc.o(i.ADC_GetVoltageVal) for ADC_GetVoltageVal
    main.o(i.main) refers to main.o(i.coposs_speed) for coposs_speed
    main.o(i.main) refers to main.o(.data) for p
    main.o(i.main) refers to main.o(.bss) for tem
    main.o(i.main) refers to velocity.o(.data) for Buff_1
    adc.o(i.ADC_Configuration) refers to stm32f10x_rcc.o(i.RCC_APB2PeriphClockCmd) for RCC_APB2PeriphClockCmd
    adc.o(i.ADC_Configuration) refers to stm32f10x_gpio.o(i.GPIO_Init) for GPIO_Init
    adc.o(i.ADC_Configuration) refers to stm32f10x_adc.o(i.ADC_DeInit) for ADC_DeInit
    adc.o(i.ADC_Configuration) refers to stm32f10x_rcc.o(i.RCC_ADCCLKConfig) for RCC_ADCCLKConfig
    adc.o(i.ADC_Configuration) refers to stm32f10x_adc.o(i.ADC_Init) for ADC_Init
    adc.o(i.ADC_Configuration) refers to stm32f10x_adc.o(i.ADC_RegularChannelConfig) for ADC_RegularChannelConfig
    adc.o(i.ADC_Configuration) refers to stm32f10x_adc.o(i.ADC_Cmd) for ADC_Cmd
    adc.o(i.ADC_Configuration) refers to stm32f10x_adc.o(i.ADC_StartCalibration) for ADC_StartCalibration
    adc.o(i.ADC_Configuration) refers to stm32f10x_adc.o(i.ADC_DMACmd) for ADC_DMACmd
    adc.o(i.ADC_Configuration) refers to adc.o(i.adcDmaConfig) for adcDmaConfig
    adc.o(i.ADC_Configuration) refers to stm32f10x_adc.o(i.ADC_SoftwareStartConvCmd) for ADC_SoftwareStartConvCmd
    adc.o(i.ADC_GetVoltageVal) refers to adc.o(i.adcSelChVal) for adcSelChVal
    adc.o(i.adcDmaConfig) refers to stm32f10x_rcc.o(i.RCC_AHBPeriphClockCmd) for RCC_AHBPeriphClockCmd
    adc.o(i.adcDmaConfig) refers to stm32f10x_dma.o(i.DMA_Init) for DMA_Init
    adc.o(i.adcDmaConfig) refers to stm32f10x_dma.o(i.DMA_Cmd) for DMA_Cmd
    adc.o(i.adcDmaConfig) refers to adc.o(.bss) for adcConvVal
    adc.o(i.adcSelChVal) refers to adc.o(.bss) for adcConvVal
    ds18b20.o(i.DS18B20_Answer_Check) refers to ds18b20.o(i.DS18B20_Mode_IPU) for DS18B20_Mode_IPU
    ds18b20.o(i.DS18B20_Answer_Check) refers to ds18b20.o(i.delay_nus) for delay_nus
    ds18b20.o(i.DS18B20_Answer_Check) refers to stm32f10x_gpio.o(i.GPIO_ReadInputDataBit) for GPIO_ReadInputDataBit
    ds18b20.o(i.DS18B20_GPIO_Config) refers to stm32f10x_rcc.o(i.RCC_APB2PeriphClockCmd) for RCC_APB2PeriphClockCmd
    ds18b20.o(i.DS18B20_GPIO_Config) refers to stm32f10x_gpio.o(i.GPIO_PinRemapConfig) for GPIO_PinRemapConfig
    ds18b20.o(i.DS18B20_GPIO_Config) refers to stm32f10x_gpio.o(i.GPIO_Init) for GPIO_Init
[...]
    Removing stm32f10x_spi.o(i.SPI_CalculateCRC), (24 bytes).
    Removing stm32f10x_spi.o(i.SPI_Cmd), (24 bytes).
    Removing stm32f10x_spi.o(i.SPI_DataSizeConfig), (18 bytes).
    Removing stm32f10x_spi.o(i.SPI_GetCRC), (16 bytes).
    Removing stm32f10x_spi.o(i.SPI_GetCRCPolynomial), (6 bytes).
    Removing stm32f10x_spi.o(i.SPI_I2S_ClearFlag), (6 bytes).
    Removing stm32f10x_spi.o(i.SPI_I2S_ClearITPendingBit), (20 bytes).
    Removing stm32f10x_spi.o(i.SPI_I2S_DMACmd), (18 bytes).
    Removing stm32f10x_spi.o(i.SPI_I2S_DeInit), (88 bytes).
    Removing stm32f10x_spi.o(i.SPI_I2S_GetFlagStatus), (18 bytes).
    Removing stm32f10x_spi.o(i.SPI_I2S_GetITStatus), (52 bytes).
    Removing stm32f10x_spi.o(i.SPI_I2S_ITConfig), (32 bytes).
    Removing stm32f10x_spi.o(i.SPI_I2S_ReceiveData), (6 bytes).
    Removing stm32f10x_spi.o(i.SPI_I2S_SendData), (4 bytes).
    Removing stm32f10x_spi.o(i.SPI_Init), (60 bytes).
    Removing stm32f10x_spi.o(i.SPI_NSSInternalSoftwareConfig), (30 bytes).
    Removing stm32f10x_spi.o(i.SPI_SSOutputCmd), (24 bytes).
    Removing stm32f10x_spi.o(i.SPI_StructInit), (24 bytes).
    Removing stm32f10x_spi.o(i.SPI_TransmitCRC), (10 bytes).
    Removing stm32f10x_tim.o(i.TIM_BDTRConfig), (32 bytes).
    Removing stm32f10x_tim.o(i.TIM_BDTRStructInit), (18 bytes).
    Removing stm32f10x_tim.o(i.TIM_CCPreloadControl), (24 bytes).
    Removing stm32f10x_tim.o(i.TIM_CCxCmd), (30 bytes).
    Removing stm32f10x_tim.o(i.TIM_CCxNCmd), (30 bytes).
    Removing stm32f10x_tim.o(i.TIM_ClearFlag), (6 bytes).
    Removing stm32f10x_tim.o(i.TIM_ClearOC1Ref), (18 bytes).
    Removing stm32f10x_tim.o(i.TIM_ClearOC2Ref), (24 bytes).
    Removing stm32f10x_tim.o(i.TIM_ClearOC3Ref), (18 bytes).
    Removing stm32f10x_tim.o(i.TIM_ClearOC4Ref), (24 bytes).
    Removing stm32f10x_tim.o(i.TIM_CounterModeConfig), (18 bytes).
    Removing stm32f10x_tim.o(i.TIM_DMACmd), (18 bytes).
    Removing stm32f10x_tim.o(i.TIM_DMAConfig), (10 bytes).
    Removing stm32f10x_tim.o(i.TIM_DeInit), (488 bytes).
    Removing stm32f10x_tim.o(i.TIM_ETRClockMode1Config), (54 bytes).
    Removing stm32f10x_tim.o(i.TIM_ETRClockMode2Config), (32 bytes).
    Removing stm32f10x_tim.o(i.TIM_ETRConfig), (28 bytes).
    Removing stm32f10x_tim.o(i.TIM_EncoderInterfaceConfig), (66 bytes).
    Removing stm32f10x_tim.o(i.TIM_ForcedOC1Config), (18 bytes).
    Removing stm32f10x_tim.o(i.TIM_ForcedOC2Config), (26 bytes).
    Removing stm32f10x_tim.o(i.TIM_ForcedOC3Config), (18 bytes).
    Removing stm32f10x_tim.o(i.TIM_ForcedOC4Config), (26 bytes).
    Removing stm32f10x_tim.o(i.TIM_GenerateEvent), (4 bytes).
    Removing stm32f10x_tim.o(i.TIM_GetCapture2), (6 bytes).
    Removing stm32f10x_tim.o(i.TIM_GetCapture3), (6 bytes).
    Removing stm32f10x_tim.o(i.TIM_GetCapture4), (8 bytes).
    Removing stm32f10x_tim.o(i.TIM_GetCounter), (6 bytes).
    Removing stm32f10x_tim.o(i.TIM_GetFlagStatus), (18 bytes).
    Removing stm32f10x_tim.o(i.TIM_GetPrescaler), (6 bytes).
    Removing stm32f10x_tim.o(i.TIM_ICStructInit), (18 bytes).
    Removing stm32f10x_tim.o(i.TIM_ITRxExternalClockConfig), (24 bytes).
    Removing stm32f10x_tim.o(i.TIM_InternalClockConfig), (12 bytes).
    Removing stm32f10x_tim.o(i.TIM_OC1FastConfig), (18 bytes).
    Removing stm32f10x_tim.o(i.TIM_OC1NPolarityConfig), (18 bytes).
    Removing stm32f10x_tim.o(i.TIM_OC2FastConfig), (26 bytes).
    Removing stm32f10x_tim.o(i.TIM_OC2Init), (164 bytes).
    Removing stm32f10x_tim.o(i.TIM_OC2NPolarityConfig), (26 bytes).
    Removing stm32f10x_tim.o(i.TIM_OC2PolarityConfig), (26 bytes).
    Removing stm32f10x_tim.o(i.TIM_OC2PreloadConfig), (26 bytes).
    Removing stm32f10x_tim.o(i.TIM_OC3FastConfig), (18 bytes).
    Removing stm32f10x_tim.o(i.TIM_OC3Init), (160 bytes).
    Removing stm32f10x_tim.o(i.TIM_OC3NPolarityConfig), (26 bytes).
    Removing stm32f10x_tim.o(i.TIM_OC3PolarityConfig), (26 bytes).
    Removing stm32f10x_tim.o(i.TIM_OC3PreloadConfig), (18 bytes).
    Removing stm32f10x_tim.o(i.TIM_OC4FastConfig), (26 bytes).
    Removing stm32f10x_tim.o(i.TIM_OC4Init), (124 bytes).
    Removing stm32f10x_tim.o(i.TIM_OC4PolarityConfig), (26 bytes).
    Removing stm32f10x_tim.o(i.TIM_OC4PreloadConfig), (26 bytes).
    Removing stm32f10x_tim.o(i.TIM_OCStructInit), (20 bytes).
    Removing stm32f10x_tim.o(i.TIM_PWMIConfig), (124 bytes).
    Removing stm32f10x_tim.o(i.TIM_PrescalerConfig), (6 bytes).
    Removing stm32f10x_tim.o(i.TIM_SelectCCDMA), (24 bytes).
    Removing stm32f10x_tim.o(i.TIM_SelectCOM), (24 bytes).
    Removing stm32f10x_tim.o(i.TIM_SelectHallSensor), (24 bytes).
    Removing stm32f10x_tim.o(i.TIM_SelectInputTrigger), (18 bytes).
    Removing stm32f10x_tim.o(i.TIM_SelectMasterSlaveMode), (18 bytes).
    Removing stm32f10x_tim.o(i.TIM_SelectOCxM), (82 bytes).
    Removing stm32f10x_tim.o(i.TIM_SelectOnePulseMode), (18 bytes).
    Removing stm32f10x_tim.o(i.TIM_SelectOutputTrigger), (18 bytes).
    Removing stm32f10x_tim.o(i.TIM_SelectSlaveMode), (18 bytes).
    Removing stm32f10x_tim.o(i.TIM_SetAutoreload), (4 bytes).
    Removing stm32f10x_tim.o(i.TIM_SetClockDivision), (18 bytes).
    Removing stm32f10x_tim.o(i.TIM_SetCompare1), (4 bytes).
    Removing stm32f10x_tim.o(i.TIM_SetCompare2), (4 bytes).
    Removing stm32f10x_tim.o(i.TIM_SetCompare3), (4 bytes).
    Removing stm32f10x_tim.o(i.TIM_SetCompare4), (6 bytes).
    Removing stm32f10x_tim.o(i.TIM_TIxExternalClockConfig), (62 bytes).
    Removing stm32f10x_tim.o(i.TIM_TimeBaseStructInit), (18 bytes).
    Removing stm32f10x_tim.o(i.TIM_UpdateDisableConfig), (24 bytes).
    Removing stm32f10x_tim.o(i.TIM_UpdateRequestConfig), (24 bytes).
    Removing stm32f10x_usart.o(i.USART_ClockInit), (34 bytes).
    Removing stm32f10x_usart.o(i.USART_ClockStructInit), (12 bytes).
    Removing stm32f10x_usart.o(i.USART_Cmd), (24 bytes).
    Removing stm32f10x_usart.o(i.USART_DMACmd), (18 bytes).
    Removing stm32f10x_usart.o(i.USART_DeInit), (156 bytes).
    Removing stm32f10x_usart.o(i.USART_GetFlagStatus), (26 bytes).
    Removing stm32f10x_usart.o(i.USART_HalfDuplexCmd), (24 bytes).
    Removing stm32f10x_usart.o(i.USART_ITConfig), (74 bytes).
    Removing stm32f10x_usart.o(i.USART_Init), (216 bytes).
    Removing stm32f10x_usart.o(i.USART_IrDACmd), (24 bytes).
    Removing stm32f10x_usart.o(i.USART_IrDAConfig), (18 bytes).
    Removing stm32f10x_usart.o(i.USART_LINBreakDetectLengthConfig), (18 bytes).
    Removing stm32f10x_usart.o(i.USART_LINCmd), (24 bytes).
    Removing stm32f10x_usart.o(i.USART_OneBitMethodCmd), (24 bytes).
    Removing stm32f10x_usart.o(i.USART_OverSampling8Cmd), (22 bytes).
    Removing stm32f10x_usart.o(i.USART_ReceiveData), (10 bytes).
    Removing stm32f10x_usart.o(i.USART_ReceiverWakeUpCmd), (24 bytes).
    Removing stm32f10x_usart.o(i.USART_SendBreak), (10 bytes).
    Removing stm32f10x_usart.o(i.USART_SendData), (8 bytes).
    Removing stm32f10x_usart.o(i.USART_SetAddress), (18 bytes).
    Removing stm32f10x_usart.o(i.USART_SetGuardTime), (16 bytes).
    Removing stm32f10x_usart.o(i.USART_SetPrescaler), (16 bytes).
    Removing stm32f10x_usart.o(i.USART_SmartCardCmd), (24 bytes).
    Removing stm32f10x_usart.o(i.USART_SmartCardNACKCmd), (24 bytes).
    Removing stm32f10x_usart.o(i.USART_StructInit), (24 bytes).
    Removing stm32f10x_usart.o(i.USART_WakeUpConfig), (18 bytes).
    Removing stm32f10x_wwdg.o(i.WWDG_ClearFlag), (12 bytes).
    Removing stm32f10x_wwdg.o(i.WWDG_DeInit), (22 bytes).
    Removing stm32f10x_wwdg.o(i.WWDG_Enable), (16 bytes).
    Removing stm32f10x_wwdg.o(i.WWDG_EnableIT), (12 bytes).
    Removing stm32f10x_wwdg.o(i.WWDG_GetFlagStatus), (12 bytes).
    Removing stm32f10x_wwdg.o(i.WWDG_SetCounter), (16 bytes).
    Removing stm32f10x_wwdg.o(i.WWDG_SetPrescaler), (24 bytes).
    Removing stm32f10x_wwdg.o(i.WWDG_SetWindowValue), (40 bytes).
    Removing sys.o(i.NVIC_Configuration), (2 bytes).
    Removing sys.o(i.RCC_Configuration), (106 bytes).
    Removing usart.o(i.GetKey), (32 bytes).
    Removing usart.o(i.Printf), (48 bytes).
    Removing usart.o(i.UART1_Init), (168 bytes).
    Removing usart.o(i.UART1_String_Send), (48 bytes).
    Removing usart.o(i.UART2_Init), (168 bytes).
    Removing usart.o(i.UART2_String_Send), (48 bytes).
    Removing usart.o(i.UART3_Init), (2 bytes).
    Removing usart.o(i.UART3_String_Send), (48 bytes).
    Removing usart.o(i.UART4_IRQHandler), (84 bytes).
    Removing usart.o(i.UART4_Init), (2 bytes).
    Removing usart.o(i.UART4_String_Send), (48 bytes).
    Removing usart.o(i.UART5_IRQHandler), (84 bytes).
    Removing usart.o(i.UART5_Init), (2 bytes).
    Removing usart.o(i.UART5_String_Send), (48 bytes).
    Removing usart.o(i.USART3_IRQHandler), (84 bytes).
    Removing usart.o(i.Uart1_Send), (28 bytes).
    Removing usart.o(i.Uart1_Send_Byte), (36 bytes).
    Removing usart.o(i.Uart2_Send), (28 bytes).
    Removing usart.o(i.Uart2_Send_Byte), (36 bytes).
    Removing usart.o(i.Uart3_Send), (28 bytes).
    Removing usart.o(i.Uart3_Send_Byte), (36 bytes).
    Removing usart.o(i.Uart4_Send), (28 bytes).
    Removing usart.o(i.Uart4_Send_Byte), (36 bytes).
    Removing usart.o(i.Uart5_Send), (28 bytes).
    Removing usart.o(i.Uart5_Send_Byte), (36 bytes).
    Removing usart.o(i.fputc), (36 bytes).

478 unused section(s) (total 19443 bytes) removed from the image.

==============================================================================

Image Symbol Table

    Local Symbols

    Symbol Name                              Value     Ov Type        Size  Object(Section)

    ../clib/angel/boardlib.s                 0x00000000   Number         0  boardinit1.o ABSOLUTE
    ../clib/angel/boardlib.s                 0x00000000   Number         0  boardshut.o ABSOLUTE
    ../clib/angel/boardlib.s                 0x00000000   Number         0  boardinit2.o ABSOLUTE
    ../clib/angel/boardlib.s                 0x00000000   Number         0  boardinit3.o ABSOLUTE
    ../clib/angel/dczerorl2.s                0x00000000   Number         0  __dczerorl2.o ABSOLUTE
    ../clib/angel/handlers.s                 0x00000000   Number         0  __scatter_zi.o ABSOLUTE
    ../clib/angel/kernel.s                   0x00000000   Number         0  __rtentry.o ABSOLUTE
    ../clib/angel/kernel.s                   0x00000000   Number         0  __rtentry2.o ABSOLUTE
    ../clib/angel/kernel.s                   0x00000000   Number         0  __rtentry4.o ABSOLUTE
    ../clib/angel/kernel.s                   0x00000000   Number         0  rtexit2.o ABSOLUTE
    ../clib/angel/kernel.s                   0x00000000   Number         0  rtexit.o ABSOLUTE
    ../clib/angel/rt.s                       0x00000000   Number         0  rt_raise.o ABSOLUTE
    ../clib/angel/scatter.s                  0x00000000   Number         0  __scatter.o ABSOLUTE
    ../clib/angel/startup.s                  0x00000000   Number         0  __main.o ABSOLUTE
    ../clib/angel/sys.s                      0x00000000   Number         0  indicate_semi.o ABSOLUTE
    ../clib/angel/sys.s                      0x00000000   Number         0  sys_stackheap_outer.o ABSOLUTE
    ../clib/angel/sys.s                      0x00000000   Number         0  use_no_semi.o ABSOLUTE
    ../clib/angel/sys.s                      0x00000000   Number         0  libspace.o ABSOLUTE
    ../clib/angel/sysapp.c                   0x00000000   Number         0  sys_wrch.o ABSOLUTE
    ../clib/angel/sysapp.c                   0x00000000   Number         0  sys_exit.o ABSOLUTE
    ../clib/angel/sysapp.c                   0x00000000   Number         0  sys_command.o ABSOLUTE
    ../clib/armsys.c                         0x00000000   Number         0  _get_argv_nomalloc.o ABSOLUTE
    ../clib/armsys.c                         0x00000000   Number         0  no_argv.o ABSOLUTE
    ../clib/armsys.c                         0x00000000   Number         0  argv_veneer.o ABSOLUTE
    ../clib/armsys.c                         0x00000000   Number         0  argv_veneer.o ABSOLUTE
    ../clib/heapalloc.c                      0x00000000   Number         0  hrguard.o ABSOLUTE
    ../clib/heapaux.c                        0x00000000   Number         0  heapauxi.o ABSOLUTE
    ../clib/libinit.s                        0x00000000   Number         0  libshutdown2.o ABSOLUTE
    ../clib/libinit.s                        0x00000000   Number         0  libshutdown.o ABSOLUTE
    ../clib/libinit.s                        0x00000000   Number         0  libinit2.o ABSOLUTE
    ../clib/libinit.s                        0x00000000   Number         0  libinit.o ABSOLUTE
    ../clib/signal.c                         0x00000000   Number         0  defsig_general.o ABSOLUTE
    ../clib/signal.c                         0x00000000   Number         0  defsig_abrt_inner.o ABSOLUTE
    ../clib/signal.c                         0x00000000   Number         0  __raise.o ABSOLUTE
    ../clib/signal.c                         0x00000000   Number         0  defsig_rtmem_inner.o ABSOLUTE
    ../clib/signal.c                         0x00000000   Number         0  defsig_exit.o ABSOLUTE
    ../clib/signal.c                         0x00000000   Number         0  defsig_rtmem_formal.o ABSOLUTE
    ../clib/signal.c                         0x00000000   Number         0  defsig_cppl_inner.o ABSOLUTE
    ../clib/signal.c                         0x00000000   Number         0  defsig_rtmem_outer.o ABSOLUTE
    ../clib/signal.c                         0x00000000   Number         0  defsig_other.o ABSOLUTE
    ../clib/signal.c                         0x00000000   Number         0  defsig_segv_inner.o ABSOLUTE
    ../clib/signal.c                         0x00000000   Number         0  defsig_pvfn_inner.o ABSOLUTE
    ../clib/signal.c                         0x00000000   Number         0  defsig_stak_inner.o ABSOLUTE
    ../clib/signal.c                         0x00000000   Number         0  defsig_rtred_inner.o ABSOLUTE
    ../clib/signal.c                         0x00000000   Number         0  defsig_fpe_inner.o ABSOLUTE
    ../clib/signal.s                         0x00000000   Number         0  defsig.o ABSOLUTE
    ../clib/stdlib.c                         0x00000000   Number         0  exit.o ABSOLUTE
    ../fplib/d2f.s                           0x00000000   Number         0  d2f.o ABSOLUTE
    ../fplib/dfixu.s                         0x00000000   Number         0  dfixu.o ABSOLUTE
    ../fplib/dflt.s                          0x00000000   Number         0  dflt_clz.o ABSOLUTE
    ../fplib/dmul.s                          0x00000000   Number         0  dmul.o ABSOLUTE
    ../fplib/dnaninf.s                       0x00000000   Number         0  dnaninf.o ABSOLUTE
    ../fplib/dretinf.s                       0x00000000   Number         0  dretinf.o ABSOLUTE
    ../fplib/f2d.s                           0x00000000   Number         0  f2d.o ABSOLUTE
    ../fplib/fdiv.s                          0x00000000   Number         0  fdiv.o ABSOLUTE
    ../fplib/ffixu.s                         0x00000000   Number         0  ffixu.o ABSOLUTE
    ../fplib/fflt.s                          0x00000000   Number         0  fflt_clz.o ABSOLUTE
    ../fplib/fmul.s                          0x00000000   Number         0  fmul.o ABSOLUTE
    ../fplib/fnaninf.s                       0x00000000   Number         0  fnaninf.o ABSOLUTE
    ../fplib/fpinit.s                        0x00000000   Number         0  fpinit.o ABSOLUTE
    ../fplib/fretinf.s                       0x00000000   Number         0  fretinf.o ABSOLUTE
    ../fplib/usenofp.s                       0x00000000   Number         0  usenofp.o ABSOLUTE
    Libraries\\core_cm3.c                    0x00000000   Number         0  core_cm3.o ABSOLUTE
    Libraries\core_cm3.c                     0x00000000   Number         0  core_cm3.o ABSOLUTE
    Libraries\src\misc.c                     0x00000000   Number         0  misc.o ABSOLUTE
    Libraries\src\stm32f10x_adc.c            0x00000000   Number         0  stm32f10x_adc.o ABSOLUTE
    Libraries\src\stm32f10x_bkp.c            0x00000000   Number         0  stm32f10x_bkp.o ABSOLUTE
    Libraries\src\stm32f10x_can.c            0x00000000   Number         0  stm32f10x_can.o ABSOLUTE
    Libraries\src\stm32f10x_cec.c            0x00000000   Number         0  stm32f10x_cec.o ABSOLUTE
    Libraries\src\stm32f10x_crc.c            0x00000000   Number         0  stm32f10x_crc.o ABSOLUTE
    Libraries\src\stm32f10x_dac.c            0x00000000   Number         0  stm32f10x_dac.o ABSOLUTE
    Libraries\src\stm32f10x_dbgmcu.c         0x00000000   Number         0  stm32f10x_dbgmcu.o ABSOLUTE
    Libraries\src\stm32f10x_dma.c            0x00000000   Number         0  stm32f10x_dma.o ABSOLUTE
    Libraries\src\stm32f10x_exti.c           0x00000000   Number         0  stm32f10x_exti.o ABSOLUTE
    Libraries\src\stm32f10x_flash.c          0x00000000   Number         0  stm32f10x_flash.o ABSOLUTE
    Libraries\src\stm32f10x_fsmc.c           0x00000000   Number         0  stm32f10x_fsmc.o ABSOLUTE
    Libraries\src\stm32f10x_gpio.c           0x00000000   Number         0  stm32f10x_gpio.o ABSOLUTE
    Libraries\src\stm32f10x_i2c.c            0x00000000   Number         0  stm32f10x_i2c.o ABSOLUTE
    Libraries\src\stm32f10x_iwdg.c           0x00000000   Number         0  stm32f10x_iwdg.o ABSOLUTE
    Libraries\src\stm32f10x_pwr.c            0x00000000   Number         0  stm32f10x_pwr.o ABSOLUTE
    Libraries\src\stm32f10x_rcc.c            0x00000000   Number         0  stm32f10x_rcc.o ABSOLUTE
    Libraries\src\stm32f10x_rtc.c            0x00000000   Number         0  stm32f10x_rtc.o ABSOLUTE
    Libraries\src\stm32f10x_sdio.c           0x00000000   Number         0  stm32f10x_sdio.o ABSOLUTE
    Libraries\src\stm32f10x_spi.c            0x00000000   Number         0  stm32f10x_spi.o ABSOLUTE
    Libraries\src\stm32f10x_tim.c            0x00000000   Number         0  stm32f10x_tim.o ABSOLUTE
    Libraries\src\stm32f10x_usart.c          0x00000000   Number         0  stm32f10x_usart.o ABSOLUTE
    Libraries\src\stm32f10x_wwdg.c           0x00000000   Number         0  stm32f10x_wwdg.o ABSOLUTE
    Libraries\startup_stm32f10x_ld.s         0x00000000   Number         0  startup_stm32f10x_ld.o ABSOLUTE
    Libraries\system_stm32f10x.c             0x00000000   Number         0  system_stm32f10x.o ABSOLUTE
    SYSTEM\Usart.c                           0x00000000   Number         0  usart.o ABSOLUTE
    SYSTEM\delay.c                           0x00000000   Number         0  delay.o ABSOLUTE
    SYSTEM\sys.c                             0x00000000   Number         0  sys.o ABSOLUTE
    USER\18B20.c                             0x00000000   Number         0  18b20.o ABSOLUTE
    USER\OLED.c                              0x00000000   Number         0  oled.o ABSOLUTE
    USER\OneWire.c                           0x00000000   Number         0  onewire.o ABSOLUTE
    USER\adc.c                               0x00000000   Number         0  adc.o ABSOLUTE
    USER\ds18b20.c                           0x00000000   Number         0  ds18b20.o ABSOLUTE
    USER\main.c                              0x00000000   Number         0  main.o ABSOLUTE
    USER\pwm.c                               0x00000000   Number         0  pwm.o ABSOLUTE
    USER\time.c                              0x00000000   Number         0  time.o ABSOLUTE
    USER\ultrasonic.c                        0x00000000   Number         0  ultrasonic.o ABSOLUTE
    USER\velocity.c                          0x00000000   Number         0  velocity.o ABSOLUTE
    dc.s                                     0x00000000   Number         0  dc.o ABSOLUTE
    RESET                                    0x08000000   Section      236  startup_stm32f10x_ld.o(RESET)
    !!!main                                  0x080000ec   Section        8  __main.o(!!!main)
    !!!scatter                               0x080000f4   Section       52  __scatter.o(!!!scatter)
    !!dczerorl2                              0x08000128   Section       90  __dczerorl2.o(!!dczerorl2)
    !!handler_zi                             0x08000184   Section       28  __scatter_zi.o(!!handler_zi)
    .ARM.Collect$$libinit$$00000000          0x080001a0   Section        2  libinit.o(.ARM.Collect$$libinit$$00000000)
    .ARM.Collect$$libinit$$00000002          0x080001a2   Section        0  libinit2.o(.ARM.Collect$$libinit$$00000002)
    .ARM.Collect$$libinit$$00000004          0x080001a2   Section        0  libinit2.o(.ARM.Collect$$libinit$$00000004)
    .ARM.Collect$$libinit$$0000000A          0x080001a2   Section        0  libinit2.o(.ARM.Collect$$libinit$$0000000A)
    .ARM.Collect$$libinit$$0000000C          0x080001a2   Section        0  libinit2.o(.ARM.Collect$$libinit$$0000000C)
    .ARM.Collect$$libinit$$0000000E          0x080001a2   Section        0  libinit2.o(.ARM.Collect$$libinit$$0000000E)
    .ARM.Collect$$libinit$$00000011          0x080001a2   Section        0  libinit2.o(.ARM.Collect$$libinit$$00000011)
    .ARM.Collect$$libinit$$00000013          0x080001a2   Section        0  libinit2.o(.ARM.Collect$$libinit$$00000013)
    .ARM.Collect$$libinit$$00000015          0x080001a2   Section        0  libinit2.o(.ARM.Collect$$libinit$$00000015)
    .ARM.Collect$$libinit$$00000017          0x080001a2   Section        0  libinit2.o(.ARM.Collect$$libinit$$00000017)
    .ARM.Collect$$libinit$$00000019          0x080001a2   Section        0  libinit2.o(.ARM.Collect$$libinit$$00000019)
    .ARM.Collect$$libinit$$0000001B          0x080001a2   Section        0  libinit2.o(.ARM.Collect$$libinit$$0000001B)
    .ARM.Collect$$libinit$$0000001D          0x080001a2   Section        0  libinit2.o(.ARM.Collect$$libinit$$0000001D)
    .ARM.Collect$$libinit$$0000001F          0x080001a2   Section        0  libinit2.o(.ARM.Collect$$libinit$$0000001F)
    .ARM.Collect$$libinit$$00000021          0x080001a2   Section        0  libinit2.o(.ARM.Collect$$libinit$$00000021)
    .ARM.Collect$$libinit$$00000023          0x080001a2   Section        0  libinit2.o(.ARM.Collect$$libinit$$00000023)
    .ARM.Collect$$libinit$$00000025          0x080001a2   Section        0  libinit2.o(.ARM.Collect$$libinit$$00000025)
    .ARM.Collect$$libinit$$0000002C          0x080001a2   Section        0  libinit2.o(.ARM.Collect$$libinit$$0000002C)
    .ARM.Collect$$libinit$$0000002E          0x080001a2   Section        0  libinit2.o(.ARM.Collect$$libinit$$0000002E)
    .ARM.Collect$$libinit$$00000030          0x080001a2   Section        0  libinit2.o(.ARM.Collect$$libinit$$00000030)
    .ARM.Collect$$libinit$$00000032          0x080001a2   Section        0  libinit2.o(.ARM.Collect$$libinit$$00000032)
    .ARM.Collect$$libinit$$00000033          0x080001a2   Section        2  libinit2.o(.ARM.Collect$$libinit$$00000033)
    .ARM.Collect$$libshutdown$$00000000      0x080001a4   Section        2  libshutdown.o(.ARM.Collect$$libshutdown$$00000000)
    .ARM.Collect$$libshutdown$$00000002      0x080001a6   Section        0  libshutdown2.o(.ARM.Collect$$libshutdown$$00000002)
    .ARM.Collect$$libshutdown$$00000004      0x080001a6   Section        0  libshutdown2.o(.ARM.Collect$$libshutdown$$00000004)
    .ARM.Collect$$libshutdown$$00000007      0x080001a6   Section        0  libshutdown2.o(.ARM.Collect$$libshutdown$$00000007)
    .ARM.Collect$$libshutdown$$0000000A      0x080001a6   Section        0  libshutdown2.o(.ARM.Collect$$libshutdown$$0000000A)
    .ARM.Collect$$libshutdown$$0000000C      0x080001a6   Section        0  libshutdown2.o(.ARM.Collect$$libshutdown$$0000000C)
    .ARM.Collect$$libshutdown$$0000000F      0x080001a6   Section        0  libshutdown2.o(.ARM.Collect$$libshutdown$$0000000F)
    .ARM.Collect$$libshutdown$$00000010      0x080001a6   Section        2  libshutdown2.o(.ARM.Collect$$libshutdown$$00000010)
    .ARM.Collect$$rtentry$$00000000          0x080001a8   Section        0  __rtentry.o(.ARM.Collect$$rtentry$$00000000)
    .ARM.Collect$$rtentry$$00000002          0x080001a8   Section        0  __rtentry2.o(.ARM.Collect$$rtentry$$00000002)
    .ARM.Collect$$rtentry$$00000004          0x080001a8   Section        6  __rtentry4.o(.ARM.Collect$$rtentry$$00000004)
    .ARM.Collect$$rtentry$$00000009          0x080001ae   Section        0  __rtentry2.o(.ARM.Collect$$rtentry$$00000009)
    .ARM.Collect$$rtentry$$0000000A          0x080001ae   Section        4  __rtentry2.o(.ARM.Collect$$rtentry$$0000000A)
    .ARM.Collect$$rtentry$$0000000C          0x080001b2   Section        0  __rtentry2.o(.ARM.Collect$$rtentry$$0000000C)
    .ARM.Collect$$rtentry$$0000000D          0x080001b2   Section        8  __rtentry2.o(.ARM.Collect$$rtentry$$0000000D)
    .ARM.Collect$$rtexit$$00000000           0x080001ba   Section        2  rtexit.o(.ARM.Collect$$rtexit$$00000000)
    .ARM.Collect$$rtexit$$00000002           0x080001bc   Section        0  rtexit2.o(.ARM.Collect$$rtexit$$00000002)
    .ARM.Collect$$rtexit$$00000003           0x080001bc   Section        4  rtexit2.o(.ARM.Collect$$rtexit$$00000003)
    .ARM.Collect$$rtexit$$00000004           0x080001c0   Section        6  rtexit2.o(.ARM.Collect$$rtexit$$00000004)
    .text                                    0x080001c8   Section       64  startup_stm32f10x_ld.o(.text)
    .text                                    0x08000208   Section        0  heapauxi.o(.text)
    .text                                    0x0800020e   Section       74  sys_stackheap_outer.o(.text)
    .text                                    0x08000258   Section        0  exit.o(.text)
    .text                                    0x0800026c   Section        8  libspace.o(.text)
    .text                                    0x08000274   Section        0  sys_exit.o(.text)
    .text                                    0x08000280   Section        2  use_no_semi.o(.text)
    .text                                    0x08000282   Section        0  indicate_semi.o(.text)
    i.ADC_Cmd                                0x08000282   Section        0  stm32f10x_adc.o(i.ADC_Cmd)
    i.ADC_Configuration                      0x08000298   Section        0  adc.o(i.ADC_Configuration)
    i.ADC_DMACmd                             0x08000330   Section        0  stm32f10x_adc.o(i.ADC_DMACmd)
    i.ADC_DeInit                             0x08000348   Section        0  stm32f10x_adc.o(i.ADC_DeInit)
    i.ADC_GetVoltageVal                      0x080003a4   Section        0  adc.o(i.ADC_GetVoltageVal)
    i.ADC_Init                               0x080003ac   Section        0  stm32f10x_adc.o(i.ADC_Init)
    i.ADC_RegularChannelConfig               0x080003fc   Section        0  stm32f10x_adc.o(i.ADC_RegularChannelConfig)
    i.ADC_SoftwareStartConvCmd               0x080004b4   Section        0  stm32f10x_adc.o(i.ADC_SoftwareStartConvCmd)
    i.ADC_StartCalibration                   0x080004ca   Section        0  stm32f10x_adc.o(i.ADC_StartCalibration)
    i.COMTIM_Configuration                   0x080004d4   Section        0  pwm.o(i.COMTIM_Configuration)
    i.COMTIM_SetPwm                          0x08000574   Section        0  pwm.o(i.COMTIM_SetPwm)
    i.DMA_Cmd                                0x08000580   Section        0  stm32f10x_dma.o(i.DMA_Cmd)
    i.DMA_Init                               0x08000598   Section        0  stm32f10x_dma.o(i.DMA_Init)
    i.Draw_word                              0x080005d4   Section        0  oled.o(i.Draw_word)
    i.EXTI0_IRQHandler                       0x0800064c   Section        0  velocity.o(i.EXTI0_IRQHandler)
    i.EXTIX_Init                             0x08000664   Section        0  velocity.o(i.EXTIX_Init)
    i.EXTI_ClearITPendingBit                 0x080006e4   Section        0  stm32f10x_exti.o(i.EXTI_ClearITPendingBit)
    i.EXTI_Init                              0x080006f0   Section        0  stm32f10x_exti.o(i.EXTI_Init)
    i.GPIO_EXTILineConfig                    0x08000784   Section        0  stm32f10x_gpio.o(i.GPIO_EXTILineConfig)
    i.GPIO_Init                              0x080007c4   Section        0  stm32f10x_gpio.o(i.GPIO_Init)
    i.GPIO_PinRemapConfig                    0x080008dc   Section        0  stm32f10x_gpio.o(i.GPIO_PinRemapConfig)
    i.GPIO_ReadInputDataBit                  0x0800096c   Section        0  stm32f10x_gpio.o(i.GPIO_ReadInputDataBit)
    i.GPIO_ResetBits                         0x0800097e   Section        0  stm32f10x_gpio.o(i.GPIO_ResetBits)
    i.GPIO_SetBits                           0x08000982   Section        0  stm32f10x_gpio.o(i.GPIO_SetBits)
    i.LCD_Init                               0x08000988   Section        0  oled.o(i.LCD_Init)
    i.LCD_write                              0x08000a14   Section        0  oled.o(i.LCD_write)
    i.NVIC_Init                              0x08000a50   Section        0  misc.o(i.NVIC_Init)
    i.NVIC_PriorityGroupConfig               0x08000ac0   Section        0  misc.o(i.NVIC_PriorityGroupConfig)
    i.Onewire_Enable_GPIO_Port               0x08000ad4   Section        0  onewire.o(i.Onewire_Enable_GPIO_Port)
    i.Onewire_IN_PULL_UP                     0x08000ae0   Section        0  onewire.o(i.Onewire_IN_PULL_UP)
    i.Onewire_OUT_PULL_UP                    0x08000b04   Section        0  onewire.o(i.Onewire_OUT_PULL_UP)
    i.RCC_ADCCLKConfig                       0x08000b28   Section        0  stm32f10x_rcc.o(i.RCC_ADCCLKConfig)
    i.RCC_AHBPeriphClockCmd                  0x08000b40   Section        0  stm32f10x_rcc.o(i.RCC_AHBPeriphClockCmd)
    i.RCC_APB1PeriphClockCmd                 0x08000b60   Section        0  stm32f10x_rcc.o(i.RCC_APB1PeriphClockCmd)
    i.RCC_APB2PeriphClockCmd                 0x08000b80   Section        0  stm32f10x_rcc.o(i.RCC_APB2PeriphClockCmd)
    i.RCC_APB2PeriphResetCmd                 0x08000ba0   Section        0  stm32f10x_rcc.o(i.RCC_APB2PeriphResetCmd)
    i.SetSysClock                            0x08000bc0   Section        0  system_stm32f10x.o(i.SetSysClock)
    SetSysClock                              0x08000bc1   Thumb Code     8  system_stm32f10x.o(i.SetSysClock)
    i.SetSysClockTo72                        0x08000bc8   Section        0  system_stm32f10x.o(i.SetSysClockTo72)
    SetSysClockTo72                          0x08000bc9   Thumb Code   214  system_stm32f10x.o(i.SetSysClockTo72)
    i.SysTick_CLKSourceConfig                0x08000ca8   Section        0  misc.o(i.SysTick_CLKSourceConfig)
    i.SysTick_Handler                        0x08000cd0   Section        0  main.o(i.SysTick_Handler)
    i.SystemInit                             0x08000cd4   Section        0  system_stm32f10x.o(i.SystemInit)
    i.TI1_Config                             0x08000d34   Section        0  stm32f10x_tim.o(i.TI1_Config)
    TI1_Config                               0x08000d35   Thumb Code   108  stm32f10x_tim.o(i.TI1_Config)
    i.TI2_Config                             0x08000db4   Section        0  stm32f10x_tim.o(i.TI2_Config)
    TI2_Config                               0x08000db5   Thumb Code   130  stm32f10x_tim.o(i.TI2_Config)
    i.TI3_Config                             0x08000e4c   Section        0  stm32f10x_tim.o(i.TI3_Config)
    TI3_Config                               0x08000e4d   Thumb Code   122  stm32f10x_tim.o(i.TI3_Config)
    i.TI4_Config                             0x08000edc   Section        0  stm32f10x_tim.o(i.TI4_Config)
    TI4_Config                               0x08000edd   Thumb Code   130  stm32f10x_tim.o(i.TI4_Config)
    i.TIM2_Configuration                     0x08000f74   Section        0  velocity.o(i.TIM2_Configuration)
    i.TIM2_IRQHandler                        0x08000fe4   Section        0  velocity.o(i.TIM2_IRQHandler)
    i.TIM3_Cap_Init                          0x0800102c   Section        0  time.o(i.TIM3_Cap_Init)
    i.TIM3_IRQHandler                        0x080010ec   Section        0  time.o(i.TIM3_IRQHandler)
    i.TIM_ARRPreloadConfig                   0x080011ac   Section        0  stm32f10x_tim.o(i.TIM_ARRPreloadConfig)
    i.TIM_ClearITPendingBit                  0x080011c4   Section        0  stm32f10x_tim.o(i.TIM_ClearITPendingBit)
    i.TIM_Cmd                                0x080011ca   Section        0  stm32f10x_tim.o(i.TIM_Cmd)
    i.TIM_CtrlPWMOutputs                     0x080011e2   Section        0  stm32f10x_tim.o(i.TIM_CtrlPWMOutputs)
    i.TIM_GetCapture1                        0x08001200   Section        0  stm32f10x_tim.o(i.TIM_GetCapture1)
    i.TIM_GetITStatus                        0x08001206   Section        0  stm32f10x_tim.o(i.TIM_GetITStatus)
    i.TIM_ICInit                             0x08001228   Section        0  stm32f10x_tim.o(i.TIM_ICInit)
    i.TIM_ITConfig                           0x080012d4   Section        0  stm32f10x_tim.o(i.TIM_ITConfig)
    i.TIM_OC1Init                            0x080012e8   Section        0  stm32f10x_tim.o(i.TIM_OC1Init)
    i.TIM_OC1PolarityConfig                  0x08001380   Section        0  stm32f10x_tim.o(i.TIM_OC1PolarityConfig)
    i.TIM_OC1PreloadConfig                   0x08001392   Section        0  stm32f10x_tim.o(i.TIM_OC1PreloadConfig)
    i.TIM_SetCounter                         0x080013a4   Section        0  stm32f10x_tim.o(i.TIM_SetCounter)
    i.TIM_SetIC1Prescaler                    0x080013a8   Section        0  stm32f10x_tim.o(i.TIM_SetIC1Prescaler)
    i.TIM_SetIC2Prescaler                    0x080013ba   Section        0  stm32f10x_tim.o(i.TIM_SetIC2Prescaler)
    i.TIM_SetIC3Prescaler                    0x080013d4   Section        0  stm32f10x_tim.o(i.TIM_SetIC3Prescaler)
    i.TIM_SetIC4Prescaler                    0x080013e6   Section        0  stm32f10x_tim.o(i.TIM_SetIC4Prescaler)
    i.TIM_TimeBaseInit                       0x08001400   Section        0  stm32f10x_tim.o(i.TIM_TimeBaseInit)
    i.USART1_IRQHandler                      0x080014a4   Section        0  usart.o(i.USART1_IRQHandler)
    i.USART2_IRQHandler                      0x080014f4   Section        0  usart.o(i.USART2_IRQHandler)
    i.USART_ClearFlag                        0x08001548   Section        0  stm32f10x_usart.o(i.USART_ClearFlag)
    i.USART_ClearITPendingBit                0x0800155a   Section        0  stm32f10x_usart.o(i.USART_ClearITPendingBit)
    i.USART_GetITStatus                      0x08001578   Section        0  stm32f10x_usart.o(i.USART_GetITStatus)
    i.Ultrasonic_Init                        0x080015cc   Section        0  ultrasonic.o(i.Ultrasonic_Init)
    i.adcDmaConfig                           0x0800161c   Section        0  adc.o(i.adcDmaConfig)
    adcDmaConfig                             0x0800161d   Thumb Code    78  adc.o(i.adcDmaConfig)
    i.adcSelChVal                            0x08001678   Section        0  adc.o(i.adcSelChVal)
    adcSelChVal                              0x08001679   Thumb Code    32  adc.o(i.adcSelChVal)
    i.beep_Init                              0x0800169c   Section        0  ultrasonic.o(i.beep_Init)
    i.chappross                              0x080016d0   Section        0  main.o(i.chappross)
    i.clrscr                                 0x08001728   Section        0  oled.o(i.clrscr)
    i.convertDs18b20                         0x0800178e   Section        0  18b20.o(i.convertDs18b20)
    i.coposs_DS18B20                         0x080017a4   Section        0  main.o(i.coposs_DS18B20)
    i.coposs_distance                        0x08001858   Section        0  main.o(i.coposs_distance)
    i.coposs_speed                           0x080018d8   Section        0  main.o(i.coposs_speed)
    i.delay_1us                              0x08001940   Section        0  onewire.o(i.delay_1us)
    i.delay_init                             0x08001950   Section        0  delay.o(i.delay_init)
    i.delay_ms                               0x0800199c   Section        0  delay.o(i.delay_ms)
    i.delay_us                               0x080019bc   Section        0  delay.o(i.delay_us)
    i.distance                               0x080019d8   Section        0  ultrasonic.o(i.distance)
    i.main                                   0x08001aec   Section        0  main.o(i.main)
    i.rOnewire                               0x08001cd4   Section        0  onewire.o(i.rOnewire)
    i.readID                                 0x08001d38   Section        0  18b20.o(i.readID)
    i.readTemp                               0x08001d60   Section        0  18b20.o(i.readTemp)
    i.resetOnewire                           0x08001ddc   Section        0  onewire.o(i.resetOnewire)
    i.wOnewire                               0x08001e34   Section        0  onewire.o(i.wOnewire)
    x$fpl$dfixu                              0x08001e98   Section       90  dfixu.o(x$fpl$dfixu)
    x$fpl$dfltu                              0x08001ef2   Section       38  dflt_clz.o(x$fpl$dfltu)
    x$fpl$dmul                               0x08001f18   Section      340  dmul.o(x$fpl$dmul)
    x$fpl$dnaninf                            0x0800206c   Section      156  dnaninf.o(x$fpl$dnaninf)
    x$fpl$dretinf                            0x08002108   Section       12  dretinf.o(x$fpl$dretinf)
    x$fpl$fdiv                               0x08002114   Section      388  fdiv.o(x$fpl$fdiv)
    _fdiv1                                   0x08002115   Thumb Code     0  fdiv.o(x$fpl$fdiv)
    x$fpl$ffixu                              0x08002298   Section       62  ffixu.o(x$fpl$ffixu)
    x$fpl$ffltu                              0x080022d8   Section       38  fflt_clz.o(x$fpl$ffltu)
    x$fpl$fmul                               0x08002300   Section      258  fmul.o(x$fpl$fmul)
    x$fpl$fnaninf                            0x08002402   Section      140  fnaninf.o(x$fpl$fnaninf)
    x$fpl$fretinf                            0x0800248e   Section       10  fretinf.o(x$fpl$fretinf)
    x$fpl$usenofp                            0x08002498   Section        0  usenofp.o(x$fpl$usenofp)
    .data                                    0x20000000   Section       46  main.o(.data)
    .data                                    0x20000030   Section        8  ultrasonic.o(.data)
    .data                                    0x20000038   Section       12  velocity.o(.data)
    Count                                    0x20000038   Data           4  velocity.o(.data)
    .data                                    0x20000044   Section      544  oled.o(.data)
    .data                                    0x20000264   Section        4  time.o(.data)
    .data                                    0x20000268   Section        3  18b20.o(.data)
    .data                                    0x2000026c   Section        4  delay.o(.data)
    fac_us                                   0x2000026c   Data           1  delay.o(.data)
    fac_ms                                   0x2000026e   Data           2  delay.o(.data)
    .bss                                     0x20000270   Section       22  main.o(.bss)
    .bss                                     0x20000286   Section      100  adc.o(.bss)
    .bss                                     0x200002ea   Section       10  time.o(.bss)
    .bss                                     0x200002f4   Section      271  usart.o(.bss)
    .bss                                     0x20000404   Section       96  libspace.o(.bss)
    HEAP                                     0x20000468   Section      512  startup_stm32f10x_ld.o(HEAP)
    Heap_Mem                                 0x20000468   Data         512  startup_stm32f10x_ld.o(HEAP)
    STACK                                    0x20000668   Section     1024  startup_stm32f10x_ld.o(STACK)
    Stack_Mem                                0x20000668   Data        1024  startup_stm32f10x_ld.o(STACK)
    __initial_sp                             0x20000a68   Data           0  startup_stm32f10x_ld.o(STACK)

    Global Symbols

    Symbol Name                              Value     Ov Type        Size  Object(Section)

    BuildAttributes$$THM_ISAv4$P$D$K$B$S$PE$A:L22UL41UL21$X:L11$S22US41US21$IEEE1$IW$USESV6$~STKCKD$USESV7$~SHL$OSPACE$ROPI$EBA8$UX$STANDARDLIB$REQ8$PRES8$EABIv2 0x00000000   Number         0  anon$$obj.o ABSOLUTE
    __ARM_use_no_argv                        0x00000000   Number         0  main.o ABSOLUTE
    __ARM_exceptions_init                     - Undefined Weak Reference
    __alloca_initialize                       - Undefined Weak Reference
    __arm_preinit_                            - Undefined Weak Reference
    __cpp_initialize__aeabi_                  - Undefined Weak Reference
    __cxa_finalize                            - Undefined Weak Reference
    __rt_locale                               - Undefined Weak Reference
    __sigvec_lookup                           - Undefined Weak Reference
    _atexit_init                              - Undefined Weak Reference
    _call_atexit_fns                          - Undefined Weak Reference
    _clock_init                               - Undefined Weak Reference
    _fp_trap_init                             - Undefined Weak Reference
    _fp_trap_shutdown                         - Undefined Weak Reference
    _get_lc_collate                           - Undefined Weak Reference
    _get_lc_ctype                             - Undefined Weak Reference
    _get_lc_monetary                          - Undefined Weak Reference
    _get_lc_numeric                           - Undefined Weak Reference
    _get_lc_time                              - Undefined Weak Reference
    _getenv_init                              - Undefined Weak Reference
    _handle_redirection                       - Undefined Weak Reference
    _init_alloc                               - Undefined Weak Reference
    _init_user_alloc                          - Undefined Weak Reference
    _initio                                   - Undefined Weak Reference
    _rand_init                                - Undefined Weak Reference
    _signal_finish                            - Undefined Weak Reference
    _signal_init                              - Undefined Weak Reference
    _terminate_alloc                          - Undefined Weak Reference
    _terminate_user_alloc                     - Undefined Weak Reference
    _terminateio                              - Undefined Weak Reference
    __Vectors_Size                           0x000000ec   Number         0  startup_stm32f10x_ld.o ABSOLUTE
    __Vectors                                0x08000000   Data           4  startup_stm32f10x_ld.o(RESET)
    __Vectors_End                            0x080000ec   Data           0  startup_stm32f10x_ld.o(RESET)
    __main                                   0x080000ed   Thumb Code     8  __main.o(!!!main)
    __scatterload                            0x080000f5   Thumb Code     0  __scatter.o(!!!scatter)
    __scatterload_rt2                        0x080000f5   Thumb Code    44  __scatter.o(!!!scatter)
    __scatterload_rt2_thumb_only             0x080000f5   Thumb Code     0  __scatter.o(!!!scatter)
    __scatterload_null                       0x08000103   Thumb Code     0  __scatter.o(!!!scatter)
    __decompress                             0x08000129   Thumb Code    90  __dczerorl2.o(!!dczerorl2)
    __decompress1                            0x08000129   Thumb Code     0  __dczerorl2.o(!!dczerorl2)
    __scatterload_zeroinit                   0x08000185   Thumb Code    28  __scatter_zi.o(!!handler_zi)
    __rt_lib_init                            0x080001a1   Thumb Code     0  libinit.o(.ARM.Collect$$libinit$$00000000)
    __rt_lib_init_alloca_1                   0x080001a3   Thumb Code     0  libinit2.o(.ARM.Collect$$libinit$$0000002E)
    __rt_lib_init_argv_1                     0x080001a3   Thumb Code     0  libinit2.o(.ARM.Collect$$libinit$$0000002C)
    __rt_lib_init_atexit_1                   0x080001a3   Thumb Code     0  libinit2.o(.ARM.Collect$$libinit$$0000001B)
    __rt_lib_init_clock_1                    0x080001a3   Thumb Code     0  libinit2.o(.ARM.Collect$$libinit$$00000021)
    __rt_lib_init_cpp_1                      0x080001a3   Thumb Code     0  libinit2.o(.ARM.Collect$$libinit$$00000032)
    __rt_lib_init_exceptions_1               0x080001a3   Thumb Code     0  libinit2.o(.ARM.Collect$$libinit$$00000030)
    __rt_lib_init_fp_1                       0x080001a3   Thumb Code     0  libinit2.o(.ARM.Collect$$libinit$$00000002)
    __rt_lib_init_fp_trap_1                  0x080001a3   Thumb Code     0  libinit2.o(.ARM.Collect$$libinit$$0000001F)
    __rt_lib_init_getenv_1                   0x080001a3   Thumb Code     0  libinit2.o(.ARM.Collect$$libinit$$00000023)
    __rt_lib_init_heap_1                     0x080001a3   Thumb Code     0  libinit2.o(.ARM.Collect$$libinit$$0000000A)
    __rt_lib_init_lc_collate_1               0x080001a3   Thumb Code     0  libinit2.o(.ARM.Collect$$libinit$$00000011)
    __rt_lib_init_lc_ctype_1                 0x080001a3   Thumb Code     0  libinit2.o(.ARM.Collect$$libinit$$00000013)
    __rt_lib_init_lc_monetary_1              0x080001a3   Thumb Code     0  libinit2.o(.ARM.Collect$$libinit$$00000015)
    __rt_lib_init_lc_numeric_1               0x080001a3   Thumb Code     0  libinit2.o(.ARM.Collect$$libinit$$00000017)
    __rt_lib_init_lc_time_1                  0x080001a3   Thumb Code     0  libinit2.o(.ARM.Collect$$libinit$$00000019)
    __rt_lib_init_preinit_1                  0x080001a3   Thumb Code     0  libinit2.o(.ARM.Collect$$libinit$$00000004)
    __rt_lib_init_rand_1                     0x080001a3   Thumb Code     0  libinit2.o(.ARM.Collect$$libinit$$0000000E)
    __rt_lib_init_return                     0x080001a3   Thumb Code     0  libinit2.o(.ARM.Collect$$libinit$$00000033)
    __rt_lib_init_signal_1                   0x080001a3   Thumb Code     0  libinit2.o(.ARM.Collect$$libinit$$0000001D)
    __rt_lib_init_stdio_1                    0x080001a3   Thumb Code     0  libinit2.o(.ARM.Collect$$libinit$$00000025)
    __rt_lib_init_user_alloc_1               0x080001a3   Thumb Code     0  libinit2.o(.ARM.Collect$$libinit$$0000000C)
    __rt_lib_shutdown                        0x080001a5   Thumb Code     0  libshutdown.o(.ARM.Collect$$libshutdown$$00000000)
    __rt_lib_shutdown_cpp_1                  0x080001a7   Thumb Code     0  libshutdown2.o(.ARM.Collect$$libshutdown$$00000002)
    __rt_lib_shutdown_fp_trap_1              0x080001a7   Thumb Code     0  libshutdown2.o(.ARM.Collect$$libshutdown$$00000007)
    __rt_lib_shutdown_heap_1                 0x080001a7   Thumb Code     0  libshutdown2.o(.ARM.Collect$$libshutdown$$0000000F)
    __rt_lib_shutdown_return                 0x080001a7   Thumb Code     0  libshutdown2.o(.ARM.Collect$$libshutdown$$00000010)
    __rt_lib_shutdown_signal_1               0x080001a7   Thumb Code     0  libshutdown2.o(.ARM.Collect$$libshutdown$$0000000A)
    __rt_lib_shutdown_stdio_1                0x080001a7   Thumb Code     0  libshutdown2.o(.ARM.Collect$$libshutdown$$00000004)
    __rt_lib_shutdown_user_alloc_1           0x080001a7   Thumb Code     0  libshutdown2.o(.ARM.Collect$$libshutdown$$0000000C)
    __rt_entry                               0x080001a9   Thumb Code     0  __rtentry.o(.ARM.Collect$$rtentry$$00000000)
    __rt_entry_presh_1                       0x080001a9   Thumb Code     0  __rtentry2.o(.ARM.Collect$$rtentry$$00000002)
    __rt_entry_sh                            0x080001a9   Thumb Code     0  __rtentry4.o(.ARM.Collect$$rtentry$$00000004)
    __rt_entry_li                            0x080001af   Thumb Code     0  __rtentry2.o(.ARM.Collect$$rtentry$$0000000A)
    __rt_entry_postsh_1                      0x080001af   Thumb Code     0  __rtentry2.o(.ARM.Collect$$rtentry$$00000009)
    __rt_entry_main                          0x080001b3   Thumb Code     0  __rtentry2.o(.ARM.Collect$$rtentry$$0000000D)
    __rt_entry_postli_1                      0x080001b3   Thumb Code     0  __rtentry2.o(.ARM.Collect$$rtentry$$0000000C)
    __rt_exit                                0x080001bb   Thumb Code     0  rtexit.o(.ARM.Collect$$rtexit$$00000000)
    __rt_exit_ls                             0x080001bd   Thumb Code     0  rtexit2.o(.ARM.Collect$$rtexit$$00000003)
    __rt_exit_prels_1                        0x080001bd   Thumb Code     0  rtexit2.o(.ARM.Collect$$rtexit$$00000002)
    __rt_exit_exit                           0x080001c1   Thumb Code     0  rtexit2.o(.ARM.Collect$$rtexit$$00000004)
    Reset_Handler                            0x080001c9   Thumb Code     8  startup_stm32f10x_ld.o(.text)
    NMI_Handler                              0x080001d1   Thumb Code     2  startup_stm32f10x_ld.o(.text)
    HardFault_Handler                        0x080001d3   Thumb Code     2  startup_stm32f10x_ld.o(.text)
    MemManage_Handler                        0x080001d5   Thumb Code     2  startup_stm32f10x_ld.o(.text)
    BusFault_Handler                         0x080001d7   Thumb Code     2  startup_stm32f10x_ld.o(.text)
    UsageFault_Handler                       0x080001d9   Thumb Code     2  startup_stm32f10x_ld.o(.text)
    SVC_Handler                              0x080001db   Thumb Code     2  startup_stm32f10x_ld.o(.text)
    DebugMon_Handler                         0x080001dd   Thumb Code     2  startup_stm32f10x_ld.o(.text)
    PendSV_Handler                           0x080001df   Thumb Code     2  startup_stm32f10x_ld.o(.text)
    ADC1_2_IRQHandler                        0x080001e3   Thumb Code     0  startup_stm32f10x_ld.o(.text)
    CAN1_RX1_IRQHandler                      0x080001e3   Thumb Code     0  startup_stm32f10x_ld.o(.text)
    CAN1_SCE_IRQHandler                      0x080001e3   Thumb Code     0  startup_stm32f10x_ld.o(.text)
    DMA1_Channel1_IRQHandler                 0x080001e3   Thumb Code     0  startup_stm32f10x_ld.o(.text)
    DMA1_Channel2_IRQHandler                 0x080001e3   Thumb Code     0  startup_stm32f10x_ld.o(.text)
    DMA1_Channel3_IRQHandler                 0x080001e3   Thumb Code     0  startup_stm32f10x_ld.o(.text)
    DMA1_Channel4_IRQHandler                 0x080001e3   Thumb Code     0  startup_stm32f10x_ld.o(.text)
    DMA1_Channel5_IRQHandler                 0x080001e3   Thumb Code     0  startup_stm32f10x_ld.o(.text)
    DMA1_Channel6_IRQHandler                 0x080001e3   Thumb Code     0  startup_stm32f10x_ld.o(.text)
    DMA1_Channel7_IRQHandler                 0x080001e3   Thumb Code     0  startup_stm32f10x_ld.o(.text)
    EXTI15_10_IRQHandler                     0x080001e3   Thumb Code     0  startup_stm32f10x_ld.o(.text)
    EXTI1_IRQHandler                         0x080001e3   Thumb Code     0  startup_stm32f10x_ld.o(.text)
    EXTI2_IRQHandler                         0x080001e3   Thumb Code     0  startup_stm32f10x_ld.o(.text)
    EXTI3_IRQHandler                         0x080001e3   Thumb Code     0  startup_stm32f10x_ld.o(.text)
    EXTI4_IRQHandler                         0x080001e3   Thumb Code     0  startup_stm32f10x_ld.o(.text)
    EXTI9_5_IRQHandler                       0x080001e3   Thumb Code     0  startup_stm32f10x_ld.o(.text)
    FLASH_IRQHandler                         0x080001e3   Thumb Code     0  startup_stm32f10x_ld.o(.text)
    I2C1_ER_IRQHandler                       0x080001e3   Thumb Code     0  startup_stm32f10x_ld.o(.text)
    I2C1_EV_IRQHandler                       0x080001e3   Thumb Code     0  startup_stm32f10x_ld.o(.text)
    PVD_IRQHandler                           0x080001e3   Thumb Code     0  startup_stm32f10x_ld.o(.text)
    RCC_IRQHandler                           0x080001e3   Thumb Code     0  startup_stm32f10x_ld.o(.text)
    RTCAlarm_IRQHandler                      0x080001e3   Thumb Code     0  startup_stm32f10x_ld.o(.text)
    RTC_IRQHandler                           0x080001e3   Thumb Code     0  startup_stm32f10x_ld.o(.text)
    SPI1_IRQHandler                          0x080001e3   Thumb Code     0  startup_stm32f10x_ld.o(.text)
    TAMPER_IRQHandler                        0x080001e3   Thumb Code     0  startup_stm32f10x_ld.o(.text)
    TIM1_BRK_IRQHandler                      0x080001e3   Thumb Code     0  startup_stm32f10x_ld.o(.text)
    TIM1_CC_IRQHandler                       0x080001e3   Thumb Code     0  startup_stm32f10x_ld.o(.text)
    TIM1_TRG_COM_IRQHandler                  0x080001e3   Thumb Code     0  startup_stm32f10x_ld.o(.text)
    TIM1_UP_IRQHandler                       0x080001e3   Thumb Code     0  startup_stm32f10x_ld.o(.text)
    USBWakeUp_IRQHandler                     0x080001e3   Thumb Code     0  startup_stm32f10x_ld.o(.text)
    USB_HP_CAN1_TX_IRQHandler                0x080001e3   Thumb Code     0  startup_stm32f10x_ld.o(.text)
    USB_LP_CAN1_RX0_IRQHandler               0x080001e3   Thumb Code     0  startup_stm32f10x_ld.o(.text)
    WWDG_IRQHandler                          0x080001e3   Thumb Code     0  startup_stm32f10x_ld.o(.text)
    __user_initial_stackheap                 0x080001e5   Thumb Code     0  startup_stm32f10x_ld.o(.text)
    __use_two_region_memory                  0x08000209   Thumb Code     2  heapauxi.o(.text)
    __rt_heap_escrow$2region                 0x0800020b   Thumb Code     2  heapauxi.o(.text)
    __rt_heap_expand$2region                 0x0800020d   Thumb Code     2  heapauxi.o(.text)
    __user_setup_stackheap                   0x0800020f   Thumb Code    74  sys_stackheap_outer.o(.text)
    exit                                     0x08000259   Thumb Code    18  exit.o(.text)
    __user_libspace                          0x0800026d   Thumb Code     8  libspace.o(.text)
    __user_perproc_libspace                  0x0800026d   Thumb Code     0  libspace.o(.text)
    __user_perthread_libspace                0x0800026d   Thumb Code     0  libspace.o(.text)
    _sys_exit                                0x08000275   Thumb Code     8  sys_exit.o(.text)
    __I$use$semihosting                      0x08000281   Thumb Code     0  use_no_semi.o(.text)
    __use_no_semihosting_swi                 0x08000281   Thumb Code     2  use_no_semi.o(.text)
    ADC_Cmd                                  0x08000283   Thumb Code    22  stm32f10x_adc.o(i.ADC_Cmd)
    __semihosting_library_function           0x08000283   Thumb Code     0  indicate_semi.o(.text)
    ADC_Configuration                        0x08000299   Thumb Code   142  adc.o(i.ADC_Configuration)
    ADC_DMACmd                               0x08000331   Thumb Code    22  stm32f10x_adc.o(i.ADC_DMACmd)
    ADC_DeInit                               0x08000349   Thumb Code    78  stm32f10x_adc.o(i.ADC_DeInit)
    ADC_GetVoltageVal                        0x080003a5   Thumb Code     8  adc.o(i.ADC_GetVoltageVal)
    ADC_Init                                 0x080003ad   Thumb Code    70  stm32f10x_adc.o(i.ADC_Init)
    ADC_RegularChannelConfig                 0x080003fd   Thumb Code   184  stm32f10x_adc.o(i.ADC_RegularChannelConfig)
    ADC_SoftwareStartConvCmd                 0x080004b5   Thumb Code    22  stm32f10x_adc.o(i.ADC_SoftwareStartConvCmd)
    ADC_StartCalibration                     0x080004cb   Thumb Code    10  stm32f10x_adc.o(i.ADC_StartCalibration)
    COMTIM_Configuration                     0x080004d5   Thumb Code   150  pwm.o(i.COMTIM_Configuration)
    COMTIM_SetPwm                            0x08000575   Thumb Code     6  pwm.o(i.COMTIM_SetPwm)
    DMA_Cmd                                  0x08000581   Thumb Code    24  stm32f10x_dma.o(i.DMA_Cmd)
    DMA_Init                                 0x08000599   Thumb Code    60  stm32f10x_dma.o(i.DMA_Init)
    Draw_word                                0x080005d5   Thumb Code   114  oled.o(i.Draw_word)
    EXTI0_IRQHandler                         0x0800064d   Thumb Code    20  velocity.o(i.EXTI0_IRQHandler)
    EXTIX_Init                               0x08000665   Thumb Code   118  velocity.o(i.EXTIX_Init)
    EXTI_ClearITPendingBit                   0x080006e5   Thumb Code     6  stm32f10x_exti.o(i.EXTI_ClearITPendingBit)
    EXTI_Init                                0x080006f1   Thumb Code   142  stm32f10x_exti.o(i.EXTI_Init)
    GPIO_EXTILineConfig                      0x08000785   Thumb Code    60  stm32f10x_gpio.o(i.GPIO_EXTILineConfig)
    GPIO_Init                                0x080007c5   Thumb Code   278  stm32f10x_gpio.o(i.GPIO_Init)
    GPIO_PinRemapConfig                      0x080008dd   Thumb Code   138  stm32f10x_gpio.o(i.GPIO_PinRemapConfig)
    GPIO_ReadInputDataBit                    0x0800096d   Thumb Code    18  stm32f10x_gpio.o(i.GPIO_ReadInputDataBit)
    GPIO_ResetBits                           0x0800097f   Thumb Code     4  stm32f10x_gpio.o(i.GPIO_ResetBits)
    GPIO_SetBits                             0x08000983   Thumb Code     4  stm32f10x_gpio.o(i.GPIO_SetBits)
    LCD_Init                                 0x08000989   Thumb Code   136  oled.o(i.LCD_Init)
    LCD_write                                0x08000a15   Thumb Code    50  oled.o(i.LCD_write)
    NVIC_Init                                0x08000a51   Thumb Code   100  misc.o(i.NVIC_Init)
    NVIC_PriorityGroupConfig                 0x08000ac1   Thumb Code    10  misc.o(i.NVIC_PriorityGroupConfig)
    Onewire_Enable_GPIO_Port                 0x08000ad5   Thumb Code    12  onewire.o(i.Onewire_Enable_GPIO_Port)
    Onewire_IN_PULL_UP                       0x08000ae1   Thumb Code    32  onewire.o(i.Onewire_IN_PULL_UP)
    Onewire_OUT_PULL_UP                      0x08000b05   Thumb Code    32  onewire.o(i.Onewire_OUT_PULL_UP)
    RCC_ADCCLKConfig                         0x08000b29   Thumb Code    18  stm32f10x_rcc.o(i.RCC_ADCCLKConfig)
    RCC_AHBPeriphClockCmd                    0x08000b41   Thumb Code    26  stm32f10x_rcc.o(i.RCC_AHBPeriphClockCmd)
    RCC_APB1PeriphClockCmd                   0x08000b61   Thumb Code    26  stm32f10x_rcc.o(i.RCC_APB1PeriphClockCmd)
    RCC_APB2PeriphClockCmd                   0x08000b81   Thumb Code    26  stm32f10x_rcc.o(i.RCC_APB2PeriphClockCmd)
    RCC_APB2PeriphResetCmd                   0x08000ba1   Thumb Code    26  stm32f10x_rcc.o(i.RCC_APB2PeriphResetCmd)
    SysTick_CLKSourceConfig                  0x08000ca9   Thumb Code    40  misc.o(i.SysTick_CLKSourceConfig)
    SysTick_Handler                          0x08000cd1   Thumb Code     2  main.o(i.SysTick_Handler)
    SystemInit                               0x08000cd5   Thumb Code    78  system_stm32f10x.o(i.SystemInit)
    TIM2_Configuration                       0x08000f75   Thumb Code   110  velocity.o(i.TIM2_Configuration)
    TIM2_IRQHandler                          0x08000fe5   Thumb Code    58  velocity.o(i.TIM2_IRQHandler)
    TIM3_Cap_Init                            0x0800102d   Thumb Code   180  time.o(i.TIM3_Cap_Init)
    TIM3_IRQHandler                          0x080010ed   Thumb Code   178  time.o(i.TIM3_IRQHandler)
    TIM_ARRPreloadConfig                     0x080011ad   Thumb Code    24  stm32f10x_tim.o(i.TIM_ARRPreloadConfig)
    TIM_ClearITPendingBit                    0x080011c5   Thumb Code     6  stm32f10x_tim.o(i.TIM_ClearITPendingBit)
    TIM_Cmd                                  0x080011cb   Thumb Code    24  stm32f10x_tim.o(i.TIM_Cmd)
    TIM_CtrlPWMOutputs                       0x080011e3   Thumb Code    30  stm32f10x_tim.o(i.TIM_CtrlPWMOutputs)
    TIM_GetCapture1                          0x08001201   Thumb Code     6  stm32f10x_tim.o(i.TIM_GetCapture1)
    TIM_GetITStatus                          0x08001207   Thumb Code    34  stm32f10x_tim.o(i.TIM_GetITStatus)
    TIM_ICInit                               0x08001229   Thumb Code   150  stm32f10x_tim.o(i.TIM_ICInit)
    TIM_ITConfig                             0x080012d5   Thumb Code    18  stm32f10x_tim.o(i.TIM_ITConfig)
    TIM_OC1Init                              0x080012e9   Thumb Code   132  stm32f10x_tim.o(i.TIM_OC1Init)
    TIM_OC1PolarityConfig                    0x08001381   Thumb Code    18  stm32f10x_tim.o(i.TIM_OC1PolarityConfig)
    TIM_OC1PreloadConfig                     0x08001393   Thumb Code    18  stm32f10x_tim.o(i.TIM_OC1PreloadConfig)
    TIM_SetCounter                           0x080013a5   Thumb Code     4  stm32f10x_tim.o(i.TIM_SetCounter)
    TIM_SetIC1Prescaler                      0x080013a9   Thumb Code    18  stm32f10x_tim.o(i.TIM_SetIC1Prescaler)
    TIM_SetIC2Prescaler                      0x080013bb   Thumb Code    26  stm32f10x_tim.o(i.TIM_SetIC2Prescaler)
    TIM_SetIC3Prescaler                      0x080013d5   Thumb Code    18  stm32f10x_tim.o(i.TIM_SetIC3Prescaler)
    TIM_SetIC4Prescaler                      0x080013e7   Thumb Code    26  stm32f10x_tim.o(i.TIM_SetIC4Prescaler)
    TIM_TimeBaseInit                         0x08001401   Thumb Code   122  stm32f10x_tim.o(i.TIM_TimeBaseInit)
    USART1_IRQHandler                        0x080014a5   Thumb Code    72  usart.o(i.USART1_IRQHandler)
    USART2_IRQHandler                        0x080014f5   Thumb Code    76  usart.o(i.USART2_IRQHandler)
    USART_ClearFlag                          0x08001549   Thumb Code    18  stm32f10x_usart.o(i.USART_ClearFlag)
    USART_ClearITPendingBit                  0x0800155b   Thumb Code    30  stm32f10x_usart.o(i.USART_ClearITPendingBit)
    USART_GetITStatus                        0x08001579   Thumb Code    84  stm32f10x_usart.o(i.USART_GetITStatus)
    Ultrasonic_Init                          0x080015cd   Thumb Code    76  ultrasonic.o(i.Ultrasonic_Init)
    beep_Init                                0x0800169d   Thumb Code    46  ultrasonic.o(i.beep_Init)
    chappross                                0x080016d1   Thumb Code    88  main.o(i.chappross)
    clrscr                                   0x08001729   Thumb Code   102  oled.o(i.clrscr)
    convertDs18b20                           0x0800178f   Thumb Code    20  18b20.o(i.convertDs18b20)
    coposs_DS18B20                           0x080017a5   Thumb Code   158  main.o(i.coposs_DS18B20)
    coposs_distance                          0x08001859   Thumb Code   124  main.o(i.coposs_distance)
    coposs_speed                             0x080018d9   Thumb Code    98  main.o(i.coposs_speed)
    delay_1us                                0x08001941   Thumb Code    16  onewire.o(i.delay_1us)
    delay_init                               0x08001951   Thumb Code    68  delay.o(i.delay_init)
    delay_ms                                 0x0800199d   Thumb Code    32  delay.o(i.delay_ms)
    delay_us                                 0x080019bd   Thumb Code    28  delay.o(i.delay_us)
    distance                                 0x080019d9   Thumb Code   244  ultrasonic.o(i.distance)
    main                                     0x08001aed   Thumb Code   466  main.o(i.main)
    rOnewire                                 0x08001cd5   Thumb Code    94  onewire.o(i.rOnewire)
    readID                                   0x08001d39   Thumb Code    38  18b20.o(i.readID)
    readTemp                                 0x08001d61   Thumb Code   112  18b20.o(i.readTemp)
    resetOnewire                             0x08001ddd   Thumb Code    82  onewire.o(i.resetOnewire)
    wOnewire                                 0x08001e35   Thumb Code    96  onewire.o(i.wOnewire)
    __aeabi_d2uiz                            0x08001e99   Thumb Code     0  dfixu.o(x$fpl$dfixu)
    _dfixu                                   0x08001e99   Thumb Code    90  dfixu.o(x$fpl$dfixu)
    __aeabi_ui2d                             0x08001ef3   Thumb Code     0  dflt_clz.o(x$fpl$dfltu)
    _dfltu                                   0x08001ef3   Thumb Code    38  dflt_clz.o(x$fpl$dfltu)
    __aeabi_dmul                             0x08001f19   Thumb Code     0  dmul.o(x$fpl$dmul)
    _dmul                                    0x08001f19   Thumb Code   332  dmul.o(x$fpl$dmul)
    __fpl_dnaninf                            0x0800206d   Thumb Code   156  dnaninf.o(x$fpl$dnaninf)
    __fpl_dretinf                            0x08002109   Thumb Code    12  dretinf.o(x$fpl$dretinf)
    __aeabi_fdiv                             0x08002115   Thumb Code     0  fdiv.o(x$fpl$fdiv)
    _fdiv                                    0x08002115   Thumb Code   384  fdiv.o(x$fpl$fdiv)
    __aeabi_f2uiz                            0x08002299   Thumb Code     0  ffixu.o(x$fpl$ffixu)
    _ffixu                                   0x08002299   Thumb Code    62  ffixu.o(x$fpl$ffixu)
    __aeabi_ui2f                             0x080022d9   Thumb Code     0  fflt_clz.o(x$fpl$ffltu)
    _ffltu                                   0x080022d9   Thumb Code    38  fflt_clz.o(x$fpl$ffltu)
    __aeabi_fmul                             0x08002301   Thumb Code     0  fmul.o(x$fpl$fmul)
    _fmul                                    0x08002301   Thumb Code   258  fmul.o(x$fpl$fmul)
    __fpl_fnaninf                            0x08002403   Thumb Code   140  fnaninf.o(x$fpl$fnaninf)
    __fpl_fretinf                            0x0800248f   Thumb Code    10  fretinf.o(x$fpl$fretinf)
    Region$$Table$$Base                      0x08002498   Number         0  anon$$obj.o(Region$$Table)
    __I$use$fp                               0x08002498   Number         0  usenofp.o(x$fpl$usenofp)
    Region$$Table$$Limit                     0x080024b8   Number         0  anon$$obj.o(Region$$Table)
    TimingDelay                              0x20000000   Data           2  main.o(.data)
    ram                                      0x20000002   Data           8  main.o(.data)
    p                                        0x2000000c   Data           4  main.o(.data)
    id                                       0x20000010   Data           8  main.o(.data)
    ADC_val                                  0x20000018   Data           2  main.o(.data)
    DIS_val                                  0x2000001a   Data           2  main.o(.data)
    NixieTubeBit                             0x2000001c   Data          18  main.o(.data)
    temp5                                    0x20000030   Data           4  ultrasonic.o(.data)
    UltrasonicWave_Distance                  0x20000034   Data           4  ultrasonic.o(.data)
    Buff_1                                   0x2000003c   Data           4  velocity.o(.data)
    Timer_Count                              0x20000040   Data           4  velocity.o(.data)
    BMP                                      0x20000044   Data         544  oled.o(.data)
    TIM3CH1_CAPTURE_STA                      0x20000264   Data           1  time.o(.data)
    TIM3CH1_CAPTURE_VAL                      0x20000266   Data           2  time.o(.data)
    temp_aa                                  0x20000268   Data           2  18b20.o(.data)
    temp_flag                                0x2000026a   Data           1  18b20.o(.data)
    tem                                      0x20000270   Data          12  main.o(.bss)
    DisplayByte                              0x2000027c   Data          10  main.o(.bss)
    adcConvVal                               0x20000286   Data         100  adc.o(.bss)
    TIM3_ICInitStructure                     0x200002ea   Data          10  time.o(.bss)
    Uart_Data                                0x200002f4   Data         271  usart.o(.bss)
    __libspace_start                         0x20000404   Data          96  libspace.o(.bss)
    __temporary_stack_top$libspace           0x20000464   Data           0  libspace.o(.bss)



==============================================================================

Memory Map of the image

  Image Entry point : 0x080000ed

  Load Region LR_IROM1 (Base: 0x08000000, Size: 0x00002728, Max: 0x00008000, ABSOLUTE, COMPRESSED[0x00002614])

    Execution Region ER_IROM1 (Exec base: 0x08000000, Load base: 0x08000000, Size: 0x000024b8, Max: 0x00008000, ABSOLUTE)

    Exec Addr    Load Addr    Size         Type   Attr      Idx    E Section Name        Object

    0x08000000   0x08000000   0x000000ec   Data   RO         3667    RESET               startup_stm32f10x_ld.o
    0x080000ec   0x080000ec   0x00000008   Code   RO         3906  * !!!main             c_w.l(__main.o)
    0x080000f4   0x080000f4   0x00000034   Code   RO         4106    !!!scatter          c_w.l(__scatter.o)
    0x08000128   0x08000128   0x0000005a   Code   RO         4104    !!dczerorl2         c_w.l(__dczerorl2.o)
    0x08000182   0x08000182   0x00000002   PAD
    0x08000184   0x08000184   0x0000001c   Code   RO         4108    !!handler_zi        c_w.l(__scatter_zi.o)
    0x080001a0   0x080001a0   0x00000002   Code   RO         3974    .ARM.Collect$$libinit$$00000000  c_w.l(libinit.o)
    0x080001a2   0x080001a2   0x00000000   Code   RO         3981    .ARM.Collect$$libinit$$00000002  c_w.l(libinit2.o)
    0x080001a2   0x080001a2   0x00000000   Code   RO         3983    .ARM.Collect$$libinit$$00000004  c_w.l(libinit2.o)
    0x080001a2   0x080001a2   0x00000000   Code   RO         3986    .ARM.Collect$$libinit$$0000000A  c_w.l(libinit2.o)
    0x080001a2   0x080001a2   0x00000000   Code   RO         3988    .ARM.Collect$$libinit$$0000000C  c_w.l(libinit2.o)
    0x080001a2   0x080001a2   0x00000000   Code   RO         3990    .ARM.Collect$$libinit$$0000000E  c_w.l(libinit2.o)
    0x080001a2   0x080001a2   0x00000000   Code   RO         3993    .ARM.Collect$$libinit$$00000011  c_w.l(libinit2.o)
    0x080001a2   0x080001a2   0x00000000   Code   RO         3995    .ARM.Collect$$libinit$$00000013  c_w.l(libinit2.o)
    0x080001a2   0x080001a2   0x00000000   Code   RO         3997    .ARM.Collect$$libinit$$00000015  c_w.l(libinit2.o)
    0x080001a2   0x080001a2   0x00000000   Code   RO         3999    .ARM.Collect$$libinit$$00000017  c_w.l(libinit2.o)
    0x080001a2   0x080001a2   0x00000000   Code   RO         4001    .ARM.Collect$$libinit$$00000019  c_w.l(libinit2.o)
    0x080001a2   0x080001a2   0x00000000   Code   RO         4003    .ARM.Collect$$libinit$$0000001B  c_w.l(libinit2.o)
    0x080001a2   0x080001a2   0x00000000   Code   RO         4005    .ARM.Collect$$libinit$$0000001D  c_w.l(libinit2.o)
    0x080001a2   0x080001a2   0x00000000   Code   RO         4007    .ARM.Collect$$libinit$$0000001F  c_w.l(libinit2.o)
    0x080001a2   0x080001a2   0x00000000   Code   RO         4009    .ARM.Collect$$libinit$$00000021  c_w.l(libinit2.o)
    0x080001a2   0x080001a2   0x00000000   Code   RO         4011    .ARM.Collect$$libinit$$00000023  c_w.l(libinit2.o)
    0x080001a2   0x080001a2   0x00000000   Code   RO         4013    .ARM.Collect$$libinit$$00000025  c_w.l(libinit2.o)
    0x080001a2   0x080001a2   0x00000000   Code   RO         4017    .ARM.Collect$$libinit$$0000002C  c_w.l(libinit2.o)
    0x080001a2   0x080001a2   0x00000000   Code   RO         4019    .ARM.Collect$$libinit$$0000002E  c_w.l(libinit2.o)
    0x080001a2   0x080001a2   0x00000000   Code   RO         4021    .ARM.Collect$$libinit$$00000030  c_w.l(libinit2.o)
    0x080001a2   0x080001a2   0x00000000   Code   RO         4023    .ARM.Collect$$libinit$$00000032  c_w.l(libinit2.o)
    0x080001a2   0x080001a2   0x00000002   Code   RO         4024    .ARM.Collect$$libinit$$00000033  c_w.l(libinit2.o)
    0x080001a4   0x080001a4   0x00000002   Code   RO         4044    .ARM.Collect$$libshutdown$$00000000  c_w.l(libshutdown.o)
    0x080001a6   0x080001a6   0x00000000   Code   RO         4057    .ARM.Collect$$libshutdown$$00000002  c_w.l(libshutdown2.o)
    0x080001a6   0x080001a6   0x00000000   Code   RO         4059    .ARM.Collect$$libshutdown$$00000004  c_w.l(libshutdown2.o)
    0x080001a6   0x080001a6   0x00000000   Code   RO         4062    .ARM.Collect$$libshutdown$$00000007  c_w.l(libshutdown2.o)
    0x080001a6   0x080001a6   0x00000000   Code   RO         4065    .ARM.Collect$$libshutdown$$0000000A  c_w.l(libshutdown2.o)
    0x080001a6   0x080001a6   0x00000000   Code   RO         4067    .ARM.Collect$$libshutdown$$0000000C  c_w.l(libshutdown2.o)
    0x080001a6   0x080001a6   0x00000000   Code   RO         4070    .ARM.Collect$$libshutdown$$0000000F  c_w.l(libshutdown2.o)
    0x080001a6   0x080001a6   0x00000002   Code   RO         4071    .ARM.Collect$$libshutdown$$00000010  c_w.l(libshutdown2.o)
    0x080001a8   0x080001a8   0x00000000   Code   RO         3940    .ARM.Collect$$rtentry$$00000000  c_w.l(__rtentry.o)
    0x080001a8   0x080001a8   0x00000000   Code   RO         3951    .ARM.Collect$$rtentry$$00000002  c_w.l(__rtentry2.o)
    0x080001a8   0x080001a8   0x00000006   Code   RO         3963    .ARM.Collect$$rtentry$$00000004  c_w.l(__rtentry4.o)
    0x080001ae   0x080001ae   0x00000000   Code   RO         3953    .ARM.Collect$$rtentry$$00000009  c_w.l(__rtentry2.o)
    0x080001ae   0x080001ae   0x00000004   Code   RO         3954    .ARM.Collect$$rtentry$$0000000A  c_w.l(__rtentry2.o)
    0x080001b2   0x080001b2   0x00000000   Code   RO         3956    .ARM.Collect$$rtentry$$0000000C  c_w.l(__rtentry2.o)
    0x080001b2   0x080001b2   0x00000008   Code   RO         3957    .ARM.Collect$$rtentry$$0000000D  c_w.l(__rtentry2.o)
    0x080001ba   0x080001ba   0x00000002   Code   RO         3978    .ARM.Collect$$rtexit$$00000000  c_w.l(rtexit.o)
    0x080001bc   0x080001bc   0x00000000   Code   RO         4026    .ARM.Collect$$rtexit$$00000002  c_w.l(rtexit2.o)
    0x080001bc   0x080001bc   0x00000004   Code   RO         4027    .ARM.Collect$$rtexit$$00000003  c_w.l(rtexit2.o)
    0x080001c0   0x080001c0   0x00000006   Code   RO         4028    .ARM.Collect$$rtexit$$00000004  c_w.l(rtexit2.o)
    0x080001c6   0x080001c6   0x00000002   PAD
    0x080001c8   0x080001c8   0x00000040   Code   RO         3668    .text               startup_stm32f10x_ld.o
    0x08000208   0x08000208   0x00000006   Code   RO         3904    .text               c_w.l(heapauxi.o)
    0x0800020e   0x0800020e   0x0000004a   Code   RO         3965    .text               c_w.l(sys_stackheap_outer.o)
    0x08000258   0x08000258   0x00000012   Code   RO         3967    .text               c_w.l(exit.o)
    0x0800026a   0x0800026a   0x00000002   PAD
    0x0800026c   0x0800026c   0x00000008   Code   RO         3975    .text               c_w.l(libspace.o)
    0x08000274   0x08000274   0x0000000c   Code   RO         4036    .text               c_w.l(sys_exit.o)
    0x08000280   0x08000280   0x00000002   Code   RO         4047    .text               c_w.l(use_no_semi.o)
    0x08000282   0x08000282   0x00000000   Code   RO         4049    .text               c_w.l(indicate_semi.o)
    0x08000282   0x08000282   0x00000016   Code   RO          692    i.ADC_Cmd           stm32f10x_adc.o
    0x08000298   0x08000298   0x00000098   Code   RO          170    i.ADC_Configuration  adc.o
    0x08000330   0x08000330   0x00000016   Code   RO          693    i.ADC_DMACmd        stm32f10x_adc.o
    0x08000346   0x08000346   0x00000002   PAD
    0x08000348   0x08000348   0x0000005c   Code   RO          694    i.ADC_DeInit        stm32f10x_adc.o
    0x080003a4   0x080003a4   0x00000008   Code   RO          171    i.ADC_GetVoltageVal  adc.o
    0x080003ac   0x080003ac   0x00000050   Code   RO          710    i.ADC_Init          stm32f10x_adc.o
    0x080003fc   0x080003fc   0x000000b8   Code   RO          714    i.ADC_RegularChannelConfig  stm32f10x_adc.o
    0x080004b4   0x080004b4   0x00000016   Code   RO          717    i.ADC_SoftwareStartConvCmd  stm32f10x_adc.o
    0x080004ca   0x080004ca   0x0000000a   Code   RO          719    i.ADC_StartCalibration  stm32f10x_adc.o
    0x080004d4   0x080004d4   0x000000a0   Code   RO          344    i.COMTIM_Configuration  pwm.o
    0x08000574   0x08000574   0x0000000c   Code   RO          345    i.COMTIM_SetPwm     pwm.o
    0x08000580   0x08000580   0x00000018   Code   RO         1386    i.DMA_Cmd           stm32f10x_dma.o
    0x08000598   0x08000598   0x0000003c   Code   RO         1392    i.DMA_Init          stm32f10x_dma.o
    0x080005d4   0x080005d4   0x00000078   Code   RO          432    i.Draw_word         oled.o
    0x0800064c   0x0800064c   0x00000018   Code   RO          393    i.EXTI0_IRQHandler  velocity.o
    0x08000664   0x08000664   0x00000080   Code   RO          394    i.EXTIX_Init        velocity.o
    0x080006e4   0x080006e4   0x0000000c   Code   RO         1460    i.EXTI_ClearITPendingBit  stm32f10x_exti.o
    0x080006f0   0x080006f0   0x00000094   Code   RO         1465    i.EXTI_Init         stm32f10x_exti.o
    0x08000784   0x08000784   0x00000040   Code   RO         1819    i.GPIO_EXTILineConfig  stm32f10x_gpio.o
    0x080007c4   0x080007c4   0x00000116   Code   RO         1822    i.GPIO_Init         stm32f10x_gpio.o
    0x080008da   0x080008da   0x00000002   PAD
    0x080008dc   0x080008dc   0x00000090   Code   RO         1824    i.GPIO_PinRemapConfig  stm32f10x_gpio.o
    0x0800096c   0x0800096c   0x00000012   Code   RO         1826    i.GPIO_ReadInputDataBit  stm32f10x_gpio.o
    0x0800097e   0x0800097e   0x00000004   Code   RO         1829    i.GPIO_ResetBits    stm32f10x_gpio.o
    0x08000982   0x08000982   0x00000004   Code   RO         1830    i.GPIO_SetBits      stm32f10x_gpio.o
    0x08000986   0x08000986   0x00000002   PAD
    0x08000988   0x08000988   0x0000008c   Code   RO          434    i.LCD_Init          oled.o
    0x08000a14   0x08000a14   0x0000003c   Code   RO          435    i.LCD_write         oled.o
    0x08000a50   0x08000a50   0x00000070   Code   RO          647    i.NVIC_Init         misc.o
    0x08000ac0   0x08000ac0   0x00000014   Code   RO          648    i.NVIC_PriorityGroupConfig  misc.o
    0x08000ad4   0x08000ad4   0x0000000c   Code   RO          529    i.Onewire_Enable_GPIO_Port  onewire.o
    0x08000ae0   0x08000ae0   0x00000024   Code   RO          531    i.Onewire_IN_PULL_UP  onewire.o
    0x08000b04   0x08000b04   0x00000024   Code   RO          533    i.Onewire_OUT_PULL_UP  onewire.o
    0x08000b28   0x08000b28   0x00000018   Code   RO         2245    i.RCC_ADCCLKConfig  stm32f10x_rcc.o
    0x08000b40   0x08000b40   0x00000020   Code   RO         2246    i.RCC_AHBPeriphClockCmd  stm32f10x_rcc.o
    0x08000b60   0x08000b60   0x00000020   Code   RO         2247    i.RCC_APB1PeriphClockCmd  stm32f10x_rcc.o
    0x08000b80   0x08000b80   0x00000020   Code   RO         2249    i.RCC_APB2PeriphClockCmd  stm32f10x_rcc.o
    0x08000ba0   0x08000ba0   0x00000020   Code   RO         2250    i.RCC_APB2PeriphResetCmd  stm32f10x_rcc.o
    0x08000bc0   0x08000bc0   0x00000008   Code   RO          600    i.SetSysClock       system_stm32f10x.o
    0x08000bc8   0x08000bc8   0x000000e0   Code   RO          601    i.SetSysClockTo72   system_stm32f10x.o
    0x08000ca8   0x08000ca8   0x00000028   Code   RO          651    i.SysTick_CLKSourceConfig  misc.o
    0x08000cd0   0x08000cd0   0x00000002   Code   RO            4    i.SysTick_Handler   main.o
    0x08000cd2   0x08000cd2   0x00000002   PAD
    0x08000cd4   0x08000cd4   0x00000060   Code   RO          603    i.SystemInit        system_stm32f10x.o
    0x08000d34   0x08000d34   0x00000080   Code   RO         2877    i.TI1_Config        stm32f10x_tim.o
    0x08000db4   0x08000db4   0x00000098   Code   RO         2878    i.TI2_Config        stm32f10x_tim.o
    0x08000e4c   0x08000e4c   0x00000090   Code   RO         2879    i.TI3_Config        stm32f10x_tim.o
    0x08000edc   0x08000edc   0x00000098   Code   RO         2880    i.TI4_Config        stm32f10x_tim.o
    0x08000f74   0x08000f74   0x0000006e   Code   RO          395    i.TIM2_Configuration  velocity.o
    0x08000fe2   0x08000fe2   0x00000002   PAD
    0x08000fe4   0x08000fe4   0x00000048   Code   RO          396    i.TIM2_IRQHandler   velocity.o
    0x0800102c   0x0800102c   0x000000c0   Code   RO          480    i.TIM3_Cap_Init     time.o
    0x080010ec   0x080010ec   0x000000c0   Code   RO          481    i.TIM3_IRQHandler   time.o
    0x080011ac   0x080011ac   0x00000018   Code   RO         2881    i.TIM_ARRPreloadConfig  stm32f10x_tim.o
    0x080011c4   0x080011c4   0x00000006   Code   RO         2888    i.TIM_ClearITPendingBit  stm32f10x_tim.o
    0x080011ca   0x080011ca   0x00000018   Code   RO         2893    i.TIM_Cmd           stm32f10x_tim.o
    0x080011e2   0x080011e2   0x0000001e   Code   RO         2895    i.TIM_CtrlPWMOutputs  stm32f10x_tim.o
    0x08001200   0x08001200   0x00000006   Code   RO         2908    i.TIM_GetCapture1   stm32f10x_tim.o
    0x08001206   0x08001206   0x00000022   Code   RO         2914    i.TIM_GetITStatus   stm32f10x_tim.o
    0x08001228   0x08001228   0x000000ac   Code   RO         2916    i.TIM_ICInit        stm32f10x_tim.o
    0x080012d4   0x080012d4   0x00000012   Code   RO         2918    i.TIM_ITConfig      stm32f10x_tim.o
    0x080012e6   0x080012e6   0x00000002   PAD
    0x080012e8   0x080012e8   0x00000098   Code   RO         2922    i.TIM_OC1Init       stm32f10x_tim.o
    0x08001380   0x08001380   0x00000012   Code   RO         2924    i.TIM_OC1PolarityConfig  stm32f10x_tim.o
    0x08001392   0x08001392   0x00000012   Code   RO         2925    i.TIM_OC1PreloadConfig  stm32f10x_tim.o
    0x080013a4   0x080013a4   0x00000004   Code   RO         2958    i.TIM_SetCounter    stm32f10x_tim.o
    0x080013a8   0x080013a8   0x00000012   Code   RO         2959    i.TIM_SetIC1Prescaler  stm32f10x_tim.o
    0x080013ba   0x080013ba   0x0000001a   Code   RO         2960    i.TIM_SetIC2Prescaler  stm32f10x_tim.o
    0x080013d4   0x080013d4   0x00000012   Code   RO         2961    i.TIM_SetIC3Prescaler  stm32f10x_tim.o
    0x080013e6   0x080013e6   0x0000001a   Code   RO         2962    i.TIM_SetIC4Prescaler  stm32f10x_tim.o
    0x08001400   0x08001400   0x000000a4   Code   RO         2964    i.TIM_TimeBaseInit  stm32f10x_tim.o
    0x080014a4   0x080014a4   0x00000050   Code   RO         3736    i.USART1_IRQHandler  usart.o
    0x080014f4   0x080014f4   0x00000054   Code   RO         3737    i.USART2_IRQHandler  usart.o
    0x08001548   0x08001548   0x00000012   Code   RO         3425    i.USART_ClearFlag   stm32f10x_usart.o
    0x0800155a   0x0800155a   0x0000001e   Code   RO         3426    i.USART_ClearITPendingBit  stm32f10x_usart.o
    0x08001578   0x08001578   0x00000054   Code   RO         3433    i.USART_GetITStatus  stm32f10x_usart.o
    0x080015cc   0x080015cc   0x00000050   Code   RO          365    i.Ultrasonic_Init   ultrasonic.o
    0x0800161c   0x0800161c   0x0000005c   Code   RO          172    i.adcDmaConfig      adc.o
    0x08001678   0x08001678   0x00000024   Code   RO          173    i.adcSelChVal       adc.o
    0x0800169c   0x0800169c   0x00000034   Code   RO          366    i.beep_Init         ultrasonic.o
    0x080016d0   0x080016d0   0x00000058   Code   RO            5    i.chappross         main.o
    0x08001728   0x08001728   0x00000066   Code   RO          436    i.clrscr            oled.o
    0x0800178e   0x0800178e   0x00000014   Code   RO          502    i.convertDs18b20    18b20.o
    0x080017a2   0x080017a2   0x00000002   PAD
    0x080017a4   0x080017a4   0x000000b4   Code   RO            6    i.coposs_DS18B20    main.o
    0x08001858   0x08001858   0x00000080   Code   RO            7    i.coposs_distance   main.o
    0x080018d8   0x080018d8   0x00000068   Code   RO            8    i.coposs_speed      main.o
    0x08001940   0x08001940   0x00000010   Code   RO          534    i.delay_1us         onewire.o
    0x08001950   0x08001950   0x0000004c   Code   RO         3672    i.delay_init        delay.o
    0x0800199c   0x0800199c   0x00000020   Code   RO         3673    i.delay_ms          delay.o
    0x080019bc   0x080019bc   0x0000001c   Code   RO         3674    i.delay_us          delay.o
    0x080019d8   0x080019d8   0x00000114   Code   RO          367    i.distance          ultrasonic.o
    0x08001aec   0x08001aec   0x000001e8   Code   RO            9    i.main              main.o
    0x08001cd4   0x08001cd4   0x00000064   Code   RO          535    i.rOnewire          onewire.o
    0x08001d38   0x08001d38   0x00000026   Code   RO          503    i.readID            18b20.o
    0x08001d5e   0x08001d5e   0x00000002   PAD
    0x08001d60   0x08001d60   0x0000007c   Code   RO          504    i.readTemp          18b20.o
    0x08001ddc   0x08001ddc   0x00000058   Code   RO          536    i.resetOnewire      onewire.o
    0x08001e34   0x08001e34   0x00000064   Code   RO          537    i.wOnewire          onewire.o
    0x08001e98   0x08001e98   0x0000005a   Code   RO         3910    x$fpl$dfixu         fz_ws.l(dfixu.o)
    0x08001ef2   0x08001ef2   0x00000026   Code   RO         3914    x$fpl$dfltu         fz_ws.l(dflt_clz.o)
    0x08001f18   0x08001f18   0x00000154   Code   RO         3920    x$fpl$dmul          fz_ws.l(dmul.o)
    0x0800206c   0x0800206c   0x0000009c   Code   RO         3941    x$fpl$dnaninf       fz_ws.l(dnaninf.o)
    0x08002108   0x08002108   0x0000000c   Code   RO         3943    x$fpl$dretinf       fz_ws.l(dretinf.o)
    0x08002114   0x08002114   0x00000184   Code   RO         3925    x$fpl$fdiv          fz_ws.l(fdiv.o)
    0x08002298   0x08002298   0x0000003e   Code   RO         3928    x$fpl$ffixu         fz_ws.l(ffixu.o)
    0x080022d6   0x080022d6   0x00000002   PAD
    0x080022d8   0x080022d8   0x00000026   Code   RO         3932    x$fpl$ffltu         fz_ws.l(fflt_clz.o)
    0x080022fe   0x080022fe   0x00000002   PAD
    0x08002300   0x08002300   0x00000102   Code   RO         3938    x$fpl$fmul          fz_ws.l(fmul.o)
    0x08002402   0x08002402   0x0000008c   Code   RO         3945    x$fpl$fnaninf       fz_ws.l(fnaninf.o)
    0x0800248e   0x0800248e   0x0000000a   Code   RO         3947    x$fpl$fretinf       fz_ws.l(fretinf.o)
    0x08002498   0x08002498   0x00000000   Code   RO         3949    x$fpl$usenofp       fz_ws.l(usenofp.o)
    0x08002498   0x08002498   0x00000020   Data   RO         4102    Region$$Table       anon$$obj.o


    Execution Region RW_IRAM1 (Exec base: 0x20000000, Load base: 0x080024b8, Size: 0x00000a68, Max: 0x00002800, ABSOLUTE, COMPRESSED[0x0000015c])

    Exec Addr    Load Addr    Size         Type   Attr      Idx    E Section Name        Object

    0x20000000   COMPRESSED   0x0000002e   Data   RW           11    .data               main.o
    0x2000002e   COMPRESSED   0x00000002   PAD
    0x20000030   COMPRESSED   0x00000008   Data   RW          368    .data               ultrasonic.o
    0x20000038   COMPRESSED   0x0000000c   Data   RW          398    .data               velocity.o
    0x20000044   COMPRESSED   0x00000220   Data   RW          438    .data               oled.o
    0x20000264   COMPRESSED   0x00000004   Data   RW          483    .data               time.o
    0x20000268   COMPRESSED   0x00000003   Data   RW          505    .data               18b20.o
    0x2000026b   COMPRESSED   0x00000001   PAD
    0x2000026c   COMPRESSED   0x00000004   Data   RW         3675    .data               delay.o
    0x20000270        -       0x00000016   Zero   RW           10    .bss                main.o
    0x20000286        -       0x00000064   Zero   RW          174    .bss                adc.o
    0x200002ea        -       0x0000000a   Zero   RW          482    .bss                time.o
    0x200002f4        -       0x0000010f   Zero   RW         3750    .bss                usart.o
    0x20000403   COMPRESSED   0x00000001   PAD
    0x20000404        -       0x00000060   Zero   RW         3976    .bss                c_w.l(libspace.o)
    0x20000464   COMPRESSED   0x00000004   PAD
    0x20000468        -       0x00000200   Zero   RW         3666    HEAP                startup_stm32f10x_ld.o
    0x20000668        -       0x00000400   Zero   RW         3665    STACK               startup_stm32f10x_ld.o


==============================================================================

Image component sizes


      Code (inc. data)   RO Data    RW Data    ZI Data      Debug   Object Name

       182         12          0          3          0       1997   18b20.o
       288         28          0          0        100      29829   adc.o
         0          0          0          0          0         32   core_cm3.o
       136          8          0          4          0       1635   delay.o
       990         64          0         46         22     243034   main.o
       172         22          0          0          0       3661   misc.o
       422         20          0        544          0       3162   oled.o
       388         24          0          0          0       3443   onewire.o
       172         16          0          0          0      21447   pwm.o
        64         26        236          0       1536        796   startup_stm32f10x_ld.o
       432         24          0          0          0       6108   stm32f10x_adc.o
        84          0          0          0          0      12557   stm32f10x_dma.o
       160         12          0          0          0       3621   stm32f10x_exti.o
       512         10          0          0          0      13348   stm32f10x_gpio.o
       152         30          0          0          0       2734   stm32f10x_rcc.o
      1334        170          0          0          0      13183   stm32f10x_tim.o
       132          0          0          0          0       9352   stm32f10x_usart.o
       328         28          0          0          0       1881   system_stm32f10x.o
       384         26          0          4         10       1633   time.o
       408         42          0          8          0       1925   ultrasonic.o
       164         16          0          0        271       1684   usart.o
       334         28          0         12          0       2372   velocity.o

    ----------------------------------------------------------------------
      7254        606        268        624       1940     379434   Object Totals
         0          0         32          0          0          0   (incl. Generated)
        16          0          0          3          1          0   (incl. Padding)

    ----------------------------------------------------------------------

      Code (inc. data)   RO Data    RW Data    ZI Data      Debug   Library Member Name

        90          0          0          0          0          0   __dczerorl2.o
         8          0          0          0          0         68   __main.o
         0          0          0          0          0          0   __rtentry.o
        12          0          0          0          0          0   __rtentry2.o
         6          0          0          0          0          0   __rtentry4.o
        52          8          0          0          0          0   __scatter.o
        28          0          0          0          0          0   __scatter_zi.o
        18          0          0          0          0         80   exit.o
         6          0          0          0          0        152   heapauxi.o
         0          0          0          0          0          0   indicate_semi.o
         2          0          0          0          0          0   libinit.o
         2          0          0          0          0          0   libinit2.o
         2          0          0          0          0          0   libshutdown.o
         2          0          0          0          0          0   libshutdown2.o
         8          4          0          0         96         68   libspace.o
         2          0          0          0          0          0   rtexit.o
        10          0          0          0          0          0   rtexit2.o
        12          4          0          0          0         68   sys_exit.o
        74          0          0          0          0         80   sys_stackheap_outer.o
         2          0          0          0          0         68   use_no_semi.o
        90          4          0          0          0         92   dfixu.o
        38          0          0          0          0         68   dflt_clz.o
       340         12          0          0          0        104   dmul.o
       156          4          0          0          0         92   dnaninf.o
        12          0          0          0          0         68   dretinf.o
       388         76          0          0          0         96   fdiv.o
        62          4          0          0          0         84   ffixu.o
        38          0          0          0          0         68   fflt_clz.o
       258          4          0          0          0         84   fmul.o
       140          4          0          0          0         84   fnaninf.o
        10          0          0          0          0         68   fretinf.o
         0          0          0          0          0          0   usenofp.o

    ----------------------------------------------------------------------
      1878        124          0          0        100       1492   Library Totals
        10          0          0          0          4          0   (incl. Padding)

    ----------------------------------------------------------------------

      Code (inc. data)   RO Data    RW Data    ZI Data      Debug   Library Name

       336         16          0          0         96        584   c_w.l
      1532        108          0          0          0        908   fz_ws.l

    ----------------------------------------------------------------------
      1878        124          0          0        100       1492   Library Totals

    ----------------------------------------------------------------------

==============================================================================


      Code (inc. data)   RO Data    RW Data    ZI Data      Debug   

      9132        730        268        624       2040     375618   Grand Totals
      9132        730        268        348       2040     375618   ELF Image Totals (compressed)
      9132        730        268        348          0          0   ROM Totals

==============================================================================

    Total RO  Size (Code + RO Data)                 9400 (   9.18kB)
    Total RW  Size (RW Data + ZI Data)              2664 (   2.60kB)
    Total ROM Size (Code + RO Data + RW Data)       9748 (   9.52kB)

==============================================================================

