<!doctype html public "-//w3c//dtd html 4.0 transitional//en">
<html><head>
<title>Static Call Graph - [..\OBJ\GuiLIte.axf]</title></head>
<body><HR>
<H1>Static Call Graph for image ..\OBJ\GuiLIte.axf</H1><HR>
<BR><P>#&#060CALLGRAPH&#062# ARM Linker, 5060750: Last Updated: Thu Jan 23 14:05:00 2025
<BR><P>
<H3>Maximum Stack Usage =        240 bytes + Unknown(Cycles, Untraceable Function Pointers)</H3><H3>
Call chain for Maximum Stack Depth:</H3>
c_lattice_font_op::draw_string(c_surface*, int, const void*, int, int, const void*, unsigned, unsigned) &rArr; c_lattice_font_op::draw_single_char(c_surface*, int, unsigned, int, int, const struct_lattice_font_info*, unsigned, unsigned) &rArr; c_lattice_font_op::draw_lattice(c_surface*, int, int, int, int, int, const unsigned char*, unsigned, unsigned)
<P>
<H3>
Mutually Recursive functions
</H3> <LI><a href="#[25]">ADC_IRQHandler</a>&nbsp;&nbsp;&nbsp;&rArr;&nbsp;&nbsp;&nbsp;<a href="#[25]">ADC_IRQHandler</a><BR>
</UL>
<P>
<H3>
Function Pointers
</H3><UL>
 <LI><a href="#[25]">ADC_IRQHandler</a> from startup_stm32f40_41xxx.o(.text) referenced from startup_stm32f40_41xxx.o(RESET)
 <LI><a href="#[d]">BusFault_Handler</a> from stm32f4xx_it.o(.text) referenced from startup_stm32f40_41xxx.o(RESET)
 <LI><a href="#[27]">CAN1_RX0_IRQHandler</a> from startup_stm32f40_41xxx.o(.text) referenced from startup_stm32f40_41xxx.o(RESET)
 <LI><a href="#[28]">CAN1_RX1_IRQHandler</a> from startup_stm32f40_41xxx.o(.text) referenced from startup_stm32f40_41xxx.o(RESET)
 <LI><a href="#[29]">CAN1_SCE_IRQHandler</a> from startup_stm32f40_41xxx.o(.text) referenced from startup_stm32f40_41xxx.o(RESET)
 <LI><a href="#[26]">CAN1_TX_IRQHandler</a> from startup_stm32f40_41xxx.o(.text) referenced from startup_stm32f40_41xxx.o(RESET)
 <LI><a href="#[53]">CAN2_RX0_IRQHandler</a> from startup_stm32f40_41xxx.o(.text) referenced from startup_stm32f40_41xxx.o(RESET)
 <LI><a href="#[54]">CAN2_RX1_IRQHandler</a> from startup_stm32f40_41xxx.o(.text) referenced from startup_stm32f40_41xxx.o(RESET)
 <LI><a href="#[55]">CAN2_SCE_IRQHandler</a> from startup_stm32f40_41xxx.o(.text) referenced from startup_stm32f40_41xxx.o(RESET)
 <LI><a href="#[52]">CAN2_TX_IRQHandler</a> from startup_stm32f40_41xxx.o(.text) referenced from startup_stm32f40_41xxx.o(RESET)
 <LI><a href="#[62]">CRYP_IRQHandler</a> from startup_stm32f40_41xxx.o(.text) referenced from startup_stm32f40_41xxx.o(RESET)
 <LI><a href="#[61]">DCMI_IRQHandler</a> from startup_stm32f40_41xxx.o(.text) referenced from startup_stm32f40_41xxx.o(RESET)
 <LI><a href="#[1e]">DMA1_Stream0_IRQHandler</a> from startup_stm32f40_41xxx.o(.text) referenced from startup_stm32f40_41xxx.o(RESET)
 <LI><a href="#[1f]">DMA1_Stream1_IRQHandler</a> from startup_stm32f40_41xxx.o(.text) referenced from startup_stm32f40_41xxx.o(RESET)
 <LI><a href="#[20]">DMA1_Stream2_IRQHandler</a> from startup_stm32f40_41xxx.o(.text) referenced from startup_stm32f40_41xxx.o(RESET)
 <LI><a href="#[21]">DMA1_Stream3_IRQHandler</a> from startup_stm32f40_41xxx.o(.text) referenced from startup_stm32f40_41xxx.o(RESET)
 <LI><a href="#[22]">DMA1_Stream4_IRQHandler</a> from startup_stm32f40_41xxx.o(.text) referenced from startup_stm32f40_41xxx.o(RESET)
 <LI><a href="#[23]">DMA1_Stream5_IRQHandler</a> from startup_stm32f40_41xxx.o(.text) referenced from startup_stm32f40_41xxx.o(RESET)
 <LI><a href="#[24]">DMA1_Stream6_IRQHandler</a> from startup_stm32f40_41xxx.o(.text) referenced from startup_stm32f40_41xxx.o(RESET)
 <LI><a href="#[42]">DMA1_Stream7_IRQHandler</a> from startup_stm32f40_41xxx.o(.text) referenced from startup_stm32f40_41xxx.o(RESET)
 <LI><a href="#[4b]">DMA2_Stream0_IRQHandler</a> from startup_stm32f40_41xxx.o(.text) referenced from startup_stm32f40_41xxx.o(RESET)
 <LI><a href="#[4c]">DMA2_Stream1_IRQHandler</a> from startup_stm32f40_41xxx.o(.text) referenced from startup_stm32f40_41xxx.o(RESET)
 <LI><a href="#[4d]">DMA2_Stream2_IRQHandler</a> from startup_stm32f40_41xxx.o(.text) referenced from startup_stm32f40_41xxx.o(RESET)
 <LI><a href="#[4e]">DMA2_Stream3_IRQHandler</a> from startup_stm32f40_41xxx.o(.text) referenced from startup_stm32f40_41xxx.o(RESET)
 <LI><a href="#[4f]">DMA2_Stream4_IRQHandler</a> from startup_stm32f40_41xxx.o(.text) referenced from startup_stm32f40_41xxx.o(RESET)
 <LI><a href="#[57]">DMA2_Stream5_IRQHandler</a> from startup_stm32f40_41xxx.o(.text) referenced from startup_stm32f40_41xxx.o(RESET)
 <LI><a href="#[58]">DMA2_Stream6_IRQHandler</a> from startup_stm32f40_41xxx.o(.text) referenced from startup_stm32f40_41xxx.o(RESET)
 <LI><a href="#[59]">DMA2_Stream7_IRQHandler</a> from startup_stm32f40_41xxx.o(.text) referenced from startup_stm32f40_41xxx.o(RESET)
 <LI><a href="#[10]">DebugMon_Handler</a> from stm32f4xx_it.o(.text) referenced from startup_stm32f40_41xxx.o(RESET)
 <LI><a href="#[50]">ETH_IRQHandler</a> from startup_stm32f40_41xxx.o(.text) referenced from startup_stm32f40_41xxx.o(RESET)
 <LI><a href="#[51]">ETH_WKUP_IRQHandler</a> from startup_stm32f40_41xxx.o(.text) referenced from startup_stm32f40_41xxx.o(RESET)
 <LI><a href="#[19]">EXTI0_IRQHandler</a> from startup_stm32f40_41xxx.o(.text) referenced from startup_stm32f40_41xxx.o(RESET)
 <LI><a href="#[3b]">EXTI15_10_IRQHandler</a> from startup_stm32f40_41xxx.o(.text) referenced from startup_stm32f40_41xxx.o(RESET)
 <LI><a href="#[1a]">EXTI1_IRQHandler</a> from startup_stm32f40_41xxx.o(.text) referenced from startup_stm32f40_41xxx.o(RESET)
 <LI><a href="#[1b]">EXTI2_IRQHandler</a> from startup_stm32f40_41xxx.o(.text) referenced from startup_stm32f40_41xxx.o(RESET)
 <LI><a href="#[1c]">EXTI3_IRQHandler</a> from startup_stm32f40_41xxx.o(.text) referenced from startup_stm32f40_41xxx.o(RESET)
 <LI><a href="#[1d]">EXTI4_IRQHandler</a> from startup_stm32f40_41xxx.o(.text) referenced from startup_stm32f40_41xxx.o(RESET)
 <LI><a href="#[2a]">EXTI9_5_IRQHandler</a> from startup_stm32f40_41xxx.o(.text) referenced from startup_stm32f40_41xxx.o(RESET)
 <LI><a href="#[17]">FLASH_IRQHandler</a> from startup_stm32f40_41xxx.o(.text) referenced from startup_stm32f40_41xxx.o(RESET)
 <LI><a href="#[64]">FPU_IRQHandler</a> from startup_stm32f40_41xxx.o(.text) referenced from startup_stm32f40_41xxx.o(RESET)
 <LI><a href="#[43]">FSMC_IRQHandler</a> from startup_stm32f40_41xxx.o(.text) referenced from startup_stm32f40_41xxx.o(RESET)
 <LI><a href="#[63]">HASH_RNG_IRQHandler</a> from startup_stm32f40_41xxx.o(.text) referenced from startup_stm32f40_41xxx.o(RESET)
 <LI><a href="#[b]">HardFault_Handler</a> from stm32f4xx_it.o(.text) referenced from startup_stm32f40_41xxx.o(RESET)
 <LI><a href="#[33]">I2C1_ER_IRQHandler</a> from startup_stm32f40_41xxx.o(.text) referenced from startup_stm32f40_41xxx.o(RESET)
 <LI><a href="#[32]">I2C1_EV_IRQHandler</a> from startup_stm32f40_41xxx.o(.text) referenced from startup_stm32f40_41xxx.o(RESET)
 <LI><a href="#[35]">I2C2_ER_IRQHandler</a> from startup_stm32f40_41xxx.o(.text) referenced from startup_stm32f40_41xxx.o(RESET)
 <LI><a href="#[34]">I2C2_EV_IRQHandler</a> from startup_stm32f40_41xxx.o(.text) referenced from startup_stm32f40_41xxx.o(RESET)
 <LI><a href="#[5c]">I2C3_ER_IRQHandler</a> from startup_stm32f40_41xxx.o(.text) referenced from startup_stm32f40_41xxx.o(RESET)
 <LI><a href="#[5b]">I2C3_EV_IRQHandler</a> from startup_stm32f40_41xxx.o(.text) referenced from startup_stm32f40_41xxx.o(RESET)
 <LI><a href="#[c]">MemManage_Handler</a> from stm32f4xx_it.o(.text) referenced from startup_stm32f40_41xxx.o(RESET)
 <LI><a href="#[a]">NMI_Handler</a> from stm32f4xx_it.o(.text) referenced from startup_stm32f40_41xxx.o(RESET)
 <LI><a href="#[56]">OTG_FS_IRQHandler</a> from startup_stm32f40_41xxx.o(.text) referenced from startup_stm32f40_41xxx.o(RESET)
 <LI><a href="#[3d]">OTG_FS_WKUP_IRQHandler</a> from startup_stm32f40_41xxx.o(.text) referenced from startup_stm32f40_41xxx.o(RESET)
 <LI><a href="#[5e]">OTG_HS_EP1_IN_IRQHandler</a> from startup_stm32f40_41xxx.o(.text) referenced from startup_stm32f40_41xxx.o(RESET)
 <LI><a href="#[5d]">OTG_HS_EP1_OUT_IRQHandler</a> from startup_stm32f40_41xxx.o(.text) referenced from startup_stm32f40_41xxx.o(RESET)
 <LI><a href="#[60]">OTG_HS_IRQHandler</a> from startup_stm32f40_41xxx.o(.text) referenced from startup_stm32f40_41xxx.o(RESET)
 <LI><a href="#[5f]">OTG_HS_WKUP_IRQHandler</a> from startup_stm32f40_41xxx.o(.text) referenced from startup_stm32f40_41xxx.o(RESET)
 <LI><a href="#[14]">PVD_IRQHandler</a> from startup_stm32f40_41xxx.o(.text) referenced from startup_stm32f40_41xxx.o(RESET)
 <LI><a href="#[11]">PendSV_Handler</a> from stm32f4xx_it.o(.text) referenced from startup_stm32f40_41xxx.o(RESET)
 <LI><a href="#[18]">RCC_IRQHandler</a> from startup_stm32f40_41xxx.o(.text) referenced from startup_stm32f40_41xxx.o(RESET)
 <LI><a href="#[3c]">RTC_Alarm_IRQHandler</a> from startup_stm32f40_41xxx.o(.text) referenced from startup_stm32f40_41xxx.o(RESET)
 <LI><a href="#[16]">RTC_WKUP_IRQHandler</a> from startup_stm32f40_41xxx.o(.text) referenced from startup_stm32f40_41xxx.o(RESET)
 <LI><a href="#[9]">Reset_Handler</a> from startup_stm32f40_41xxx.o(.text) referenced from startup_stm32f40_41xxx.o(RESET)
 <LI><a href="#[44]">SDIO_IRQHandler</a> from startup_stm32f40_41xxx.o(.text) referenced from startup_stm32f40_41xxx.o(RESET)
 <LI><a href="#[36]">SPI1_IRQHandler</a> from startup_stm32f40_41xxx.o(.text) referenced from startup_stm32f40_41xxx.o(RESET)
 <LI><a href="#[37]">SPI2_IRQHandler</a> from startup_stm32f40_41xxx.o(.text) referenced from startup_stm32f40_41xxx.o(RESET)
 <LI><a href="#[46]">SPI3_IRQHandler</a> from startup_stm32f40_41xxx.o(.text) referenced from startup_stm32f40_41xxx.o(RESET)
 <LI><a href="#[f]">SVC_Handler</a> from stm32f4xx_it.o(.text) referenced from startup_stm32f40_41xxx.o(RESET)
 <LI><a href="#[12]">SysTick_Handler</a> from stm32f4xx_it.o(.text) referenced from startup_stm32f40_41xxx.o(RESET)
 <LI><a href="#[66]">SystemInit</a> from system_stm32f4xx.o(.text) referenced from startup_stm32f40_41xxx.o(.text)
 <LI><a href="#[15]">TAMP_STAMP_IRQHandler</a> from startup_stm32f40_41xxx.o(.text) referenced from startup_stm32f40_41xxx.o(RESET)
 <LI><a href="#[2b]">TIM1_BRK_TIM9_IRQHandler</a> from startup_stm32f40_41xxx.o(.text) referenced from startup_stm32f40_41xxx.o(RESET)
 <LI><a href="#[2e]">TIM1_CC_IRQHandler</a> from startup_stm32f40_41xxx.o(.text) referenced from startup_stm32f40_41xxx.o(RESET)
 <LI><a href="#[2d]">TIM1_TRG_COM_TIM11_IRQHandler</a> from startup_stm32f40_41xxx.o(.text) referenced from startup_stm32f40_41xxx.o(RESET)
 <LI><a href="#[2c]">TIM1_UP_TIM10_IRQHandler</a> from startup_stm32f40_41xxx.o(.text) referenced from startup_stm32f40_41xxx.o(RESET)
 <LI><a href="#[2f]">TIM2_IRQHandler</a> from startup_stm32f40_41xxx.o(.text) referenced from startup_stm32f40_41xxx.o(RESET)
 <LI><a href="#[30]">TIM3_IRQHandler</a> from startup_stm32f40_41xxx.o(.text) referenced from startup_stm32f40_41xxx.o(RESET)
 <LI><a href="#[31]">TIM4_IRQHandler</a> from startup_stm32f40_41xxx.o(.text) referenced from startup_stm32f40_41xxx.o(RESET)
 <LI><a href="#[45]">TIM5_IRQHandler</a> from startup_stm32f40_41xxx.o(.text) referenced from startup_stm32f40_41xxx.o(RESET)
 <LI><a href="#[49]">TIM6_DAC_IRQHandler</a> from startup_stm32f40_41xxx.o(.text) referenced from startup_stm32f40_41xxx.o(RESET)
 <LI><a href="#[4a]">TIM7_IRQHandler</a> from startup_stm32f40_41xxx.o(.text) referenced from startup_stm32f40_41xxx.o(RESET)
 <LI><a href="#[3e]">TIM8_BRK_TIM12_IRQHandler</a> from startup_stm32f40_41xxx.o(.text) referenced from startup_stm32f40_41xxx.o(RESET)
 <LI><a href="#[41]">TIM8_CC_IRQHandler</a> from startup_stm32f40_41xxx.o(.text) referenced from startup_stm32f40_41xxx.o(RESET)
 <LI><a href="#[40]">TIM8_TRG_COM_TIM14_IRQHandler</a> from startup_stm32f40_41xxx.o(.text) referenced from startup_stm32f40_41xxx.o(RESET)
 <LI><a href="#[3f]">TIM8_UP_TIM13_IRQHandler</a> from startup_stm32f40_41xxx.o(.text) referenced from startup_stm32f40_41xxx.o(RESET)
 <LI><a href="#[47]">UART4_IRQHandler</a> from startup_stm32f40_41xxx.o(.text) referenced from startup_stm32f40_41xxx.o(RESET)
 <LI><a href="#[48]">UART5_IRQHandler</a> from startup_stm32f40_41xxx.o(.text) referenced from startup_stm32f40_41xxx.o(RESET)
 <LI><a href="#[38]">USART1_IRQHandler</a> from startup_stm32f40_41xxx.o(.text) referenced from startup_stm32f40_41xxx.o(RESET)
 <LI><a href="#[39]">USART2_IRQHandler</a> from startup_stm32f40_41xxx.o(.text) referenced from startup_stm32f40_41xxx.o(RESET)
 <LI><a href="#[3a]">USART3_IRQHandler</a> from startup_stm32f40_41xxx.o(.text) referenced from startup_stm32f40_41xxx.o(RESET)
 <LI><a href="#[5a]">USART6_IRQHandler</a> from startup_stm32f40_41xxx.o(.text) referenced from startup_stm32f40_41xxx.o(RESET)
 <LI><a href="#[e]">UsageFault_Handler</a> from stm32f4xx_it.o(.text) referenced from startup_stm32f40_41xxx.o(RESET)
 <LI><a href="#[13]">WWDG_IRQHandler</a> from startup_stm32f40_41xxx.o(.text) referenced from startup_stm32f40_41xxx.o(RESET)
 <LI><a href="#[68]">c_keyboard::~c_keyboard()</a> from uicode.o(i._ZN10c_keyboardD1Ev) referenced from uicode.o(.constdata__ZTV10c_keyboard)
 <LI><a href="#[68]">c_keyboard::~c_keyboard()</a> from uicode.o(i._ZN10c_keyboardD1Ev) referenced from uicode.o(.text)
 <LI><a href="#[6a]">c_particle::c_particle()</a> from uicode.o(i._ZN10c_particleC1Ev) referenced from uicode.o(.text)
 <LI><a href="#[69]">c_keyboard_button::~c_keyboard_button()</a> from uicode.o(i._ZN17c_keyboard_buttonD1Ev) referenced from uicode.o(.constdata__ZTV17c_keyboard_button)
 <LI><a href="#[69]">c_keyboard_button::~c_keyboard_button()</a> from uicode.o(i._ZN17c_keyboard_buttonD1Ev) referenced 2 times from uicode.o(.text)
 <LI><a href="#[6d]">c_lattice_font_op::draw_string(c_surface*, int, const void*, int, int, const void*, unsigned, unsigned)</a> from uicode.o(i._ZN17c_lattice_font_op11draw_stringEP9c_surfaceiPKviiS3_jj) referenced from uicode.o(.constdata__ZTV17c_lattice_font_op)
 <LI><a href="#[6b]">c_layer::c_layer()</a> from uicode.o(i._ZN7c_layerC1Ev) referenced from uicode.o(i._ZN9c_surfaceC1Ejjj13Z_ORDER_LEVEL6c_rect)
 <LI><a href="#[6e]">c_button::~c_button()</a> from uicode.o(i._ZN8c_buttonD1Ev) referenced from uicode.o(.constdata__ZTV8c_button)
 <LI><a href="#[6f]">c_display::draw_pixel(int, int, unsigned)</a> from uicode.o(i._ZN9c_display10draw_pixelEiij) referenced from uicode.o(.constdata__ZTV9c_display)
 <LI><a href="#[70]">c_display::fill_rect(int, int, int, int, unsigned)</a> from uicode.o(i._ZN9c_display9fill_rectEiiiij) referenced from uicode.o(.constdata__ZTV9c_display)
 <LI><a href="#[71]">c_surface::draw_pixel(int, int, unsigned, unsigned)</a> from uicode.o(i._ZN9c_surface10draw_pixelEiijj) referenced from uicode.o(.constdata__ZTV9c_surface)
 <LI><a href="#[73]">c_surface::fill_rect_low_level(int, int, int, int, unsigned)</a> from uicode.o(i._ZN9c_surface19fill_rect_low_levelEiiiij) referenced from uicode.o(.constdata__ZTV9c_surface)
 <LI><a href="#[74]">c_surface::draw_pixel_low_level(int, int, unsigned)</a> from uicode.o(i._ZN9c_surface20draw_pixel_low_levelEiij) referenced from uicode.o(.constdata__ZTV9c_surface)
 <LI><a href="#[72]">c_surface::fill_rect(int, int, int, int, unsigned, unsigned)</a> from uicode.o(i._ZN9c_surface9fill_rectEiiiijj) referenced from uicode.o(.constdata__ZTV9c_surface)
 <LI><a href="#[6c]">__cxa_pure_virtual</a> from pure_virt.o(i.__cxa_pure_virtual) referenced 5 times from uicode.o(.constdata__ZTV15c_font_operator)
 <LI><a href="#[6c]">__cxa_pure_virtual</a> from pure_virt.o(i.__cxa_pure_virtual) referenced 2 times from uicode.o(.constdata__ZTV16c_image_operator)
 <LI><a href="#[67]">__main</a> from entry.o(.ARM.Collect$$$$00000000) referenced from startup_stm32f40_41xxx.o(.text)
 <LI><a href="#[75]">__sti___10_UIcode_cpp_396ac66f</a> from uicode.o(.text) referenced from uicode.o(.init_array)
 <LI><a href="#[7c]">gfx_draw_pixel</a> from main.o(.text) referenced from main.o(.text)
 <LI><a href="#[65]">main</a> from main.o(.text) referenced from entry9a.o(.ARM.Collect$$$$0000000B)
</UL>
<P>
<H3>
Global Symbols
</H3>
<P><STRONG><a name="[67]"></a>__main</STRONG> (Thumb, 0 bytes, Stack size unknown bytes, entry.o(.ARM.Collect$$$$00000000))
<BR>[Address Reference Count : 1]<UL><LI> startup_stm32f40_41xxx.o(.text)
</UL>
<P><STRONG><a name="[e3]"></a>_main_stk</STRONG> (Thumb, 0 bytes, Stack size unknown bytes, entry2.o(.ARM.Collect$$$$00000001))

<P><STRONG><a name="[77]"></a>_main_scatterload</STRONG> (Thumb, 0 bytes, Stack size unknown bytes, entry5.o(.ARM.Collect$$$$00000004))
<BR><BR>[Calls]<UL><LI><a href="#[78]">&gt;&gt;</a>&nbsp;&nbsp;&nbsp;__scatterload
</UL>

<P><STRONG><a name="[d5]"></a>__main_after_scatterload</STRONG> (Thumb, 0 bytes, Stack size unknown bytes, entry5.o(.ARM.Collect$$$$00000004))
<BR><BR>[Called By]<UL><LI><a href="#[78]">&gt;&gt;</a>&nbsp;&nbsp;&nbsp;__scatterload
</UL>

<P><STRONG><a name="[e4]"></a>_main_clock</STRONG> (Thumb, 0 bytes, Stack size unknown bytes, entry7b.o(.ARM.Collect$$$$00000008))

<P><STRONG><a name="[79]"></a>_main_cpp_init$empty</STRONG> (Thumb, 0 bytes, Stack size unknown bytes, entry8a.o(.ARM.Collect$$$$00000009))
<BR><BR>[Stack]<UL><LI>Max Depth = 16 + Unknown Stack Size
<LI>Call Chain = _main_cpp_init$empty &rArr; __cpp_initialize__aeabi_
</UL>
<BR>[Calls]<UL><LI><a href="#[76]">&gt;&gt;</a>&nbsp;&nbsp;&nbsp;__cpp_initialize__aeabi_
</UL>

<P><STRONG><a name="[e5]"></a>_main_cpp_init</STRONG> (Thumb, 0 bytes, Stack size unknown bytes, entry8b.o(.ARM.Collect$$$$0000000A))

<P><STRONG><a name="[e6]"></a>_main_init</STRONG> (Thumb, 0 bytes, Stack size unknown bytes, entry9a.o(.ARM.Collect$$$$0000000B))

<P><STRONG><a name="[e7]"></a>__rt_final_cpp</STRONG> (Thumb, 0 bytes, Stack size unknown bytes, entry10a.o(.ARM.Collect$$$$0000000D))

<P><STRONG><a name="[7a]"></a>__rt_final_cpp$nonempty</STRONG> (Thumb, 0 bytes, Stack size unknown bytes, entry10b.o(.ARM.Collect$$$$0000000E))
<BR><BR>[Stack]<UL><LI>Max Depth = 32 + Unknown Stack Size
<LI>Call Chain = __rt_final_cpp$nonempty &rArr; __cxa_finalize &rArr; free
</UL>
<BR>[Calls]<UL><LI><a href="#[7b]">&gt;&gt;</a>&nbsp;&nbsp;&nbsp;__cxa_finalize
</UL>

<P><STRONG><a name="[e8]"></a>__rt_final_exit</STRONG> (Thumb, 0 bytes, Stack size unknown bytes, entry11a.o(.ARM.Collect$$$$0000000F))

<P><STRONG><a name="[7c]"></a>gfx_draw_pixel</STRONG> (Thumb, 42 bytes, Stack size 24 bytes, main.o(.text))
<BR><BR>[Stack]<UL><LI>Max Depth = 80<LI>Call Chain = gfx_draw_pixel &rArr; GPIO_SetPointPixel &rArr; ILI9341_SetAddressWindow &rArr; GPIO_Write_Data &rArr; DATAOUT
</UL>
<BR>[Calls]<UL><LI><a href="#[7d]">&gt;&gt;</a>&nbsp;&nbsp;&nbsp;GPIO_SetPointPixel
</UL>
<BR>[Address Reference Count : 1]<UL><LI> main.o(.text)
</UL>
<P><STRONG><a name="[82]"></a>delay_1ms</STRONG> (Thumb, 32 bytes, Stack size 0 bytes, main.o(.text))
<BR><BR>[Called By]<UL><LI><a href="#[65]">&gt;&gt;</a>&nbsp;&nbsp;&nbsp;main
<LI><a href="#[be]">&gt;&gt;</a>&nbsp;&nbsp;&nbsp;thread_sleep(unsigned)
</UL>

<P><STRONG><a name="[7e]"></a>ILI9341_Show_Chinese</STRONG> (Thumb, 156 bytes, Stack size 40 bytes, main.o(.text), UNUSED)
<BR><BR>[Calls]<UL><LI><a href="#[7d]">&gt;&gt;</a>&nbsp;&nbsp;&nbsp;GPIO_SetPointPixel
</UL>

<P><STRONG><a name="[65]"></a>main</STRONG> (Thumb, 52 bytes, Stack size 8 bytes, main.o(.text))
<BR><BR>[Stack]<UL><LI>Max Depth = 204<LI>Call Chain = main &rArr; startHelloParticle &rArr; create_ui(void*, int, int, int, DISPLAY_DRIVER*) &rArr; c_surface::c_surface(unsigned, unsigned, unsigned, Z_ORDER_LEVEL, c_rect) &rArr; c_surface::set_surface(Z_ORDER_LEVEL, c_rect) &rArr; calloc &rArr; malloc
</UL>
<BR>[Calls]<UL><LI><a href="#[81]">&gt;&gt;</a>&nbsp;&nbsp;&nbsp;startHelloParticle
<LI><a href="#[7f]">&gt;&gt;</a>&nbsp;&nbsp;&nbsp;LED_Init
<LI><a href="#[80]">&gt;&gt;</a>&nbsp;&nbsp;&nbsp;GPIO_LCD_Init
<LI><a href="#[82]">&gt;&gt;</a>&nbsp;&nbsp;&nbsp;delay_1ms
</UL>
<BR>[Address Reference Count : 1]<UL><LI> entry9a.o(.ARM.Collect$$$$0000000B)
</UL>
<P><STRONG><a name="[a]"></a>NMI_Handler</STRONG> (Thumb, 2 bytes, Stack size 0 bytes, stm32f4xx_it.o(.text))
<BR>[Address Reference Count : 1]<UL><LI> startup_stm32f40_41xxx.o(RESET)
</UL>
<P><STRONG><a name="[b]"></a>HardFault_Handler</STRONG> (Thumb, 4 bytes, Stack size 0 bytes, stm32f4xx_it.o(.text))
<BR>[Address Reference Count : 1]<UL><LI> startup_stm32f40_41xxx.o(RESET)
</UL>
<P><STRONG><a name="[c]"></a>MemManage_Handler</STRONG> (Thumb, 4 bytes, Stack size 0 bytes, stm32f4xx_it.o(.text))
<BR>[Address Reference Count : 1]<UL><LI> startup_stm32f40_41xxx.o(RESET)
</UL>
<P><STRONG><a name="[d]"></a>BusFault_Handler</STRONG> (Thumb, 4 bytes, Stack size 0 bytes, stm32f4xx_it.o(.text))
<BR>[Address Reference Count : 1]<UL><LI> startup_stm32f40_41xxx.o(RESET)
</UL>
<P><STRONG><a name="[e]"></a>UsageFault_Handler</STRONG> (Thumb, 4 bytes, Stack size 0 bytes, stm32f4xx_it.o(.text))
<BR>[Address Reference Count : 1]<UL><LI> startup_stm32f40_41xxx.o(RESET)
</UL>
<P><STRONG><a name="[f]"></a>SVC_Handler</STRONG> (Thumb, 2 bytes, Stack size 0 bytes, stm32f4xx_it.o(.text))
<BR>[Address Reference Count : 1]<UL><LI> startup_stm32f40_41xxx.o(RESET)
</UL>
<P><STRONG><a name="[10]"></a>DebugMon_Handler</STRONG> (Thumb, 2 bytes, Stack size 0 bytes, stm32f4xx_it.o(.text))
<BR>[Address Reference Count : 1]<UL><LI> startup_stm32f40_41xxx.o(RESET)
</UL>
<P><STRONG><a name="[11]"></a>PendSV_Handler</STRONG> (Thumb, 2 bytes, Stack size 0 bytes, stm32f4xx_it.o(.text))
<BR>[Address Reference Count : 1]<UL><LI> startup_stm32f40_41xxx.o(RESET)
</UL>
<P><STRONG><a name="[12]"></a>SysTick_Handler</STRONG> (Thumb, 2 bytes, Stack size 0 bytes, stm32f4xx_it.o(.text))
<BR>[Address Reference Count : 1]<UL><LI> startup_stm32f40_41xxx.o(RESET)
</UL>
<P><STRONG><a name="[66]"></a>SystemInit</STRONG> (Thumb, 88 bytes, Stack size 8 bytes, system_stm32f4xx.o(.text))
<BR><BR>[Stack]<UL><LI>Max Depth = 20<LI>Call Chain = SystemInit &rArr; SetSysClock
</UL>
<BR>[Calls]<UL><LI><a href="#[83]">&gt;&gt;</a>&nbsp;&nbsp;&nbsp;SetSysClock
</UL>
<BR>[Address Reference Count : 1]<UL><LI> startup_stm32f40_41xxx.o(.text)
</UL>
<P><STRONG><a name="[e9]"></a>SystemCoreClockUpdate</STRONG> (Thumb, 174 bytes, Stack size 16 bytes, system_stm32f4xx.o(.text), UNUSED)

<P><STRONG><a name="[7f]"></a>LED_Init</STRONG> (Thumb, 92 bytes, Stack size 16 bytes, led.o(.text))
<BR><BR>[Stack]<UL><LI>Max Depth = 36<LI>Call Chain = LED_Init &rArr; GPIO_Init
</UL>
<BR>[Calls]<UL><LI><a href="#[84]">&gt;&gt;</a>&nbsp;&nbsp;&nbsp;RCC_AHB1PeriphClockCmd
<LI><a href="#[86]">&gt;&gt;</a>&nbsp;&nbsp;&nbsp;GPIO_SetBits
<LI><a href="#[85]">&gt;&gt;</a>&nbsp;&nbsp;&nbsp;GPIO_Init
</UL>
<BR>[Called By]<UL><LI><a href="#[65]">&gt;&gt;</a>&nbsp;&nbsp;&nbsp;main
</UL>

<P><STRONG><a name="[9]"></a>Reset_Handler</STRONG> (Thumb, 8 bytes, Stack size 0 bytes, startup_stm32f40_41xxx.o(.text))
<BR>[Address Reference Count : 1]<UL><LI> startup_stm32f40_41xxx.o(RESET)
</UL>
<P><STRONG><a name="[25]"></a>ADC_IRQHandler</STRONG> (Thumb, 0 bytes, Stack size 0 bytes, startup_stm32f40_41xxx.o(.text))
<BR><BR>[Calls]<UL><LI><a href="#[25]">&gt;&gt;</a>&nbsp;&nbsp;&nbsp;ADC_IRQHandler
</UL>
<BR>[Called By]<UL><LI><a href="#[25]">&gt;&gt;</a>&nbsp;&nbsp;&nbsp;ADC_IRQHandler
</UL>
<BR>[Address Reference Count : 1]<UL><LI> startup_stm32f40_41xxx.o(RESET)
</UL>
<P><STRONG><a name="[27]"></a>CAN1_RX0_IRQHandler</STRONG> (Thumb, 0 bytes, Stack size 0 bytes, startup_stm32f40_41xxx.o(.text))
<BR>[Address Reference Count : 1]<UL><LI> startup_stm32f40_41xxx.o(RESET)
</UL>
<P><STRONG><a name="[28]"></a>CAN1_RX1_IRQHandler</STRONG> (Thumb, 0 bytes, Stack size 0 bytes, startup_stm32f40_41xxx.o(.text))
<BR>[Address Reference Count : 1]<UL><LI> startup_stm32f40_41xxx.o(RESET)
</UL>
<P><STRONG><a name="[29]"></a>CAN1_SCE_IRQHandler</STRONG> (Thumb, 0 bytes, Stack size 0 bytes, startup_stm32f40_41xxx.o(.text))
<BR>[Address Reference Count : 1]<UL><LI> startup_stm32f40_41xxx.o(RESET)
</UL>
<P><STRONG><a name="[26]"></a>CAN1_TX_IRQHandler</STRONG> (Thumb, 0 bytes, Stack size 0 bytes, startup_stm32f40_41xxx.o(.text))
<BR>[Address Reference Count : 1]<UL><LI> startup_stm32f40_41xxx.o(RESET)
</UL>
<P><STRONG><a name="[53]"></a>CAN2_RX0_IRQHandler</STRONG> (Thumb, 0 bytes, Stack size 0 bytes, startup_stm32f40_41xxx.o(.text))
<BR>[Address Reference Count : 1]<UL><LI> startup_stm32f40_41xxx.o(RESET)
</UL>
<P><STRONG><a name="[54]"></a>CAN2_RX1_IRQHandler</STRONG> (Thumb, 0 bytes, Stack size 0 bytes, startup_stm32f40_41xxx.o(.text))
<BR>[Address Reference Count : 1]<UL><LI> startup_stm32f40_41xxx.o(RESET)
</UL>
<P><STRONG><a name="[55]"></a>CAN2_SCE_IRQHandler</STRONG> (Thumb, 0 bytes, Stack size 0 bytes, startup_stm32f40_41xxx.o(.text))
<BR>[Address Reference Count : 1]<UL><LI> startup_stm32f40_41xxx.o(RESET)
</UL>
<P><STRONG><a name="[52]"></a>CAN2_TX_IRQHandler</STRONG> (Thumb, 0 bytes, Stack size 0 bytes, startup_stm32f40_41xxx.o(.text))
<BR>[Address Reference Count : 1]<UL><LI> startup_stm32f40_41xxx.o(RESET)
</UL>
<P><STRONG><a name="[62]"></a>CRYP_IRQHandler</STRONG> (Thumb, 0 bytes, Stack size 0 bytes, startup_stm32f40_41xxx.o(.text))
<BR>[Address Reference Count : 1]<UL><LI> startup_stm32f40_41xxx.o(RESET)
</UL>
<P><STRONG><a name="[61]"></a>DCMI_IRQHandler</STRONG> (Thumb, 0 bytes, Stack size 0 bytes, startup_stm32f40_41xxx.o(.text))
<BR>[Address Reference Count : 1]<UL><LI> startup_stm32f40_41xxx.o(RESET)
</UL>
<P><STRONG><a name="[1e]"></a>DMA1_Stream0_IRQHandler</STRONG> (Thumb, 0 bytes, Stack size 0 bytes, startup_stm32f40_41xxx.o(.text))
<BR>[Address Reference Count : 1]<UL><LI> startup_stm32f40_41xxx.o(RESET)
</UL>
<P><STRONG><a name="[1f]"></a>DMA1_Stream1_IRQHandler</STRONG> (Thumb, 0 bytes, Stack size 0 bytes, startup_stm32f40_41xxx.o(.text))
<BR>[Address Reference Count : 1]<UL><LI> startup_stm32f40_41xxx.o(RESET)
</UL>
<P><STRONG><a name="[20]"></a>DMA1_Stream2_IRQHandler</STRONG> (Thumb, 0 bytes, Stack size 0 bytes, startup_stm32f40_41xxx.o(.text))
<BR>[Address Reference Count : 1]<UL><LI> startup_stm32f40_41xxx.o(RESET)
</UL>
<P><STRONG><a name="[21]"></a>DMA1_Stream3_IRQHandler</STRONG> (Thumb, 0 bytes, Stack size 0 bytes, startup_stm32f40_41xxx.o(.text))
<BR>[Address Reference Count : 1]<UL><LI> startup_stm32f40_41xxx.o(RESET)
</UL>
<P><STRONG><a name="[22]"></a>DMA1_Stream4_IRQHandler</STRONG> (Thumb, 0 bytes, Stack size 0 bytes, startup_stm32f40_41xxx.o(.text))
<BR>[Address Reference Count : 1]<UL><LI> startup_stm32f40_41xxx.o(RESET)
</UL>
<P><STRONG><a name="[23]"></a>DMA1_Stream5_IRQHandler</STRONG> (Thumb, 0 bytes, Stack size 0 bytes, startup_stm32f40_41xxx.o(.text))
<BR>[Address Reference Count : 1]<UL><LI> startup_stm32f40_41xxx.o(RESET)
</UL>
<P><STRONG><a name="[24]"></a>DMA1_Stream6_IRQHandler</STRONG> (Thumb, 0 bytes, Stack size 0 bytes, startup_stm32f40_41xxx.o(.text))
<BR>[Address Reference Count : 1]<UL><LI> startup_stm32f40_41xxx.o(RESET)
</UL>
<P><STRONG><a name="[42]"></a>DMA1_Stream7_IRQHandler</STRONG> (Thumb, 0 bytes, Stack size 0 bytes, startup_stm32f40_41xxx.o(.text))
<BR>[Address Reference Count : 1]<UL><LI> startup_stm32f40_41xxx.o(RESET)
</UL>
<P><STRONG><a name="[4b]"></a>DMA2_Stream0_IRQHandler</STRONG> (Thumb, 0 bytes, Stack size 0 bytes, startup_stm32f40_41xxx.o(.text))
<BR>[Address Reference Count : 1]<UL><LI> startup_stm32f40_41xxx.o(RESET)
</UL>
<P><STRONG><a name="[4c]"></a>DMA2_Stream1_IRQHandler</STRONG> (Thumb, 0 bytes, Stack size 0 bytes, startup_stm32f40_41xxx.o(.text))
<BR>[Address Reference Count : 1]<UL><LI> startup_stm32f40_41xxx.o(RESET)
</UL>
<P><STRONG><a name="[4d]"></a>DMA2_Stream2_IRQHandler</STRONG> (Thumb, 0 bytes, Stack size 0 bytes, startup_stm32f40_41xxx.o(.text))
<BR>[Address Reference Count : 1]<UL><LI> startup_stm32f40_41xxx.o(RESET)
</UL>
<P><STRONG><a name="[4e]"></a>DMA2_Stream3_IRQHandler</STRONG> (Thumb, 0 bytes, Stack size 0 bytes, startup_stm32f40_41xxx.o(.text))
<BR>[Address Reference Count : 1]<UL><LI> startup_stm32f40_41xxx.o(RESET)
</UL>
<P><STRONG><a name="[4f]"></a>DMA2_Stream4_IRQHandler</STRONG> (Thumb, 0 bytes, Stack size 0 bytes, startup_stm32f40_41xxx.o(.text))
<BR>[Address Reference Count : 1]<UL><LI> startup_stm32f40_41xxx.o(RESET)
</UL>
<P><STRONG><a name="[57]"></a>DMA2_Stream5_IRQHandler</STRONG> (Thumb, 0 bytes, Stack size 0 bytes, startup_stm32f40_41xxx.o(.text))
<BR>[Address Reference Count : 1]<UL><LI> startup_stm32f40_41xxx.o(RESET)
</UL>
<P><STRONG><a name="[58]"></a>DMA2_Stream6_IRQHandler</STRONG> (Thumb, 0 bytes, Stack size 0 bytes, startup_stm32f40_41xxx.o(.text))
<BR>[Address Reference Count : 1]<UL><LI> startup_stm32f40_41xxx.o(RESET)
</UL>
<P><STRONG><a name="[59]"></a>DMA2_Stream7_IRQHandler</STRONG> (Thumb, 0 bytes, Stack size 0 bytes, startup_stm32f40_41xxx.o(.text))
<BR>[Address Reference Count : 1]<UL><LI> startup_stm32f40_41xxx.o(RESET)
</UL>
<P><STRONG><a name="[50]"></a>ETH_IRQHandler</STRONG> (Thumb, 0 bytes, Stack size 0 bytes, startup_stm32f40_41xxx.o(.text))
<BR>[Address Reference Count : 1]<UL><LI> startup_stm32f40_41xxx.o(RESET)
</UL>
<P><STRONG><a name="[51]"></a>ETH_WKUP_IRQHandler</STRONG> (Thumb, 0 bytes, Stack size 0 bytes, startup_stm32f40_41xxx.o(.text))
<BR>[Address Reference Count : 1]<UL><LI> startup_stm32f40_41xxx.o(RESET)
</UL>
<P><STRONG><a name="[19]"></a>EXTI0_IRQHandler</STRONG> (Thumb, 0 bytes, Stack size 0 bytes, startup_stm32f40_41xxx.o(.text))
<BR>[Address Reference Count : 1]<UL><LI> startup_stm32f40_41xxx.o(RESET)
</UL>
<P><STRONG><a name="[3b]"></a>EXTI15_10_IRQHandler</STRONG> (Thumb, 0 bytes, Stack size 0 bytes, startup_stm32f40_41xxx.o(.text))
<BR>[Address Reference Count : 1]<UL><LI> startup_stm32f40_41xxx.o(RESET)
</UL>
<P><STRONG><a name="[1a]"></a>EXTI1_IRQHandler</STRONG> (Thumb, 0 bytes, Stack size 0 bytes, startup_stm32f40_41xxx.o(.text))
<BR>[Address Reference Count : 1]<UL><LI> startup_stm32f40_41xxx.o(RESET)
</UL>
<P><STRONG><a name="[1b]"></a>EXTI2_IRQHandler</STRONG> (Thumb, 0 bytes, Stack size 0 bytes, startup_stm32f40_41xxx.o(.text))
<BR>[Address Reference Count : 1]<UL><LI> startup_stm32f40_41xxx.o(RESET)
</UL>
<P><STRONG><a name="[1c]"></a>EXTI3_IRQHandler</STRONG> (Thumb, 0 bytes, Stack size 0 bytes, startup_stm32f40_41xxx.o(.text))
<BR>[Address Reference Count : 1]<UL><LI> startup_stm32f40_41xxx.o(RESET)
</UL>
<P><STRONG><a name="[1d]"></a>EXTI4_IRQHandler</STRONG> (Thumb, 0 bytes, Stack size 0 bytes, startup_stm32f40_41xxx.o(.text))
<BR>[Address Reference Count : 1]<UL><LI> startup_stm32f40_41xxx.o(RESET)
</UL>
<P><STRONG><a name="[2a]"></a>EXTI9_5_IRQHandler</STRONG> (Thumb, 0 bytes, Stack size 0 bytes, startup_stm32f40_41xxx.o(.text))
<BR>[Address Reference Count : 1]<UL><LI> startup_stm32f40_41xxx.o(RESET)
</UL>
<P><STRONG><a name="[17]"></a>FLASH_IRQHandler</STRONG> (Thumb, 0 bytes, Stack size 0 bytes, startup_stm32f40_41xxx.o(.text))
<BR>[Address Reference Count : 1]<UL><LI> startup_stm32f40_41xxx.o(RESET)
</UL>
<P><STRONG><a name="[64]"></a>FPU_IRQHandler</STRONG> (Thumb, 0 bytes, Stack size 0 bytes, startup_stm32f40_41xxx.o(.text))
<BR>[Address Reference Count : 1]<UL><LI> startup_stm32f40_41xxx.o(RESET)
</UL>
<P><STRONG><a name="[43]"></a>FSMC_IRQHandler</STRONG> (Thumb, 0 bytes, Stack size 0 bytes, startup_stm32f40_41xxx.o(.text))
<BR>[Address Reference Count : 1]<UL><LI> startup_stm32f40_41xxx.o(RESET)
</UL>
<P><STRONG><a name="[63]"></a>HASH_RNG_IRQHandler</STRONG> (Thumb, 0 bytes, Stack size 0 bytes, startup_stm32f40_41xxx.o(.text))
<BR>[Address Reference Count : 1]<UL><LI> startup_stm32f40_41xxx.o(RESET)
</UL>
<P><STRONG><a name="[33]"></a>I2C1_ER_IRQHandler</STRONG> (Thumb, 0 bytes, Stack size 0 bytes, startup_stm32f40_41xxx.o(.text))
<BR>[Address Reference Count : 1]<UL><LI> startup_stm32f40_41xxx.o(RESET)
</UL>
<P><STRONG><a name="[32]"></a>I2C1_EV_IRQHandler</STRONG> (Thumb, 0 bytes, Stack size 0 bytes, startup_stm32f40_41xxx.o(.text))
<BR>[Address Reference Count : 1]<UL><LI> startup_stm32f40_41xxx.o(RESET)
</UL>
<P><STRONG><a name="[35]"></a>I2C2_ER_IRQHandler</STRONG> (Thumb, 0 bytes, Stack size 0 bytes, startup_stm32f40_41xxx.o(.text))
<BR>[Address Reference Count : 1]<UL><LI> startup_stm32f40_41xxx.o(RESET)
</UL>
<P><STRONG><a name="[34]"></a>I2C2_EV_IRQHandler</STRONG> (Thumb, 0 bytes, Stack size 0 bytes, startup_stm32f40_41xxx.o(.text))
<BR>[Address Reference Count : 1]<UL><LI> startup_stm32f40_41xxx.o(RESET)
</UL>
<P><STRONG><a name="[5c]"></a>I2C3_ER_IRQHandler</STRONG> (Thumb, 0 bytes, Stack size 0 bytes, startup_stm32f40_41xxx.o(.text))
<BR>[Address Reference Count : 1]<UL><LI> startup_stm32f40_41xxx.o(RESET)
</UL>
<P><STRONG><a name="[5b]"></a>I2C3_EV_IRQHandler</STRONG> (Thumb, 0 bytes, Stack size 0 bytes, startup_stm32f40_41xxx.o(.text))
<BR>[Address Reference Count : 1]<UL><LI> startup_stm32f40_41xxx.o(RESET)
</UL>
<P><STRONG><a name="[56]"></a>OTG_FS_IRQHandler</STRONG> (Thumb, 0 bytes, Stack size 0 bytes, startup_stm32f40_41xxx.o(.text))
<BR>[Address Reference Count : 1]<UL><LI> startup_stm32f40_41xxx.o(RESET)
</UL>
<P><STRONG><a name="[3d]"></a>OTG_FS_WKUP_IRQHandler</STRONG> (Thumb, 0 bytes, Stack size 0 bytes, startup_stm32f40_41xxx.o(.text))
<BR>[Address Reference Count : 1]<UL><LI> startup_stm32f40_41xxx.o(RESET)
</UL>
<P><STRONG><a name="[5e]"></a>OTG_HS_EP1_IN_IRQHandler</STRONG> (Thumb, 0 bytes, Stack size 0 bytes, startup_stm32f40_41xxx.o(.text))
<BR>[Address Reference Count : 1]<UL><LI> startup_stm32f40_41xxx.o(RESET)
</UL>
<P><STRONG><a name="[5d]"></a>OTG_HS_EP1_OUT_IRQHandler</STRONG> (Thumb, 0 bytes, Stack size 0 bytes, startup_stm32f40_41xxx.o(.text))
<BR>[Address Reference Count : 1]<UL><LI> startup_stm32f40_41xxx.o(RESET)
</UL>
<P><STRONG><a name="[60]"></a>OTG_HS_IRQHandler</STRONG> (Thumb, 0 bytes, Stack size 0 bytes, startup_stm32f40_41xxx.o(.text))
<BR>[Address Reference Count : 1]<UL><LI> startup_stm32f40_41xxx.o(RESET)
</UL>
<P><STRONG><a name="[5f]"></a>OTG_HS_WKUP_IRQHandler</STRONG> (Thumb, 0 bytes, Stack size 0 bytes, startup_stm32f40_41xxx.o(.text))
<BR>[Address Reference Count : 1]<UL><LI> startup_stm32f40_41xxx.o(RESET)
</UL>
<P><STRONG><a name="[14]"></a>PVD_IRQHandler</STRONG> (Thumb, 0 bytes, Stack size 0 bytes, startup_stm32f40_41xxx.o(.text))
<BR>[Address Reference Count : 1]<UL><LI> startup_stm32f40_41xxx.o(RESET)
</UL>
<P><STRONG><a name="[18]"></a>RCC_IRQHandler</STRONG> (Thumb, 0 bytes, Stack size 0 bytes, startup_stm32f40_41xxx.o(.text))
<BR>[Address Reference Count : 1]<UL><LI> startup_stm32f40_41xxx.o(RESET)
</UL>
<P><STRONG><a name="[3c]"></a>RTC_Alarm_IRQHandler</STRONG> (Thumb, 0 bytes, Stack size 0 bytes, startup_stm32f40_41xxx.o(.text))
<BR>[Address Reference Count : 1]<UL><LI> startup_stm32f40_41xxx.o(RESET)
</UL>
<P><STRONG><a name="[16]"></a>RTC_WKUP_IRQHandler</STRONG> (Thumb, 0 bytes, Stack size 0 bytes, startup_stm32f40_41xxx.o(.text))
<BR>[Address Reference Count : 1]<UL><LI> startup_stm32f40_41xxx.o(RESET)
</UL>
<P><STRONG><a name="[44]"></a>SDIO_IRQHandler</STRONG> (Thumb, 0 bytes, Stack size 0 bytes, startup_stm32f40_41xxx.o(.text))
<BR>[Address Reference Count : 1]<UL><LI> startup_stm32f40_41xxx.o(RESET)
</UL>
<P><STRONG><a name="[36]"></a>SPI1_IRQHandler</STRONG> (Thumb, 0 bytes, Stack size 0 bytes, startup_stm32f40_41xxx.o(.text))
<BR>[Address Reference Count : 1]<UL><LI> startup_stm32f40_41xxx.o(RESET)
</UL>
<P><STRONG><a name="[37]"></a>SPI2_IRQHandler</STRONG> (Thumb, 0 bytes, Stack size 0 bytes, startup_stm32f40_41xxx.o(.text))
<BR>[Address Reference Count : 1]<UL><LI> startup_stm32f40_41xxx.o(RESET)
</UL>
<P><STRONG><a name="[46]"></a>SPI3_IRQHandler</STRONG> (Thumb, 0 bytes, Stack size 0 bytes, startup_stm32f40_41xxx.o(.text))
<BR>[Address Reference Count : 1]<UL><LI> startup_stm32f40_41xxx.o(RESET)
</UL>
<P><STRONG><a name="[15]"></a>TAMP_STAMP_IRQHandler</STRONG> (Thumb, 0 bytes, Stack size 0 bytes, startup_stm32f40_41xxx.o(.text))
<BR>[Address Reference Count : 1]<UL><LI> startup_stm32f40_41xxx.o(RESET)
</UL>
<P><STRONG><a name="[2b]"></a>TIM1_BRK_TIM9_IRQHandler</STRONG> (Thumb, 0 bytes, Stack size 0 bytes, startup_stm32f40_41xxx.o(.text))
<BR>[Address Reference Count : 1]<UL><LI> startup_stm32f40_41xxx.o(RESET)
</UL>
<P><STRONG><a name="[2e]"></a>TIM1_CC_IRQHandler</STRONG> (Thumb, 0 bytes, Stack size 0 bytes, startup_stm32f40_41xxx.o(.text))
<BR>[Address Reference Count : 1]<UL><LI> startup_stm32f40_41xxx.o(RESET)
</UL>
<P><STRONG><a name="[2d]"></a>TIM1_TRG_COM_TIM11_IRQHandler</STRONG> (Thumb, 0 bytes, Stack size 0 bytes, startup_stm32f40_41xxx.o(.text))
<BR>[Address Reference Count : 1]<UL><LI> startup_stm32f40_41xxx.o(RESET)
</UL>
<P><STRONG><a name="[2c]"></a>TIM1_UP_TIM10_IRQHandler</STRONG> (Thumb, 0 bytes, Stack size 0 bytes, startup_stm32f40_41xxx.o(.text))
<BR>[Address Reference Count : 1]<UL><LI> startup_stm32f40_41xxx.o(RESET)
</UL>
<P><STRONG><a name="[2f]"></a>TIM2_IRQHandler</STRONG> (Thumb, 0 bytes, Stack size 0 bytes, startup_stm32f40_41xxx.o(.text))
<BR>[Address Reference Count : 1]<UL><LI> startup_stm32f40_41xxx.o(RESET)
</UL>
<P><STRONG><a name="[30]"></a>TIM3_IRQHandler</STRONG> (Thumb, 0 bytes, Stack size 0 bytes, startup_stm32f40_41xxx.o(.text))
<BR>[Address Reference Count : 1]<UL><LI> startup_stm32f40_41xxx.o(RESET)
</UL>
<P><STRONG><a name="[31]"></a>TIM4_IRQHandler</STRONG> (Thumb, 0 bytes, Stack size 0 bytes, startup_stm32f40_41xxx.o(.text))
<BR>[Address Reference Count : 1]<UL><LI> startup_stm32f40_41xxx.o(RESET)
</UL>
<P><STRONG><a name="[45]"></a>TIM5_IRQHandler</STRONG> (Thumb, 0 bytes, Stack size 0 bytes, startup_stm32f40_41xxx.o(.text))
<BR>[Address Reference Count : 1]<UL><LI> startup_stm32f40_41xxx.o(RESET)
</UL>
<P><STRONG><a name="[49]"></a>TIM6_DAC_IRQHandler</STRONG> (Thumb, 0 bytes, Stack size 0 bytes, startup_stm32f40_41xxx.o(.text))
<BR>[Address Reference Count : 1]<UL><LI> startup_stm32f40_41xxx.o(RESET)
</UL>
<P><STRONG><a name="[4a]"></a>TIM7_IRQHandler</STRONG> (Thumb, 0 bytes, Stack size 0 bytes, startup_stm32f40_41xxx.o(.text))
<BR>[Address Reference Count : 1]<UL><LI> startup_stm32f40_41xxx.o(RESET)
</UL>
<P><STRONG><a name="[3e]"></a>TIM8_BRK_TIM12_IRQHandler</STRONG> (Thumb, 0 bytes, Stack size 0 bytes, startup_stm32f40_41xxx.o(.text))
<BR>[Address Reference Count : 1]<UL><LI> startup_stm32f40_41xxx.o(RESET)
</UL>
<P><STRONG><a name="[41]"></a>TIM8_CC_IRQHandler</STRONG> (Thumb, 0 bytes, Stack size 0 bytes, startup_stm32f40_41xxx.o(.text))
<BR>[Address Reference Count : 1]<UL><LI> startup_stm32f40_41xxx.o(RESET)
</UL>
<P><STRONG><a name="[40]"></a>TIM8_TRG_COM_TIM14_IRQHandler</STRONG> (Thumb, 0 bytes, Stack size 0 bytes, startup_stm32f40_41xxx.o(.text))
<BR>[Address Reference Count : 1]<UL><LI> startup_stm32f40_41xxx.o(RESET)
</UL>
<P><STRONG><a name="[3f]"></a>TIM8_UP_TIM13_IRQHandler</STRONG> (Thumb, 0 bytes, Stack size 0 bytes, startup_stm32f40_41xxx.o(.text))
<BR>[Address Reference Count : 1]<UL><LI> startup_stm32f40_41xxx.o(RESET)
</UL>
<P><STRONG><a name="[47]"></a>UART4_IRQHandler</STRONG> (Thumb, 0 bytes, Stack size 0 bytes, startup_stm32f40_41xxx.o(.text))
<BR>[Address Reference Count : 1]<UL><LI> startup_stm32f40_41xxx.o(RESET)
</UL>
<P><STRONG><a name="[48]"></a>UART5_IRQHandler</STRONG> (Thumb, 0 bytes, Stack size 0 bytes, startup_stm32f40_41xxx.o(.text))
<BR>[Address Reference Count : 1]<UL><LI> startup_stm32f40_41xxx.o(RESET)
</UL>
<P><STRONG><a name="[38]"></a>USART1_IRQHandler</STRONG> (Thumb, 0 bytes, Stack size 0 bytes, startup_stm32f40_41xxx.o(.text))
<BR>[Address Reference Count : 1]<UL><LI> startup_stm32f40_41xxx.o(RESET)
</UL>
<P><STRONG><a name="[39]"></a>USART2_IRQHandler</STRONG> (Thumb, 0 bytes, Stack size 0 bytes, startup_stm32f40_41xxx.o(.text))
<BR>[Address Reference Count : 1]<UL><LI> startup_stm32f40_41xxx.o(RESET)
</UL>
<P><STRONG><a name="[3a]"></a>USART3_IRQHandler</STRONG> (Thumb, 0 bytes, Stack size 0 bytes, startup_stm32f40_41xxx.o(.text))
<BR>[Address Reference Count : 1]<UL><LI> startup_stm32f40_41xxx.o(RESET)
</UL>
<P><STRONG><a name="[5a]"></a>USART6_IRQHandler</STRONG> (Thumb, 0 bytes, Stack size 0 bytes, startup_stm32f40_41xxx.o(.text))
<BR>[Address Reference Count : 1]<UL><LI> startup_stm32f40_41xxx.o(RESET)
</UL>
<P><STRONG><a name="[13]"></a>WWDG_IRQHandler</STRONG> (Thumb, 0 bytes, Stack size 0 bytes, startup_stm32f40_41xxx.o(.text))
<BR>[Address Reference Count : 1]<UL><LI> startup_stm32f40_41xxx.o(RESET)
</UL>
<P><STRONG><a name="[87]"></a>GPIO_DeInit</STRONG> (Thumb, 268 bytes, Stack size 8 bytes, stm32f4xx_gpio.o(.text), UNUSED)
<BR><BR>[Calls]<UL><LI><a href="#[88]">&gt;&gt;</a>&nbsp;&nbsp;&nbsp;RCC_AHB1PeriphResetCmd
</UL>

<P><STRONG><a name="[85]"></a>GPIO_Init</STRONG> (Thumb, 144 bytes, Stack size 20 bytes, stm32f4xx_gpio.o(.text))
<BR><BR>[Stack]<UL><LI>Max Depth = 20<LI>Call Chain = GPIO_Init
</UL>
<BR>[Called By]<UL><LI><a href="#[8f]">&gt;&gt;</a>&nbsp;&nbsp;&nbsp;GPIO_SET_DATA_OUT
<LI><a href="#[97]">&gt;&gt;</a>&nbsp;&nbsp;&nbsp;GPIO_LCD_Config
<LI><a href="#[7f]">&gt;&gt;</a>&nbsp;&nbsp;&nbsp;LED_Init
</UL>

<P><STRONG><a name="[ea]"></a>GPIO_StructInit</STRONG> (Thumb, 18 bytes, Stack size 0 bytes, stm32f4xx_gpio.o(.text), UNUSED)

<P><STRONG><a name="[eb]"></a>GPIO_PinLockConfig</STRONG> (Thumb, 34 bytes, Stack size 8 bytes, stm32f4xx_gpio.o(.text), UNUSED)

<P><STRONG><a name="[ec]"></a>GPIO_ReadInputDataBit</STRONG> (Thumb, 18 bytes, Stack size 0 bytes, stm32f4xx_gpio.o(.text), UNUSED)

<P><STRONG><a name="[8e]"></a>GPIO_ReadInputData</STRONG> (Thumb, 8 bytes, Stack size 0 bytes, stm32f4xx_gpio.o(.text), UNUSED)
<BR><BR>[Called By]<UL><LI><a href="#[8d]">&gt;&gt;</a>&nbsp;&nbsp;&nbsp;DATAIN
</UL>

<P><STRONG><a name="[ed]"></a>GPIO_ReadOutputDataBit</STRONG> (Thumb, 18 bytes, Stack size 0 bytes, stm32f4xx_gpio.o(.text), UNUSED)

<P><STRONG><a name="[ee]"></a>GPIO_ReadOutputData</STRONG> (Thumb, 8 bytes, Stack size 0 bytes, stm32f4xx_gpio.o(.text), UNUSED)

<P><STRONG><a name="[86]"></a>GPIO_SetBits</STRONG> (Thumb, 4 bytes, Stack size 0 bytes, stm32f4xx_gpio.o(.text))
<BR><BR>[Called By]<UL><LI><a href="#[98]">&gt;&gt;</a>&nbsp;&nbsp;&nbsp;GPIO_LCD_RESET
<LI><a href="#[96]">&gt;&gt;</a>&nbsp;&nbsp;&nbsp;GPIO_Read_Data
<LI><a href="#[95]">&gt;&gt;</a>&nbsp;&nbsp;&nbsp;GPIO_Write_Data
<LI><a href="#[94]">&gt;&gt;</a>&nbsp;&nbsp;&nbsp;GPIO_Write_Cmd
<LI><a href="#[92]">&gt;&gt;</a>&nbsp;&nbsp;&nbsp;GPIO_LCD_Unselect
<LI><a href="#[7f]">&gt;&gt;</a>&nbsp;&nbsp;&nbsp;LED_Init
</UL>

<P><STRONG><a name="[91]"></a>GPIO_ResetBits</STRONG> (Thumb, 4 bytes, Stack size 0 bytes, stm32f4xx_gpio.o(.text))
<BR><BR>[Called By]<UL><LI><a href="#[98]">&gt;&gt;</a>&nbsp;&nbsp;&nbsp;GPIO_LCD_RESET
<LI><a href="#[96]">&gt;&gt;</a>&nbsp;&nbsp;&nbsp;GPIO_Read_Data
<LI><a href="#[95]">&gt;&gt;</a>&nbsp;&nbsp;&nbsp;GPIO_Write_Data
<LI><a href="#[94]">&gt;&gt;</a>&nbsp;&nbsp;&nbsp;GPIO_Write_Cmd
<LI><a href="#[90]">&gt;&gt;</a>&nbsp;&nbsp;&nbsp;GPIO_LCD_Select
<LI><a href="#[93]">&gt;&gt;</a>&nbsp;&nbsp;&nbsp;GPIO_LCD_WriteCommand
</UL>

<P><STRONG><a name="[8c]"></a>GPIO_WriteBit</STRONG> (Thumb, 10 bytes, Stack size 0 bytes, stm32f4xx_gpio.o(.text))
<BR><BR>[Called By]<UL><LI><a href="#[8b]">&gt;&gt;</a>&nbsp;&nbsp;&nbsp;DATAOUT
</UL>

<P><STRONG><a name="[ef]"></a>GPIO_Write</STRONG> (Thumb, 4 bytes, Stack size 0 bytes, stm32f4xx_gpio.o(.text), UNUSED)

<P><STRONG><a name="[f0]"></a>GPIO_ToggleBits</STRONG> (Thumb, 8 bytes, Stack size 0 bytes, stm32f4xx_gpio.o(.text), UNUSED)

<P><STRONG><a name="[f1]"></a>GPIO_PinAFConfig</STRONG> (Thumb, 70 bytes, Stack size 20 bytes, stm32f4xx_gpio.o(.text), UNUSED)

<P><STRONG><a name="[f2]"></a>RCC_DeInit</STRONG> (Thumb, 82 bytes, Stack size 0 bytes, stm32f4xx_rcc.o(.text), UNUSED)

<P><STRONG><a name="[f3]"></a>RCC_HSEConfig</STRONG> (Thumb, 14 bytes, Stack size 0 bytes, stm32f4xx_rcc.o(.text), UNUSED)

<P><STRONG><a name="[8a]"></a>RCC_GetFlagStatus</STRONG> (Thumb, 60 bytes, Stack size 8 bytes, stm32f4xx_rcc.o(.text), UNUSED)
<BR><BR>[Called By]<UL><LI><a href="#[89]">&gt;&gt;</a>&nbsp;&nbsp;&nbsp;RCC_WaitForHSEStartUp
</UL>

<P><STRONG><a name="[89]"></a>RCC_WaitForHSEStartUp</STRONG> (Thumb, 56 bytes, Stack size 16 bytes, stm32f4xx_rcc.o(.text), UNUSED)
<BR><BR>[Calls]<UL><LI><a href="#[8a]">&gt;&gt;</a>&nbsp;&nbsp;&nbsp;RCC_GetFlagStatus
</UL>

<P><STRONG><a name="[f4]"></a>RCC_AdjustHSICalibrationValue</STRONG> (Thumb, 20 bytes, Stack size 0 bytes, stm32f4xx_rcc.o(.text), UNUSED)

<P><STRONG><a name="[f5]"></a>RCC_HSICmd</STRONG> (Thumb, 6 bytes, Stack size 0 bytes, stm32f4xx_rcc.o(.text), UNUSED)

<P><STRONG><a name="[f6]"></a>RCC_LSEConfig</STRONG> (Thumb, 46 bytes, Stack size 0 bytes, stm32f4xx_rcc.o(.text), UNUSED)

<P><STRONG><a name="[f7]"></a>RCC_LSICmd</STRONG> (Thumb, 6 bytes, Stack size 0 bytes, stm32f4xx_rcc.o(.text), UNUSED)

<P><STRONG><a name="[f8]"></a>RCC_PLLConfig</STRONG> (Thumb, 32 bytes, Stack size 16 bytes, stm32f4xx_rcc.o(.text), UNUSED)

<P><STRONG><a name="[f9]"></a>RCC_PLLCmd</STRONG> (Thumb, 6 bytes, Stack size 0 bytes, stm32f4xx_rcc.o(.text), UNUSED)

<P><STRONG><a name="[fa]"></a>RCC_PLLI2SConfig</STRONG> (Thumb, 14 bytes, Stack size 0 bytes, stm32f4xx_rcc.o(.text), UNUSED)

<P><STRONG><a name="[fb]"></a>RCC_PLLI2SCmd</STRONG> (Thumb, 6 bytes, Stack size 0 bytes, stm32f4xx_rcc.o(.text), UNUSED)

<P><STRONG><a name="[fc]"></a>RCC_PLLSAIConfig</STRONG> (Thumb, 20 bytes, Stack size 8 bytes, stm32f4xx_rcc.o(.text), UNUSED)

<P><STRONG><a name="[fd]"></a>RCC_PLLSAICmd</STRONG> (Thumb, 6 bytes, Stack size 0 bytes, stm32f4xx_rcc.o(.text), UNUSED)

<P><STRONG><a name="[fe]"></a>RCC_ClockSecuritySystemCmd</STRONG> (Thumb, 6 bytes, Stack size 0 bytes, stm32f4xx_rcc.o(.text), UNUSED)

<P><STRONG><a name="[ff]"></a>RCC_MCO1Config</STRONG> (Thumb, 28 bytes, Stack size 0 bytes, stm32f4xx_rcc.o(.text), UNUSED)

<P><STRONG><a name="[100]"></a>RCC_MCO2Config</STRONG> (Thumb, 28 bytes, Stack size 0 bytes, stm32f4xx_rcc.o(.text), UNUSED)

<P><STRONG><a name="[101]"></a>RCC_SYSCLKConfig</STRONG> (Thumb, 20 bytes, Stack size 0 bytes, stm32f4xx_rcc.o(.text), UNUSED)

<P><STRONG><a name="[102]"></a>RCC_GetSYSCLKSource</STRONG> (Thumb, 12 bytes, Stack size 0 bytes, stm32f4xx_rcc.o(.text), UNUSED)

<P><STRONG><a name="[103]"></a>RCC_HCLKConfig</STRONG> (Thumb, 20 bytes, Stack size 0 bytes, stm32f4xx_rcc.o(.text), UNUSED)

<P><STRONG><a name="[104]"></a>RCC_PCLK1Config</STRONG> (Thumb, 20 bytes, Stack size 0 bytes, stm32f4xx_rcc.o(.text), UNUSED)

<P><STRONG><a name="[105]"></a>RCC_PCLK2Config</STRONG> (Thumb, 22 bytes, Stack size 0 bytes, stm32f4xx_rcc.o(.text), UNUSED)

<P><STRONG><a name="[106]"></a>RCC_GetClocksFreq</STRONG> (Thumb, 222 bytes, Stack size 20 bytes, stm32f4xx_rcc.o(.text), UNUSED)

<P><STRONG><a name="[107]"></a>RCC_RTCCLKConfig</STRONG> (Thumb, 54 bytes, Stack size 0 bytes, stm32f4xx_rcc.o(.text), UNUSED)

<P><STRONG><a name="[108]"></a>RCC_RTCCLKCmd</STRONG> (Thumb, 8 bytes, Stack size 0 bytes, stm32f4xx_rcc.o(.text), UNUSED)

<P><STRONG><a name="[109]"></a>RCC_BackupResetCmd</STRONG> (Thumb, 8 bytes, Stack size 0 bytes, stm32f4xx_rcc.o(.text), UNUSED)

<P><STRONG><a name="[10a]"></a>RCC_I2SCLKConfig</STRONG> (Thumb, 6 bytes, Stack size 0 bytes, stm32f4xx_rcc.o(.text), UNUSED)

<P><STRONG><a name="[10b]"></a>RCC_SAIPLLI2SClkDivConfig</STRONG> (Thumb, 26 bytes, Stack size 0 bytes, stm32f4xx_rcc.o(.text), UNUSED)

<P><STRONG><a name="[10c]"></a>RCC_SAIPLLSAIClkDivConfig</STRONG> (Thumb, 28 bytes, Stack size 0 bytes, stm32f4xx_rcc.o(.text), UNUSED)

<P><STRONG><a name="[10d]"></a>RCC_SAIBlockACLKConfig</STRONG> (Thumb, 20 bytes, Stack size 0 bytes, stm32f4xx_rcc.o(.text), UNUSED)

<P><STRONG><a name="[10e]"></a>RCC_SAIBlockBCLKConfig</STRONG> (Thumb, 20 bytes, Stack size 0 bytes, stm32f4xx_rcc.o(.text), UNUSED)

<P><STRONG><a name="[10f]"></a>RCC_LTDCCLKDivConfig</STRONG> (Thumb, 20 bytes, Stack size 0 bytes, stm32f4xx_rcc.o(.text), UNUSED)

<P><STRONG><a name="[110]"></a>RCC_TIMCLKPresConfig</STRONG> (Thumb, 6 bytes, Stack size 0 bytes, stm32f4xx_rcc.o(.text), UNUSED)

<P><STRONG><a name="[84]"></a>RCC_AHB1PeriphClockCmd</STRONG> (Thumb, 34 bytes, Stack size 0 bytes, stm32f4xx_rcc.o(.text))
<BR><BR>[Called By]<UL><LI><a href="#[97]">&gt;&gt;</a>&nbsp;&nbsp;&nbsp;GPIO_LCD_Config
<LI><a href="#[7f]">&gt;&gt;</a>&nbsp;&nbsp;&nbsp;LED_Init
</UL>

<P><STRONG><a name="[111]"></a>RCC_AHB2PeriphClockCmd</STRONG> (Thumb, 78 bytes, Stack size 0 bytes, stm32f4xx_rcc.o(.text), UNUSED)

<P><STRONG><a name="[112]"></a>RCC_AHB3PeriphClockCmd</STRONG> (Thumb, 34 bytes, Stack size 0 bytes, stm32f4xx_rcc.o(.text), UNUSED)

<P><STRONG><a name="[113]"></a>RCC_APB1PeriphClockCmd</STRONG> (Thumb, 34 bytes, Stack size 0 bytes, stm32f4xx_rcc.o(.text), UNUSED)

<P><STRONG><a name="[114]"></a>RCC_APB2PeriphClockCmd</STRONG> (Thumb, 34 bytes, Stack size 0 bytes, stm32f4xx_rcc.o(.text), UNUSED)

<P><STRONG><a name="[88]"></a>RCC_AHB1PeriphResetCmd</STRONG> (Thumb, 34 bytes, Stack size 0 bytes, stm32f4xx_rcc.o(.text), UNUSED)
<BR><BR>[Called By]<UL><LI><a href="#[87]">&gt;&gt;</a>&nbsp;&nbsp;&nbsp;GPIO_DeInit
</UL>

<P><STRONG><a name="[115]"></a>RCC_AHB2PeriphResetCmd</STRONG> (Thumb, 34 bytes, Stack size 0 bytes, stm32f4xx_rcc.o(.text), UNUSED)

<P><STRONG><a name="[116]"></a>RCC_AHB3PeriphResetCmd</STRONG> (Thumb, 34 bytes, Stack size 0 bytes, stm32f4xx_rcc.o(.text), UNUSED)

<P><STRONG><a name="[117]"></a>RCC_APB1PeriphResetCmd</STRONG> (Thumb, 34 bytes, Stack size 0 bytes, stm32f4xx_rcc.o(.text), UNUSED)

<P><STRONG><a name="[118]"></a>RCC_APB2PeriphResetCmd</STRONG> (Thumb, 34 bytes, Stack size 0 bytes, stm32f4xx_rcc.o(.text), UNUSED)

<P><STRONG><a name="[119]"></a>RCC_AHB1PeriphClockLPModeCmd</STRONG> (Thumb, 34 bytes, Stack size 0 bytes, stm32f4xx_rcc.o(.text), UNUSED)

<P><STRONG><a name="[11a]"></a>RCC_AHB2PeriphClockLPModeCmd</STRONG> (Thumb, 34 bytes, Stack size 0 bytes, stm32f4xx_rcc.o(.text), UNUSED)

<P><STRONG><a name="[11b]"></a>RCC_AHB3PeriphClockLPModeCmd</STRONG> (Thumb, 34 bytes, Stack size 0 bytes, stm32f4xx_rcc.o(.text), UNUSED)

<P><STRONG><a name="[11c]"></a>RCC_APB1PeriphClockLPModeCmd</STRONG> (Thumb, 34 bytes, Stack size 0 bytes, stm32f4xx_rcc.o(.text), UNUSED)

<P><STRONG><a name="[11d]"></a>RCC_APB2PeriphClockLPModeCmd</STRONG> (Thumb, 34 bytes, Stack size 0 bytes, stm32f4xx_rcc.o(.text), UNUSED)

<P><STRONG><a name="[11e]"></a>RCC_LSEModeConfig</STRONG> (Thumb, 40 bytes, Stack size 0 bytes, stm32f4xx_rcc.o(.text), UNUSED)

<P><STRONG><a name="[11f]"></a>RCC_ITConfig</STRONG> (Thumb, 34 bytes, Stack size 0 bytes, stm32f4xx_rcc.o(.text), UNUSED)

<P><STRONG><a name="[120]"></a>RCC_ClearFlag</STRONG> (Thumb, 18 bytes, Stack size 0 bytes, stm32f4xx_rcc.o(.text), UNUSED)

<P><STRONG><a name="[121]"></a>RCC_GetITStatus</STRONG> (Thumb, 22 bytes, Stack size 0 bytes, stm32f4xx_rcc.o(.text), UNUSED)

<P><STRONG><a name="[122]"></a>RCC_ClearITPendingBit</STRONG> (Thumb, 8 bytes, Stack size 0 bytes, stm32f4xx_rcc.o(.text), UNUSED)

<P><STRONG><a name="[8b]"></a>DATAOUT</STRONG> (Thumb, 212 bytes, Stack size 8 bytes, gpio_lcd.o(.text))
<BR><BR>[Stack]<UL><LI>Max Depth = 8<LI>Call Chain = DATAOUT
</UL>
<BR>[Calls]<UL><LI><a href="#[8c]">&gt;&gt;</a>&nbsp;&nbsp;&nbsp;GPIO_WriteBit
</UL>
<BR>[Called By]<UL><LI><a href="#[96]">&gt;&gt;</a>&nbsp;&nbsp;&nbsp;GPIO_Read_Data
<LI><a href="#[95]">&gt;&gt;</a>&nbsp;&nbsp;&nbsp;GPIO_Write_Data
<LI><a href="#[94]">&gt;&gt;</a>&nbsp;&nbsp;&nbsp;GPIO_Write_Cmd
<LI><a href="#[93]">&gt;&gt;</a>&nbsp;&nbsp;&nbsp;GPIO_LCD_WriteCommand
</UL>

<P><STRONG><a name="[8d]"></a>DATAIN</STRONG> (Thumb, 20 bytes, Stack size 8 bytes, gpio_lcd.o(.text), UNUSED)
<BR><BR>[Calls]<UL><LI><a href="#[8e]">&gt;&gt;</a>&nbsp;&nbsp;&nbsp;GPIO_ReadInputData
</UL>
<BR>[Called By]<UL><LI><a href="#[96]">&gt;&gt;</a>&nbsp;&nbsp;&nbsp;GPIO_Read_Data
</UL>

<P><STRONG><a name="[8f]"></a>GPIO_SET_DATA_OUT</STRONG> (Thumb, 242 bytes, Stack size 16 bytes, gpio_lcd.o(.text), UNUSED)
<BR><BR>[Calls]<UL><LI><a href="#[85]">&gt;&gt;</a>&nbsp;&nbsp;&nbsp;GPIO_Init
</UL>
<BR>[Called By]<UL><LI><a href="#[96]">&gt;&gt;</a>&nbsp;&nbsp;&nbsp;GPIO_Read_Data
</UL>

<P><STRONG><a name="[90]"></a>GPIO_LCD_Select</STRONG> (Thumb, 12 bytes, Stack size 8 bytes, gpio_lcd.o(.text), UNUSED)
<BR><BR>[Calls]<UL><LI><a href="#[91]">&gt;&gt;</a>&nbsp;&nbsp;&nbsp;GPIO_ResetBits
</UL>

<P><STRONG><a name="[92]"></a>GPIO_LCD_Unselect</STRONG> (Thumb, 12 bytes, Stack size 8 bytes, gpio_lcd.o(.text), UNUSED)
<BR><BR>[Calls]<UL><LI><a href="#[86]">&gt;&gt;</a>&nbsp;&nbsp;&nbsp;GPIO_SetBits
</UL>

<P><STRONG><a name="[94]"></a>GPIO_Write_Cmd</STRONG> (Thumb, 60 bytes, Stack size 8 bytes, gpio_lcd.o(.text))
<BR><BR>[Stack]<UL><LI>Max Depth = 16<LI>Call Chain = GPIO_Write_Cmd &rArr; DATAOUT
</UL>
<BR>[Calls]<UL><LI><a href="#[8b]">&gt;&gt;</a>&nbsp;&nbsp;&nbsp;DATAOUT
<LI><a href="#[91]">&gt;&gt;</a>&nbsp;&nbsp;&nbsp;GPIO_ResetBits
<LI><a href="#[86]">&gt;&gt;</a>&nbsp;&nbsp;&nbsp;GPIO_SetBits
</UL>
<BR>[Called By]<UL><LI><a href="#[b0]">&gt;&gt;</a>&nbsp;&nbsp;&nbsp;GPIO_DrawChar_Ex
<LI><a href="#[ab]">&gt;&gt;</a>&nbsp;&nbsp;&nbsp;GPIO_DispChar_CH
<LI><a href="#[a7]">&gt;&gt;</a>&nbsp;&nbsp;&nbsp;GPIO_DispChar_EN
<LI><a href="#[a1]">&gt;&gt;</a>&nbsp;&nbsp;&nbsp;GPIO_Read_PixelData
<LI><a href="#[a0]">&gt;&gt;</a>&nbsp;&nbsp;&nbsp;ILI9341_SetAddressWindow
<LI><a href="#[9e]">&gt;&gt;</a>&nbsp;&nbsp;&nbsp;GPIO_FillColor
<LI><a href="#[9d]">&gt;&gt;</a>&nbsp;&nbsp;&nbsp;GPIO_OpenWindow
<LI><a href="#[9c]">&gt;&gt;</a>&nbsp;&nbsp;&nbsp;GPIO_GramScan
<LI><a href="#[9b]">&gt;&gt;</a>&nbsp;&nbsp;&nbsp;GPIO_Read_ID
<LI><a href="#[9a]">&gt;&gt;</a>&nbsp;&nbsp;&nbsp;GPIO_REG_Config
</UL>

<P><STRONG><a name="[95]"></a>GPIO_Write_Data</STRONG> (Thumb, 60 bytes, Stack size 8 bytes, gpio_lcd.o(.text))
<BR><BR>[Stack]<UL><LI>Max Depth = 16<LI>Call Chain = GPIO_Write_Data &rArr; DATAOUT
</UL>
<BR>[Calls]<UL><LI><a href="#[8b]">&gt;&gt;</a>&nbsp;&nbsp;&nbsp;DATAOUT
<LI><a href="#[91]">&gt;&gt;</a>&nbsp;&nbsp;&nbsp;GPIO_ResetBits
<LI><a href="#[86]">&gt;&gt;</a>&nbsp;&nbsp;&nbsp;GPIO_SetBits
</UL>
<BR>[Called By]<UL><LI><a href="#[b0]">&gt;&gt;</a>&nbsp;&nbsp;&nbsp;GPIO_DrawChar_Ex
<LI><a href="#[ab]">&gt;&gt;</a>&nbsp;&nbsp;&nbsp;GPIO_DispChar_CH
<LI><a href="#[a7]">&gt;&gt;</a>&nbsp;&nbsp;&nbsp;GPIO_DispChar_EN
<LI><a href="#[a4]">&gt;&gt;</a>&nbsp;&nbsp;&nbsp;GPIO_DrawRectangle
<LI><a href="#[a0]">&gt;&gt;</a>&nbsp;&nbsp;&nbsp;ILI9341_SetAddressWindow
<LI><a href="#[9e]">&gt;&gt;</a>&nbsp;&nbsp;&nbsp;GPIO_FillColor
<LI><a href="#[9d]">&gt;&gt;</a>&nbsp;&nbsp;&nbsp;GPIO_OpenWindow
<LI><a href="#[9c]">&gt;&gt;</a>&nbsp;&nbsp;&nbsp;GPIO_GramScan
<LI><a href="#[9a]">&gt;&gt;</a>&nbsp;&nbsp;&nbsp;GPIO_REG_Config
<LI><a href="#[7d]">&gt;&gt;</a>&nbsp;&nbsp;&nbsp;GPIO_SetPointPixel
</UL>

<P><STRONG><a name="[96]"></a>GPIO_Read_Data</STRONG> (Thumb, 86 bytes, Stack size 8 bytes, gpio_lcd.o(.text), UNUSED)
<BR><BR>[Calls]<UL><LI><a href="#[8f]">&gt;&gt;</a>&nbsp;&nbsp;&nbsp;GPIO_SET_DATA_OUT
<LI><a href="#[8d]">&gt;&gt;</a>&nbsp;&nbsp;&nbsp;DATAIN
<LI><a href="#[8b]">&gt;&gt;</a>&nbsp;&nbsp;&nbsp;DATAOUT
<LI><a href="#[91]">&gt;&gt;</a>&nbsp;&nbsp;&nbsp;GPIO_ResetBits
<LI><a href="#[86]">&gt;&gt;</a>&nbsp;&nbsp;&nbsp;GPIO_SetBits
</UL>
<BR>[Called By]<UL><LI><a href="#[a1]">&gt;&gt;</a>&nbsp;&nbsp;&nbsp;GPIO_Read_PixelData
<LI><a href="#[9b]">&gt;&gt;</a>&nbsp;&nbsp;&nbsp;GPIO_Read_ID
</UL>

<P><STRONG><a name="[98]"></a>GPIO_LCD_RESET</STRONG> (Thumb, 26 bytes, Stack size 8 bytes, gpio_lcd.o(.text), UNUSED)
<BR><BR>[Calls]<UL><LI><a href="#[99]">&gt;&gt;</a>&nbsp;&nbsp;&nbsp;GPIO_Delay
<LI><a href="#[91]">&gt;&gt;</a>&nbsp;&nbsp;&nbsp;GPIO_ResetBits
<LI><a href="#[86]">&gt;&gt;</a>&nbsp;&nbsp;&nbsp;GPIO_SetBits
</UL>

<P><STRONG><a name="[9b]"></a>GPIO_Read_ID</STRONG> (Thumb, 42 bytes, Stack size 8 bytes, gpio_lcd.o(.text), UNUSED)
<BR><BR>[Calls]<UL><LI><a href="#[96]">&gt;&gt;</a>&nbsp;&nbsp;&nbsp;GPIO_Read_Data
<LI><a href="#[94]">&gt;&gt;</a>&nbsp;&nbsp;&nbsp;GPIO_Write_Cmd
</UL>

<P><STRONG><a name="[80]"></a>GPIO_LCD_Init</STRONG> (Thumb, 8 bytes, Stack size 8 bytes, gpio_lcd.o(.text))
<BR><BR>[Stack]<UL><LI>Max Depth = 32<LI>Call Chain = GPIO_LCD_Init &rArr; GPIO_REG_Config &rArr; GPIO_Write_Data &rArr; DATAOUT
</UL>
<BR>[Calls]<UL><LI><a href="#[9a]">&gt;&gt;</a>&nbsp;&nbsp;&nbsp;GPIO_REG_Config
</UL>
<BR>[Called By]<UL><LI><a href="#[65]">&gt;&gt;</a>&nbsp;&nbsp;&nbsp;main
</UL>

<P><STRONG><a name="[123]"></a>GPIO_BackLed_Control</STRONG> (Thumb, 2 bytes, Stack size 0 bytes, gpio_lcd.o(.text), UNUSED)

<P><STRONG><a name="[9c]"></a>GPIO_GramScan</STRONG> (Thumb, 172 bytes, Stack size 8 bytes, gpio_lcd.o(.text), UNUSED)
<BR><BR>[Calls]<UL><LI><a href="#[95]">&gt;&gt;</a>&nbsp;&nbsp;&nbsp;GPIO_Write_Data
<LI><a href="#[94]">&gt;&gt;</a>&nbsp;&nbsp;&nbsp;GPIO_Write_Cmd
</UL>

<P><STRONG><a name="[9d]"></a>GPIO_OpenWindow</STRONG> (Thumb, 96 bytes, Stack size 24 bytes, gpio_lcd.o(.text), UNUSED)
<BR><BR>[Calls]<UL><LI><a href="#[95]">&gt;&gt;</a>&nbsp;&nbsp;&nbsp;GPIO_Write_Data
<LI><a href="#[94]">&gt;&gt;</a>&nbsp;&nbsp;&nbsp;GPIO_Write_Cmd
</UL>
<BR>[Called By]<UL><LI><a href="#[b0]">&gt;&gt;</a>&nbsp;&nbsp;&nbsp;GPIO_DrawChar_Ex
<LI><a href="#[ab]">&gt;&gt;</a>&nbsp;&nbsp;&nbsp;GPIO_DispChar_CH
<LI><a href="#[a7]">&gt;&gt;</a>&nbsp;&nbsp;&nbsp;GPIO_DispChar_EN
<LI><a href="#[9f]">&gt;&gt;</a>&nbsp;&nbsp;&nbsp;GPIO_Clear
</UL>

<P><STRONG><a name="[9e]"></a>GPIO_FillColor</STRONG> (Thumb, 28 bytes, Stack size 16 bytes, gpio_lcd.o(.text), UNUSED)
<BR><BR>[Calls]<UL><LI><a href="#[95]">&gt;&gt;</a>&nbsp;&nbsp;&nbsp;GPIO_Write_Data
<LI><a href="#[94]">&gt;&gt;</a>&nbsp;&nbsp;&nbsp;GPIO_Write_Cmd
</UL>
<BR>[Called By]<UL><LI><a href="#[9f]">&gt;&gt;</a>&nbsp;&nbsp;&nbsp;GPIO_Clear
</UL>

<P><STRONG><a name="[9f]"></a>GPIO_Clear</STRONG> (Thumb, 40 bytes, Stack size 24 bytes, gpio_lcd.o(.text), UNUSED)
<BR><BR>[Calls]<UL><LI><a href="#[9e]">&gt;&gt;</a>&nbsp;&nbsp;&nbsp;GPIO_FillColor
<LI><a href="#[9d]">&gt;&gt;</a>&nbsp;&nbsp;&nbsp;GPIO_OpenWindow
</UL>
<BR>[Called By]<UL><LI><a href="#[b4]">&gt;&gt;</a>&nbsp;&nbsp;&nbsp;LCD_ClearLine
</UL>

<P><STRONG><a name="[a0]"></a>ILI9341_SetAddressWindow</STRONG> (Thumb, 82 bytes, Stack size 24 bytes, gpio_lcd.o(.text))
<BR><BR>[Stack]<UL><LI>Max Depth = 40<LI>Call Chain = ILI9341_SetAddressWindow &rArr; GPIO_Write_Data &rArr; DATAOUT
</UL>
<BR>[Calls]<UL><LI><a href="#[95]">&gt;&gt;</a>&nbsp;&nbsp;&nbsp;GPIO_Write_Data
<LI><a href="#[94]">&gt;&gt;</a>&nbsp;&nbsp;&nbsp;GPIO_Write_Cmd
</UL>
<BR>[Called By]<UL><LI><a href="#[a4]">&gt;&gt;</a>&nbsp;&nbsp;&nbsp;GPIO_DrawRectangle
<LI><a href="#[7d]">&gt;&gt;</a>&nbsp;&nbsp;&nbsp;GPIO_SetPointPixel
</UL>

<P><STRONG><a name="[7d]"></a>GPIO_SetPointPixel</STRONG> (Thumb, 54 bytes, Stack size 16 bytes, gpio_lcd.o(.text))
<BR><BR>[Stack]<UL><LI>Max Depth = 56<LI>Call Chain = GPIO_SetPointPixel &rArr; ILI9341_SetAddressWindow &rArr; GPIO_Write_Data &rArr; DATAOUT
</UL>
<BR>[Calls]<UL><LI><a href="#[a0]">&gt;&gt;</a>&nbsp;&nbsp;&nbsp;ILI9341_SetAddressWindow
<LI><a href="#[95]">&gt;&gt;</a>&nbsp;&nbsp;&nbsp;GPIO_Write_Data
</UL>
<BR>[Called By]<UL><LI><a href="#[a6]">&gt;&gt;</a>&nbsp;&nbsp;&nbsp;GPIO_DrawCircle
<LI><a href="#[a3]">&gt;&gt;</a>&nbsp;&nbsp;&nbsp;GPIO_DrawLine
<LI><a href="#[7e]">&gt;&gt;</a>&nbsp;&nbsp;&nbsp;ILI9341_Show_Chinese
<LI><a href="#[7c]">&gt;&gt;</a>&nbsp;&nbsp;&nbsp;gfx_draw_pixel
</UL>

<P><STRONG><a name="[a1]"></a>GPIO_Read_PixelData</STRONG> (Thumb, 54 bytes, Stack size 16 bytes, gpio_lcd.o(.text), UNUSED)
<BR><BR>[Calls]<UL><LI><a href="#[96]">&gt;&gt;</a>&nbsp;&nbsp;&nbsp;GPIO_Read_Data
<LI><a href="#[94]">&gt;&gt;</a>&nbsp;&nbsp;&nbsp;GPIO_Write_Cmd
</UL>
<BR>[Called By]<UL><LI><a href="#[a2]">&gt;&gt;</a>&nbsp;&nbsp;&nbsp;GPIO_GetPointPixel
</UL>

<P><STRONG><a name="[a2]"></a>GPIO_GetPointPixel</STRONG> (Thumb, 16 bytes, Stack size 16 bytes, gpio_lcd.o(.text), UNUSED)
<BR><BR>[Calls]<UL><LI><a href="#[a1]">&gt;&gt;</a>&nbsp;&nbsp;&nbsp;GPIO_Read_PixelData
</UL>

<P><STRONG><a name="[a3]"></a>GPIO_DrawLine</STRONG> (Thumb, 174 bytes, Stack size 72 bytes, gpio_lcd.o(.text), UNUSED)
<BR><BR>[Calls]<UL><LI><a href="#[7d]">&gt;&gt;</a>&nbsp;&nbsp;&nbsp;GPIO_SetPointPixel
</UL>

<P><STRONG><a name="[a4]"></a>GPIO_DrawRectangle</STRONG> (Thumb, 140 bytes, Stack size 24 bytes, gpio_lcd.o(.text), UNUSED)
<BR><BR>[Calls]<UL><LI><a href="#[a0]">&gt;&gt;</a>&nbsp;&nbsp;&nbsp;ILI9341_SetAddressWindow
<LI><a href="#[95]">&gt;&gt;</a>&nbsp;&nbsp;&nbsp;GPIO_Write_Data
</UL>
<BR>[Called By]<UL><LI><a href="#[a5]">&gt;&gt;</a>&nbsp;&nbsp;&nbsp;GPIO_FillScreen
</UL>

<P><STRONG><a name="[a5]"></a>GPIO_FillScreen</STRONG> (Thumb, 24 bytes, Stack size 16 bytes, gpio_lcd.o(.text), UNUSED)
<BR><BR>[Calls]<UL><LI><a href="#[a4]">&gt;&gt;</a>&nbsp;&nbsp;&nbsp;GPIO_DrawRectangle
</UL>

<P><STRONG><a name="[a6]"></a>GPIO_DrawCircle</STRONG> (Thumb, 362 bytes, Stack size 40 bytes, gpio_lcd.o(.text), UNUSED)
<BR><BR>[Calls]<UL><LI><a href="#[7d]">&gt;&gt;</a>&nbsp;&nbsp;&nbsp;GPIO_SetPointPixel
</UL>

<P><STRONG><a name="[a7]"></a>GPIO_DispChar_EN</STRONG> (Thumb, 138 bytes, Stack size 40 bytes, gpio_lcd.o(.text), UNUSED)
<BR><BR>[Calls]<UL><LI><a href="#[9d]">&gt;&gt;</a>&nbsp;&nbsp;&nbsp;GPIO_OpenWindow
<LI><a href="#[95]">&gt;&gt;</a>&nbsp;&nbsp;&nbsp;GPIO_Write_Data
<LI><a href="#[94]">&gt;&gt;</a>&nbsp;&nbsp;&nbsp;GPIO_Write_Cmd
</UL>
<BR>[Called By]<UL><LI><a href="#[af]">&gt;&gt;</a>&nbsp;&nbsp;&nbsp;GPIO_DispString_EN_CH_YDir
<LI><a href="#[ae]">&gt;&gt;</a>&nbsp;&nbsp;&nbsp;GPIO_DispStringLine_EN_CH
<LI><a href="#[ad]">&gt;&gt;</a>&nbsp;&nbsp;&nbsp;GPIO_DispString_EN_CH
<LI><a href="#[aa]">&gt;&gt;</a>&nbsp;&nbsp;&nbsp;GPIO_DispString_EN_YDir
<LI><a href="#[a9]">&gt;&gt;</a>&nbsp;&nbsp;&nbsp;GPIO_DispString_EN
<LI><a href="#[a8]">&gt;&gt;</a>&nbsp;&nbsp;&nbsp;GPIO_DispStringLine_EN
</UL>

<P><STRONG><a name="[a8]"></a>GPIO_DispStringLine_EN</STRONG> (Thumb, 92 bytes, Stack size 16 bytes, gpio_lcd.o(.text), UNUSED)
<BR><BR>[Calls]<UL><LI><a href="#[a7]">&gt;&gt;</a>&nbsp;&nbsp;&nbsp;GPIO_DispChar_EN
</UL>

<P><STRONG><a name="[a9]"></a>GPIO_DispString_EN</STRONG> (Thumb, 92 bytes, Stack size 16 bytes, gpio_lcd.o(.text), UNUSED)
<BR><BR>[Calls]<UL><LI><a href="#[a7]">&gt;&gt;</a>&nbsp;&nbsp;&nbsp;GPIO_DispChar_EN
</UL>

<P><STRONG><a name="[aa]"></a>GPIO_DispString_EN_YDir</STRONG> (Thumb, 92 bytes, Stack size 16 bytes, gpio_lcd.o(.text), UNUSED)
<BR><BR>[Calls]<UL><LI><a href="#[a7]">&gt;&gt;</a>&nbsp;&nbsp;&nbsp;GPIO_DispChar_EN
</UL>

<P><STRONG><a name="[ab]"></a>GPIO_DispChar_CH</STRONG> (Thumb, 114 bytes, Stack size 64 bytes, gpio_lcd.o(.text), UNUSED)
<BR><BR>[Calls]<UL><LI><a href="#[9d]">&gt;&gt;</a>&nbsp;&nbsp;&nbsp;GPIO_OpenWindow
<LI><a href="#[95]">&gt;&gt;</a>&nbsp;&nbsp;&nbsp;GPIO_Write_Data
<LI><a href="#[94]">&gt;&gt;</a>&nbsp;&nbsp;&nbsp;GPIO_Write_Cmd
</UL>
<BR>[Called By]<UL><LI><a href="#[af]">&gt;&gt;</a>&nbsp;&nbsp;&nbsp;GPIO_DispString_EN_CH_YDir
<LI><a href="#[ae]">&gt;&gt;</a>&nbsp;&nbsp;&nbsp;GPIO_DispStringLine_EN_CH
<LI><a href="#[ad]">&gt;&gt;</a>&nbsp;&nbsp;&nbsp;GPIO_DispString_EN_CH
<LI><a href="#[ac]">&gt;&gt;</a>&nbsp;&nbsp;&nbsp;GPIO_DispString_CH
</UL>

<P><STRONG><a name="[ac]"></a>GPIO_DispString_CH</STRONG> (Thumb, 86 bytes, Stack size 24 bytes, gpio_lcd.o(.text), UNUSED)
<BR><BR>[Calls]<UL><LI><a href="#[ab]">&gt;&gt;</a>&nbsp;&nbsp;&nbsp;GPIO_DispChar_CH
</UL>

<P><STRONG><a name="[ad]"></a>GPIO_DispString_EN_CH</STRONG> (Thumb, 168 bytes, Stack size 24 bytes, gpio_lcd.o(.text), UNUSED)
<BR><BR>[Calls]<UL><LI><a href="#[ab]">&gt;&gt;</a>&nbsp;&nbsp;&nbsp;GPIO_DispChar_CH
<LI><a href="#[a7]">&gt;&gt;</a>&nbsp;&nbsp;&nbsp;GPIO_DispChar_EN
</UL>

<P><STRONG><a name="[ae]"></a>GPIO_DispStringLine_EN_CH</STRONG> (Thumb, 168 bytes, Stack size 24 bytes, gpio_lcd.o(.text), UNUSED)
<BR><BR>[Calls]<UL><LI><a href="#[ab]">&gt;&gt;</a>&nbsp;&nbsp;&nbsp;GPIO_DispChar_CH
<LI><a href="#[a7]">&gt;&gt;</a>&nbsp;&nbsp;&nbsp;GPIO_DispChar_EN
</UL>

<P><STRONG><a name="[af]"></a>GPIO_DispString_EN_CH_YDir</STRONG> (Thumb, 132 bytes, Stack size 24 bytes, gpio_lcd.o(.text), UNUSED)
<BR><BR>[Calls]<UL><LI><a href="#[ab]">&gt;&gt;</a>&nbsp;&nbsp;&nbsp;GPIO_DispChar_CH
<LI><a href="#[a7]">&gt;&gt;</a>&nbsp;&nbsp;&nbsp;GPIO_DispChar_EN
</UL>

<P><STRONG><a name="[b2]"></a>GPIO_zoomChar</STRONG> (Thumb, 378 bytes, Stack size 44 bytes, gpio_lcd.o(.text), UNUSED)
<BR><BR>[Called By]<UL><LI><a href="#[b3]">&gt;&gt;</a>&nbsp;&nbsp;&nbsp;GPIO_DisplayStringEx_YDir
<LI><a href="#[b1]">&gt;&gt;</a>&nbsp;&nbsp;&nbsp;GPIO_DisplayStringEx
</UL>

<P><STRONG><a name="[b0]"></a>GPIO_DrawChar_Ex</STRONG> (Thumb, 92 bytes, Stack size 40 bytes, gpio_lcd.o(.text), UNUSED)
<BR><BR>[Calls]<UL><LI><a href="#[9d]">&gt;&gt;</a>&nbsp;&nbsp;&nbsp;GPIO_OpenWindow
<LI><a href="#[95]">&gt;&gt;</a>&nbsp;&nbsp;&nbsp;GPIO_Write_Data
<LI><a href="#[94]">&gt;&gt;</a>&nbsp;&nbsp;&nbsp;GPIO_Write_Cmd
</UL>
<BR>[Called By]<UL><LI><a href="#[b3]">&gt;&gt;</a>&nbsp;&nbsp;&nbsp;GPIO_DisplayStringEx_YDir
<LI><a href="#[b1]">&gt;&gt;</a>&nbsp;&nbsp;&nbsp;GPIO_DisplayStringEx
</UL>

<P><STRONG><a name="[b1]"></a>GPIO_DisplayStringEx</STRONG> (Thumb, 236 bytes, Stack size 88 bytes, gpio_lcd.o(.text), UNUSED)
<BR><BR>[Calls]<UL><LI><a href="#[b0]">&gt;&gt;</a>&nbsp;&nbsp;&nbsp;GPIO_DrawChar_Ex
<LI><a href="#[b2]">&gt;&gt;</a>&nbsp;&nbsp;&nbsp;GPIO_zoomChar
</UL>

<P><STRONG><a name="[b3]"></a>GPIO_DisplayStringEx_YDir</STRONG> (Thumb, 240 bytes, Stack size 88 bytes, gpio_lcd.o(.text), UNUSED)
<BR><BR>[Calls]<UL><LI><a href="#[b0]">&gt;&gt;</a>&nbsp;&nbsp;&nbsp;GPIO_DrawChar_Ex
<LI><a href="#[b2]">&gt;&gt;</a>&nbsp;&nbsp;&nbsp;GPIO_zoomChar
</UL>

<P><STRONG><a name="[124]"></a>LCD_SetFont</STRONG> (Thumb, 6 bytes, Stack size 0 bytes, gpio_lcd.o(.text), UNUSED)

<P><STRONG><a name="[b5]"></a>LCD_GetFont</STRONG> (Thumb, 6 bytes, Stack size 0 bytes, gpio_lcd.o(.text), UNUSED)
<BR><BR>[Called By]<UL><LI><a href="#[b4]">&gt;&gt;</a>&nbsp;&nbsp;&nbsp;LCD_ClearLine
</UL>

<P><STRONG><a name="[125]"></a>LCD_SetColors</STRONG> (Thumb, 10 bytes, Stack size 0 bytes, gpio_lcd.o(.text), UNUSED)

<P><STRONG><a name="[126]"></a>LCD_GetColors</STRONG> (Thumb, 14 bytes, Stack size 0 bytes, gpio_lcd.o(.text), UNUSED)

<P><STRONG><a name="[127]"></a>LCD_SetTextColor</STRONG> (Thumb, 6 bytes, Stack size 0 bytes, gpio_lcd.o(.text), UNUSED)

<P><STRONG><a name="[128]"></a>LCD_SetBackColor</STRONG> (Thumb, 6 bytes, Stack size 0 bytes, gpio_lcd.o(.text), UNUSED)

<P><STRONG><a name="[b4]"></a>LCD_ClearLine</STRONG> (Thumb, 26 bytes, Stack size 16 bytes, gpio_lcd.o(.text), UNUSED)
<BR><BR>[Calls]<UL><LI><a href="#[b5]">&gt;&gt;</a>&nbsp;&nbsp;&nbsp;LCD_GetFont
<LI><a href="#[9f]">&gt;&gt;</a>&nbsp;&nbsp;&nbsp;GPIO_Clear
</UL>

<P><STRONG><a name="[129]"></a>register_debug_function(void(*)(const char*, int), void(*)(const char*))</STRONG> (Thumb, 10 bytes, Stack size 0 bytes, uicode.o(.text), UNUSED)

<P><STRONG><a name="[c1]"></a>_assert(const char*, int)</STRONG> (Thumb, 24 bytes, Stack size 0 bytes, uicode.o(.text))
<BR><BR>[Called By]<UL><LI><a href="#[df]">&gt;&gt;</a>&nbsp;&nbsp;&nbsp;c_surface::set_surface(Z_ORDER_LEVEL, c_rect)
<LI><a href="#[71]">&gt;&gt;</a>&nbsp;&nbsp;&nbsp;c_surface::draw_pixel(int, int, unsigned, unsigned)
<LI><a href="#[c6]">&gt;&gt;</a>&nbsp;&nbsp;&nbsp;c_display::c_display(void*, int, int, c_surface*, DISPLAY_DRIVER*)
<LI><a href="#[c7]">&gt;&gt;</a>&nbsp;&nbsp;&nbsp;c_theme::get_font(FONT_LIST)
<LI><a href="#[dc]">&gt;&gt;</a>&nbsp;&nbsp;&nbsp;c_rect::set_rect(int, int, int, int)
<LI><a href="#[d8]">&gt;&gt;</a>&nbsp;&nbsp;&nbsp;c_lattice_font_op::get_utf8_code(const char*, unsigned&)
<LI><a href="#[da]">&gt;&gt;</a>&nbsp;&nbsp;&nbsp;c_lattice_font_op::draw_lattice(c_surface*, int, int, int, int, int, const unsigned char*, unsigned, unsigned)
<LI><a href="#[cc]">&gt;&gt;</a>&nbsp;&nbsp;&nbsp;c_fifo::write(void*, int)
<LI><a href="#[cb]">&gt;&gt;</a>&nbsp;&nbsp;&nbsp;c_fifo::read(void*, int)
<LI><a href="#[c0]">&gt;&gt;</a>&nbsp;&nbsp;&nbsp;load_resource()
</UL>

<P><STRONG><a name="[ba]"></a>log_out(const char*)</STRONG> (Thumb, 20 bytes, Stack size 8 bytes, uicode.o(.text), UNUSED)
<BR><BR>[Called By]<UL><LI><a href="#[cc]">&gt;&gt;</a>&nbsp;&nbsp;&nbsp;c_fifo::write(void*, int)
<LI><a href="#[bf]">&gt;&gt;</a>&nbsp;&nbsp;&nbsp;build_bmp(const char*, unsigned, unsigned, unsigned char*)
<LI><a href="#[bd]">&gt;&gt;</a>&nbsp;&nbsp;&nbsp;create_thread(unsigned long*, void*, void*(*)(void*), void*)
<LI><a href="#[bc]">&gt;&gt;</a>&nbsp;&nbsp;&nbsp;get_cur_thread_id()
<LI><a href="#[bb]">&gt;&gt;</a>&nbsp;&nbsp;&nbsp;register_timer(int, void(*)(void*, void*))
<LI><a href="#[b9]">&gt;&gt;</a>&nbsp;&nbsp;&nbsp;start_real_timer(void(*)(void*))
</UL>

<P><STRONG><a name="[12a]"></a>get_time_in_second()</STRONG> (Thumb, 4 bytes, Stack size 0 bytes, uicode.o(.text), UNUSED)

<P><STRONG><a name="[b6]"></a>second_to_day(long)</STRONG> (Thumb, 28 bytes, Stack size 32 bytes, uicode.o(.text), UNUSED)
<BR><BR>[Calls]<UL><LI><a href="#[b7]">&gt;&gt;</a>&nbsp;&nbsp;&nbsp;__aeabi_memcpy
</UL>

<P><STRONG><a name="[b8]"></a>get_time()</STRONG> (Thumb, 26 bytes, Stack size 24 bytes, uicode.o(.text), UNUSED)
<BR><BR>[Calls]<UL><LI><a href="#[b7]">&gt;&gt;</a>&nbsp;&nbsp;&nbsp;__aeabi_memcpy
</UL>

<P><STRONG><a name="[b9]"></a>start_real_timer(void(*)(void*))</STRONG> (Thumb, 12 bytes, Stack size 8 bytes, uicode.o(.text), UNUSED)
<BR><BR>[Calls]<UL><LI><a href="#[ba]">&gt;&gt;</a>&nbsp;&nbsp;&nbsp;log_out(const char*)
</UL>

<P><STRONG><a name="[bb]"></a>register_timer(int, void(*)(void*, void*))</STRONG> (Thumb, 14 bytes, Stack size 16 bytes, uicode.o(.text), UNUSED)
<BR><BR>[Calls]<UL><LI><a href="#[ba]">&gt;&gt;</a>&nbsp;&nbsp;&nbsp;log_out(const char*)
</UL>

<P><STRONG><a name="[bc]"></a>get_cur_thread_id()</STRONG> (Thumb, 12 bytes, Stack size 8 bytes, uicode.o(.text), UNUSED)
<BR><BR>[Calls]<UL><LI><a href="#[ba]">&gt;&gt;</a>&nbsp;&nbsp;&nbsp;log_out(const char*)
</UL>

<P><STRONG><a name="[bd]"></a>create_thread(unsigned long*, void*, void*(*)(void*), void*)</STRONG> (Thumb, 22 bytes, Stack size 24 bytes, uicode.o(.text), UNUSED)
<BR><BR>[Calls]<UL><LI><a href="#[ba]">&gt;&gt;</a>&nbsp;&nbsp;&nbsp;log_out(const char*)
</UL>

<P><STRONG><a name="[be]"></a>thread_sleep(unsigned)</STRONG> (Thumb, 12 bytes, Stack size 8 bytes, uicode.o(.text))
<BR><BR>[Stack]<UL><LI>Max Depth = 8<LI>Call Chain = thread_sleep(unsigned)
</UL>
<BR>[Calls]<UL><LI><a href="#[82]">&gt;&gt;</a>&nbsp;&nbsp;&nbsp;delay_1ms
</UL>
<BR>[Called By]<UL><LI><a href="#[c2]">&gt;&gt;</a>&nbsp;&nbsp;&nbsp;create_ui(void*, int, int, int, DISPLAY_DRIVER*)
</UL>

<P><STRONG><a name="[bf]"></a>build_bmp(const char*, unsigned, unsigned, unsigned char*)</STRONG> (Thumb, 24 bytes, Stack size 24 bytes, uicode.o(.text), UNUSED)
<BR><BR>[Calls]<UL><LI><a href="#[ba]">&gt;&gt;</a>&nbsp;&nbsp;&nbsp;log_out(const char*)
</UL>

<P><STRONG><a name="[c0]"></a>load_resource()</STRONG> (Thumb, 30 bytes, Stack size 16 bytes, uicode.o(.text))
<BR><BR>[Stack]<UL><LI>Max Depth = 16<LI>Call Chain = load_resource()
</UL>
<BR>[Calls]<UL><LI><a href="#[c1]">&gt;&gt;</a>&nbsp;&nbsp;&nbsp;_assert(const char*, int)
</UL>
<BR>[Called By]<UL><LI><a href="#[c2]">&gt;&gt;</a>&nbsp;&nbsp;&nbsp;create_ui(void*, int, int, int, DISPLAY_DRIVER*)
</UL>

<P><STRONG><a name="[c2]"></a>create_ui(void*, int, int, int, DISPLAY_DRIVER*)</STRONG> (Thumb, 280 bytes, Stack size 40 bytes, uicode.o(.text))
<BR><BR>[Stack]<UL><LI>Max Depth = 188<LI>Call Chain = create_ui(void*, int, int, int, DISPLAY_DRIVER*) &rArr; c_surface::c_surface(unsigned, unsigned, unsigned, Z_ORDER_LEVEL, c_rect) &rArr; c_surface::set_surface(Z_ORDER_LEVEL, c_rect) &rArr; calloc &rArr; malloc
</UL>
<BR>[Calls]<UL><LI><a href="#[c3]">&gt;&gt;</a>&nbsp;&nbsp;&nbsp;__cxa_guard_acquire
<LI><a href="#[c5]">&gt;&gt;</a>&nbsp;&nbsp;&nbsp;c_surface::c_surface(unsigned, unsigned, unsigned, Z_ORDER_LEVEL, c_rect)
<LI><a href="#[c6]">&gt;&gt;</a>&nbsp;&nbsp;&nbsp;c_display::c_display(void*, int, int, c_surface*, DISPLAY_DRIVER*)
<LI><a href="#[c7]">&gt;&gt;</a>&nbsp;&nbsp;&nbsp;c_theme::get_font(FONT_LIST)
<LI><a href="#[c8]">&gt;&gt;</a>&nbsp;&nbsp;&nbsp;c_word::draw_string(c_surface*, int, const void*, int, int, const void*, unsigned, unsigned)
<LI><a href="#[c4]">&gt;&gt;</a>&nbsp;&nbsp;&nbsp;c_rect::c_rect()
<LI><a href="#[c9]">&gt;&gt;</a>&nbsp;&nbsp;&nbsp;c_particle::move()
<LI><a href="#[ca]">&gt;&gt;</a>&nbsp;&nbsp;&nbsp;c_particle::draw()
<LI><a href="#[c0]">&gt;&gt;</a>&nbsp;&nbsp;&nbsp;load_resource()
<LI><a href="#[be]">&gt;&gt;</a>&nbsp;&nbsp;&nbsp;thread_sleep(unsigned)
</UL>
<BR>[Called By]<UL><LI><a href="#[81]">&gt;&gt;</a>&nbsp;&nbsp;&nbsp;startHelloParticle
</UL>

<P><STRONG><a name="[81]"></a>startHelloParticle</STRONG> (Thumb, 30 bytes, Stack size 8 bytes, uicode.o(.text))
<BR><BR>[Stack]<UL><LI>Max Depth = 196<LI>Call Chain = startHelloParticle &rArr; create_ui(void*, int, int, int, DISPLAY_DRIVER*) &rArr; c_surface::c_surface(unsigned, unsigned, unsigned, Z_ORDER_LEVEL, c_rect) &rArr; c_surface::set_surface(Z_ORDER_LEVEL, c_rect) &rArr; calloc &rArr; malloc
</UL>
<BR>[Calls]<UL><LI><a href="#[c2]">&gt;&gt;</a>&nbsp;&nbsp;&nbsp;create_ui(void*, int, int, int, DISPLAY_DRIVER*)
</UL>
<BR>[Called By]<UL><LI><a href="#[65]">&gt;&gt;</a>&nbsp;&nbsp;&nbsp;main
</UL>

<P><STRONG><a name="[12b]"></a>getUiOfHelloParticle</STRONG> (Thumb, 68 bytes, Stack size 20 bytes, uicode.o(.text), UNUSED)

<P><STRONG><a name="[12c]"></a>c_fifo::c_fifo()</STRONG> (Thumb, 20 bytes, Stack size 0 bytes, uicode.o(.text), UNUSED)

<P><STRONG><a name="[12d]"></a>c_fifo::c_fifo__sub_object()</STRONG> (Thumb, 0 bytes, Stack size 0 bytes, uicode.o(.text), UNUSED)

<P><STRONG><a name="[cb]"></a>c_fifo::read(void*, int)</STRONG> (Thumb, 92 bytes, Stack size 24 bytes, uicode.o(.text), UNUSED)
<BR><BR>[Calls]<UL><LI><a href="#[c1]">&gt;&gt;</a>&nbsp;&nbsp;&nbsp;_assert(const char*, int)
</UL>

<P><STRONG><a name="[cc]"></a>c_fifo::write(void*, int)</STRONG> (Thumb, 120 bytes, Stack size 32 bytes, uicode.o(.text), UNUSED)
<BR><BR>[Calls]<UL><LI><a href="#[ba]">&gt;&gt;</a>&nbsp;&nbsp;&nbsp;log_out(const char*)
<LI><a href="#[c1]">&gt;&gt;</a>&nbsp;&nbsp;&nbsp;_assert(const char*, int)
</UL>

<P><STRONG><a name="[d7]"></a>rand</STRONG> (Thumb, 20 bytes, Stack size 0 bytes, rand.o(.text))
<BR><BR>[Called By]<UL><LI><a href="#[ca]">&gt;&gt;</a>&nbsp;&nbsp;&nbsp;c_particle::draw()
<LI><a href="#[d6]">&gt;&gt;</a>&nbsp;&nbsp;&nbsp;c_particle::initialize()
</UL>

<P><STRONG><a name="[12e]"></a>srand</STRONG> (Thumb, 6 bytes, Stack size 0 bytes, rand.o(.text), UNUSED)

<P><STRONG><a name="[b7]"></a>__aeabi_memcpy</STRONG> (Thumb, 36 bytes, Stack size 0 bytes, memcpya.o(.text), UNUSED)
<BR><BR>[Called By]<UL><LI><a href="#[b8]">&gt;&gt;</a>&nbsp;&nbsp;&nbsp;get_time()
<LI><a href="#[b6]">&gt;&gt;</a>&nbsp;&nbsp;&nbsp;second_to_day(long)
</UL>

<P><STRONG><a name="[12f]"></a>__aeabi_memcpy4</STRONG> (Thumb, 0 bytes, Stack size 0 bytes, memcpya.o(.text), UNUSED)

<P><STRONG><a name="[130]"></a>__aeabi_memcpy8</STRONG> (Thumb, 0 bytes, Stack size 0 bytes, memcpya.o(.text), UNUSED)

<P><STRONG><a name="[d1]"></a>calloc</STRONG> (Thumb, 28 bytes, Stack size 8 bytes, calloc.o(.text))
<BR><BR>[Stack]<UL><LI>Max Depth = 28<LI>Call Chain = calloc &rArr; malloc
</UL>
<BR>[Calls]<UL><LI><a href="#[d2]">&gt;&gt;</a>&nbsp;&nbsp;&nbsp;malloc
</UL>
<BR>[Called By]<UL><LI><a href="#[df]">&gt;&gt;</a>&nbsp;&nbsp;&nbsp;c_surface::set_surface(Z_ORDER_LEVEL, c_rect)
</UL>

<P><STRONG><a name="[76]"></a>__cpp_initialize__aeabi_</STRONG> (Thumb, 22 bytes, Stack size 16 bytes, cpp_init.o(.text))
<BR><BR>[Stack]<UL><LI>Max Depth = 16<LI>Call Chain = __cpp_initialize__aeabi_
</UL>
<BR>[Called By]<UL><LI><a href="#[79]">&gt;&gt;</a>&nbsp;&nbsp;&nbsp;_main_cpp_init$empty
</UL>

<P><STRONG><a name="[ce]"></a>__aeabi_atexit</STRONG> (Thumb, 46 bytes, Stack size 24 bytes, aeabi_atexit.o(.text))
<BR><BR>[Stack]<UL><LI>Max Depth = 44<LI>Call Chain = __aeabi_atexit &rArr; malloc
</UL>
<BR>[Calls]<UL><LI><a href="#[d3]">&gt;&gt;</a>&nbsp;&nbsp;&nbsp;__rt_ddtor_pointer_addr
<LI><a href="#[d2]">&gt;&gt;</a>&nbsp;&nbsp;&nbsp;malloc
</UL>
<BR>[Called By]<UL><LI><a href="#[75]">&gt;&gt;</a>&nbsp;&nbsp;&nbsp;__sti___10_UIcode_cpp_396ac66f
</UL>

<P><STRONG><a name="[d3]"></a>__rt_ddtor_pointer_addr</STRONG> (Thumb, 4 bytes, Stack size 0 bytes, cpp_dtor.o(.text))
<BR><BR>[Called By]<UL><LI><a href="#[7b]">&gt;&gt;</a>&nbsp;&nbsp;&nbsp;__cxa_finalize
<LI><a href="#[ce]">&gt;&gt;</a>&nbsp;&nbsp;&nbsp;__aeabi_atexit
</UL>

<P><STRONG><a name="[e2]"></a>__rt_SIGPVFN</STRONG> (Thumb, 2 bytes, Stack size 0 bytes, cpp_signal.o(.text))
<BR><BR>[Called By]<UL><LI><a href="#[6c]">&gt;&gt;</a>&nbsp;&nbsp;&nbsp;__cxa_pure_virtual
</UL>

<P><STRONG><a name="[7b]"></a>__cxa_finalize</STRONG> (Thumb, 66 bytes, Stack size 24 bytes, cxa_finalize.o(.text))
<BR><BR>[Stack]<UL><LI>Max Depth = 32<LI>Call Chain = __cxa_finalize &rArr; free
</UL>
<BR>[Calls]<UL><LI><a href="#[d3]">&gt;&gt;</a>&nbsp;&nbsp;&nbsp;__rt_ddtor_pointer_addr
<LI><a href="#[d4]">&gt;&gt;</a>&nbsp;&nbsp;&nbsp;free
</UL>
<BR>[Called By]<UL><LI><a href="#[7a]">&gt;&gt;</a>&nbsp;&nbsp;&nbsp;__rt_final_cpp$nonempty
</UL>

<P><STRONG><a name="[78]"></a>__scatterload</STRONG> (Thumb, 28 bytes, Stack size 0 bytes, init.o(.text))
<BR><BR>[Calls]<UL><LI><a href="#[d5]">&gt;&gt;</a>&nbsp;&nbsp;&nbsp;__main_after_scatterload
</UL>
<BR>[Called By]<UL><LI><a href="#[77]">&gt;&gt;</a>&nbsp;&nbsp;&nbsp;_main_scatterload
</UL>

<P><STRONG><a name="[131]"></a>__scatterload_rt2</STRONG> (Thumb, 0 bytes, Stack size 0 bytes, init.o(.text), UNUSED)

<P><STRONG><a name="[132]"></a>__rt_lib_shutdown_cpp_2</STRONG> (Thumb, 2 bytes, Stack size 0 bytes, cpp_final.o(.text), UNUSED)

<P><STRONG><a name="[133]"></a>__decompress</STRONG> (Thumb, 0 bytes, Stack size unknown bytes, __dczerorl2.o(.text), UNUSED)

<P><STRONG><a name="[134]"></a>__decompress1</STRONG> (Thumb, 86 bytes, Stack size unknown bytes, __dczerorl2.o(.text), UNUSED)

<P><STRONG><a name="[68]"></a>c_keyboard::~c_keyboard()</STRONG> (Thumb, 4 bytes, Stack size 0 bytes, uicode.o(i._ZN10c_keyboardD1Ev))
<BR>[Address Reference Count : 2]<UL><LI> uicode.o(.text)
<LI> uicode.o(.constdata__ZTV10c_keyboard)
</UL>
<P><STRONG><a name="[135]"></a>c_keyboard::~c_keyboard__sub_object()</STRONG> (Thumb, 0 bytes, Stack size 0 bytes, uicode.o(i._ZN10c_keyboardD1Ev), UNUSED)

<P><STRONG><a name="[d6]"></a>c_particle::initialize()</STRONG> (Thumb, 58 bytes, Stack size 16 bytes, uicode.o(i._ZN10c_particle10initializeEv))
<BR><BR>[Stack]<UL><LI>Max Depth = 16<LI>Call Chain = c_particle::initialize()
</UL>
<BR>[Calls]<UL><LI><a href="#[d7]">&gt;&gt;</a>&nbsp;&nbsp;&nbsp;rand
</UL>
<BR>[Called By]<UL><LI><a href="#[6a]">&gt;&gt;</a>&nbsp;&nbsp;&nbsp;c_particle::c_particle()
<LI><a href="#[c9]">&gt;&gt;</a>&nbsp;&nbsp;&nbsp;c_particle::move()
</UL>

<P><STRONG><a name="[ca]"></a>c_particle::draw()</STRONG> (Thumb, 110 bytes, Stack size 32 bytes, uicode.o(i._ZN10c_particle4drawEv))
<BR><BR>[Stack]<UL><LI>Max Depth = 32<LI>Call Chain = c_particle::draw()
</UL>
<BR>[Calls]<UL><LI><a href="#[d7]">&gt;&gt;</a>&nbsp;&nbsp;&nbsp;rand
</UL>
[...]
</UL>
<P><STRONG><a name="[138]"></a>c_keyboard_button::~c_keyboard_button__sub_object()</STRONG> (Thumb, 0 bytes, Stack size 8 bytes, uicode.o(i._ZN17c_keyboard_buttonD1Ev), UNUSED)

<P><STRONG><a name="[6d]"></a>c_lattice_font_op::draw_string(c_surface*, int, const void*, int, int, const void*, unsigned, unsigned)</STRONG> (Thumb, 82 bytes, Stack size 80 bytes, uicode.o(i._ZN17c_lattice_font_op11draw_stringEP9c_surfaceiPKviiS3_jj))
<BR><BR>[Stack]<UL><LI>Max Depth = 240<LI>Call Chain = c_lattice_font_op::draw_string(c_surface*, int, const void*, int, int, const void*, unsigned, unsigned) &rArr; c_lattice_font_op::draw_single_char(c_surface*, int, unsigned, int, int, const struct_lattice_font_info*, unsigned, unsigned) &rArr; c_lattice_font_op::draw_lattice(c_surface*, int, int, int, int, int, const unsigned char*, unsigned, unsigned)
</UL>
<BR>[Calls]<UL><LI><a href="#[d9]">&gt;&gt;</a>&nbsp;&nbsp;&nbsp;c_lattice_font_op::draw_single_char(c_surface*, int, unsigned, int, int, const struct_lattice_font_info*, unsigned, unsigned)
<LI><a href="#[d8]">&gt;&gt;</a>&nbsp;&nbsp;&nbsp;c_lattice_font_op::get_utf8_code(const char*, unsigned&)
</UL>
<BR>[Address Reference Count : 1]<UL><LI> uicode.o(.constdata__ZTV17c_lattice_font_op)
</UL>
<P><STRONG><a name="[db]"></a>c_lattice_font_op::get_lattice(const struct_lattice_font_info*, unsigned)</STRONG> (Thumb, 84 bytes, Stack size 20 bytes, uicode.o(i._ZN17c_lattice_font_op11get_latticeEPK24struct_lattice_font_infoj))
<BR><BR>[Stack]<UL><LI>Max Depth = 20<LI>Call Chain = c_lattice_font_op::get_lattice(const struct_lattice_font_info*, unsigned)
</UL>
<BR>[Called By]<UL><LI><a href="#[d9]">&gt;&gt;</a>&nbsp;&nbsp;&nbsp;c_lattice_font_op::draw_single_char(c_surface*, int, unsigned, int, int, const struct_lattice_font_info*, unsigned, unsigned)
</UL>

<P><STRONG><a name="[da]"></a>c_lattice_font_op::draw_lattice(c_surface*, int, int, int, int, int, const unsigned char*, unsigned, unsigned)</STRONG> (Thumb, 350 bytes, Stack size 80 bytes, uicode.o(i._ZN17c_lattice_font_op12draw_latticeEP9c_surfaceiiiiiPKhjj))
<BR><BR>[Stack]<UL><LI>Max Depth = 80<LI>Call Chain = c_lattice_font_op::draw_lattice(c_surface*, int, int, int, int, int, const unsigned char*, unsigned, unsigned)
</UL>
<BR>[Calls]<UL><LI><a href="#[c1]">&gt;&gt;</a>&nbsp;&nbsp;&nbsp;_assert(const char*, int)
</UL>
<BR>[Called By]<UL><LI><a href="#[d9]">&gt;&gt;</a>&nbsp;&nbsp;&nbsp;c_lattice_font_op::draw_single_char(c_surface*, int, unsigned, int, int, const struct_lattice_font_info*, unsigned, unsigned)
</UL>

<P><STRONG><a name="[d8]"></a>c_lattice_font_op::get_utf8_code(const char*, unsigned&)</STRONG> (Thumb, 114 bytes, Stack size 24 bytes, uicode.o(i._ZN17c_lattice_font_op13get_utf8_codeEPKcRj))
<BR><BR>[Stack]<UL><LI>Max Depth = 24<LI>Call Chain = c_lattice_font_op::get_utf8_code(const char*, unsigned&)
</UL>
<BR>[Calls]<UL><LI><a href="#[c1]">&gt;&gt;</a>&nbsp;&nbsp;&nbsp;_assert(const char*, int)
</UL>
<BR>[Called By]<UL><LI><a href="#[6d]">&gt;&gt;</a>&nbsp;&nbsp;&nbsp;c_lattice_font_op::draw_string(c_surface*, int, const void*, int, int, const void*, unsigned, unsigned)
</UL>

<P><STRONG><a name="[d9]"></a>c_lattice_font_op::draw_single_char(c_surface*, int, unsigned, int, int, const struct_lattice_font_info*, unsigned, unsigned)</STRONG> (Thumb, 216 bytes, Stack size 80 bytes, uicode.o(i._ZN17c_lattice_font_op16draw_single_charEP9c_surfaceijiiPK24struct_lattice_font_infojj))
<BR><BR>[Stack]<UL><LI>Max Depth = 160<LI>Call Chain = c_lattice_font_op::draw_single_char(c_surface*, int, unsigned, int, int, const struct_lattice_font_info*, unsigned, unsigned) &rArr; c_lattice_font_op::draw_lattice(c_surface*, int, int, int, int, int, const unsigned char*, unsigned, unsigned)
</UL>
<BR>[Calls]<UL><LI><a href="#[da]">&gt;&gt;</a>&nbsp;&nbsp;&nbsp;c_lattice_font_op::draw_lattice(c_surface*, int, int, int, int, int, const unsigned char*, unsigned, unsigned)
<LI><a href="#[db]">&gt;&gt;</a>&nbsp;&nbsp;&nbsp;c_lattice_font_op::get_lattice(const struct_lattice_font_info*, unsigned)
</UL>
<BR>[Called By]<UL><LI><a href="#[6d]">&gt;&gt;</a>&nbsp;&nbsp;&nbsp;c_lattice_font_op::draw_string(c_surface*, int, const void*, int, int, const void*, unsigned, unsigned)
</UL>

<P><STRONG><a name="[cd]"></a>c_wnd::c_wnd()</STRONG> (Thumb, 58 bytes, Stack size 8 bytes, uicode.o(i._ZN5c_wndC1Ev))
<BR><BR>[Stack]<UL><LI>Max Depth = 8<LI>Call Chain = c_wnd::c_wnd()
</UL>
<BR>[Calls]<UL><LI><a href="#[c4]">&gt;&gt;</a>&nbsp;&nbsp;&nbsp;c_rect::c_rect()
</UL>
<BR>[Called By]<UL><LI><a href="#[cf]">&gt;&gt;</a>&nbsp;&nbsp;&nbsp;c_keyboard_button::c_keyboard_button()
<LI><a href="#[75]">&gt;&gt;</a>&nbsp;&nbsp;&nbsp;__sti___10_UIcode_cpp_396ac66f
</UL>

<P><STRONG><a name="[139]"></a>c_wnd::c_wnd__sub_object()</STRONG> (Thumb, 0 bytes, Stack size 8 bytes, uicode.o(i._ZN5c_wndC1Ev), UNUSED)

<P><STRONG><a name="[dc]"></a>c_rect::set_rect(int, int, int, int)</STRONG> (Thumb, 60 bytes, Stack size 24 bytes, uicode.o(i._ZN6c_rect8set_rectEiiii))
<BR><BR>[Stack]<UL><LI>Max Depth = 24<LI>Call Chain = c_rect::set_rect(int, int, int, int)
</UL>
<BR>[Calls]<UL><LI><a href="#[c1]">&gt;&gt;</a>&nbsp;&nbsp;&nbsp;_assert(const char*, int)
</UL>
<BR>[Called By]<UL><LI><a href="#[c5]">&gt;&gt;</a>&nbsp;&nbsp;&nbsp;c_surface::c_surface(unsigned, unsigned, unsigned, Z_ORDER_LEVEL, c_rect)
</UL>

<P><STRONG><a name="[c4]"></a>c_rect::c_rect()</STRONG> (Thumb, 14 bytes, Stack size 0 bytes, uicode.o(i._ZN6c_rectC1Ev))
<BR><BR>[Called By]<UL><LI><a href="#[c5]">&gt;&gt;</a>&nbsp;&nbsp;&nbsp;c_surface::c_surface(unsigned, unsigned, unsigned, Z_ORDER_LEVEL, c_rect)
<LI><a href="#[6b]">&gt;&gt;</a>&nbsp;&nbsp;&nbsp;c_layer::c_layer()
<LI><a href="#[cd]">&gt;&gt;</a>&nbsp;&nbsp;&nbsp;c_wnd::c_wnd()
<LI><a href="#[c2]">&gt;&gt;</a>&nbsp;&nbsp;&nbsp;create_ui(void*, int, int, int, DISPLAY_DRIVER*)
</UL>

<P><STRONG><a name="[13a]"></a>c_rect::c_rect__sub_object()</STRONG> (Thumb, 0 bytes, Stack size 0 bytes, uicode.o(i._ZN6c_rectC1Ev), UNUSED)

<P><STRONG><a name="[c8]"></a>c_word::draw_string(c_surface*, int, const void*, int, int, const void*, unsigned, unsigned)</STRONG> (Thumb, 54 bytes, Stack size 56 bytes, uicode.o(i._ZN6c_word11draw_stringEP9c_surfaceiPKviiS3_jj))
<BR><BR>[Stack]<UL><LI>Max Depth = 56<LI>Call Chain = c_word::draw_string(c_surface*, int, const void*, int, int, const void*, unsigned, unsigned)
</UL>
<BR>[Called By]<UL><LI><a href="#[c2]">&gt;&gt;</a>&nbsp;&nbsp;&nbsp;create_ui(void*, int, int, int, DISPLAY_DRIVER*)
</UL>

<P><STRONG><a name="[6b]"></a>c_layer::c_layer()</STRONG> (Thumb, 32 bytes, Stack size 8 bytes, uicode.o(i._ZN7c_layerC1Ev))
<BR><BR>[Stack]<UL><LI>Max Depth = 8<LI>Call Chain = c_layer::c_layer()
</UL>
<BR>[Calls]<UL><LI><a href="#[c4]">&gt;&gt;</a>&nbsp;&nbsp;&nbsp;c_rect::c_rect()
</UL>
<BR>[Address Reference Count : 1]<UL><LI> uicode.o(i._ZN9c_surfaceC1Ejjj13Z_ORDER_LEVEL6c_rect)
</UL>
<P><STRONG><a name="[13b]"></a>c_layer::c_layer__sub_object()</STRONG> (Thumb, 0 bytes, Stack size 8 bytes, uicode.o(i._ZN7c_layerC1Ev), UNUSED)

<P><STRONG><a name="[c7]"></a>c_theme::get_font(FONT_LIST)</STRONG> (Thumb, 26 bytes, Stack size 8 bytes, uicode.o(i._ZN7c_theme8get_fontE9FONT_LIST))
<BR><BR>[Stack]<UL><LI>Max Depth = 8<LI>Call Chain = c_theme::get_font(FONT_LIST)
</UL>
<BR>[Calls]<UL><LI><a href="#[c1]">&gt;&gt;</a>&nbsp;&nbsp;&nbsp;_assert(const char*, int)
</UL>
<BR>[Called By]<UL><LI><a href="#[c2]">&gt;&gt;</a>&nbsp;&nbsp;&nbsp;create_ui(void*, int, int, int, DISPLAY_DRIVER*)
</UL>

<P><STRONG><a name="[6e]"></a>c_button::~c_button()</STRONG> (Thumb, 4 bytes, Stack size 0 bytes, uicode.o(i._ZN8c_buttonD1Ev))
<BR><BR>[Called By]<UL><LI><a href="#[69]">&gt;&gt;</a>&nbsp;&nbsp;&nbsp;c_keyboard_button::~c_keyboard_button()
</UL>
<BR>[Address Reference Count : 1]<UL><LI> uicode.o(.constdata__ZTV8c_button)
</UL>
<P><STRONG><a name="[13c]"></a>c_button::~c_button__sub_object()</STRONG> (Thumb, 0 bytes, Stack size 0 bytes, uicode.o(i._ZN8c_buttonD1Ev), UNUSED)

<P><STRONG><a name="[6f]"></a>c_display::draw_pixel(int, int, unsigned)</STRONG> (Thumb, 108 bytes, Stack size 24 bytes, uicode.o(i._ZN9c_display10draw_pixelEiij))
<BR><BR>[Stack]<UL><LI>Max Depth = 24<LI>Call Chain = c_display::draw_pixel(int, int, unsigned)
</UL>
<BR>[Address Reference Count : 1]<UL><LI> uicode.o(.constdata__ZTV9c_display)
</UL>
<P><STRONG><a name="[70]"></a>c_display::fill_rect(int, int, int, int, unsigned)</STRONG> (Thumb, 242 bytes, Stack size 48 bytes, uicode.o(i._ZN9c_display9fill_rectEiiiij))
<BR><BR>[Stack]<UL><LI>Max Depth = 48<LI>Call Chain = c_display::fill_rect(int, int, int, int, unsigned)
</UL>
<BR>[Address Reference Count : 1]<UL><LI> uicode.o(.constdata__ZTV9c_display)
</UL>
<P><STRONG><a name="[c6]"></a>c_display::c_display(void*, int, int, c_surface*, DISPLAY_DRIVER*)</STRONG> (Thumb, 104 bytes, Stack size 40 bytes, uicode.o(i._ZN9c_displayC1EPviiP9c_surfaceP14DISPLAY_DRIVER))
<BR><BR>[Stack]<UL><LI>Max Depth = 40<LI>Call Chain = c_display::c_display(void*, int, int, c_surface*, DISPLAY_DRIVER*)
</UL>
<BR>[Calls]<UL><LI><a href="#[c1]">&gt;&gt;</a>&nbsp;&nbsp;&nbsp;_assert(const char*, int)
</UL>
<BR>[Called By]<UL><LI><a href="#[c2]">&gt;&gt;</a>&nbsp;&nbsp;&nbsp;create_ui(void*, int, int, int, DISPLAY_DRIVER*)
</UL>

<P><STRONG><a name="[13d]"></a>c_display::c_display__sub_object(void*, int, int, c_surface*, DISPLAY_DRIVER*)</STRONG> (Thumb, 0 bytes, Stack size 40 bytes, uicode.o(i._ZN9c_displayC1EPviiP9c_surfaceP14DISPLAY_DRIVER), UNUSED)

<P><STRONG><a name="[e1]"></a>c_surface::draw_hline(int, int, int, unsigned, unsigned)</STRONG> (Thumb, 48 bytes, Stack size 32 bytes, uicode.o(i._ZN9c_surface10draw_hlineEiiijj))
<BR><BR>[Stack]<UL><LI>Max Depth = 32<LI>Call Chain = c_surface::draw_hline(int, int, int, unsigned, unsigned)
</UL>
<BR>[Called By]<UL><LI><a href="#[72]">&gt;&gt;</a>&nbsp;&nbsp;&nbsp;c_surface::fill_rect(int, int, int, int, unsigned, unsigned)
</UL>

<P><STRONG><a name="[71]"></a>c_surface::draw_pixel(int, int, unsigned, unsigned)</STRONG> (Thumb, 340 bytes, Stack size 48 bytes, uicode.o(i._ZN9c_surface10draw_pixelEiijj))
<BR><BR>[Stack]<UL><LI>Max Depth = 48<LI>Call Chain = c_surface::draw_pixel(int, int, unsigned, unsigned)
</UL>
<BR>[Calls]<UL><LI><a href="#[de]">&gt;&gt;</a>&nbsp;&nbsp;&nbsp;c_rect::width() const
<LI><a href="#[dd]">&gt;&gt;</a>&nbsp;&nbsp;&nbsp;c_rect::pt_in_rect(int, int) const
<LI><a href="#[c1]">&gt;&gt;</a>&nbsp;&nbsp;&nbsp;_assert(const char*, int)
</UL>
<BR>[Address Reference Count : 1]<UL><LI> uicode.o(.constdata__ZTV9c_surface)
</UL>
<P><STRONG><a name="[df]"></a>c_surface::set_surface(Z_ORDER_LEVEL, c_rect)</STRONG> (Thumb, 152 bytes, Stack size 40 bytes, uicode.o(i._ZN9c_surface11set_surfaceE13Z_ORDER_LEVEL6c_rect))
<BR><BR>[Stack]<UL><LI>Max Depth = 68<LI>Call Chain = c_surface::set_surface(Z_ORDER_LEVEL, c_rect) &rArr; calloc &rArr; malloc
</UL>
<BR>[Calls]<UL><LI><a href="#[e0]">&gt;&gt;</a>&nbsp;&nbsp;&nbsp;c_rect::height() const
<LI><a href="#[de]">&gt;&gt;</a>&nbsp;&nbsp;&nbsp;c_rect::width() const
<LI><a href="#[c1]">&gt;&gt;</a>&nbsp;&nbsp;&nbsp;_assert(const char*, int)
<LI><a href="#[d1]">&gt;&gt;</a>&nbsp;&nbsp;&nbsp;calloc
</UL>
<BR>[Called By]<UL><LI><a href="#[c5]">&gt;&gt;</a>&nbsp;&nbsp;&nbsp;c_surface::c_surface(unsigned, unsigned, unsigned, Z_ORDER_LEVEL, c_rect)
</UL>

<P><STRONG><a name="[73]"></a>c_surface::fill_rect_low_level(int, int, int, int, unsigned)</STRONG> (Thumb, 200 bytes, Stack size 48 bytes, uicode.o(i._ZN9c_surface19fill_rect_low_levelEiiiij))
<BR><BR>[Stack]<UL><LI>Max Depth = 48<LI>Call Chain = c_surface::fill_rect_low_level(int, int, int, int, unsigned)
</UL>
<BR>[Address Reference Count : 1]<UL><LI> uicode.o(.constdata__ZTV9c_surface)
</UL>
<P><STRONG><a name="[74]"></a>c_surface::draw_pixel_low_level(int, int, unsigned)</STRONG> (Thumb, 112 bytes, Stack size 24 bytes, uicode.o(i._ZN9c_surface20draw_pixel_low_levelEiij))
<BR><BR>[Stack]<UL><LI>Max Depth = 24<LI>Call Chain = c_surface::draw_pixel_low_level(int, int, unsigned)
</UL>
<BR>[Address Reference Count : 1]<UL><LI> uicode.o(.constdata__ZTV9c_surface)
</UL>
<P><STRONG><a name="[72]"></a>c_surface::fill_rect(int, int, int, int, unsigned, unsigned)</STRONG> (Thumb, 356 bytes, Stack size 88 bytes, uicode.o(i._ZN9c_surface9fill_rectEiiiijj))
<BR><BR>[Stack]<UL><LI>Max Depth = 120<LI>Call Chain = c_surface::fill_rect(int, int, int, int, unsigned, unsigned) &rArr; c_surface::draw_hline(int, int, int, unsigned, unsigned)
</UL>
<BR>[Calls]<UL><LI><a href="#[de]">&gt;&gt;</a>&nbsp;&nbsp;&nbsp;c_rect::width() const
<LI><a href="#[dd]">&gt;&gt;</a>&nbsp;&nbsp;&nbsp;c_rect::pt_in_rect(int, int) const
<LI><a href="#[e1]">&gt;&gt;</a>&nbsp;&nbsp;&nbsp;c_surface::draw_hline(int, int, int, unsigned, unsigned)
</UL>
<BR>[Address Reference Count : 1]<UL><LI> uicode.o(.constdata__ZTV9c_surface)
</UL>
<P><STRONG><a name="[c5]"></a>c_surface::c_surface(unsigned, unsigned, unsigned, Z_ORDER_LEVEL, c_rect)</STRONG> (Thumb, 196 bytes, Stack size 80 bytes, uicode.o(i._ZN9c_surfaceC1Ejjj13Z_ORDER_LEVEL6c_rect))
<BR><BR>[Stack]<UL><LI>Max Depth = 148<LI>Call Chain = c_surface::c_surface(unsigned, unsigned, unsigned, Z_ORDER_LEVEL, c_rect) &rArr; c_surface::set_surface(Z_ORDER_LEVEL, c_rect) &rArr; calloc &rArr; malloc
</UL>
<BR>[Calls]<UL><LI><a href="#[d0]">&gt;&gt;</a>&nbsp;&nbsp;&nbsp;__aeabi_vec_ctor_nocookie_nodtor
<LI><a href="#[df]">&gt;&gt;</a>&nbsp;&nbsp;&nbsp;c_surface::set_surface(Z_ORDER_LEVEL, c_rect)
<LI><a href="#[c4]">&gt;&gt;</a>&nbsp;&nbsp;&nbsp;c_rect::c_rect()
<LI><a href="#[dc]">&gt;&gt;</a>&nbsp;&nbsp;&nbsp;c_rect::set_rect(int, int, int, int)
</UL>
<BR>[Called By]<UL><LI><a href="#[c2]">&gt;&gt;</a>&nbsp;&nbsp;&nbsp;create_ui(void*, int, int, int, DISPLAY_DRIVER*)
</UL>

<P><STRONG><a name="[13e]"></a>c_surface::c_surface__sub_object(unsigned, unsigned, unsigned, Z_ORDER_LEVEL, c_rect)</STRONG> (Thumb, 0 bytes, Stack size 80 bytes, uicode.o(i._ZN9c_surfaceC1Ejjj13Z_ORDER_LEVEL6c_rect), UNUSED)

<P><STRONG><a name="[dd]"></a>c_rect::pt_in_rect(int, int) const</STRONG> (Thumb, 34 bytes, Stack size 0 bytes, uicode.o(i._ZNK6c_rect10pt_in_rectEii))
<BR><BR>[Called By]<UL><LI><a href="#[72]">&gt;&gt;</a>&nbsp;&nbsp;&nbsp;c_surface::fill_rect(int, int, int, int, unsigned, unsigned)
<LI><a href="#[71]">&gt;&gt;</a>&nbsp;&nbsp;&nbsp;c_surface::draw_pixel(int, int, unsigned, unsigned)
</UL>

<P><STRONG><a name="[de]"></a>c_rect::width() const</STRONG> (Thumb, 12 bytes, Stack size 0 bytes, uicode.o(i._ZNK6c_rect5widthEv))
<BR><BR>[Called By]<UL><LI><a href="#[72]">&gt;&gt;</a>&nbsp;&nbsp;&nbsp;c_surface::fill_rect(int, int, int, int, unsigned, unsigned)
<LI><a href="#[df]">&gt;&gt;</a>&nbsp;&nbsp;&nbsp;c_surface::set_surface(Z_ORDER_LEVEL, c_rect)
<LI><a href="#[71]">&gt;&gt;</a>&nbsp;&nbsp;&nbsp;c_surface::draw_pixel(int, int, unsigned, unsigned)
</UL>

<P><STRONG><a name="[e0]"></a>c_rect::height() const</STRONG> (Thumb, 12 bytes, Stack size 0 bytes, uicode.o(i._ZNK6c_rect6heightEv))
<BR><BR>[Called By]<UL><LI><a href="#[df]">&gt;&gt;</a>&nbsp;&nbsp;&nbsp;c_surface::set_surface(Z_ORDER_LEVEL, c_rect)
</UL>

<P><STRONG><a name="[d0]"></a>__aeabi_vec_ctor_nocookie_nodtor</STRONG> (Thumb, 36 bytes, Stack size 24 bytes, aeabi_vec_ctor_nocookie_nodtor.o(i.__aeabi_vec_ctor_nocookie_nodtor))
<BR><BR>[Stack]<UL><LI>Max Depth = 24<LI>Call Chain = __aeabi_vec_ctor_nocookie_nodtor
</UL>
<BR>[Called By]<UL><LI><a href="#[c5]">&gt;&gt;</a>&nbsp;&nbsp;&nbsp;c_surface::c_surface(unsigned, unsigned, unsigned, Z_ORDER_LEVEL, c_rect)
<LI><a href="#[75]">&gt;&gt;</a>&nbsp;&nbsp;&nbsp;__sti___10_UIcode_cpp_396ac66f
</UL>

<P><STRONG><a name="[c3]"></a>__cxa_guard_acquire</STRONG> (Thumb, 16 bytes, Stack size 0 bytes, cxa_guard_acquire.o(i.__cxa_guard_acquire))
<BR><BR>[Called By]<UL><LI><a href="#[c2]">&gt;&gt;</a>&nbsp;&nbsp;&nbsp;create_ui(void*, int, int, int, DISPLAY_DRIVER*)
</UL>

<P><STRONG><a name="[6c]"></a>__cxa_pure_virtual</STRONG> (Thumb, 6 bytes, Stack size 0 bytes, pure_virt.o(i.__cxa_pure_virtual))
<BR><BR>[Calls]<UL><LI><a href="#[e2]">&gt;&gt;</a>&nbsp;&nbsp;&nbsp;__rt_SIGPVFN
</UL>
<BR>[Address Reference Count : 2]<UL><LI> uicode.o(.constdata__ZTV15c_font_operator)
<LI> uicode.o(.constdata__ZTV16c_image_operator)
</UL>
<P><STRONG><a name="[13f]"></a>__scatterload_copy</STRONG> (Thumb, 14 bytes, Stack size unknown bytes, handlers.o(i.__scatterload_copy), UNUSED)

<P><STRONG><a name="[140]"></a>__scatterload_null</STRONG> (Thumb, 2 bytes, Stack size unknown bytes, handlers.o(i.__scatterload_null), UNUSED)

<P><STRONG><a name="[141]"></a>__scatterload_zeroinit</STRONG> (Thumb, 14 bytes, Stack size unknown bytes, handlers.o(i.__scatterload_zeroinit), UNUSED)

<P><STRONG><a name="[d4]"></a>free</STRONG> (Thumb, 76 bytes, Stack size 8 bytes, malloc.o(i.free))
<BR><BR>[Stack]<UL><LI>Max Depth = 8<LI>Call Chain = free
</UL>
<BR>[Called By]<UL><LI><a href="#[7b]">&gt;&gt;</a>&nbsp;&nbsp;&nbsp;__cxa_finalize
</UL>

<P><STRONG><a name="[d2]"></a>malloc</STRONG> (Thumb, 92 bytes, Stack size 20 bytes, malloc.o(i.malloc))
<BR><BR>[Stack]<UL><LI>Max Depth = 20<LI>Call Chain = malloc
</UL>
<BR>[Called By]<UL><LI><a href="#[ce]">&gt;&gt;</a>&nbsp;&nbsp;&nbsp;__aeabi_atexit
<LI><a href="#[d1]">&gt;&gt;</a>&nbsp;&nbsp;&nbsp;calloc
</UL>
<P>
<H3>
Local Symbols
</H3>
<P><STRONG><a name="[83]"></a>SetSysClock</STRONG> (Thumb, 220 bytes, Stack size 12 bytes, system_stm32f4xx.o(.text))
<BR><BR>[Stack]<UL><LI>Max Depth = 12<LI>Call Chain = SetSysClock
</UL>
<BR>[Called By]<UL><LI><a href="#[66]">&gt;&gt;</a>&nbsp;&nbsp;&nbsp;SystemInit
</UL>

<P><STRONG><a name="[99]"></a>GPIO_Delay</STRONG> (Thumb, 18 bytes, Stack size 8 bytes, gpio_lcd.o(.text))
<BR><BR>[Stack]<UL><LI>Max Depth = 8<LI>Call Chain = GPIO_Delay
</UL>
<BR>[Called By]<UL><LI><a href="#[98]">&gt;&gt;</a>&nbsp;&nbsp;&nbsp;GPIO_LCD_RESET
<LI><a href="#[9a]">&gt;&gt;</a>&nbsp;&nbsp;&nbsp;GPIO_REG_Config
</UL>

<P><STRONG><a name="[93]"></a>GPIO_LCD_WriteCommand</STRONG> (Thumb, 20 bytes, Stack size 8 bytes, gpio_lcd.o(.text), UNUSED)
<BR><BR>[Calls]<UL><LI><a href="#[8b]">&gt;&gt;</a>&nbsp;&nbsp;&nbsp;DATAOUT
<LI><a href="#[91]">&gt;&gt;</a>&nbsp;&nbsp;&nbsp;GPIO_ResetBits
</UL>

<P><STRONG><a name="[97]"></a>GPIO_LCD_Config</STRONG> (Thumb, 56 bytes, Stack size 16 bytes, gpio_lcd.o(.text), UNUSED)
<BR><BR>[Calls]<UL><LI><a href="#[84]">&gt;&gt;</a>&nbsp;&nbsp;&nbsp;RCC_AHB1PeriphClockCmd
<LI><a href="#[85]">&gt;&gt;</a>&nbsp;&nbsp;&nbsp;GPIO_Init
</UL>

<P><STRONG><a name="[9a]"></a>GPIO_REG_Config</STRONG> (Thumb, 642 bytes, Stack size 8 bytes, gpio_lcd.o(.text))
<BR><BR>[Stack]<UL><LI>Max Depth = 24<LI>Call Chain = GPIO_REG_Config &rArr; GPIO_Write_Data &rArr; DATAOUT
</UL>
<BR>[Calls]<UL><LI><a href="#[95]">&gt;&gt;</a>&nbsp;&nbsp;&nbsp;GPIO_Write_Data
<LI><a href="#[94]">&gt;&gt;</a>&nbsp;&nbsp;&nbsp;GPIO_Write_Cmd
<LI><a href="#[99]">&gt;&gt;</a>&nbsp;&nbsp;&nbsp;GPIO_Delay
</UL>
<BR>[Called By]<UL><LI><a href="#[80]">&gt;&gt;</a>&nbsp;&nbsp;&nbsp;GPIO_LCD_Init
</UL>

<P><STRONG><a name="[75]"></a>__sti___10_UIcode_cpp_396ac66f</STRONG> (Thumb, 994 bytes, Stack size 16 bytes, uicode.o(.text))
<BR><BR>[Stack]<UL><LI>Max Depth = 60<LI>Call Chain = __sti___10_UIcode_cpp_396ac66f &rArr; __aeabi_atexit &rArr; malloc
</UL>
<BR>[Calls]<UL><LI><a href="#[d0]">&gt;&gt;</a>&nbsp;&nbsp;&nbsp;__aeabi_vec_ctor_nocookie_nodtor
<LI><a href="#[cd]">&gt;&gt;</a>&nbsp;&nbsp;&nbsp;c_wnd::c_wnd()
<LI><a href="#[cf]">&gt;&gt;</a>&nbsp;&nbsp;&nbsp;c_keyboard_button::c_keyboard_button()
<LI><a href="#[ce]">&gt;&gt;</a>&nbsp;&nbsp;&nbsp;__aeabi_atexit
</UL>
<BR>[Address Reference Count : 1]<UL><LI> uicode.o(.init_array)
</UL><P>
<H3>
Undefined Global Symbols
</H3><HR></body></html>
