Component: ARM Compiler 5.06 update 6 (build 750) Tool: armlink [4d35ed]

==============================================================================

Section Cross References

    main.o(.text) refers to gpio_lcd.o(.text) for GPIO_SetPointPixel
    main.o(.text) refers to led.o(.text) for LED_Init
    main.o(.text) refers to uicode.o(.text) for startHelloParticle
    main.o(.text) refers to main.o(.data) for Gui_driver
    system_stm32f4xx.o(.text) refers to system_stm32f4xx.o(.data) for SystemCoreClock
    led.o(.text) refers to stm32f4xx_rcc.o(.text) for RCC_AHB1PeriphClockCmd
    led.o(.text) refers to stm32f4xx_gpio.o(.text) for GPIO_Init
    startup_stm32f40_41xxx.o(RESET) refers to startup_stm32f40_41xxx.o(STACK) for __initial_sp
    startup_stm32f40_41xxx.o(RESET) refers to startup_stm32f40_41xxx.o(.text) for Reset_Handler
    startup_stm32f40_41xxx.o(RESET) refers to stm32f4xx_it.o(.text) for NMI_Handler
    startup_stm32f40_41xxx.o(.text) refers to system_stm32f4xx.o(.text) for SystemInit
    startup_stm32f40_41xxx.o(.text) refers to entry.o(.ARM.Collect$$$$00000000) for __main
    stm32f4xx_gpio.o(.text) refers to stm32f4xx_rcc.o(.text) for RCC_AHB1PeriphResetCmd
    stm32f4xx_rcc.o(.text) refers to stm32f4xx_rcc.o(.data) for APBAHBPrescTable
    stm32f4xx_syscfg.o(.text) refers to stm32f4xx_rcc.o(.text) for RCC_APB2PeriphResetCmd
    stm32f4xx_usart.o(.text) refers to stm32f4xx_rcc.o(.text) for RCC_APB2PeriphResetCmd
    gpio_lcd.o(.text) refers to stm32f4xx_gpio.o(.text) for GPIO_WriteBit
    gpio_lcd.o(.text) refers to stm32f4xx_rcc.o(.text) for RCC_AHB1PeriphClockCmd
    gpio_lcd.o(.text) refers to gpio_lcd.o(.data) for LCD_SCAN_MODE
    gpio_lcd.o(.text) refers to gpio_lcd.o(.bss) for zoomTempBuff
    gpio_lcd.o(.data) refers to gpio_lcd.o(.constdata) for ASCII8x16_Table
    uicode.o(.text) refers to memcpya.o(.text) for __aeabi_memcpy
    uicode.o(.text) refers to main.o(.text) for delay_1ms
    uicode.o(.text) refers to cxa_guard_acquire.o(i.__cxa_guard_acquire) for __cxa_guard_acquire
    uicode.o(.text) refers to uicode.o(i._ZN6c_rectC1Ev) for c_rect::c_rect()
    uicode.o(.text) refers to uicode.o(i._ZN9c_surfaceC1Ejjj13Z_ORDER_LEVEL6c_rect) for c_surface::c_surface(unsigned, unsigned, unsigned, Z_ORDER_LEVEL, c_rect)
    uicode.o(.text) refers to uicode.o(i._ZN9c_displayC1EPviiP9c_surfaceP14DISPLAY_DRIVER) for c_display::c_display(void*, int, int, c_surface*, DISPLAY_DRIVER*)
    uicode.o(.text) refers to uicode.o(i._ZN7c_theme8get_fontE9FONT_LIST) for c_theme::get_font(FONT_LIST)
    uicode.o(.text) refers to uicode.o(i._ZN6c_word11draw_stringEP9c_surfaceiPKviiS3_jj) for c_word::draw_string(c_surface*, int, const void*, int, int, const void*, unsigned, unsigned)
    uicode.o(.text) refers to uicode.o(i._ZN10c_particle4moveEv) for c_particle::move()
    uicode.o(.text) refers to uicode.o(i._ZN10c_particle4drawEv) for c_particle::draw()
    uicode.o(.text) refers to uicode.o(i._ZN5c_wndC1Ev) for c_wnd::c_wnd()
    uicode.o(.text) refers to aeabi_atexit.o(.text) for __aeabi_atexit
    uicode.o(.text) refers to uicode.o(i._ZN17c_keyboard_buttonC1Ev) for c_keyboard_button::c_keyboard_button()
    uicode.o(.text) refers to uicode.o(.data) for do_assert
    uicode.o(.text) refers to microsoft_yahei_28.o(.constdata) for Microsoft_YaHei_28
    uicode.o(.text) refers to uicode.o(.constdata__ZZN7c_theme8add_fontE9FONT_LISTPKvEs) for c_theme::add_font(FONT_LIST, const void*)::string
    uicode.o(.text) refers to uicode.o(.bss) for c_theme::s_font_map
    uicode.o(.text) refers to uicode.o(.constdata__ZTV16c_image_operator) for vtable for c_image_operator
    uicode.o(.text) refers to uicode.o(.constdata__ZTV17c_bitmap_operator) for vtable for c_bitmap_operator
    uicode.o(.text) refers to uicode.o(.constdata__ZTV15c_font_operator) for vtable for c_font_operator
    uicode.o(.text) refers to uicode.o(.constdata__ZTV17c_lattice_font_op) for vtable for c_lattice_font_op
    uicode.o(.text) refers to uicode.o(.constdata__ZTV10c_keyboard) for vtable for c_keyboard
    uicode.o(.text) refers to uicode.o(i._ZN10c_keyboardD1Ev) for c_keyboard::~c_keyboard()
    uicode.o(.text) refers to uicode.o(i._ZN17c_keyboard_buttonD1Ev) for c_keyboard_button::~c_keyboard_button()
    uicode.o(.text) refers to aeabi_vec_ctor_nocookie_nodtor.o(i.__aeabi_vec_ctor_nocookie_nodtor) for __aeabi_vec_ctor_nocookie_nodtor
    uicode.o(.text) refers to uicode.o(i._ZN10c_particleC1Ev) for c_particle::c_particle()
    uicode.o(.ARM.exidx) refers to uicode.o(.text) for .text
    uicode.o(.constdata) refers to uicode.o(i._ZN10c_keyboard14on_key_clickedEii) for c_keyboard::on_key_clicked(int, int)
    uicode.o(.data) refers to uicode.o(.bss) for s_key_Q
    uicode.o(.init_array) refers to uicode.o(.text) for __sti___10_UIcode_cpp_396ac66f
    uicode.o(.init_array) refers to cpp_init.o(.text) for __cpp_initialize__aeabi_
[...]
    ../../../edgfe/lib_src/guard.c           0x00000000   Number         0  cxa_guard_release.o ABSOLUTE
    ../../../edgfe/lib_src/guard.c           0x00000000   Number         0  cxa_guard_acquire.o ABSOLUTE
    ../../../edgfe/lib_src/pure_virt.c       0x00000000   Number         0  pure_virt.o ABSOLUTE
    ../../../edgfe/lib_src/typeinfo.c        0x00000000   Number         0  lib_rtti_impl.o ABSOLUTE
    ../../../edgfe/lib_src/typeinfo.c        0x00000000   Number         0  type_info_dtor.o ABSOLUTE
    ../../array_helpers.cpp                  0x00000000   Number         0  aeabi_vec_ctor_nocookie_nodtor.o ABSOLUTE
    ../clib/../cmprslib/zerorunl2.c          0x00000000   Number         0  __dczerorl2.o ABSOLUTE
    ../clib/microlib/cpp/cpp_dtor.c          0x00000000   Number         0  cpp_dtor.o ABSOLUTE
    ../clib/microlib/cpp/cpp_final.c         0x00000000   Number         0  cpp_final.o ABSOLUTE
    ../clib/microlib/cpp/cpp_init.c          0x00000000   Number         0  cpp_init.o ABSOLUTE
    ../clib/microlib/cpp/cpp_init.c          0x00000000   Number         0  cpp_init.o ABSOLUTE
    ../clib/microlib/cpp/cpp_memory.c        0x00000000   Number         0  cpp_memory.o ABSOLUTE
    ../clib/microlib/cpp/cpp_signal.c        0x00000000   Number         0  cpp_signal.o ABSOLUTE
    ../clib/microlib/division.c              0x00000000   Number         0  uidiv.o ABSOLUTE
    ../clib/microlib/division.c              0x00000000   Number         0  uldiv.o ABSOLUTE
    ../clib/microlib/init/entry.s            0x00000000   Number         0  entry10a.o ABSOLUTE
    ../clib/microlib/init/entry.s            0x00000000   Number         0  entry.o ABSOLUTE
    ../clib/microlib/init/entry.s            0x00000000   Number         0  entry10b.o ABSOLUTE
    ../clib/microlib/init/entry.s            0x00000000   Number         0  entry9a.o ABSOLUTE
    ../clib/microlib/init/entry.s            0x00000000   Number         0  entry8b.o ABSOLUTE
    ../clib/microlib/init/entry.s            0x00000000   Number         0  entry11a.o ABSOLUTE
    ../clib/microlib/init/entry.s            0x00000000   Number         0  entry11b.o ABSOLUTE
    ../clib/microlib/init/entry.s            0x00000000   Number         0  entry8a.o ABSOLUTE
    ../clib/microlib/init/entry.s            0x00000000   Number         0  entry2.o ABSOLUTE
    ../clib/microlib/init/entry.s            0x00000000   Number         0  entry7b.o ABSOLUTE
    ../clib/microlib/init/entry.s            0x00000000   Number         0  entry7a.o ABSOLUTE
    ../clib/microlib/init/entry.s            0x00000000   Number         0  entry5.o ABSOLUTE
    ../clib/microlib/init/entry.s            0x00000000   Number         0  entry9b.o ABSOLUTE
    ../clib/microlib/longlong.c              0x00000000   Number         0  llshl.o ABSOLUTE
    ../clib/microlib/longlong.c              0x00000000   Number         0  llsshr.o ABSOLUTE
    ../clib/microlib/longlong.c              0x00000000   Number         0  llushr.o ABSOLUTE
    ../clib/microlib/malloc/calloc.c         0x00000000   Number         0  calloc.o ABSOLUTE
    ../clib/microlib/malloc/malloc.c         0x00000000   Number         0  malloc.o ABSOLUTE
    ../clib/microlib/malloc/malloc.c         0x00000000   Number         0  mallocr.o ABSOLUTE
    ../clib/microlib/malloc/malloc.c         0x00000000   Number         0  mallocra.o ABSOLUTE
    ../clib/microlib/malloc/malloc.c         0x00000000   Number         0  malloca.o ABSOLUTE
    ../clib/microlib/malloc/mvars.c          0x00000000   Number         0  mvars.o ABSOLUTE
    ../clib/microlib/printf/printf.c         0x00000000   Number         0  printf4.o ABSOLUTE
    ../clib/microlib/printf/printf.c         0x00000000   Number         0  printf2.o ABSOLUTE
    ../clib/microlib/printf/printf.c         0x00000000   Number         0  printf1.o ABSOLUTE
    ../clib/microlib/printf/printf.c         0x00000000   Number         0  printf6.o ABSOLUTE
    ../clib/microlib/printf/printf.c         0x00000000   Number         0  printf0.o ABSOLUTE
    ../clib/microlib/printf/printf.c         0x00000000   Number         0  printfb.o ABSOLUTE
    ../clib/microlib/printf/printf.c         0x00000000   Number         0  printf7.o ABSOLUTE
    ../clib/microlib/printf/printf.c         0x00000000   Number         0  printfa.o ABSOLUTE
    ../clib/microlib/printf/printf.c         0x00000000   Number         0  printf8.o ABSOLUTE
    ../clib/microlib/printf/printf.c         0x00000000   Number         0  printf5.o ABSOLUTE
    ../clib/microlib/printf/printf.c         0x00000000   Number         0  printf3.o ABSOLUTE
    ../clib/microlib/printf/stubs.s          0x00000000   Number         0  stubs.o ABSOLUTE
    ../clib/microlib/stdio/fputc.c           0x00000000   Number         0  fputc.o ABSOLUTE
    ../clib/microlib/stdio/semi.s            0x00000000   Number         0  semi.o ABSOLUTE
    ../clib/microlib/stdio/streams.c         0x00000000   Number         0  stdout.o ABSOLUTE
    ../clib/microlib/stdlib/abort.c          0x00000000   Number         0  abort.o ABSOLUTE
    ../clib/microlib/stdlib/bsearch.c        0x00000000   Number         0  bsearch.o ABSOLUTE
    ../clib/microlib/stdlib/rand.c           0x00000000   Number         0  rand.o ABSOLUTE
    ../clib/microlib/string/memcpy.c         0x00000000   Number         0  memcpya.o ABSOLUTE
    ../clib/microlib/string/memcpy.c         0x00000000   Number         0  memcpyb.o ABSOLUTE
    ../clib/microlib/string/memset.c         0x00000000   Number         0  memseta.o ABSOLUTE
    ../clib/microlib/stubs.s                 0x00000000   Number         0  iusesemip.o ABSOLUTE
    ../clib/microlib/stubs.s                 0x00000000   Number         0  iusefp.o ABSOLUTE
    ../clib/stdlib.c                         0x00000000   Number         0  aeabi_atexit.o ABSOLUTE
    ../clib/stdlib.c                         0x00000000   Number         0  cxa_finalize.o ABSOLUTE
    ../fplib/microlib/fpadd.c                0x00000000   Number         0  dadd.o ABSOLUTE
    ../fplib/microlib/fpdiv.c                0x00000000   Number         0  ddiv.o ABSOLUTE
    ../fplib/microlib/fpepilogue.c           0x00000000   Number         0  depilogue.o ABSOLUTE
    ../fplib/microlib/fpfix.c                0x00000000   Number         0  dfixul.o ABSOLUTE
    ../fplib/microlib/fpflt.c                0x00000000   Number         0  dflti.o ABSOLUTE
    ../fplib/microlib/fpmul.c                0x00000000   Number         0  dmul.o ABSOLUTE
    ..\CORE\startup_stm32f40_41xxx.s         0x00000000   Number         0  startup_stm32f40_41xxx.o ABSOLUTE
    ..\FWLIB\src\misc.c                      0x00000000   Number         0  misc.o ABSOLUTE
    ..\FWLIB\src\stm32f4xx_gpio.c            0x00000000   Number         0  stm32f4xx_gpio.o ABSOLUTE
    ..\FWLIB\src\stm32f4xx_rcc.c             0x00000000   Number         0  stm32f4xx_rcc.o ABSOLUTE
    ..\FWLIB\src\stm32f4xx_syscfg.c          0x00000000   Number         0  stm32f4xx_syscfg.o ABSOLUTE
    ..\FWLIB\src\stm32f4xx_usart.c           0x00000000   Number         0  stm32f4xx_usart.o ABSOLUTE
    ..\HARDWARE\LED\led.c                    0x00000000   Number         0  led.o ABSOLUTE
    ..\UIcode\UIcode.cpp                     0x00000000   Number         0  uicode.o ABSOLUTE
    ..\UIcode\resource\Microsoft_YaHei_28.cpp 0x00000000   Number         0  microsoft_yahei_28.o ABSOLUTE
    ..\\FWLIB\\src\\misc.c                   0x00000000   Number         0  misc.o ABSOLUTE
    ..\\FWLIB\\src\\stm32f4xx_gpio.c         0x00000000   Number         0  stm32f4xx_gpio.o ABSOLUTE
    ..\\FWLIB\\src\\stm32f4xx_rcc.c          0x00000000   Number         0  stm32f4xx_rcc.o ABSOLUTE
    ..\\FWLIB\\src\\stm32f4xx_syscfg.c       0x00000000   Number         0  stm32f4xx_syscfg.o ABSOLUTE
    ..\\FWLIB\\src\\stm32f4xx_usart.c        0x00000000   Number         0  stm32f4xx_usart.o ABSOLUTE
    ..\\HARDWARE\\LED\\led.c                 0x00000000   Number         0  led.o ABSOLUTE
    ..\\lcd\\GPIO_lcd.c                      0x00000000   Number         0  gpio_lcd.o ABSOLUTE
    ..\lcd\GPIO_lcd.c                        0x00000000   Number         0  gpio_lcd.o ABSOLUTE
    cdrcmple.s                               0x00000000   Number         0  cdrcmple.o ABSOLUTE
    dc.s                                     0x00000000   Number         0  dc.o ABSOLUTE
    handlers.s                               0x00000000   Number         0  handlers.o ABSOLUTE
    init.s                                   0x00000000   Number         0  init.o ABSOLUTE
    main.c                                   0x00000000   Number         0  main.o ABSOLUTE
    main.c                                   0x00000000   Number         0  main.o ABSOLUTE
    stm32f4xx_it.c                           0x00000000   Number         0  stm32f4xx_it.o ABSOLUTE
    stm32f4xx_it.c                           0x00000000   Number         0  stm32f4xx_it.o ABSOLUTE
    system_stm32f4xx.c                       0x00000000   Number         0  system_stm32f4xx.o ABSOLUTE
    system_stm32f4xx.c                       0x00000000   Number         0  system_stm32f4xx.o ABSOLUTE
    RESET                                    0x08000000   Section      392  startup_stm32f40_41xxx.o(RESET)
    .ARM.Collect$$$$00000000                 0x08000188   Section        0  entry.o(.ARM.Collect$$$$00000000)
    .ARM.Collect$$$$00000001                 0x08000188   Section        4  entry2.o(.ARM.Collect$$$$00000001)
    .ARM.Collect$$$$00000004                 0x0800018c   Section        4  entry5.o(.ARM.Collect$$$$00000004)
    .ARM.Collect$$$$00000008                 0x08000190   Section        0  entry7b.o(.ARM.Collect$$$$00000008)
    .ARM.Collect$$$$00000009                 0x08000190   Section        4  entry8a.o(.ARM.Collect$$$$00000009)
    .ARM.Collect$$$$0000000A                 0x08000194   Section        0  entry8b.o(.ARM.Collect$$$$0000000A)
    .ARM.Collect$$$$0000000B                 0x08000194   Section        8  entry9a.o(.ARM.Collect$$$$0000000B)
    .ARM.Collect$$$$0000000D                 0x0800019c   Section        0  entry10a.o(.ARM.Collect$$$$0000000D)
    .ARM.Collect$$$$0000000E                 0x0800019c   Section        4  entry10b.o(.ARM.Collect$$$$0000000E)
    .ARM.Collect$$$$0000000F                 0x080001a0   Section        0  entry11a.o(.ARM.Collect$$$$0000000F)
    .ARM.Collect$$$$00002712                 0x080001a0   Section        4  entry2.o(.ARM.Collect$$$$00002712)
    __lit__00000000                          0x080001a0   Data           4  entry2.o(.ARM.Collect$$$$00002712)
    .text                                    0x080001a4   Section        0  main.o(.text)
    .text                                    0x080002c4   Section        0  stm32f4xx_it.o(.text)
    .text                                    0x080002e0   Section        0  system_stm32f4xx.o(.text)
    SetSysClock                              0x080002e1   Thumb Code   220  system_stm32f4xx.o(.text)
    .text                                    0x080004f0   Section        0  led.o(.text)
    .text                                    0x08000554   Section       36  startup_stm32f40_41xxx.o(.text)
    $v0                                      0x08000554   Number         0  startup_stm32f40_41xxx.o(.text)
    .text                                    0x08000578   Section        0  stm32f4xx_gpio.o(.text)
    .text                                    0x0800080c   Section        0  stm32f4xx_rcc.o(.text)
    .text                                    0x08000e68   Section        0  gpio_lcd.o(.text)
    GPIO_Delay                               0x08001043   Thumb Code    18  gpio_lcd.o(.text)
    GPIO_LCD_WriteCommand                    0x0800106d   Thumb Code    20  gpio_lcd.o(.text)
    GPIO_LCD_Config                          0x0800114f   Thumb Code    56  gpio_lcd.o(.text)
    GPIO_REG_Config                          0x080011a1   Thumb Code   642  gpio_lcd.o(.text)
    .text                                    0x08002188   Section        0  uicode.o(.text)
    __sti___10_UIcode_cpp_396ac66f           0x080024d9   Thumb Code   994  uicode.o(.text)
    .text                                    0x08002958   Section        0  rand.o(.text)
    .text                                    0x0800297c   Section        0  memcpya.o(.text)
    .text                                    0x080029a0   Section        0  calloc.o(.text)
    .text                                    0x080029bc   Section        0  cpp_init.o(.text)
    .text                                    0x080029dc   Section        0  aeabi_atexit.o(.text)
    .text                                    0x08002a0c   Section        0  cpp_dtor.o(.text)
    .text                                    0x08002a14   Section        0  cpp_signal.o(.text)
    .text                                    0x08002a16   Section        0  cxa_finalize.o(.text)
    .text                                    0x08002a58   Section       36  init.o(.text)
    .text                                    0x08002a7c   Section        0  cpp_final.o(.text)
    .text                                    0x08002a7e   Section        0  __dczerorl2.o(.text)
    i._ZN10c_keyboardD1Ev                    0x08002ad4   Section        0  uicode.o(i._ZN10c_keyboardD1Ev)
    i._ZN10c_particle10initializeEv          0x08002ad8   Section        0  uicode.o(i._ZN10c_particle10initializeEv)
    i._ZN10c_particle4drawEv                 0x08002b14   Section        0  uicode.o(i._ZN10c_particle4drawEv)
    i._ZN10c_particle4moveEv                 0x08002b88   Section        0  uicode.o(i._ZN10c_particle4moveEv)
    i._ZN10c_particleC1Ev                    0x08002bf4   Section        0  uicode.o(i._ZN10c_particleC1Ev)
    i._ZN17c_keyboard_buttonC1Ev             0x08002c04   Section        0  uicode.o(i._ZN17c_keyboard_buttonC1Ev)
    i._ZN17c_keyboard_buttonD1Ev             0x08002c28   Section        0  uicode.o(i._ZN17c_keyboard_buttonD1Ev)
    i._ZN17c_lattice_font_op11draw_stringEP9c_surfaceiPKviiS3_jj 0x08002c36   Section        0  uicode.o(i._ZN17c_lattice_font_op11draw_stringEP9c_surfaceiPKviiS3_jj)
    i._ZN17c_lattice_font_op11get_latticeEPK24struct_lattice_font_infoj 0x08002c88   Section        0  uicode.o(i._ZN17c_lattice_font_op11get_latticeEPK24struct_lattice_font_infoj)
    i._ZN17c_lattice_font_op12draw_latticeEP9c_surfaceiiiiiPKhjj 0x08002cdc   Section        0  uicode.o(i._ZN17c_lattice_font_op12draw_latticeEP9c_surfaceiiiiiPKhjj)
    i._ZN17c_lattice_font_op13get_utf8_codeEPKcRj 0x08002e40   Section        0  uicode.o(i._ZN17c_lattice_font_op13get_utf8_codeEPKcRj)
    i._ZN17c_lattice_font_op16draw_single_charEP9c_surfaceijiiPK24struct_lattice_font_infojj 0x08002ebc   Section        0  uicode.o(i._ZN17c_lattice_font_op16draw_single_charEP9c_surfaceijiiPK24struct_lattice_font_infojj)
    i._ZN5c_wndC1Ev                          0x08002f98   Section        0  uicode.o(i._ZN5c_wndC1Ev)
    i._ZN6c_rect8set_rectEiiii               0x08002fd8   Section        0  uicode.o(i._ZN6c_rect8set_rectEiiii)
    i._ZN6c_rectC1Ev                         0x08003018   Section        0  uicode.o(i._ZN6c_rectC1Ev)
    i._ZN6c_word11draw_stringEP9c_surfaceiPKviiS3_jj 0x08003028   Section        0  uicode.o(i._ZN6c_word11draw_stringEP9c_surfaceiPKviiS3_jj)
    i._ZN7c_layerC1Ev                        0x08003064   Section        0  uicode.o(i._ZN7c_layerC1Ev)
    i._ZN7c_theme8get_fontE9FONT_LIST        0x08003084   Section        0  uicode.o(i._ZN7c_theme8get_fontE9FONT_LIST)
    i._ZN8c_buttonD1Ev                       0x080030a8   Section        0  uicode.o(i._ZN8c_buttonD1Ev)
    i._ZN9c_display10draw_pixelEiij          0x080030ac   Section        0  uicode.o(i._ZN9c_display10draw_pixelEiij)
    i._ZN9c_display9fill_rectEiiiij          0x08003118   Section        0  uicode.o(i._ZN9c_display9fill_rectEiiiij)
    i._ZN9c_displayC1EPviiP9c_surfaceP14DISPLAY_DRIVER 0x0800320c   Section        0  uicode.o(i._ZN9c_displayC1EPviiP9c_surfaceP14DISPLAY_DRIVER)
    i._ZN9c_surface10draw_hlineEiiijj        0x0800327c   Section        0  uicode.o(i._ZN9c_surface10draw_hlineEiiijj)
    i._ZN9c_surface10draw_pixelEiijj         0x080032ac   Section        0  uicode.o(i._ZN9c_surface10draw_pixelEiijj)
    i._ZN9c_surface11set_surfaceE13Z_ORDER_LEVEL6c_rect 0x08003404   Section        0  uicode.o(i._ZN9c_surface11set_surfaceE13Z_ORDER_LEVEL6c_rect)
    i._ZN9c_surface19fill_rect_low_levelEiiiij 0x080034a0   Section        0  uicode.o(i._ZN9c_surface19fill_rect_low_levelEiiiij)
    i._ZN9c_surface20draw_pixel_low_levelEiij 0x08003568   Section        0  uicode.o(i._ZN9c_surface20draw_pixel_low_levelEiij)
    i._ZN9c_surface9fill_rectEiiiijj         0x080035d8   Section        0  uicode.o(i._ZN9c_surface9fill_rectEiiiijj)
    i._ZN9c_surfaceC1Ejjj13Z_ORDER_LEVEL6c_rect 0x0800373c   Section        0  uicode.o(i._ZN9c_surfaceC1Ejjj13Z_ORDER_LEVEL6c_rect)
    i._ZNK6c_rect10pt_in_rectEii             0x08003808   Section        0  uicode.o(i._ZNK6c_rect10pt_in_rectEii)
    i._ZNK6c_rect5widthEv                    0x0800382a   Section        0  uicode.o(i._ZNK6c_rect5widthEv)
    i._ZNK6c_rect6heightEv                   0x08003836   Section        0  uicode.o(i._ZNK6c_rect6heightEv)
    i.__aeabi_vec_ctor_nocookie_nodtor       0x08003842   Section        0  aeabi_vec_ctor_nocookie_nodtor.o(i.__aeabi_vec_ctor_nocookie_nodtor)
    i.__cxa_guard_acquire                    0x08003866   Section        0  cxa_guard_acquire.o(i.__cxa_guard_acquire)
    i.__cxa_pure_virtual                     0x08003876   Section        0  pure_virt.o(i.__cxa_pure_virtual)
    i.__scatterload_copy                     0x0800387c   Section       14  handlers.o(i.__scatterload_copy)
    i.__scatterload_null                     0x0800388a   Section        2  handlers.o(i.__scatterload_null)
    i.__scatterload_zeroinit                 0x0800388c   Section       14  handlers.o(i.__scatterload_zeroinit)
    i.free                                   0x0800389c   Section        0  malloc.o(i.free)
    i.malloc                                 0x080038ec   Section        0  malloc.o(i.malloc)
    .constdata                               0x08003958   Section    15200  gpio_lcd.o(.constdata)
    .constdata                               0x080074b8   Section     4860  microsoft_yahei_28.o(.constdata)
    _71                                      0x080074b8   Data         176  microsoft_yahei_28.o(.constdata)
    _76                                      0x08007568   Data         126  microsoft_yahei_28.o(.constdata)
    _101                                     0x080075e6   Data         102  microsoft_yahei_28.o(.constdata)
    _105                                     0x0800764c   Data         114  microsoft_yahei_28.o(.constdata)
    _116                                     0x080076be   Data         108  microsoft_yahei_28.o(.constdata)
    _117                                     0x0800772a   Data         172  microsoft_yahei_28.o(.constdata)
    _14851492                                0x080077d6   Data         348  microsoft_yahei_28.o(.constdata)
    _14989712                                0x08007932   Data         250  microsoft_yahei_28.o(.constdata)
    _15044497                                0x08007a2c   Data         294  microsoft_yahei_28.o(.constdata)
    _15049897                                0x08007b52   Data         184  microsoft_yahei_28.o(.constdata)
    _15050163                                0x08007c0a   Data         210  microsoft_yahei_28.o(.constdata)
    _15055284                                0x08007cdc   Data         180  microsoft_yahei_28.o(.constdata)
    _15056000                                0x08007d90   Data         184  microsoft_yahei_28.o(.constdata)
    _15056811                                0x08007e48   Data         376  microsoft_yahei_28.o(.constdata)
    _15111587                                0x08007fc0   Data         368  microsoft_yahei_28.o(.constdata)
    _15111856                                0x08008130   Data         412  microsoft_yahei_28.o(.constdata)
    _15181213                                0x080082cc   Data         416  microsoft_yahei_28.o(.constdata)
    _15237253                                0x0800846c   Data         234  microsoft_yahei_28.o(.constdata)
    _15239857                                0x08008556   Data         328  microsoft_yahei_28.o(.constdata)
    _15710351                                0x0800869e   Data         174  microsoft_yahei_28.o(.constdata)
    _15711372                                0x0800874c   Data          40  microsoft_yahei_28.o(.constdata)
    _15711386                                0x08008774   Data          50  microsoft_yahei_28.o(.constdata)
    .constdata__ZTV10c_keyboard              0x080087b4   Section       52  uicode.o(.constdata__ZTV10c_keyboard)
    .constdata__ZTV15c_font_operator         0x080087e8   Section       28  uicode.o(.constdata__ZTV15c_font_operator)
    .constdata__ZTV16c_image_operator        0x08008804   Section       16  uicode.o(.constdata__ZTV16c_image_operator)
    .constdata__ZTV17c_bitmap_operator       0x08008814   Section       16  uicode.o(.constdata__ZTV17c_bitmap_operator)
    .constdata__ZTV17c_keyboard_button       0x08008824   Section       52  uicode.o(.constdata__ZTV17c_keyboard_button)
    .constdata__ZTV17c_lattice_font_op       0x08008858   Section       28  uicode.o(.constdata__ZTV17c_lattice_font_op)
    .constdata__ZTV5c_wnd                    0x08008874   Section       52  uicode.o(.constdata__ZTV5c_wnd)
    .constdata__ZTV8c_button                 0x080088a8   Section       52  uicode.o(.constdata__ZTV8c_button)
    .constdata__ZTV9c_display                0x080088dc   Section       20  uicode.o(.constdata__ZTV9c_display)
    .constdata__ZTV9c_surface                0x080088f0   Section       24  uicode.o(.constdata__ZTV9c_surface)
    .constdata__ZZN17c_lattice_font_op12draw_latticeEP9c_surfaceiiiiiPKhjjEs 0x08008908   Section       20  uicode.o(.constdata__ZZN17c_lattice_font_op12draw_latticeEP9c_surfaceiiiiiPKhjjEs)
    .constdata__ZZN17c_lattice_font_op13get_utf8_codeEPKcRjEs 0x0800891c   Section       20  uicode.o(.constdata__ZZN17c_lattice_font_op13get_utf8_codeEPKcRjEs)
    .constdata__ZZN6c_rect8set_rectEiiiiEs   0x08008930   Section       20  uicode.o(.constdata__ZZN6c_rect8set_rectEiiiiEs)
    .constdata__ZZN7c_theme8add_fontE9FONT_LISTPKvEs 0x08008944   Section       20  uicode.o(.constdata__ZZN7c_theme8add_fontE9FONT_LISTPKvEs)
    .constdata__ZZN7c_theme8get_fontE9FONT_LISTEs 0x08008958   Section       20  uicode.o(.constdata__ZZN7c_theme8get_fontE9FONT_LISTEs)
    .constdata__ZZN9c_surface10draw_pixelEiijjEs 0x0800896c   Section       20  uicode.o(.constdata__ZZN9c_surface10draw_pixelEiijjEs)
    .constdata__ZZN9c_surface11set_surfaceE13Z_ORDER_LEVEL6c_rectEs 0x08008980   Section       20  uicode.o(.constdata__ZZN9c_surface11set_surfaceE13Z_ORDER_LEVEL6c_rectEs)
    .constdata__ZZN9c_surface14attach_displayEP9c_displayEs 0x08008994   Section       20  uicode.o(.constdata__ZZN9c_surface14attach_displayEP9c_displayEs)
    .init_array                              0x080089c8   Section        4  uicode.o(.init_array)
    .init_array                              0x080089cc   Section        0  cpp_init.o(.init_array)
    .data                                    0x20000000   Section      392  main.o(.data)
    .data                                    0x20000188   Section       20  system_stm32f4xx.o(.data)
    .data                                    0x2000019c   Section       16  stm32f4xx_rcc.o(.data)
    APBAHBPrescTable                         0x2000019c   Data          16  stm32f4xx_rcc.o(.data)
    .data                                    0x200001ac   Section       40  gpio_lcd.o(.data)
    LCD_Currentfonts                         0x200001cc   Data           4  gpio_lcd.o(.data)
    CurrentTextColor                         0x200001d0   Data           2  gpio_lcd.o(.data)
    CurrentBackColor                         0x200001d2   Data           2  gpio_lcd.o(.data)
    .data                                    0x200001d4   Section     1216  uicode.o(.data)
    do_assert                                0x200001dc   Data           4  uicode.o(.data)
    do_log_out                               0x200001e0   Data           4  uicode.o(.data)
    s_surface                                0x20000680   Data           4  uicode.o(.data)
    _ZGVdisplay                              0x2000068c   Data           4  uicode.o(.data)
    _ZGVsurface                              0x20000690   Data           4  uicode.o(.data)
    .data                                    0x20000694   Section      264  microsoft_yahei_28.o(.data)
    lattice_array                            0x20000694   Data         264  microsoft_yahei_28.o(.data)
    .data                                    0x2000079c   Section        4  rand.o(.data)
    _rand_state                              0x2000079c   Data           4  rand.o(.data)
    .data                                    0x200007a0   Section        4  cpp_dtor.o(.data)
    ddtor_pointer                            0x200007a0   Data           4  cpp_dtor.o(.data)
    .data                                    0x200007a4   Section        4  mvars.o(.data)
    .data                                    0x200007a8   Section        4  mvars.o(.data)
    .data__ZZN17c_lattice_font_op13get_utf8_codeEPKcRjE19s_utf8_length_table 0x200007ac   Section      256  uicode.o(.data__ZZN17c_lattice_font_op13get_utf8_codeEPKcRjE19s_utf8_length_table)
    .bss                                     0x200008ac   Section    17408  gpio_lcd.o(.bss)
    .bss                                     0x20004cac   Section     5512  uicode.o(.bss)
    s_key_0                                  0x20004cac   Data          80  uicode.o(.bss)
    s_key_1                                  0x20004cfc   Data          80  uicode.o(.bss)
    s_key_2                                  0x20004d4c   Data          80  uicode.o(.bss)
    s_key_3                                  0x20004d9c   Data          80  uicode.o(.bss)
    s_key_4                                  0x20004dec   Data          80  uicode.o(.bss)
    s_key_5                                  0x20004e3c   Data          80  uicode.o(.bss)
    s_key_6                                  0x20004e8c   Data          80  uicode.o(.bss)
    s_key_7                                  0x20004edc   Data          80  uicode.o(.bss)
    s_key_8                                  0x20004f2c   Data          80  uicode.o(.bss)
    s_key_9                                  0x20004f7c   Data          80  uicode.o(.bss)
    s_key_A                                  0x20004fcc   Data          80  uicode.o(.bss)
    s_key_B                                  0x2000501c   Data          80  uicode.o(.bss)
    s_key_C                                  0x2000506c   Data          80  uicode.o(.bss)
    s_key_D                                  0x200050bc   Data          80  uicode.o(.bss)
    s_key_E                                  0x2000510c   Data          80  uicode.o(.bss)
    s_key_F                                  0x2000515c   Data          80  uicode.o(.bss)
    s_key_G                                  0x200051ac   Data          80  uicode.o(.bss)
    s_key_H                                  0x200051fc   Data          80  uicode.o(.bss)
    s_key_I                                  0x2000524c   Data          80  uicode.o(.bss)
    s_key_J                                  0x2000529c   Data          80  uicode.o(.bss)
    s_key_K                                  0x200052ec   Data          80  uicode.o(.bss)
    s_key_L                                  0x2000533c   Data          80  uicode.o(.bss)
    s_key_M                                  0x2000538c   Data          80  uicode.o(.bss)
    s_key_N                                  0x200053dc   Data          80  uicode.o(.bss)
    s_key_O                                  0x2000542c   Data          80  uicode.o(.bss)
    s_key_P                                  0x2000547c   Data          80  uicode.o(.bss)
    s_key_Q                                  0x200054cc   Data          80  uicode.o(.bss)
    s_key_R                                  0x2000551c   Data          80  uicode.o(.bss)
    s_key_S                                  0x2000556c   Data          80  uicode.o(.bss)
    s_key_T                                  0x200055bc   Data          80  uicode.o(.bss)
    s_key_U                                  0x2000560c   Data          80  uicode.o(.bss)
    s_key_V                                  0x2000565c   Data          80  uicode.o(.bss)
    s_key_W                                  0x200056ac   Data          80  uicode.o(.bss)
    s_key_X                                  0x200056fc   Data          80  uicode.o(.bss)
    s_key_Y                                  0x2000574c   Data          80  uicode.o(.bss)
    s_key_Z                                  0x2000579c   Data          80  uicode.o(.bss)
    s_key_dot                                0x200057ec   Data          80  uicode.o(.bss)
    s_key_caps                               0x2000583c   Data          80  uicode.o(.bss)
    s_key_space                              0x2000588c   Data          80  uicode.o(.bss)
    s_key_enter                              0x200058dc   Data          80  uicode.o(.bss)
    s_key_del                                0x2000592c   Data          80  uicode.o(.bss)
    s_key_esc                                0x2000597c   Data          80  uicode.o(.bss)
    s_key_num_switch                         0x200059cc   Data          80  uicode.o(.bss)
    surface                                  0x20006168   Data         140  uicode.o(.bss)
    display                                  0x200061f4   Data          64  uicode.o(.bss)
    HEAP                                     0x20006238   Section      512  startup_stm32f40_41xxx.o(HEAP)
    STACK                                    0x20006438   Section     1024  startup_stm32f40_41xxx.o(STACK)

    Global Symbols

    Symbol Name                              Value     Ov Type        Size  Object(Section)

    BuildAttributes$$THM_ISAv4$E$P$D$K$B$S$7EM$VFPi3$EXTD16$VFPS$VFMA$PE$A:L22UL41UL21$X:L11$S22US41US21$IEEE1$IW$USESV6$~STKCKD$USESV7$~SHL$OSPACE$ROPI$EBA8$UX$MICROLIB$REQ8$PRES8$EABIv2 0x00000000   Number         0  anon$$obj.o ABSOLUTE
    __ARM_use_no_argv                        0x00000000   Number         0  main.o ABSOLUTE
    _printf_a                                0x00000000   Number         0  stubs.o ABSOLUTE
    _printf_c                                0x00000000   Number         0  stubs.o ABSOLUTE
    _printf_charcount                        0x00000000   Number         0  stubs.o ABSOLUTE
    _printf_d                                0x00000000   Number         0  stubs.o ABSOLUTE
    _printf_e                                0x00000000   Number         0  stubs.o ABSOLUTE
    _printf_f                                0x00000000   Number         0  stubs.o ABSOLUTE
    _printf_flags                            0x00000000   Number         0  stubs.o ABSOLUTE
    _printf_fp_dec                           0x00000000   Number         0  stubs.o ABSOLUTE
    _printf_fp_hex                           0x00000000   Number         0  stubs.o ABSOLUTE
    _printf_g                                0x00000000   Number         0  stubs.o ABSOLUTE
    _printf_i                                0x00000000   Number         0  stubs.o ABSOLUTE
    _printf_int_dec                          0x00000000   Number         0  stubs.o ABSOLUTE
    _printf_l                                0x00000000   Number         0  stubs.o ABSOLUTE
    _printf_lc                               0x00000000   Number         0  stubs.o ABSOLUTE
    _printf_ll                               0x00000000   Number         0  stubs.o ABSOLUTE
    _printf_lld                              0x00000000   Number         0  stubs.o ABSOLUTE
    _printf_lli                              0x00000000   Number         0  stubs.o ABSOLUTE
    _printf_llo                              0x00000000   Number         0  stubs.o ABSOLUTE
    _printf_llu                              0x00000000   Number         0  stubs.o ABSOLUTE
    _printf_llx                              0x00000000   Number         0  stubs.o ABSOLUTE
    _printf_longlong_dec                     0x00000000   Number         0  stubs.o ABSOLUTE
    _printf_longlong_hex                     0x00000000   Number         0  stubs.o ABSOLUTE
    _printf_longlong_oct                     0x00000000   Number         0  stubs.o ABSOLUTE
    _printf_ls                               0x00000000   Number         0  stubs.o ABSOLUTE
    _printf_mbtowc                           0x00000000   Number         0  stubs.o ABSOLUTE
    _printf_n                                0x00000000   Number         0  stubs.o ABSOLUTE
    _printf_o                                0x00000000   Number         0  stubs.o ABSOLUTE
    _printf_p                                0x00000000   Number         0  stubs.o ABSOLUTE
    _printf_percent                          0x00000000   Number         0  stubs.o ABSOLUTE
    _printf_pre_padding                      0x00000000   Number         0  stubs.o ABSOLUTE
    _printf_return_value                     0x00000000   Number         0  stubs.o ABSOLUTE
    _printf_s                                0x00000000   Number         0  stubs.o ABSOLUTE
    _printf_sizespec                         0x00000000   Number         0  stubs.o ABSOLUTE
    _printf_str                              0x00000000   Number         0  stubs.o ABSOLUTE
    _printf_truncate_signed                  0x00000000   Number         0  stubs.o ABSOLUTE
    _printf_truncate_unsigned                0x00000000   Number         0  stubs.o ABSOLUTE
    _printf_u                                0x00000000   Number         0  stubs.o ABSOLUTE
    _printf_wc                               0x00000000   Number         0  stubs.o ABSOLUTE
    _printf_wctomb                           0x00000000   Number         0  stubs.o ABSOLUTE
    _printf_widthprec                        0x00000000   Number         0  stubs.o ABSOLUTE
    _printf_x                                0x00000000   Number         0  stubs.o ABSOLUTE
    SHT$$ARM_EXIDX$$Base                      - Undefined Reference
    SHT$$ARM_EXIDX$$Limit                     - Undefined Reference
    __ARM::default_unexpected_handler()       - Undefined Weak Reference
    __ARM_exceptions_buffer_required          - Undefined Weak Reference
    __aeabi_unwind_cpp_pr1                    - Undefined Weak Reference
    __aeabi_unwind_cpp_pr2                    - Undefined Weak Reference
    __cxa_begin_cleanup                       - Undefined Weak Reference
    __cxa_call_unexpected                     - Undefined Weak Reference
    __cxa_type_match                          - Undefined Weak Reference
    _clock_init                               - Undefined Weak Reference
    _microlib_exit                            - Undefined Weak Reference
    __Vectors_Size                           0x00000188   Number         0  startup_stm32f40_41xxx.o ABSOLUTE
    __Vectors                                0x08000000   Data           4  startup_stm32f40_41xxx.o(RESET)
    __dso_handle                             0x08000000   Number         0  startup_stm32f40_41xxx.o(RESET)
    __Vectors_End                            0x08000188   Data           0  startup_stm32f40_41xxx.o(RESET)
    __main                                   0x08000189   Thumb Code     0  entry.o(.ARM.Collect$$$$00000000)
    _main_stk                                0x08000189   Thumb Code     0  entry2.o(.ARM.Collect$$$$00000001)
    _main_scatterload                        0x0800018d   Thumb Code     0  entry5.o(.ARM.Collect$$$$00000004)
    __main_after_scatterload                 0x08000191   Thumb Code     0  entry5.o(.ARM.Collect$$$$00000004)
    _main_clock                              0x08000191   Thumb Code     0  entry7b.o(.ARM.Collect$$$$00000008)
    _main_cpp_init$empty                     0x08000191   Thumb Code     0  entry8a.o(.ARM.Collect$$$$00000009)
    _main_cpp_init                           0x08000195   Thumb Code     0  entry8b.o(.ARM.Collect$$$$0000000A)
    _main_init                               0x08000195   Thumb Code     0  entry9a.o(.ARM.Collect$$$$0000000B)
    __rt_final_cpp                           0x0800019d   Thumb Code     0  entry10a.o(.ARM.Collect$$$$0000000D)
    __rt_final_cpp$nonempty                  0x0800019d   Thumb Code     0  entry10b.o(.ARM.Collect$$$$0000000E)
    __rt_final_exit                          0x080001a1   Thumb Code     0  entry11a.o(.ARM.Collect$$$$0000000F)
    gfx_draw_pixel                           0x080001a5   Thumb Code    42  main.o(.text)
    delay_1ms                                0x080001cf   Thumb Code    32  main.o(.text)
    ILI9341_Show_Chinese                     0x080001ef   Thumb Code   156  main.o(.text)
    main                                     0x0800028b   Thumb Code    52  main.o(.text)
    NMI_Handler                              0x080002c5   Thumb Code     2  stm32f4xx_it.o(.text)
    HardFault_Handler                        0x080002c7   Thumb Code     4  stm32f4xx_it.o(.text)
    MemManage_Handler                        0x080002cb   Thumb Code     4  stm32f4xx_it.o(.text)
    BusFault_Handler                         0x080002cf   Thumb Code     4  stm32f4xx_it.o(.text)
    UsageFault_Handler                       0x080002d3   Thumb Code     4  stm32f4xx_it.o(.text)
    SVC_Handler                              0x080002d7   Thumb Code     2  stm32f4xx_it.o(.text)
    DebugMon_Handler                         0x080002d9   Thumb Code     2  stm32f4xx_it.o(.text)
    PendSV_Handler                           0x080002db   Thumb Code     2  stm32f4xx_it.o(.text)
    SysTick_Handler                          0x080002dd   Thumb Code     2  stm32f4xx_it.o(.text)
    SystemInit                               0x080003bd   Thumb Code    88  system_stm32f4xx.o(.text)
    SystemCoreClockUpdate                    0x08000415   Thumb Code   174  system_stm32f4xx.o(.text)
    LED_Init                                 0x080004f1   Thumb Code    92  led.o(.text)
    Reset_Handler                            0x08000555   Thumb Code     8  startup_stm32f40_41xxx.o(.text)
    ADC_IRQHandler                           0x0800056f   Thumb Code     0  startup_stm32f40_41xxx.o(.text)
    CAN1_RX0_IRQHandler                      0x0800056f   Thumb Code     0  startup_stm32f40_41xxx.o(.text)
    CAN1_RX1_IRQHandler                      0x0800056f   Thumb Code     0  startup_stm32f40_41xxx.o(.text)
    CAN1_SCE_IRQHandler                      0x0800056f   Thumb Code     0  startup_stm32f40_41xxx.o(.text)
    CAN1_TX_IRQHandler                       0x0800056f   Thumb Code     0  startup_stm32f40_41xxx.o(.text)
    CAN2_RX0_IRQHandler                      0x0800056f   Thumb Code     0  startup_stm32f40_41xxx.o(.text)
    CAN2_RX1_IRQHandler                      0x0800056f   Thumb Code     0  startup_stm32f40_41xxx.o(.text)
    CAN2_SCE_IRQHandler                      0x0800056f   Thumb Code     0  startup_stm32f40_41xxx.o(.text)
    CAN2_TX_IRQHandler                       0x0800056f   Thumb Code     0  startup_stm32f40_41xxx.o(.text)
    CRYP_IRQHandler                          0x0800056f   Thumb Code     0  startup_stm32f40_41xxx.o(.text)
    DCMI_IRQHandler                          0x0800056f   Thumb Code     0  startup_stm32f40_41xxx.o(.text)
    DMA1_Stream0_IRQHandler                  0x0800056f   Thumb Code     0  startup_stm32f40_41xxx.o(.text)
    DMA1_Stream1_IRQHandler                  0x0800056f   Thumb Code     0  startup_stm32f40_41xxx.o(.text)
    DMA1_Stream2_IRQHandler                  0x0800056f   Thumb Code     0  startup_stm32f40_41xxx.o(.text)
    DMA1_Stream3_IRQHandler                  0x0800056f   Thumb Code     0  startup_stm32f40_41xxx.o(.text)
    DMA1_Stream4_IRQHandler                  0x0800056f   Thumb Code     0  startup_stm32f40_41xxx.o(.text)
    DMA1_Stream5_IRQHandler                  0x0800056f   Thumb Code     0  startup_stm32f40_41xxx.o(.text)
    DMA1_Stream6_IRQHandler                  0x0800056f   Thumb Code     0  startup_stm32f40_41xxx.o(.text)
    DMA1_Stream7_IRQHandler                  0x0800056f   Thumb Code     0  startup_stm32f40_41xxx.o(.text)
    DMA2_Stream0_IRQHandler                  0x0800056f   Thumb Code     0  startup_stm32f40_41xxx.o(.text)
    DMA2_Stream1_IRQHandler                  0x0800056f   Thumb Code     0  startup_stm32f40_41xxx.o(.text)
    DMA2_Stream2_IRQHandler                  0x0800056f   Thumb Code     0  startup_stm32f40_41xxx.o(.text)
    DMA2_Stream3_IRQHandler                  0x0800056f   Thumb Code     0  startup_stm32f40_41xxx.o(.text)
    DMA2_Stream4_IRQHandler                  0x0800056f   Thumb Code     0  startup_stm32f40_41xxx.o(.text)
    DMA2_Stream5_IRQHandler                  0x0800056f   Thumb Code     0  startup_stm32f40_41xxx.o(.text)
    DMA2_Stream6_IRQHandler                  0x0800056f   Thumb Code     0  startup_stm32f40_41xxx.o(.text)
    DMA2_Stream7_IRQHandler                  0x0800056f   Thumb Code     0  startup_stm32f40_41xxx.o(.text)
    ETH_IRQHandler                           0x0800056f   Thumb Code     0  startup_stm32f40_41xxx.o(.text)
    ETH_WKUP_IRQHandler                      0x0800056f   Thumb Code     0  startup_stm32f40_41xxx.o(.text)
    EXTI0_IRQHandler                         0x0800056f   Thumb Code     0  startup_stm32f40_41xxx.o(.text)
    EXTI15_10_IRQHandler                     0x0800056f   Thumb Code     0  startup_stm32f40_41xxx.o(.text)
    EXTI1_IRQHandler                         0x0800056f   Thumb Code     0  startup_stm32f40_41xxx.o(.text)
    EXTI2_IRQHandler                         0x0800056f   Thumb Code     0  startup_stm32f40_41xxx.o(.text)
    EXTI3_IRQHandler                         0x0800056f   Thumb Code     0  startup_stm32f40_41xxx.o(.text)
    EXTI4_IRQHandler                         0x0800056f   Thumb Code     0  startup_stm32f40_41xxx.o(.text)
    EXTI9_5_IRQHandler                       0x0800056f   Thumb Code     0  startup_stm32f40_41xxx.o(.text)
    FLASH_IRQHandler                         0x0800056f   Thumb Code     0  startup_stm32f40_41xxx.o(.text)
    FPU_IRQHandler                           0x0800056f   Thumb Code     0  startup_stm32f40_41xxx.o(.text)
    FSMC_IRQHandler                          0x0800056f   Thumb Code     0  startup_stm32f40_41xxx.o(.text)
    HASH_RNG_IRQHandler                      0x0800056f   Thumb Code     0  startup_stm32f40_41xxx.o(.text)
    I2C1_ER_IRQHandler                       0x0800056f   Thumb Code     0  startup_stm32f40_41xxx.o(.text)
    I2C1_EV_IRQHandler                       0x0800056f   Thumb Code     0  startup_stm32f40_41xxx.o(.text)
    I2C2_ER_IRQHandler                       0x0800056f   Thumb Code     0  startup_stm32f40_41xxx.o(.text)
    I2C2_EV_IRQHandler                       0x0800056f   Thumb Code     0  startup_stm32f40_41xxx.o(.text)
    I2C3_ER_IRQHandler                       0x0800056f   Thumb Code     0  startup_stm32f40_41xxx.o(.text)
    I2C3_EV_IRQHandler                       0x0800056f   Thumb Code     0  startup_stm32f40_41xxx.o(.text)
    OTG_FS_IRQHandler                        0x0800056f   Thumb Code     0  startup_stm32f40_41xxx.o(.text)
    OTG_FS_WKUP_IRQHandler                   0x0800056f   Thumb Code     0  startup_stm32f40_41xxx.o(.text)
    OTG_HS_EP1_IN_IRQHandler                 0x0800056f   Thumb Code     0  startup_stm32f40_41xxx.o(.text)
    OTG_HS_EP1_OUT_IRQHandler                0x0800056f   Thumb Code     0  startup_stm32f40_41xxx.o(.text)
    OTG_HS_IRQHandler                        0x0800056f   Thumb Code     0  startup_stm32f40_41xxx.o(.text)
    OTG_HS_WKUP_IRQHandler                   0x0800056f   Thumb Code     0  startup_stm32f40_41xxx.o(.text)
    PVD_IRQHandler                           0x0800056f   Thumb Code     0  startup_stm32f40_41xxx.o(.text)
    RCC_IRQHandler                           0x0800056f   Thumb Code     0  startup_stm32f40_41xxx.o(.text)
    RTC_Alarm_IRQHandler                     0x0800056f   Thumb Code     0  startup_stm32f40_41xxx.o(.text)
    RTC_WKUP_IRQHandler                      0x0800056f   Thumb Code     0  startup_stm32f40_41xxx.o(.text)
    SDIO_IRQHandler                          0x0800056f   Thumb Code     0  startup_stm32f40_41xxx.o(.text)
    SPI1_IRQHandler                          0x0800056f   Thumb Code     0  startup_stm32f40_41xxx.o(.text)
    SPI2_IRQHandler                          0x0800056f   Thumb Code     0  startup_stm32f40_41xxx.o(.text)
    SPI3_IRQHandler                          0x0800056f   Thumb Code     0  startup_stm32f40_41xxx.o(.text)
    TAMP_STAMP_IRQHandler                    0x0800056f   Thumb Code     0  startup_stm32f40_41xxx.o(.text)
    TIM1_BRK_TIM9_IRQHandler                 0x0800056f   Thumb Code     0  startup_stm32f40_41xxx.o(.text)
    TIM1_CC_IRQHandler                       0x0800056f   Thumb Code     0  startup_stm32f40_41xxx.o(.text)
    TIM1_TRG_COM_TIM11_IRQHandler            0x0800056f   Thumb Code     0  startup_stm32f40_41xxx.o(.text)
    TIM1_UP_TIM10_IRQHandler                 0x0800056f   Thumb Code     0  startup_stm32f40_41xxx.o(.text)
    TIM2_IRQHandler                          0x0800056f   Thumb Code     0  startup_stm32f40_41xxx.o(.text)
    TIM3_IRQHandler                          0x0800056f   Thumb Code     0  startup_stm32f40_41xxx.o(.text)
    TIM4_IRQHandler                          0x0800056f   Thumb Code     0  startup_stm32f40_41xxx.o(.text)
    TIM5_IRQHandler                          0x0800056f   Thumb Code     0  startup_stm32f40_41xxx.o(.text)
    TIM6_DAC_IRQHandler                      0x0800056f   Thumb Code     0  startup_stm32f40_41xxx.o(.text)
    TIM7_IRQHandler                          0x0800056f   Thumb Code     0  startup_stm32f40_41xxx.o(.text)
    TIM8_BRK_TIM12_IRQHandler                0x0800056f   Thumb Code     0  startup_stm32f40_41xxx.o(.text)
    TIM8_CC_IRQHandler                       0x0800056f   Thumb Code     0  startup_stm32f40_41xxx.o(.text)
    TIM8_TRG_COM_TIM14_IRQHandler            0x0800056f   Thumb Code     0  startup_stm32f40_41xxx.o(.text)
    TIM8_UP_TIM13_IRQHandler                 0x0800056f   Thumb Code     0  startup_stm32f40_41xxx.o(.text)
    UART4_IRQHandler                         0x0800056f   Thumb Code     0  startup_stm32f40_41xxx.o(.text)
    UART5_IRQHandler                         0x0800056f   Thumb Code     0  startup_stm32f40_41xxx.o(.text)
    USART1_IRQHandler                        0x0800056f   Thumb Code     0  startup_stm32f40_41xxx.o(.text)
    USART2_IRQHandler                        0x0800056f   Thumb Code     0  startup_stm32f40_41xxx.o(.text)
    USART3_IRQHandler                        0x0800056f   Thumb Code     0  startup_stm32f40_41xxx.o(.text)
    USART6_IRQHandler                        0x0800056f   Thumb Code     0  startup_stm32f40_41xxx.o(.text)
    WWDG_IRQHandler                          0x0800056f   Thumb Code     0  startup_stm32f40_41xxx.o(.text)
    GPIO_DeInit                              0x08000579   Thumb Code   268  stm32f4xx_gpio.o(.text)
    GPIO_Init                                0x08000685   Thumb Code   144  stm32f4xx_gpio.o(.text)
    GPIO_StructInit                          0x08000715   Thumb Code    18  stm32f4xx_gpio.o(.text)
    GPIO_PinLockConfig                       0x08000727   Thumb Code    34  stm32f4xx_gpio.o(.text)
    GPIO_ReadInputDataBit                    0x08000749   Thumb Code    18  stm32f4xx_gpio.o(.text)
    GPIO_ReadInputData                       0x0800075b   Thumb Code     8  stm32f4xx_gpio.o(.text)
    GPIO_ReadOutputDataBit                   0x08000763   Thumb Code    18  stm32f4xx_gpio.o(.text)
    GPIO_ReadOutputData                      0x08000775   Thumb Code     8  stm32f4xx_gpio.o(.text)
    GPIO_SetBits                             0x0800077d   Thumb Code     4  stm32f4xx_gpio.o(.text)
    GPIO_ResetBits                           0x08000781   Thumb Code     4  stm32f4xx_gpio.o(.text)
    GPIO_WriteBit                            0x08000785   Thumb Code    10  stm32f4xx_gpio.o(.text)
    GPIO_Write                               0x0800078f   Thumb Code     4  stm32f4xx_gpio.o(.text)
    GPIO_ToggleBits                          0x08000793   Thumb Code     8  stm32f4xx_gpio.o(.text)
    GPIO_PinAFConfig                         0x0800079b   Thumb Code    70  stm32f4xx_gpio.o(.text)
    RCC_DeInit                               0x0800080d   Thumb Code    82  stm32f4xx_rcc.o(.text)
    RCC_HSEConfig                            0x0800085f   Thumb Code    14  stm32f4xx_rcc.o(.text)
    RCC_GetFlagStatus                        0x0800086d   Thumb Code    60  stm32f4xx_rcc.o(.text)
    RCC_WaitForHSEStartUp                    0x080008a9   Thumb Code    56  stm32f4xx_rcc.o(.text)
    RCC_AdjustHSICalibrationValue            0x080008e1   Thumb Code    20  stm32f4xx_rcc.o(.text)
    RCC_HSICmd                               0x080008f5   Thumb Code     6  stm32f4xx_rcc.o(.text)
    RCC_LSEConfig                            0x080008fb   Thumb Code    46  stm32f4xx_rcc.o(.text)
    RCC_LSICmd                               0x08000929   Thumb Code     6  stm32f4xx_rcc.o(.text)
    RCC_PLLConfig                            0x0800092f   Thumb Code    32  stm32f4xx_rcc.o(.text)
    RCC_PLLCmd                               0x0800094f   Thumb Code     6  stm32f4xx_rcc.o(.text)
    RCC_PLLI2SConfig                         0x08000955   Thumb Code    14  stm32f4xx_rcc.o(.text)
    RCC_PLLI2SCmd                            0x08000963   Thumb Code     6  stm32f4xx_rcc.o(.text)
    RCC_PLLSAIConfig                         0x08000969   Thumb Code    20  stm32f4xx_rcc.o(.text)
    RCC_PLLSAICmd                            0x0800097d   Thumb Code     6  stm32f4xx_rcc.o(.text)
    RCC_ClockSecuritySystemCmd               0x08000983   Thumb Code     6  stm32f4xx_rcc.o(.text)
    RCC_MCO1Config                           0x08000989   Thumb Code    28  stm32f4xx_rcc.o(.text)
    RCC_MCO2Config                           0x080009a5   Thumb Code    28  stm32f4xx_rcc.o(.text)
    RCC_SYSCLKConfig                         0x080009c1   Thumb Code    20  stm32f4xx_rcc.o(.text)
    RCC_GetSYSCLKSource                      0x080009d5   Thumb Code    12  stm32f4xx_rcc.o(.text)
    RCC_HCLKConfig                           0x080009e1   Thumb Code    20  stm32f4xx_rcc.o(.text)
    RCC_PCLK1Config                          0x080009f5   Thumb Code    20  stm32f4xx_rcc.o(.text)
    RCC_PCLK2Config                          0x08000a09   Thumb Code    22  stm32f4xx_rcc.o(.text)
    RCC_GetClocksFreq                        0x08000a1f   Thumb Code   222  stm32f4xx_rcc.o(.text)
    RCC_RTCCLKConfig                         0x08000afd   Thumb Code    54  stm32f4xx_rcc.o(.text)
    RCC_RTCCLKCmd                            0x08000b33   Thumb Code     8  stm32f4xx_rcc.o(.text)
    RCC_BackupResetCmd                       0x08000b3b   Thumb Code     8  stm32f4xx_rcc.o(.text)
    RCC_I2SCLKConfig                         0x08000b43   Thumb Code     6  stm32f4xx_rcc.o(.text)
    RCC_SAIPLLI2SClkDivConfig                0x08000b49   Thumb Code    26  stm32f4xx_rcc.o(.text)
    RCC_SAIPLLSAIClkDivConfig                0x08000b63   Thumb Code    28  stm32f4xx_rcc.o(.text)
    RCC_SAIBlockACLKConfig                   0x08000b7f   Thumb Code    20  stm32f4xx_rcc.o(.text)
    RCC_SAIBlockBCLKConfig                   0x08000b93   Thumb Code    20  stm32f4xx_rcc.o(.text)
    RCC_LTDCCLKDivConfig                     0x08000ba7   Thumb Code    20  stm32f4xx_rcc.o(.text)
    RCC_TIMCLKPresConfig                     0x08000bbb   Thumb Code     6  stm32f4xx_rcc.o(.text)
    RCC_AHB1PeriphClockCmd                   0x08000bc1   Thumb Code    34  stm32f4xx_rcc.o(.text)
    RCC_AHB2PeriphClockCmd                   0x08000be3   Thumb Code    78  stm32f4xx_rcc.o(.text)
    RCC_AHB3PeriphClockCmd                   0x08000c31   Thumb Code    34  stm32f4xx_rcc.o(.text)
    RCC_APB1PeriphClockCmd                   0x08000c53   Thumb Code    34  stm32f4xx_rcc.o(.text)
    RCC_APB2PeriphClockCmd                   0x08000c75   Thumb Code    34  stm32f4xx_rcc.o(.text)
    RCC_AHB1PeriphResetCmd                   0x08000c97   Thumb Code    34  stm32f4xx_rcc.o(.text)
    RCC_AHB2PeriphResetCmd                   0x08000cb9   Thumb Code    34  stm32f4xx_rcc.o(.text)
    RCC_AHB3PeriphResetCmd                   0x08000cdb   Thumb Code    34  stm32f4xx_rcc.o(.text)
    RCC_APB1PeriphResetCmd                   0x08000cfd   Thumb Code    34  stm32f4xx_rcc.o(.text)
    RCC_APB2PeriphResetCmd                   0x08000d1f   Thumb Code    34  stm32f4xx_rcc.o(.text)
    RCC_AHB1PeriphClockLPModeCmd             0x08000d41   Thumb Code    34  stm32f4xx_rcc.o(.text)
    RCC_AHB2PeriphClockLPModeCmd             0x08000d63   Thumb Code    34  stm32f4xx_rcc.o(.text)
    RCC_AHB3PeriphClockLPModeCmd             0x08000d85   Thumb Code    34  stm32f4xx_rcc.o(.text)
    RCC_APB1PeriphClockLPModeCmd             0x08000da7   Thumb Code    34  stm32f4xx_rcc.o(.text)
    RCC_APB2PeriphClockLPModeCmd             0x08000dc9   Thumb Code    34  stm32f4xx_rcc.o(.text)
    RCC_LSEModeConfig                        0x08000deb   Thumb Code    40  stm32f4xx_rcc.o(.text)
    RCC_ITConfig                             0x08000e13   Thumb Code    34  stm32f4xx_rcc.o(.text)
    RCC_ClearFlag                            0x08000e35   Thumb Code    18  stm32f4xx_rcc.o(.text)
    RCC_GetITStatus                          0x08000e47   Thumb Code    22  stm32f4xx_rcc.o(.text)
    RCC_ClearITPendingBit                    0x08000e5d   Thumb Code     8  stm32f4xx_rcc.o(.text)
    DATAOUT                                  0x08000e69   Thumb Code   212  gpio_lcd.o(.text)
    DATAIN                                   0x08000f3d   Thumb Code    20  gpio_lcd.o(.text)
    GPIO_SET_DATA_OUT                        0x08000f51   Thumb Code   242  gpio_lcd.o(.text)
    GPIO_LCD_Select                          0x08001055   Thumb Code    12  gpio_lcd.o(.text)
    GPIO_LCD_Unselect                        0x08001061   Thumb Code    12  gpio_lcd.o(.text)
    GPIO_Write_Cmd                           0x08001081   Thumb Code    60  gpio_lcd.o(.text)
    GPIO_Write_Data                          0x080010bd   Thumb Code    60  gpio_lcd.o(.text)
    GPIO_Read_Data                           0x080010f9   Thumb Code    86  gpio_lcd.o(.text)
    GPIO_LCD_RESET                           0x08001187   Thumb Code    26  gpio_lcd.o(.text)
    GPIO_Read_ID                             0x08001423   Thumb Code    42  gpio_lcd.o(.text)
    GPIO_LCD_Init                            0x0800144d   Thumb Code     8  gpio_lcd.o(.text)
    GPIO_BackLed_Control                     0x08001455   Thumb Code     2  gpio_lcd.o(.text)
    GPIO_GramScan                            0x08001457   Thumb Code   172  gpio_lcd.o(.text)
    GPIO_OpenWindow                          0x08001503   Thumb Code    96  gpio_lcd.o(.text)
    GPIO_FillColor                           0x08001563   Thumb Code    28  gpio_lcd.o(.text)
    GPIO_Clear                               0x0800157f   Thumb Code    40  gpio_lcd.o(.text)
    ILI9341_SetAddressWindow                 0x080015a7   Thumb Code    82  gpio_lcd.o(.text)
    GPIO_SetPointPixel                       0x080015f9   Thumb Code    54  gpio_lcd.o(.text)
    GPIO_Read_PixelData                      0x0800162f   Thumb Code    54  gpio_lcd.o(.text)
    GPIO_GetPointPixel                       0x08001665   Thumb Code    16  gpio_lcd.o(.text)
    GPIO_DrawLine                            0x08001675   Thumb Code   174  gpio_lcd.o(.text)
    GPIO_DrawRectangle                       0x08001723   Thumb Code   140  gpio_lcd.o(.text)
    GPIO_FillScreen                          0x080017af   Thumb Code    24  gpio_lcd.o(.text)
    GPIO_DrawCircle                          0x080017c7   Thumb Code   362  gpio_lcd.o(.text)
    GPIO_DispChar_EN                         0x08001931   Thumb Code   138  gpio_lcd.o(.text)
    GPIO_DispStringLine_EN                   0x080019bb   Thumb Code    92  gpio_lcd.o(.text)
    GPIO_DispString_EN                       0x08001a17   Thumb Code    92  gpio_lcd.o(.text)
    GPIO_DispString_EN_YDir                  0x08001a73   Thumb Code    92  gpio_lcd.o(.text)
    GPIO_DispChar_CH                         0x08001acf   Thumb Code   114  gpio_lcd.o(.text)
    GPIO_DispString_CH                       0x08001b41   Thumb Code    86  gpio_lcd.o(.text)
    GPIO_DispString_EN_CH                    0x08001b97   Thumb Code   168  gpio_lcd.o(.text)
    GPIO_DispStringLine_EN_CH                0x08001c3f   Thumb Code   168  gpio_lcd.o(.text)
    GPIO_DispString_EN_CH_YDir               0x08001ce7   Thumb Code   132  gpio_lcd.o(.text)
    GPIO_zoomChar                            0x08001d6b   Thumb Code   378  gpio_lcd.o(.text)
    GPIO_DrawChar_Ex                         0x08001ee5   Thumb Code    92  gpio_lcd.o(.text)
    GPIO_DisplayStringEx                     0x08001f41   Thumb Code   236  gpio_lcd.o(.text)
    GPIO_DisplayStringEx_YDir                0x0800202d   Thumb Code   240  gpio_lcd.o(.text)
    LCD_SetFont                              0x0800211d   Thumb Code     6  gpio_lcd.o(.text)
    LCD_GetFont                              0x08002123   Thumb Code     6  gpio_lcd.o(.text)
    LCD_SetColors                            0x08002129   Thumb Code    10  gpio_lcd.o(.text)
    LCD_GetColors                            0x08002133   Thumb Code    14  gpio_lcd.o(.text)
    LCD_SetTextColor                         0x08002141   Thumb Code     6  gpio_lcd.o(.text)
    LCD_SetBackColor                         0x08002147   Thumb Code     6  gpio_lcd.o(.text)
    LCD_ClearLine                            0x0800214d   Thumb Code    26  gpio_lcd.o(.text)
    register_debug_function(void(*)(const char*, int), void(*)(const char*)) 0x08002189   Thumb Code    10  uicode.o(.text)
    _assert(const char*, int)                0x08002193   Thumb Code    24  uicode.o(.text)
    log_out(const char*)                     0x080021ab   Thumb Code    20  uicode.o(.text)
    get_time_in_second()                     0x080021bf   Thumb Code     4  uicode.o(.text)
    second_to_day(long)                      0x080021c3   Thumb Code    28  uicode.o(.text)
    get_time()                               0x080021df   Thumb Code    26  uicode.o(.text)
    start_real_timer(void(*)(void*))         0x080021f9   Thumb Code    12  uicode.o(.text)
    register_timer(int, void(*)(void*, void*)) 0x08002205   Thumb Code    14  uicode.o(.text)
    get_cur_thread_id()                      0x08002213   Thumb Code    12  uicode.o(.text)
    create_thread(unsigned long*, void*, void*(*)(void*), void*) 0x0800221f   Thumb Code    22  uicode.o(.text)
    thread_sleep(unsigned)                   0x08002235   Thumb Code    12  uicode.o(.text)
    build_bmp(const char*, unsigned, unsigned, unsigned char*) 0x08002241   Thumb Code    24  uicode.o(.text)
    load_resource()                          0x08002259   Thumb Code    30  uicode.o(.text)
    create_ui(void*, int, int, int, DISPLAY_DRIVER*) 0x08002277   Thumb Code   280  uicode.o(.text)
    startHelloParticle                       0x0800238f   Thumb Code    30  uicode.o(.text)
    getUiOfHelloParticle                     0x080023ad   Thumb Code    68  uicode.o(.text)
    c_fifo::c_fifo()                         0x080023f1   Thumb Code    20  uicode.o(.text)
    c_fifo::c_fifo__sub_object()             0x080023f1   Thumb Code     0  uicode.o(.text)
    c_fifo::read(void*, int)                 0x08002405   Thumb Code    92  uicode.o(.text)
    c_fifo::write(void*, int)                0x08002461   Thumb Code   120  uicode.o(.text)
    rand                                     0x08002959   Thumb Code    20  rand.o(.text)
    srand                                    0x0800296d   Thumb Code     6  rand.o(.text)
    __aeabi_memcpy                           0x0800297d   Thumb Code    36  memcpya.o(.text)
    __aeabi_memcpy4                          0x0800297d   Thumb Code     0  memcpya.o(.text)
    __aeabi_memcpy8                          0x0800297d   Thumb Code     0  memcpya.o(.text)
    calloc                                   0x080029a1   Thumb Code    28  calloc.o(.text)
    __cpp_initialize__aeabi_                 0x080029bd   Thumb Code    22  cpp_init.o(.text)
    __aeabi_atexit                           0x080029dd   Thumb Code    46  aeabi_atexit.o(.text)
    __rt_ddtor_pointer_addr                  0x08002a0d   Thumb Code     4  cpp_dtor.o(.text)
    __rt_SIGPVFN                             0x08002a15   Thumb Code     2  cpp_signal.o(.text)
    __cxa_finalize                           0x08002a17   Thumb Code    66  cxa_finalize.o(.text)
    __scatterload                            0x08002a59   Thumb Code    28  init.o(.text)
    __scatterload_rt2                        0x08002a59   Thumb Code     0  init.o(.text)
    __rt_lib_shutdown_cpp_2                  0x08002a7d   Thumb Code     2  cpp_final.o(.text)
    __decompress                             0x08002a7f   Thumb Code     0  __dczerorl2.o(.text)
    __decompress1                            0x08002a7f   Thumb Code    86  __dczerorl2.o(.text)
    c_keyboard::~c_keyboard()                0x08002ad5   Thumb Code     4  uicode.o(i._ZN10c_keyboardD1Ev)
    c_keyboard::~c_keyboard__sub_object()    0x08002ad5   Thumb Code     0  uicode.o(i._ZN10c_keyboardD1Ev)
    c_particle::initialize()                 0x08002ad9   Thumb Code    58  uicode.o(i._ZN10c_particle10initializeEv)
    c_particle::draw()                       0x08002b15   Thumb Code   110  uicode.o(i._ZN10c_particle4drawEv)
    c_particle::move()                       0x08002b89   Thumb Code   102  uicode.o(i._ZN10c_particle4moveEv)
    c_particle::c_particle()                 0x08002bf5   Thumb Code    14  uicode.o(i._ZN10c_particleC1Ev)
    c_particle::c_particle__sub_object()     0x08002bf5   Thumb Code     0  uicode.o(i._ZN10c_particleC1Ev)
    c_keyboard_button::c_keyboard_button()   0x08002c05   Thumb Code    26  uicode.o(i._ZN17c_keyboard_buttonC1Ev)
    c_keyboard_button::c_keyboard_button__sub_object() 0x08002c05   Thumb Code     0  uicode.o(i._ZN17c_keyboard_buttonC1Ev)
    c_keyboard_button::~c_keyboard_button()  0x08002c29   Thumb Code    14  uicode.o(i._ZN17c_keyboard_buttonD1Ev)
    c_keyboard_button::~c_keyboard_button__sub_object() 0x08002c29   Thumb Code     0  uicode.o(i._ZN17c_keyboard_buttonD1Ev)
    c_lattice_font_op::draw_string(c_surface*, int, const void*, int, int, const void*, unsigned, unsigned) 0x08002c37   Thumb Code    82  uicode.o(i._ZN17c_lattice_font_op11draw_stringEP9c_surfaceiPKviiS3_jj)
    c_lattice_font_op::get_lattice(const struct_lattice_font_info*, unsigned) 0x08002c89   Thumb Code    84  uicode.o(i._ZN17c_lattice_font_op11get_latticeEPK24struct_lattice_font_infoj)
    c_lattice_font_op::draw_lattice(c_surface*, int, int, int, int, int, const unsigned char*, unsigned, unsigned) 0x08002cdd   Thumb Code   350  uicode.o(i._ZN17c_lattice_font_op12draw_latticeEP9c_surfaceiiiiiPKhjj)
    c_lattice_font_op::get_utf8_code(const char*, unsigned&) 0x08002e41   Thumb Code   114  uicode.o(i._ZN17c_lattice_font_op13get_utf8_codeEPKcRj)
    c_lattice_font_op::draw_single_char(c_surface*, int, unsigned, int, int, const struct_lattice_font_info*, unsigned, unsigned) 0x08002ebd   Thumb Code   216  uicode.o(i._ZN17c_lattice_font_op16draw_single_charEP9c_surfaceijiiPK24struct_lattice_font_infojj)
    c_wnd::c_wnd()                           0x08002f99   Thumb Code    58  uicode.o(i._ZN5c_wndC1Ev)
    c_wnd::c_wnd__sub_object()               0x08002f99   Thumb Code     0  uicode.o(i._ZN5c_wndC1Ev)
    c_rect::set_rect(int, int, int, int)     0x08002fd9   Thumb Code    60  uicode.o(i._ZN6c_rect8set_rectEiiii)
    c_rect::c_rect()                         0x08003019   Thumb Code    14  uicode.o(i._ZN6c_rectC1Ev)
    c_rect::c_rect__sub_object()             0x08003019   Thumb Code     0  uicode.o(i._ZN6c_rectC1Ev)
    c_word::draw_string(c_surface*, int, const void*, int, int, const void*, unsigned, unsigned) 0x08003029   Thumb Code    54  uicode.o(i._ZN6c_word11draw_stringEP9c_surfaceiPKviiS3_jj)
    c_layer::c_layer()                       0x08003065   Thumb Code    32  uicode.o(i._ZN7c_layerC1Ev)
    c_layer::c_layer__sub_object()           0x08003065   Thumb Code     0  uicode.o(i._ZN7c_layerC1Ev)
    c_theme::get_font(FONT_LIST)             0x08003085   Thumb Code    26  uicode.o(i._ZN7c_theme8get_fontE9FONT_LIST)
    c_button::~c_button()                    0x080030a9   Thumb Code     4  uicode.o(i._ZN8c_buttonD1Ev)
    c_button::~c_button__sub_object()        0x080030a9   Thumb Code     0  uicode.o(i._ZN8c_buttonD1Ev)
    c_display::draw_pixel(int, int, unsigned) 0x080030ad   Thumb Code   108  uicode.o(i._ZN9c_display10draw_pixelEiij)
    c_display::fill_rect(int, int, int, int, unsigned) 0x08003119   Thumb Code   242  uicode.o(i._ZN9c_display9fill_rectEiiiij)
    c_display::c_display(void*, int, int, c_surface*, DISPLAY_DRIVER*) 0x0800320d   Thumb Code   104  uicode.o(i._ZN9c_displayC1EPviiP9c_surfaceP14DISPLAY_DRIVER)
    c_display::c_display__sub_object(void*, int, int, c_surface*, DISPLAY_DRIVER*) 0x0800320d   Thumb Code     0  uicode.o(i._ZN9c_displayC1EPviiP9c_surfaceP14DISPLAY_DRIVER)
    c_surface::draw_hline(int, int, int, unsigned, unsigned) 0x0800327d   Thumb Code    48  uicode.o(i._ZN9c_surface10draw_hlineEiiijj)
    c_surface::draw_pixel(int, int, unsigned, unsigned) 0x080032ad   Thumb Code   340  uicode.o(i._ZN9c_surface10draw_pixelEiijj)
    c_surface::set_surface(Z_ORDER_LEVEL, c_rect) 0x08003405   Thumb Code   152  uicode.o(i._ZN9c_surface11set_surfaceE13Z_ORDER_LEVEL6c_rect)
    c_surface::fill_rect_low_level(int, int, int, int, unsigned) 0x080034a1   Thumb Code   200  uicode.o(i._ZN9c_surface19fill_rect_low_levelEiiiij)
    c_surface::draw_pixel_low_level(int, int, unsigned) 0x08003569   Thumb Code   112  uicode.o(i._ZN9c_surface20draw_pixel_low_levelEiij)
    c_surface::fill_rect(int, int, int, int, unsigned, unsigned) 0x080035d9   Thumb Code   356  uicode.o(i._ZN9c_surface9fill_rectEiiiijj)
    c_surface::c_surface(unsigned, unsigned, unsigned, Z_ORDER_LEVEL, c_rect) 0x0800373d   Thumb Code   196  uicode.o(i._ZN9c_surfaceC1Ejjj13Z_ORDER_LEVEL6c_rect)
    c_surface::c_surface__sub_object(unsigned, unsigned, unsigned, Z_ORDER_LEVEL, c_rect) 0x0800373d   Thumb Code     0  uicode.o(i._ZN9c_surfaceC1Ejjj13Z_ORDER_LEVEL6c_rect)
    c_rect::pt_in_rect(int, int) const       0x08003809   Thumb Code    34  uicode.o(i._ZNK6c_rect10pt_in_rectEii)
    c_rect::width() const                    0x0800382b   Thumb Code    12  uicode.o(i._ZNK6c_rect5widthEv)
    c_rect::height() const                   0x08003837   Thumb Code    12  uicode.o(i._ZNK6c_rect6heightEv)
    __aeabi_vec_ctor_nocookie_nodtor         0x08003843   Thumb Code    36  aeabi_vec_ctor_nocookie_nodtor.o(i.__aeabi_vec_ctor_nocookie_nodtor)
    __cxa_guard_acquire                      0x08003867   Thumb Code    16  cxa_guard_acquire.o(i.__cxa_guard_acquire)
    __cxa_pure_virtual                       0x08003877   Thumb Code     6  pure_virt.o(i.__cxa_pure_virtual)
    __scatterload_copy                       0x0800387d   Thumb Code    14  handlers.o(i.__scatterload_copy)
    __scatterload_null                       0x0800388b   Thumb Code     2  handlers.o(i.__scatterload_null)
    __scatterload_zeroinit                   0x0800388d   Thumb Code    14  handlers.o(i.__scatterload_zeroinit)
    free                                     0x0800389d   Thumb Code    76  malloc.o(i.free)
    malloc                                   0x080038ed   Thumb Code    92  malloc.o(i.malloc)
    ASCII8x16_Table                          0x08003958   Data        1520  gpio_lcd.o(.constdata)
    ASCII16x24_Table                         0x08003f48   Data        4560  gpio_lcd.o(.constdata)
    ASCII24x32_Table                         0x08005118   Data        9120  gpio_lcd.o(.constdata)
    Microsoft_YaHei_28                       0x080087a8   Data          12  microsoft_yahei_28.o(.constdata)
    vtable for c_keyboard                    0x080087b4   Data          52  uicode.o(.constdata__ZTV10c_keyboard)
    vtable for c_font_operator               0x080087e8   Data          28  uicode.o(.constdata__ZTV15c_font_operator)
    vtable for c_image_operator              0x08008804   Data          16  uicode.o(.constdata__ZTV16c_image_operator)
    vtable for c_bitmap_operator             0x08008814   Data          16  uicode.o(.constdata__ZTV17c_bitmap_operator)
    vtable for c_keyboard_button             0x08008824   Data          52  uicode.o(.constdata__ZTV17c_keyboard_button)
    vtable for c_lattice_font_op             0x08008858   Data          28  uicode.o(.constdata__ZTV17c_lattice_font_op)
    vtable for c_wnd                         0x08008874   Data          52  uicode.o(.constdata__ZTV5c_wnd)
    vtable for c_button                      0x080088a8   Data          52  uicode.o(.constdata__ZTV8c_button)
    vtable for c_display                     0x080088dc   Data          20  uicode.o(.constdata__ZTV9c_display)
    vtable for c_surface                     0x080088f0   Data          24  uicode.o(.constdata__ZTV9c_surface)
    c_lattice_font_op::draw_lattice(c_surface*, int, int, int, int, int, const unsigned char*, unsigned, unsigned)::string 0x08008908   Data          20  uicode.o(.constdata__ZZN17c_lattice_font_op12draw_latticeEP9c_surfaceiiiiiPKhjjEs)
    c_lattice_font_op::get_utf8_code(const char*, unsigned&)::string 0x0800891c   Data          20  uicode.o(.constdata__ZZN17c_lattice_font_op13get_utf8_codeEPKcRjEs)
    c_rect::set_rect(int, int, int, int)::string 0x08008930   Data          20  uicode.o(.constdata__ZZN6c_rect8set_rectEiiiiEs)
    c_theme::add_font(FONT_LIST, const void*)::string 0x08008944   Data          20  uicode.o(.constdata__ZZN7c_theme8add_fontE9FONT_LISTPKvEs)
    c_theme::get_font(FONT_LIST)::string     0x08008958   Data          20  uicode.o(.constdata__ZZN7c_theme8get_fontE9FONT_LISTEs)
    c_surface::draw_pixel(int, int, unsigned, unsigned)::string 0x0800896c   Data          20  uicode.o(.constdata__ZZN9c_surface10draw_pixelEiijjEs)
    c_surface::set_surface(Z_ORDER_LEVEL, c_rect)::string 0x08008980   Data          20  uicode.o(.constdata__ZZN9c_surface11set_surfaceE13Z_ORDER_LEVEL6c_rectEs)
    c_surface::attach_display(c_display*)::string 0x08008994   Data          20  uicode.o(.constdata__ZZN9c_surface14attach_displayEP9c_displayEs)
    Region$$Table$$Base                      0x080089a8   Number         0  anon$$obj.o(Region$$Table)
    Region$$Table$$Limit                     0x080089c8   Number         0  anon$$obj.o(Region$$Table)
    SHT$$INIT_ARRAY$$Base                    0x080089c8   Number         0  uicode.o(.init_array)
    SHT$$INIT_ARRAY$$Limit                   0x080089cc   Number         0  cpp_init.o(.init_array)
    qian                                     0x20000000   Data          32  main.o(.data)
    ru                                       0x20000020   Data          32  main.o(.data)
    shi                                      0x20000040   Data          32  main.o(.data)
    fang                                     0x20000060   Data          32  main.o(.data)
    zhen                                     0x20000080   Data          32  main.o(.data)
    gong                                     0x200000a0   Data          32  main.o(.data)
    cheng                                    0x200000c0   Data          32  main.o(.data)
    huan                                     0x200000e0   Data          32  main.o(.data)
    ying                                     0x20000100   Data          32  main.o(.data)
    guang                                    0x20000120   Data          32  main.o(.data)
    lin                                      0x20000140   Data          32  main.o(.data)
    th                                       0x20000160   Data          32  main.o(.data)
    Gui_driver                               0x20000180   Data           8  main.o(.data)
    SystemCoreClock                          0x20000188   Data           4  system_stm32f4xx.o(.data)
    AHBPrescTable                            0x2000018c   Data          16  system_stm32f4xx.o(.data)
    LCD_X_LENGTH                             0x200001ac   Data           2  gpio_lcd.o(.data)
    LCD_Y_LENGTH                             0x200001ae   Data           2  gpio_lcd.o(.data)
    LCD_SCAN_MODE                            0x200001b0   Data           1  gpio_lcd.o(.data)
    Font8x16                                 0x200001b4   Data           8  gpio_lcd.o(.data)
    Font16x24                                0x200001bc   Data           8  gpio_lcd.o(.data)
    Font24x32                                0x200001c4   Data           8  gpio_lcd.o(.data)
    the_bitmap_op                            0x200001d4   Data           4  uicode.o(.data)
    the_lattice_font_op                      0x200001d8   Data           4  uicode.o(.data)
    g_key_board_children                     0x200001e4   Data         816  uicode.o(.data)
    g_number_board_children                  0x20000514   Data         360  uicode.o(.data)
    s_display                                0x2000067c   Data           4  uicode.o(.data)
    c_word::fontOperator                     0x20000684   Data           4  uicode.o(.data)
    c_image::image_operator                  0x20000688   Data           4  uicode.o(.data)
    __microlib_freelist                      0x200007a4   Data           4  mvars.o(.data)
    __microlib_freelist_initialised          0x200007a8   Data           4  mvars.o(.data)
    c_lattice_font_op::get_utf8_code(const char*, unsigned&)::s_utf8_length_table 0x200007ac   Data         256  uicode.o(.data__ZZN17c_lattice_font_op13get_utf8_codeEPKcRjE19s_utf8_length_table)
    zoomBuff                                 0x200008ac   Data       16384  gpio_lcd.o(.bss)
    zoomTempBuff                             0x200048ac   Data        1024  gpio_lcd.o(.bss)
    particle_array                           0x20005a1c   Data        1600  uicode.o(.bss)
    c_theme::s_font_map                      0x2000605c   Data          32  uicode.o(.bss)
    c_theme::s_image_map                     0x2000607c   Data          24  uicode.o(.bss)
    c_theme::s_color_map                     0x20006094   Data          44  uicode.o(.bss)
    c_dialog::ms_the_dialogs                 0x200060c0   Data          48  uicode.o(.bss)
    c_edit::s_keyboard                       0x200060f0   Data         120  uicode.o(.bss)
    __heap_base                              0x20006238   Data           0  startup_stm32f40_41xxx.o(HEAP)
    __heap_limit                             0x20006438   Data           0  startup_stm32f40_41xxx.o(HEAP)
    __initial_sp                             0x20006838   Data           0  startup_stm32f40_41xxx.o(STACK)



==============================================================================

Memory Map of the image

  Image Entry point : 0x08000189

  Load Region LR_IROM1 (Base: 0x08000000, Size: 0x00009278, Max: 0x00080000, ABSOLUTE, COMPRESSED[0x00008dc0])

    Execution Region ER_IROM1 (Exec base: 0x08000000, Load base: 0x08000000, Size: 0x000089cc, Max: 0x00080000, ABSOLUTE)

    Exec Addr    Load Addr    Size         Type   Attr      Idx    E Section Name        Object

    0x08000000   0x08000000   0x00000188   Data   RO          238    RESET               startup_stm32f40_41xxx.o
    0x08000188   0x08000188   0x00000000   Code   RO         1177  * .ARM.Collect$$$$00000000  mc_w.l(entry.o)
    0x08000188   0x08000188   0x00000004   Code   RO         1481    .ARM.Collect$$$$00000001  mc_w.l(entry2.o)
    0x0800018c   0x0800018c   0x00000004   Code   RO         1484    .ARM.Collect$$$$00000004  mc_w.l(entry5.o)
    0x08000190   0x08000190   0x00000000   Code   RO         1486    .ARM.Collect$$$$00000008  mc_w.l(entry7b.o)
    0x08000190   0x08000190   0x00000004   Code   RO         1487    .ARM.Collect$$$$00000009  mc_w.l(entry8a.o)
    0x08000194   0x08000194   0x00000000   Code   RO         1488    .ARM.Collect$$$$0000000A  mc_w.l(entry8b.o)
    0x08000194   0x08000194   0x00000008   Code   RO         1489    .ARM.Collect$$$$0000000B  mc_w.l(entry9a.o)
    0x0800019c   0x0800019c   0x00000000   Code   RO         1491    .ARM.Collect$$$$0000000D  mc_w.l(entry10a.o)
    0x0800019c   0x0800019c   0x00000004   Code   RO         1492    .ARM.Collect$$$$0000000E  mc_w.l(entry10b.o)
    0x080001a0   0x080001a0   0x00000000   Code   RO         1493    .ARM.Collect$$$$0000000F  mc_w.l(entry11a.o)
    0x080001a0   0x080001a0   0x00000004   Code   RO         1482    .ARM.Collect$$$$00002712  mc_w.l(entry2.o)
    0x080001a4   0x080001a4   0x00000120   Code   RO            3    .text               main.o
    0x080002c4   0x080002c4   0x0000001a   Code   RO          143    .text               stm32f4xx_it.o
    0x080002de   0x080002de   0x00000002   PAD
    0x080002e0   0x080002e0   0x00000210   Code   RO          192    .text               system_stm32f4xx.o
    0x080004f0   0x080004f0   0x00000064   Code   RO          218    .text               led.o
    0x08000554   0x08000554   0x00000024   Code   RO          239    .text               startup_stm32f40_41xxx.o
    0x08000578   0x08000578   0x00000294   Code   RO          265    .text               stm32f4xx_gpio.o
    0x0800080c   0x0800080c   0x0000065c   Code   RO          285    .text               stm32f4xx_rcc.o
    0x08000e68   0x08000e68   0x00001320   Code   RO          347    .text               gpio_lcd.o
    0x08002188   0x08002188   0x000007d0   Code   RO          373    .text               uicode.o
    0x08002958   0x08002958   0x00000024   Code   RO         1180    .text               mc_w.l(rand.o)
    0x0800297c   0x0800297c   0x00000024   Code   RO         1183    .text               mc_w.l(memcpya.o)
    0x080029a0   0x080029a0   0x0000001c   Code   RO         1450    .text               mc_w.l(calloc.o)
    0x080029bc   0x080029bc   0x00000020   Code   RO         1455    .text               mc_w.l(cpp_init.o)
    0x080029dc   0x080029dc   0x0000002e   Code   RO         1457    .text               mc_w.l(aeabi_atexit.o)
    0x08002a0a   0x08002a0a   0x00000002   PAD
    0x08002a0c   0x08002a0c   0x00000008   Code   RO         1531    .text               mc_w.l(cpp_dtor.o)
    0x08002a14   0x08002a14   0x00000002   Code   RO         1534    .text               mc_w.l(cpp_signal.o)
    0x08002a16   0x08002a16   0x00000042   Code   RO         1536    .text               mc_w.l(cxa_finalize.o)
    0x08002a58   0x08002a58   0x00000024   Code   RO         1562    .text               mc_w.l(init.o)
    0x08002a7c   0x08002a7c   0x00000002   Code   RO         1574    .text               mc_w.l(cpp_final.o)
    0x08002a7e   0x08002a7e   0x00000056   Code   RO         1601    .text               mc_w.l(__dczerorl2.o)
    0x08002ad4   0x08002ad4   0x00000004   Code   RO          646    i._ZN10c_keyboardD1Ev  uicode.o
    0x08002ad8   0x08002ad8   0x0000003a   Code   RO          420    i._ZN10c_particle10initializeEv  uicode.o
    0x08002b12   0x08002b12   0x00000002   PAD
    0x08002b14   0x08002b14   0x00000074   Code   RO          571    i._ZN10c_particle4drawEv  uicode.o
    0x08002b88   0x08002b88   0x0000006c   Code   RO          578    i._ZN10c_particle4moveEv  uicode.o
    0x08002bf4   0x08002bf4   0x0000000e   Code   RO          652    i._ZN10c_particleC1Ev  uicode.o
    0x08002c02   0x08002c02   0x00000002   PAD
    0x08002c04   0x08002c04   0x00000024   Code   RO          568    i._ZN17c_keyboard_buttonC1Ev  uicode.o
    0x08002c28   0x08002c28   0x0000000e   Code   RO          649    i._ZN17c_keyboard_buttonD1Ev  uicode.o
    0x08002c36   0x08002c36   0x00000052   Code   RO          754    i._ZN17c_lattice_font_op11draw_stringEP9c_surfaceiPKviiS3_jj  uicode.o
    0x08002c88   0x08002c88   0x00000054   Code   RO          498    i._ZN17c_lattice_font_op11get_latticeEPK24struct_lattice_font_infoj  uicode.o
    0x08002cdc   0x08002cdc   0x00000164   Code   RO          491    i._ZN17c_lattice_font_op12draw_latticeEP9c_surfaceiiiiiPKhjj  uicode.o
    0x08002e40   0x08002e40   0x0000007c   Code   RO          511    i._ZN17c_lattice_font_op13get_utf8_codeEPKcRj  uicode.o
    0x08002ebc   0x08002ebc   0x000000dc   Code   RO          504    i._ZN17c_lattice_font_op16draw_single_charEP9c_surfaceijiiPK24struct_lattice_font_infojj  uicode.o
    0x08002f98   0x08002f98   0x00000040   Code   RO          530    i._ZN5c_wndC1Ev     uicode.o
    0x08002fd8   0x08002fd8   0x00000040   Code   RO          439    i._ZN6c_rect8set_rectEiiii  uicode.o
    0x08003018   0x08003018   0x0000000e   Code   RO          597    i._ZN6c_rectC1Ev    uicode.o
    0x08003026   0x08003026   0x00000002   PAD
    0x08003028   0x08003028   0x0000003c   Code   RO          426    i._ZN6c_word11draw_stringEP9c_surfaceiPKviiS3_jj  uicode.o
    0x08003064   0x08003064   0x00000020   Code   RO          615    i._ZN7c_layerC1Ev   uicode.o
    0x08003084   0x08003084   0x00000024   Code   RO          585    i._ZN7c_theme8get_fontE9FONT_LIST  uicode.o
    0x080030a8   0x080030a8   0x00000004   Code   RO          658    i._ZN8c_buttonD1Ev  uicode.o
    0x080030ac   0x080030ac   0x0000006c   Code   RO          708    i._ZN9c_display10draw_pixelEiij  uicode.o
    0x08003118   0x08003118   0x000000f2   Code   RO          714    i._ZN9c_display9fill_rectEiiiij  uicode.o
    0x0800320a   0x0800320a   0x00000002   PAD
    0x0800320c   0x0800320c   0x00000070   Code   RO          591    i._ZN9c_displayC1EPviiP9c_surfaceP14DISPLAY_DRIVER  uicode.o
    0x0800327c   0x0800327c   0x00000030   Code   RO          457    i._ZN9c_surface10draw_hlineEiiijj  uicode.o
    0x080032ac   0x080032ac   0x00000158   Code   RO          726    i._ZN9c_surface10draw_pixelEiijj  uicode.o
    0x08003404   0x08003404   0x0000009c   Code   RO          433    i._ZN9c_surface11set_surfaceE13Z_ORDER_LEVEL6c_rect  uicode.o
    0x080034a0   0x080034a0   0x000000c8   Code   RO          740    i._ZN9c_surface19fill_rect_low_levelEiiiij  uicode.o
    0x08003568   0x08003568   0x00000070   Code   RO          747    i._ZN9c_surface20draw_pixel_low_levelEiij  uicode.o
    0x080035d8   0x080035d8   0x00000164   Code   RO          733    i._ZN9c_surface9fill_rectEiiiijj  uicode.o
    0x0800373c   0x0800373c   0x000000cc   Code   RO          445    i._ZN9c_surfaceC1Ejjj13Z_ORDER_LEVEL6c_rect  uicode.o
    0x08003808   0x08003808   0x00000022   Code   RO          451    i._ZNK6c_rect10pt_in_rectEii  uicode.o
    0x0800382a   0x0800382a   0x0000000c   Code   RO          609    i._ZNK6c_rect5widthEv  uicode.o
    0x08003836   0x08003836   0x0000000c   Code   RO          603    i._ZNK6c_rect6heightEv  uicode.o
    0x08003842   0x08003842   0x00000024   Code   RO         1174    i.__aeabi_vec_ctor_nocookie_nodtor  cpprt_w.l(aeabi_vec_ctor_nocookie_nodtor.o)
    0x08003866   0x08003866   0x00000010   Code   RO         1062    i.__cxa_guard_acquire  cpprt_w.l(cxa_guard_acquire.o)
    0x08003876   0x08003876   0x00000006   Code   RO         1059    i.__cxa_pure_virtual  cpprt_w.l(pure_virt.o)
    0x0800387c   0x0800387c   0x0000000e   Code   RO         1595    i.__scatterload_copy  mc_w.l(handlers.o)
    0x0800388a   0x0800388a   0x00000002   Code   RO         1596    i.__scatterload_null  mc_w.l(handlers.o)
    0x0800388c   0x0800388c   0x0000000e   Code   RO         1597    i.__scatterload_zeroinit  mc_w.l(handlers.o)
    0x0800389a   0x0800389a   0x00000002   PAD
    0x0800389c   0x0800389c   0x00000050   Code   RO         1502    i.free              mc_w.l(malloc.o)
    0x080038ec   0x080038ec   0x0000006c   Code   RO         1503    i.malloc            mc_w.l(malloc.o)
    0x08003958   0x08003958   0x00003b60   Data   RO          349    .constdata          gpio_lcd.o
    0x080074b8   0x080074b8   0x000012fc   Data   RO         1036    .constdata          microsoft_yahei_28.o
    0x080087b4   0x080087b4   0x00000034   Data   RO          684    .constdata__ZTV10c_keyboard  uicode.o
    0x080087e8   0x080087e8   0x0000001c   Data   RO          672    .constdata__ZTV15c_font_operator  uicode.o
    0x08008804   0x08008804   0x00000010   Data   RO          676    .constdata__ZTV16c_image_operator  uicode.o
    0x08008814   0x08008814   0x00000010   Data   RO          678    .constdata__ZTV17c_bitmap_operator  uicode.o
    0x08008824   0x08008824   0x00000034   Data   RO          686    .constdata__ZTV17c_keyboard_button  uicode.o
    0x08008858   0x08008858   0x0000001c   Data   RO          674    .constdata__ZTV17c_lattice_font_op  uicode.o
    0x08008874   0x08008874   0x00000034   Data   RO          680    .constdata__ZTV5c_wnd  uicode.o
    0x080088a8   0x080088a8   0x00000034   Data   RO          682    .constdata__ZTV8c_button  uicode.o
    0x080088dc   0x080088dc   0x00000014   Data   RO          668    .constdata__ZTV9c_display  uicode.o
    0x080088f0   0x080088f0   0x00000018   Data   RO          670    .constdata__ZTV9c_surface  uicode.o
    0x08008908   0x08008908   0x00000014   Data   RO          403    .constdata__ZZN17c_lattice_font_op12draw_latticeEP9c_surfaceiiiiiPKhjjEs  uicode.o
    0x0800891c   0x0800891c   0x00000014   Data   RO          404    .constdata__ZZN17c_lattice_font_op13get_utf8_codeEPKcRjEs  uicode.o
    0x08008930   0x08008930   0x00000014   Data   RO          390    .constdata__ZZN6c_rect8set_rectEiiiiEs  uicode.o
    0x08008944   0x08008944   0x00000014   Data   RO          391    .constdata__ZZN7c_theme8add_fontE9FONT_LISTPKvEs  uicode.o
    0x08008958   0x08008958   0x00000014   Data   RO          392    .constdata__ZZN7c_theme8get_fontE9FONT_LISTEs  uicode.o
    0x0800896c   0x0800896c   0x00000014   Data   RO          394    .constdata__ZZN9c_surface10draw_pixelEiijjEs  uicode.o
    0x08008980   0x08008980   0x00000014   Data   RO          396    .constdata__ZZN9c_surface11set_surfaceE13Z_ORDER_LEVEL6c_rectEs  uicode.o
    0x08008994   0x08008994   0x00000014   Data   RO          395    .constdata__ZZN9c_surface14attach_displayEP9c_displayEs  uicode.o
    0x080089a8   0x080089a8   0x00000020   Data   RO         1593    Region$$Table       anon$$obj.o
    0x080089c8   0x080089c8   0x00000004   Data   RO          379    .init_array         uicode.o
    0x080089cc   0x080089c8   0x00000000   Data   RO         1453    .init_array         mc_w.l(cpp_init.o)


    Execution Region RW_IRAM1 (Exec base: 0x20000000, Load base: 0x080089cc, Size: 0x00006838, Max: 0x00018000, ABSOLUTE, COMPRESSED[0x000003f4])

    Exec Addr    Load Addr    Size         Type   Attr      Idx    E Section Name        Object

    0x20000000   COMPRESSED   0x00000188   Data   RW            4    .data               main.o
    0x20000188   COMPRESSED   0x00000014   Data   RW          193    .data               system_stm32f4xx.o
    0x2000019c   COMPRESSED   0x00000010   Data   RW          286    .data               stm32f4xx_rcc.o
    0x200001ac   COMPRESSED   0x00000028   Data   RW          350    .data               gpio_lcd.o
    0x200001d4   COMPRESSED   0x000004c0   Data   RW          378    .data               uicode.o
    0x20000694   COMPRESSED   0x00000108   Data   RW         1037    .data               microsoft_yahei_28.o
    0x2000079c   COMPRESSED   0x00000004   Data   RW         1181    .data               mc_w.l(rand.o)
    0x200007a0   COMPRESSED   0x00000004   Data   RW         1532    .data               mc_w.l(cpp_dtor.o)
    0x200007a4   COMPRESSED   0x00000004   Data   RW         1571    .data               mc_w.l(mvars.o)
    0x200007a8   COMPRESSED   0x00000004   Data   RW         1572    .data               mc_w.l(mvars.o)
    0x200007ac   COMPRESSED   0x00000100   Data   RW          687    .data__ZZN17c_lattice_font_op13get_utf8_codeEPKcRjE19s_utf8_length_table  uicode.o
    0x200008ac        -       0x00004400   Zero   RW          348    .bss                gpio_lcd.o
    0x20004cac        -       0x00001588   Zero   RW          376    .bss                uicode.o
    0x20006234   COMPRESSED   0x00000004   PAD
    0x20006238        -       0x00000200   Zero   RW          237    HEAP                startup_stm32f40_41xxx.o
    0x20006438        -       0x00000400   Zero   RW          236    STACK               startup_stm32f40_41xxx.o


==============================================================================

Image component sizes


      Code (inc. data)   RO Data    RW Data    ZI Data      Debug   Object Name

      4896         86      15200         40      17408      20469   gpio_lcd.o
       100          8          0          0          0        539   led.o
       288          6          0        392          0     257282   main.o
         0          0       4860        264          0      34712   microsoft_yahei_28.o
        36          8        392          0       1536        816   startup_stm32f40_41xxx.o
       660         44          0          0          0       4129   stm32f4xx_gpio.o
        26          0          0          0          0       1210   stm32f4xx_it.o
      1628         52          0         16          0      12992   stm32f4xx_rcc.o
       528         46          0         20          0       1735   system_stm32f4xx.o
      5430        490        504       1472       5512      63111   uicode.o

    ----------------------------------------------------------------------
     13602        740      20988       2204      24460     396995   Object Totals
         0          0         32          0          0          0   (incl. Generated)
        10          0          0          0          4          0   (incl. Padding)

    ----------------------------------------------------------------------

      Code (inc. data)   RO Data    RW Data    ZI Data      Debug   Library Member Name

        36          0          0          0          0         84   aeabi_vec_ctor_nocookie_nodtor.o
        16          0          0          0          0         68   cxa_guard_acquire.o
         6          0          0          0          0         68   pure_virt.o
        86          0          0          0          0          0   __dczerorl2.o
        46          0          0          0          0         84   aeabi_atexit.o
        28          0          0          0          0         76   calloc.o
         8          4          0          4          0         68   cpp_dtor.o
         2          0          0          0          0         68   cpp_final.o
        32         10          0          0          0         80   cpp_init.o
         2          0          0          0          0         68   cpp_signal.o
        66          0          0          0          0         84   cxa_finalize.o
         0          0          0          0          0          0   entry.o
         0          0          0          0          0          0   entry10a.o
         4          0          0          0          0          0   entry10b.o
         0          0          0          0          0          0   entry11a.o
         8          4          0          0          0          0   entry2.o
         4          0          0          0          0          0   entry5.o
         0          0          0          0          0          0   entry7b.o
         4          0          0          0          0          0   entry8a.o
         0          0          0          0          0          0   entry8b.o
         8          4          0          0          0          0   entry9a.o
        30          0          0          0          0          0   handlers.o
        36          8          0          0          0         68   init.o
       188         20          0          0          0        160   malloc.o
        36          0          0          0          0         68   memcpya.o
         0          0          0          8          0          0   mvars.o
        36         10          0          4          0        136   rand.o

    ----------------------------------------------------------------------
       686         60          0         16          0       1180   Library Totals
         4          0          0          0          0          0   (incl. Padding)

    ----------------------------------------------------------------------

      Code (inc. data)   RO Data    RW Data    ZI Data      Debug   Library Name

        58          0          0          0          0        220   cpprt_w.l
       624         60          0         16          0        960   mc_w.l

    ----------------------------------------------------------------------
       686         60          0         16          0       1180   Library Totals

    ----------------------------------------------------------------------

==============================================================================


      Code (inc. data)   RO Data    RW Data    ZI Data      Debug   

     14288        800      20988       2220      24460     392991   Grand Totals
     14288        800      20988       1012      24460     392991   ELF Image Totals (compressed)
     14288        800      20988       1012          0          0   ROM Totals

==============================================================================

    Total RO  Size (Code + RO Data)                35276 (  34.45kB)
    Total RW  Size (RW Data + ZI Data)             26680 (  26.05kB)
    Total ROM Size (Code + RO Data + RW Data)      36288 (  35.44kB)

==============================================================================

