LCD1602.h:19:6:DataDir	32	static
LCD1602.h:40:9:ReadData	16	static
LCD1602.h:55:6:WriteData	24	static
LCD1602.h:80:6:LCD_Busy_Wait	16	static,ignoring_inline_asm
LCD1602.h:96:6:LCD_Write_Cmd	16	static,ignoring_inline_asm
LCD1602.h:108:6:LCD_Write_Data	16	static,ignoring_inline_asm
LCD1602.h:119:6:LCD_Init	8	static
LCD1602.h:128:6:LCD_ShowString	24	static
main.c:65:5:main	32	static
main.c:110:6:SystemClock_Config	72	static
main.c:145:13:MX_GPIO_Init	32	static
main.c:186:6:Error_Handler	4	static
