<html>
<body>
<pre>
<h1>礦ision Build Log</h1>
<h2>Project:</h2>
J:\华南理工毕老师STM32教材对应Proteus仿真工程\BookCode_Proteus - 副本\ucosII\ucosii_mailbox\ucosii_mailbox\ucosii_mailbox.uvproj
Project File Date:  10/11/2018

<h2>Output:</h2>
Build target 'Target 1'
compiling main.c...
linking...
Program Size: Code=19138 RO-data=526 RW-data=116 ZI-data=5284  
FromELF: creating hex file...
".\output\template.axf" - 0 Errors, 0 Warning(s).
Build target 'Target 1'
linking...
Program Size: Code=19138 RO-data=526 RW-data=116 ZI-data=5284  
FromELF: creating hex file...
".\output\template.axf" - 0 Errors, 0 Warning(s).
